Archive member included because of file (symbol)

/opt/paparazzi/arm-multilib/lib/gcc/arm-none-eabi/4.6.2/../../../../arm-none-eabi/lib/thumb/libm.a(lib_a-s_atan.o)
                              /home/lionel/paparazziProto1/var/MYAC/ap/math/pprz_geodetic_float.o (atan)
/opt/paparazzi/arm-multilib/lib/gcc/arm-none-eabi/4.6.2/../../../../arm-none-eabi/lib/thumb/libm.a(lib_a-s_cos.o)
                              /home/lionel/paparazziProto1/var/MYAC/ap/math/pprz_geodetic_float.o (cos)
/opt/paparazzi/arm-multilib/lib/gcc/arm-none-eabi/4.6.2/../../../../arm-none-eabi/lib/thumb/libm.a(lib_a-s_fabs.o)
                              /opt/paparazzi/arm-multilib/lib/gcc/arm-none-eabi/4.6.2/../../../../arm-none-eabi/lib/thumb/libm.a(lib_a-s_atan.o) (fabs)
/opt/paparazzi/arm-multilib/lib/gcc/arm-none-eabi/4.6.2/../../../../arm-none-eabi/lib/thumb/libm.a(lib_a-s_rint.o)
                              /home/lionel/paparazziProto1/var/MYAC/ap/math/pprz_geodetic_int.o (rint)
/opt/paparazzi/arm-multilib/lib/gcc/arm-none-eabi/4.6.2/../../../../arm-none-eabi/lib/thumb/libm.a(lib_a-s_sin.o)
                              /home/lionel/paparazziProto1/var/MYAC/ap/math/pprz_geodetic_float.o (sin)
/opt/paparazzi/arm-multilib/lib/gcc/arm-none-eabi/4.6.2/../../../../arm-none-eabi/lib/thumb/libm.a(lib_a-s_tan.o)
                              /home/lionel/paparazziProto1/var/MYAC/ap/math/pprz_geodetic_float.o (tan)
/opt/paparazzi/arm-multilib/lib/gcc/arm-none-eabi/4.6.2/../../../../arm-none-eabi/lib/thumb/libm.a(lib_a-sf_atan.o)
                              /home/lionel/paparazziProto1/var/MYAC/ap/math/pprz_geodetic_float.o (atanf)
/opt/paparazzi/arm-multilib/lib/gcc/arm-none-eabi/4.6.2/../../../../arm-none-eabi/lib/thumb/libm.a(lib_a-sf_cos.o)
                              /home/lionel/paparazziProto1/var/MYAC/ap/math/pprz_geodetic_int.o (cosf)
/opt/paparazzi/arm-multilib/lib/gcc/arm-none-eabi/4.6.2/../../../../arm-none-eabi/lib/thumb/libm.a(lib_a-sf_fabs.o)
                              /opt/paparazzi/arm-multilib/lib/gcc/arm-none-eabi/4.6.2/../../../../arm-none-eabi/lib/thumb/libm.a(lib_a-sf_atan.o) (fabsf)
/opt/paparazzi/arm-multilib/lib/gcc/arm-none-eabi/4.6.2/../../../../arm-none-eabi/lib/thumb/libm.a(lib_a-sf_floor.o)
                              /home/lionel/paparazziProto1/var/MYAC/ap/firmwares/fixedwing/main_ap.o (floorf)
/opt/paparazzi/arm-multilib/lib/gcc/arm-none-eabi/4.6.2/../../../../arm-none-eabi/lib/thumb/libm.a(lib_a-sf_fmax.o)
                              /home/lionel/paparazziProto1/var/MYAC/ap/modules/digital_cam/dc.o (fmaxf)
/opt/paparazzi/arm-multilib/lib/gcc/arm-none-eabi/4.6.2/../../../../arm-none-eabi/lib/thumb/libm.a(lib_a-sf_fmin.o)
                              /home/lionel/paparazziProto1/var/MYAC/ap/firmwares/fixedwing/main_ap.o (fminf)
/opt/paparazzi/arm-multilib/lib/gcc/arm-none-eabi/4.6.2/../../../../arm-none-eabi/lib/thumb/libm.a(lib_a-sf_fpclassify.o)
                              /opt/paparazzi/arm-multilib/lib/gcc/arm-none-eabi/4.6.2/../../../../arm-none-eabi/lib/thumb/libm.a(lib_a-sf_fmax.o) (__fpclassifyf)
/opt/paparazzi/arm-multilib/lib/gcc/arm-none-eabi/4.6.2/../../../../arm-none-eabi/lib/thumb/libm.a(lib_a-sf_sin.o)
                              /home/lionel/paparazziProto1/var/MYAC/ap/math/pprz_geodetic_int.o (sinf)
/opt/paparazzi/arm-multilib/lib/gcc/arm-none-eabi/4.6.2/../../../../arm-none-eabi/lib/thumb/libm.a(lib_a-w_asin.o)
                              /home/lionel/paparazziProto1/var/MYAC/ap/math/pprz_geodetic_float.o (asin)
/opt/paparazzi/arm-multilib/lib/gcc/arm-none-eabi/4.6.2/../../../../arm-none-eabi/lib/thumb/libm.a(lib_a-w_atan2.o)
                              /home/lionel/paparazziProto1/var/MYAC/ap/math/pprz_geodetic_double.o (atan2)
/opt/paparazzi/arm-multilib/lib/gcc/arm-none-eabi/4.6.2/../../../../arm-none-eabi/lib/thumb/libm.a(lib_a-w_cosh.o)
                              /home/lionel/paparazziProto1/var/MYAC/ap/math/pprz_geodetic_float.o (cosh)
/opt/paparazzi/arm-multilib/lib/gcc/arm-none-eabi/4.6.2/../../../../arm-none-eabi/lib/thumb/libm.a(lib_a-w_exp.o)
                              /home/lionel/paparazziProto1/var/MYAC/ap/math/pprz_geodetic_float.o (exp)
/opt/paparazzi/arm-multilib/lib/gcc/arm-none-eabi/4.6.2/../../../../arm-none-eabi/lib/thumb/libm.a(lib_a-w_log.o)
                              /home/lionel/paparazziProto1/var/MYAC/ap/math/pprz_geodetic_float.o (log)
/opt/paparazzi/arm-multilib/lib/gcc/arm-none-eabi/4.6.2/../../../../arm-none-eabi/lib/thumb/libm.a(lib_a-w_pow.o)
                              /home/lionel/paparazziProto1/var/MYAC/ap/math/pprz_geodetic_float.o (pow)
/opt/paparazzi/arm-multilib/lib/gcc/arm-none-eabi/4.6.2/../../../../arm-none-eabi/lib/thumb/libm.a(lib_a-w_sinh.o)
                              /home/lionel/paparazziProto1/var/MYAC/ap/math/pprz_geodetic_float.o (sinh)
/opt/paparazzi/arm-multilib/lib/gcc/arm-none-eabi/4.6.2/../../../../arm-none-eabi/lib/thumb/libm.a(lib_a-w_sqrt.o)
[...]
Memory Configuration

Name             Origin             Length             Attributes
ROM              0x00004000         0x00078000         xr
RAM              0x40000000         0x00007fe0         rw
*default*        0x00000000         0xffffffff

Linker script and memory map

LOAD /home/lionel/paparazziProto1/var/MYAC/ap/crt0.o
LOAD /home/lionel/paparazziProto1/var/MYAC/ap/mcu.o
LOAD /home/lionel/paparazziProto1/var/MYAC/ap/arch/lpc21/mcu_arch.o
LOAD /home/lionel/paparazziProto1/var/MYAC/ap/mcu_periph/sys_time.o
LOAD /home/lionel/paparazziProto1/var/MYAC/ap/arch/lpc21/mcu_periph/sys_time_arch.o
LOAD /home/lionel/paparazziProto1/var/MYAC/ap/./inter_mcu.o
LOAD /home/lionel/paparazziProto1/var/MYAC/ap/math/pprz_geodetic_int.o
LOAD /home/lionel/paparazziProto1/var/MYAC/ap/math/pprz_geodetic_float.o
LOAD /home/lionel/paparazziProto1/var/MYAC/ap/math/pprz_geodetic_double.o
LOAD /home/lionel/paparazziProto1/var/MYAC/ap/math/pprz_trig_int.o
LOAD /home/lionel/paparazziProto1/var/MYAC/ap/math/pprz_orientation_conversion.o
LOAD /home/lionel/paparazziProto1/var/MYAC/ap/mcu_periph/i2c.o
LOAD /home/lionel/paparazziProto1/var/MYAC/ap/arch/lpc21/mcu_periph/i2c_arch.o
LOAD /home/lionel/paparazziProto1/var/MYAC/ap/firmwares/fixedwing/main_fbw.o
LOAD /home/lionel/paparazziProto1/var/MYAC/ap/subsystems/electrical.o
LOAD /home/lionel/paparazziProto1/var/MYAC/ap/./commands.o
LOAD /home/lionel/paparazziProto1/var/MYAC/ap/firmwares/fixedwing/fbw_downlink.o
LOAD /home/lionel/paparazziProto1/var/MYAC/ap/firmwares/fixedwing/main_ap.o
LOAD /home/lionel/paparazziProto1/var/MYAC/ap/firmwares/fixedwing/ap_downlink.o
LOAD /home/lionel/paparazziProto1/var/MYAC/ap/state.o
LOAD /home/lionel/paparazziProto1/var/MYAC/ap/./subsystems/ins.o
LOAD /home/lionel/paparazziProto1/var/MYAC/ap/./subsystems/ins/ins_alt_float.o
LOAD /home/lionel/paparazziProto1/var/MYAC/ap/arch/lpc21/armVIC.o
LOAD /home/lionel/paparazziProto1/var/MYAC/ap/firmwares/fixedwing/main.o
LOAD /home/lionel/paparazziProto1/var/MYAC/ap/mcu_periph/uart.o
LOAD /home/lionel/paparazziProto1/var/MYAC/ap/arch/lpc21/mcu_periph/uart_arch.o
LOAD /home/lionel/paparazziProto1/var/MYAC/ap/subsystems/settings.o
LOAD /home/lionel/paparazziProto1/var/MYAC/ap/arch/lpc21/subsystems/settings_arch.o
LOAD /home/lionel/paparazziProto1/var/MYAC/ap/arch/lpc21/mcu_periph/adc_arch.o
LOAD /home/lionel/paparazziProto1/var/MYAC/ap/arch/lpc21/servos_4015_MAT_hw.o
LOAD /home/lionel/paparazziProto1/var/MYAC/ap/actuators.o
LOAD /home/lionel/paparazziProto1/var/MYAC/ap/subsystems/radio_control.o
LOAD /home/lionel/paparazziProto1/var/MYAC/ap/subsystems/radio_control/ppm.o
LOAD /home/lionel/paparazziProto1/var/MYAC/ap/arch/lpc21/subsystems/radio_control/ppm_arch.o
LOAD /home/lionel/paparazziProto1/var/MYAC/ap/subsystems/datalink/downlink.o
LOAD /home/lionel/paparazziProto1/var/MYAC/ap/subsystems/datalink/xbee.o
LOAD /home/lionel/paparazziProto1/var/MYAC/ap/firmwares/fixedwing/datalink.o
LOAD /home/lionel/paparazziProto1/var/MYAC/ap/firmwares/fixedwing/stabilization/stabilization_attitude.o
LOAD /home/lionel/paparazziProto1/var/MYAC/ap/firmwares/fixedwing/guidance/guidance_v.o
LOAD /home/lionel/paparazziProto1/var/MYAC/ap/subsystems/imu.o
LOAD /home/lionel/paparazziProto1/var/MYAC/ap/subsystems/imu/imu_analog.o
LOAD /home/lionel/paparazziProto1/var/MYAC/ap/subsystems/ahrs.o
LOAD /home/lionel/paparazziProto1/var/MYAC/ap/subsystems/ahrs/ahrs_infrared.o
LOAD /home/lionel/paparazziProto1/var/MYAC/ap/subsystems/gps/gps_ubx.o
LOAD /home/lionel/paparazziProto1/var/MYAC/ap/subsystems/gps.o
LOAD /home/lionel/paparazziProto1/var/MYAC/ap/subsystems/nav.o
LOAD /home/lionel/paparazziProto1/var/MYAC/ap/subsystems/navigation/common_flight_plan.o
LOAD /home/lionel/paparazziProto1/var/MYAC/ap/subsystems/navigation/traffic_info.o
LOAD /home/lionel/paparazziProto1/var/MYAC/ap/subsystems/navigation/nav_survey_rectangle.o
LOAD /home/lionel/paparazziProto1/var/MYAC/ap/subsystems/navigation/nav_line.o
LOAD /home/lionel/paparazziProto1/var/MYAC/ap/modules/openlog/openlog.o
LOAD /home/lionel/paparazziProto1/var/MYAC/ap/subsystems/sensors/infrared.o
LOAD /home/lionel/paparazziProto1/var/MYAC/ap/subsystems/sensors/infrared_adc.o
LOAD /home/lionel/paparazziProto1/var/MYAC/ap/modules/digital_cam/servo_cam_ctrl.o
LOAD /home/lionel/paparazziProto1/var/MYAC/ap/modules/digital_cam/dc.o
LOAD /opt/paparazzi/arm-multilib/lib/gcc/arm-none-eabi/4.6.2/../../../../arm-none-eabi/lib/thumb/libc.a
LOAD /opt/paparazzi/arm-multilib/lib/gcc/arm-none-eabi/4.6.2/../../../../arm-none-eabi/lib/thumb/libm.a
LOAD /opt/paparazzi/arm-multilib/lib/gcc/arm-none-eabi/4.6.2/../../../../arm-none-eabi/lib/thumb/libc.a
LOAD /opt/paparazzi/arm-multilib/lib/gcc/arm-none-eabi/4.6.2/thumb/libgcc.a
START GROUP
LOAD /opt/paparazzi/arm-multilib/lib/gcc/arm-none-eabi/4.6.2/thumb/libgcc.a
LOAD /opt/paparazzi/arm-multilib/lib/gcc/arm-none-eabi/4.6.2/../../../../arm-none-eabi/lib/thumb/libc.a
END GROUP
                0x00001000                STACK_SIZE = 0x1000

.text           0x00004000    0x1e960
 *(.init)
 .init          0x00004000      0x13c /home/lionel/paparazziProto1/var/MYAC/ap/crt0.o
                0x00004000                _boot
                0x00004050                _mainCRTStartup
                0x00004050                _start
                0x00004050                start
                0x00004114                reset
                0x00004114                abort
                0x00004114                _reset
                0x00004114                exit
 *(.text .text.*)
 .text.mcu_init
                0x0000413c       0x64 /home/lionel/paparazziProto1/var/MYAC/ap/mcu.o
                0x0000413c                mcu_init
 .text.mcu_arch_init
                0x000041a0       0x8c /home/lionel/paparazziProto1/var/MYAC/ap/arch/lpc21/mcu_arch.o
                0x000041a0                mcu_arch_init
 .text.sys_time_register_timer
                0x0000422c       0x98 /home/lionel/paparazziProto1/var/MYAC/ap/mcu_periph/sys_time.o
                0x0000422c                sys_time_register_timer
 .text.sys_time_init
                0x000042c4       0x60 /home/lionel/paparazziProto1/var/MYAC/ap/mcu_periph/sys_time.o
                0x000042c4                sys_time_init
 .text.TIMER0_ISR
                0x00004324      0x2f8 /home/lionel/paparazziProto1/var/MYAC/ap/arch/lpc21/mcu_periph/sys_time_arch.o
                0x00004324                TIMER0_ISR
 .text.sys_time_arch_init
                0x0000461c       0x68 /home/lionel/paparazziProto1/var/MYAC/ap/arch/lpc21/mcu_periph/sys_time_arch.o
                0x0000461c                sys_time_arch_init
 .text.enu_of_ecef_point_i
                0x00004684       0x94 /home/lionel/paparazziProto1/var/MYAC/ap/math/pprz_geodetic_int.o
                0x00004684                enu_of_ecef_point_i
 .text.ecef_of_lla_i
                0x00004718       0xd8 /home/lionel/paparazziProto1/var/MYAC/ap/math/pprz_geodetic_int.o
                0x00004718                ecef_of_lla_i
 .text.isometric_latitude_fast_f
                0x000047f0       0x40 /home/lionel/paparazziProto1/var/MYAC/ap/math/pprz_geodetic_float.o
 .text.enu_of_ecef_point_f
                0x00004830      0x120 /home/lionel/paparazziProto1/var/MYAC/ap/math/pprz_geodetic_float.o
                0x00004830                enu_of_ecef_point_f
 .text.enu_of_ecef_vect_f
                0x00004950       0xf8 /home/lionel/paparazziProto1/var/MYAC/ap/math/pprz_geodetic_float.o
                0x00004950                enu_of_ecef_vect_f
 .text.ecef_of_lla_f
                0x00004a48      0x128 /home/lionel/paparazziProto1/var/MYAC/ap/math/pprz_geodetic_float.o
                0x00004a48                ecef_of_lla_f
 .text.enu_of_lla_point_f
                0x00004b70       0x38 /home/lionel/paparazziProto1/var/MYAC/ap/math/pprz_geodetic_float.o
                0x00004b70                enu_of_lla_point_f
 .text.utm_of_lla_f
                0x00004ba8      0x380 /home/lionel/paparazziProto1/var/MYAC/ap/math/pprz_geodetic_float.o
                0x00004ba8                utm_of_lla_f
 .text.ecef_of_lla_d
                0x00004f28      0x16c /home/lionel/paparazziProto1/var/MYAC/ap/math/pprz_geodetic_double.o
                0x00004f28                ecef_of_lla_d
 .text.orientationCalcEulers_f
                0x00005094      0x3b4 /home/lionel/paparazziProto1/var/MYAC/ap/math/pprz_orientation_conversion.o
                0x00005094                orientationCalcEulers_f
 .text.i2c_event
                0x00005448        0x4 /home/lionel/paparazziProto1/var/MYAC/ap/arch/lpc21/mcu_periph/i2c_arch.o
                0x00005448                i2c_event
 .text.inter_mcu_fill_fbw_state
                0x0000544c       0xc0 /home/lionel/paparazziProto1/var/MYAC/ap/firmwares/fixedwing/main_fbw.o
 .text.init_fbw
                0x0000550c      0x108 /home/lionel/paparazziProto1/var/MYAC/ap/firmwares/fixedwing/main_fbw.o
                0x0000550c                init_fbw
 .text.event_task_fbw
                0x00005614      0x714 /home/lionel/paparazziProto1/var/MYAC/ap/firmwares/fixedwing/main_fbw.o
                0x00005614                event_task_fbw
 .text.periodic_task_fbw
                0x00005d28      0xea0 /home/lionel/paparazziProto1/var/MYAC/ap/firmwares/fixedwing/main_fbw.o
                0x00005d28                periodic_task_fbw
 .text.handle_periodic_tasks_fbw
                0x00006bc8       0x70 /home/lionel/paparazziProto1/var/MYAC/ap/firmwares/fixedwing/main_fbw.o
                0x00006bc8                handle_periodic_tasks_fbw
 .text.electrical_init
                0x00006c38       0x44 /home/lionel/paparazziProto1/var/MYAC/ap/subsystems/electrical.o
                0x00006c38                electrical_init
 .text.electrical_periodic
                0x00006c7c      0x13c /home/lionel/paparazziProto1/var/MYAC/ap/subsystems/electrical.o
                0x00006c7c                electrical_periodic
 .text.stateGetPositionEnu_f
                0x00006db8       0x28 /home/lionel/paparazziProto1/var/MYAC/ap/firmwares/fixedwing/main_ap.o
 .text.stateGetNedToBodyEulers_f
                0x00006de0       0x2c /home/lionel/paparazziProto1/var/MYAC/ap/firmwares/fixedwing/main_ap.o
 .text.stateGetPositionUtm_f
                0x00006e0c       0x28 /home/lionel/paparazziProto1/var/MYAC/ap/firmwares/fixedwing/main_ap.o
 .text.stateGetSpeedEnu_f
                0x00006e34       0x28 /home/lionel/paparazziProto1/var/MYAC/ap/firmwares/fixedwing/main_ap.o
 .text.init_ap  0x00006e5c      0x114 /home/lionel/paparazziProto1/var/MYAC/ap/firmwares/fixedwing/main_ap.o
                0x00006e5c                init_ap
 .text.reporting_task
                0x00006f70     0x923c /home/lionel/paparazziProto1/var/MYAC/ap/firmwares/fixedwing/main_ap.o
                0x00006f70                reporting_task
 .text.navigation_task
                0x000101ac      0x7e8 /home/lionel/paparazziProto1/var/MYAC/ap/firmwares/fixedwing/main_ap.o
                0x000101ac                navigation_task
 .text.attitude_loop
                0x00010994      0x1e8 /home/lionel/paparazziProto1/var/MYAC/ap/firmwares/fixedwing/main_ap.o
                0x00010994                attitude_loop
 .text.sensors_task
                0x00010b7c       0x34 /home/lionel/paparazziProto1/var/MYAC/ap/firmwares/fixedwing/main_ap.o
                0x00010b7c                sensors_task
 .text.monitor_task
                0x00010bb0      0x278 /home/lionel/paparazziProto1/var/MYAC/ap/firmwares/fixedwing/main_ap.o
                0x00010bb0                monitor_task
 .text.handle_periodic_tasks_ap
                0x00010e28      0x5a0 /home/lionel/paparazziProto1/var/MYAC/ap/firmwares/fixedwing/main_ap.o
                0x00010e28                handle_periodic_tasks_ap
 .text.event_task_ap
                0x000113c8      0x740 /home/lionel/paparazziProto1/var/MYAC/ap/firmwares/fixedwing/main_ap.o
                0x000113c8                event_task_ap
 .text.stateInit
                0x00011b08       0x38 /home/lionel/paparazziProto1/var/MYAC/ap/state.o
                0x00011b08                stateInit
 .text.stateCalcPositionUtm_f
                0x00011b40       0xb4 /home/lionel/paparazziProto1/var/MYAC/ap/state.o
                0x00011b40                stateCalcPositionUtm_f
 .text.stateCalcPositionEnu_f
                0x00011bf4      0x27c /home/lionel/paparazziProto1/var/MYAC/ap/state.o
                0x00011bf4                stateCalcPositionEnu_f
 .text.stateCalcSpeedEnu_f
                0x00011e70      0x1a4 /home/lionel/paparazziProto1/var/MYAC/ap/state.o
                0x00011e70                stateCalcSpeedEnu_f
 .text.stateCalcHorizontalSpeedNorm_f
                0x00012014      0x160 /home/lionel/paparazziProto1/var/MYAC/ap/state.o
                0x00012014                stateCalcHorizontalSpeedNorm_f
 .text.stateCalcHorizontalSpeedDir_f
                0x00012174      0x12c /home/lionel/paparazziProto1/var/MYAC/ap/state.o
                0x00012174                stateCalcHorizontalSpeedDir_f
 .text.stateCalcBodyRates_f
                0x000122a0       0x70 /home/lionel/paparazziProto1/var/MYAC/ap/state.o
                0x000122a0                stateCalcBodyRates_f
 .text.stateCalcHorizontalWindspeed_f
                0x00012310       0x48 /home/lionel/paparazziProto1/var/MYAC/ap/state.o
                0x00012310                stateCalcHorizontalWindspeed_f
 .text.ins_periodic
                0x00012358        0x4 /home/lionel/paparazziProto1/var/MYAC/ap/./subsystems/ins/ins_alt_float.o
                0x00012358                ins_periodic
 .text.alt_kalman_reset
                0x0001235c       0x24 /home/lionel/paparazziProto1/var/MYAC/ap/./subsystems/ins/ins_alt_float.o
                0x0001235c                alt_kalman_reset
 .text.alt_kalman_init
                0x00012380       0x14 /home/lionel/paparazziProto1/var/MYAC/ap/./subsystems/ins/ins_alt_float.o
                0x00012380                alt_kalman_init
 .text.alt_kalman
                0x00012394      0x1fc /home/lionel/paparazziProto1/var/MYAC/ap/./subsystems/ins/ins_alt_float.o
                0x00012394                alt_kalman
 .text.ins_update_gps
                0x00012590      0x128 /home/lionel/paparazziProto1/var/MYAC/ap/./subsystems/ins/ins_alt_float.o
                0x00012590                ins_update_gps
 .text.ins_init
                0x000126b8       0xd4 /home/lionel/paparazziProto1/var/MYAC/ap/./subsystems/ins/ins_alt_float.o
                0x000126b8                ins_init
 .text.disableIRQ
                0x0001278c       0x10 /home/lionel/paparazziProto1/var/MYAC/ap/arch/lpc21/armVIC.o
                0x0001278c                disableIRQ
 .text.restoreIRQ
                0x0001279c       0x1c /home/lionel/paparazziProto1/var/MYAC/ap/arch/lpc21/armVIC.o
                0x0001279c                restoreIRQ
 .text.enableIRQ
                0x000127b8       0x10 /home/lionel/paparazziProto1/var/MYAC/ap/arch/lpc21/armVIC.o
                0x000127b8                enableIRQ
 .text.startup.main
                0x000127c8       0x20 /home/lionel/paparazziProto1/var/MYAC/ap/firmwares/fixedwing/main.o
                0x000127c8                main
 .text.uart_periph_init
                0x000127e8       0x24 /home/lionel/paparazziProto1/var/MYAC/ap/mcu_periph/uart.o
                0x000127e8                uart_periph_init
 .text.uart_check_free_space
                0x0001280c       0x50 /home/lionel/paparazziProto1/var/MYAC/ap/mcu_periph/uart.o
                0x0001280c                uart_check_free_space
 .text.uart_disable_interrupts
                0x0001285c       0x20 /home/lionel/paparazziProto1/var/MYAC/ap/arch/lpc21/mcu_periph/uart_arch.o
 .text.uart_set_baudrate
                0x0001287c       0x44 /home/lionel/paparazziProto1/var/MYAC/ap/arch/lpc21/mcu_periph/uart_arch.o
 .text.uart_ISR
                0x000128c0       0xfc /home/lionel/paparazziProto1/var/MYAC/ap/arch/lpc21/mcu_periph/uart_arch.o
 .text.uart0_ISR
                0x000129bc       0x34 /home/lionel/paparazziProto1/var/MYAC/ap/arch/lpc21/mcu_periph/uart_arch.o
                0x000129bc                uart0_ISR
 .text.uart1_ISR
                0x000129f0       0x34 /home/lionel/paparazziProto1/var/MYAC/ap/arch/lpc21/mcu_periph/uart_arch.o
                0x000129f0                uart1_ISR
 .text.uart_transmit
                0x00012a24       0x90 /home/lionel/paparazziProto1/var/MYAC/ap/arch/lpc21/mcu_periph/uart_arch.o
                0x00012a24                uart_transmit
 .text.uart0_init
                0x00012ab4       0x88 /home/lionel/paparazziProto1/var/MYAC/ap/arch/lpc21/mcu_periph/uart_arch.o
                0x00012ab4                uart0_init
 .text.uart1_init
                0x00012b3c       0x88 /home/lionel/paparazziProto1/var/MYAC/ap/arch/lpc21/mcu_periph/uart_arch.o
                0x00012b3c                uart1_init
 .text.settings_init
                0x00012bc4        0x4 /home/lionel/paparazziProto1/var/MYAC/ap/subsystems/settings.o
                0x00012bc4                settings_init
 .text.adcISR0  0x00012bc8       0xa0 /home/lionel/paparazziProto1/var/MYAC/ap/arch/lpc21/mcu_periph/adc_arch.o
                0x00012bc8                adcISR0
 .text.adcISR1  0x00012c68       0xa4 /home/lionel/paparazziProto1/var/MYAC/ap/arch/lpc21/mcu_periph/adc_arch.o
                0x00012c68                adcISR1
 .text.adc_buf_channel
                0x00012d0c       0x14 /home/lionel/paparazziProto1/var/MYAC/ap/arch/lpc21/mcu_periph/adc_arch.o
                0x00012d0c                adc_buf_channel
 .text.adc_init
                0x00012d20       0xa0 /home/lionel/paparazziProto1/var/MYAC/ap/arch/lpc21/mcu_periph/adc_arch.o
                0x00012d20                adc_init
 .text.actuators_init
                0x00012dc0       0xcc /home/lionel/paparazziProto1/var/MYAC/ap/arch/lpc21/servos_4015_MAT_hw.o
                0x00012dc0                actuators_init
 .text.radio_control_impl_init
                0x00012e8c       0x20 /home/lionel/paparazziProto1/var/MYAC/ap/subsystems/radio_control/ppm.o
                0x00012e8c                radio_control_impl_init
 .text.ppm_arch_init
                0x00012eac       0x5c /home/lionel/paparazziProto1/var/MYAC/ap/arch/lpc21/subsystems/radio_control/ppm_arch.o
                0x00012eac                ppm_arch_init
 .text.sys_time_usleep.constprop.0
                0x00012f08       0x28 /home/lionel/paparazziProto1/var/MYAC/ap/subsystems/datalink/xbee.o
 .text.xbee_init
                0x00012f30      0x15c /home/lionel/paparazziProto1/var/MYAC/ap/subsystems/datalink/xbee.o
                0x00012f30                xbee_init
 .text.dl_parse_msg
                0x0001308c      0xf34 /home/lionel/paparazziProto1/var/MYAC/ap/firmwares/fixedwing/datalink.o
                0x0001308c                dl_parse_msg
 .text.h_ctl_init
                0x00013fc0      0x130 /home/lionel/paparazziProto1/var/MYAC/ap/firmwares/fixedwing/stabilization/stabilization_attitude.o
                0x00013fc0                h_ctl_init
 .text.h_ctl_course_loop
                0x000140f0      0x47c /home/lionel/paparazziProto1/var/MYAC/ap/firmwares/fixedwing/stabilization/stabilization_attitude.o
                0x000140f0                h_ctl_course_loop
 .text.h_ctl_attitude_loop
                0x0001456c      0x40c /home/lionel/paparazziProto1/var/MYAC/ap/firmwares/fixedwing/stabilization/stabilization_attitude.o
                0x0001456c                h_ctl_attitude_loop
 .text.v_ctl_init
                0x00014978      0x158 /home/lionel/paparazziProto1/var/MYAC/ap/firmwares/fixedwing/guidance/guidance_v.o
                0x00014978                v_ctl_init
 .text.v_ctl_altitude_loop
                0x00014ad0      0x12c /home/lionel/paparazziProto1/var/MYAC/ap/firmwares/fixedwing/guidance/guidance_v.o
                0x00014ad0                v_ctl_altitude_loop
 .text.v_ctl_climb_loop
                0x00014bfc      0x3e4 /home/lionel/paparazziProto1/var/MYAC/ap/firmwares/fixedwing/guidance/guidance_v.o
                0x00014bfc                v_ctl_climb_loop
 .text.v_ctl_throttle_slew
                0x00014fe0       0x8c /home/lionel/paparazziProto1/var/MYAC/ap/firmwares/fixedwing/guidance/guidance_v.o
                0x00014fe0                v_ctl_throttle_slew
 .text.imu_init
                0x0001506c      0x1f0 /home/lionel/paparazziProto1/var/MYAC/ap/subsystems/imu.o
                0x0001506c                imu_init
 .text.imu_impl_init
                0x0001525c       0x3c /home/lionel/paparazziProto1/var/MYAC/ap/subsystems/imu/imu_analog.o
                0x0001525c                imu_impl_init
 .text.imu_periodic
                0x00015298       0x60 /home/lionel/paparazziProto1/var/MYAC/ap/subsystems/imu/imu_analog.o
                0x00015298                imu_periodic
 .text.ahrs_init
                0x000152f8       0x24 /home/lionel/paparazziProto1/var/MYAC/ap/subsystems/ahrs/ahrs_infrared.o
                0x000152f8                ahrs_init
 .text.ahrs_propagate
                0x0001531c       0x44 /home/lionel/paparazziProto1/var/MYAC/ap/subsystems/ahrs/ahrs_infrared.o
                0x0001531c                ahrs_propagate
 .text.ahrs_update_accel
                0x00015360        0x4 /home/lionel/paparazziProto1/var/MYAC/ap/subsystems/ahrs/ahrs_infrared.o
                0x00015360                ahrs_update_accel
 .text.ahrs_update_gps
                0x00015364      0x104 /home/lionel/paparazziProto1/var/MYAC/ap/subsystems/ahrs/ahrs_infrared.o
                0x00015364                ahrs_update_gps
 .text.ahrs_update_infrared
                0x00015468      0x1ac /home/lionel/paparazziProto1/var/MYAC/ap/subsystems/ahrs/ahrs_infrared.o
                0x00015468                ahrs_update_infrared
 .text.gps_impl_init
                0x00015614       0x24 /home/lionel/paparazziProto1/var/MYAC/ap/subsystems/gps/gps_ubx.o
                0x00015614                gps_impl_init
 .text.gps_ubx_read_message
                0x00015638      0x528 /home/lionel/paparazziProto1/var/MYAC/ap/subsystems/gps/gps_ubx.o
                0x00015638                gps_ubx_read_message
 .text.gps_ubx_parse
                0x00015b60      0x1a4 /home/lionel/paparazziProto1/var/MYAC/ap/subsystems/gps/gps_ubx.o
                0x00015b60                gps_ubx_parse
 .text.gps_init
                0x00015d04       0x24 /home/lionel/paparazziProto1/var/MYAC/ap/subsystems/gps.o
                0x00015d04                gps_init
 .text.nav_set_altitude
                0x00015d28       0x5c /home/lionel/paparazziProto1/var/MYAC/ap/subsystems/nav.o
 .text.stateGetPositionEnu_f
                0x00015d84       0x28 /home/lionel/paparazziProto1/var/MYAC/ap/subsystems/nav.o
 .text.stateGetPositionUtm_f
                0x00015dac       0x28 /home/lionel/paparazziProto1/var/MYAC/ap/subsystems/nav.o
 .text.stateGetHorizontalSpeedNorm_f
                0x00015dd4       0x28 /home/lionel/paparazziProto1/var/MYAC/ap/subsystems/nav.o
 .text.nav_init_stage
                0x00015dfc       0x84 /home/lionel/paparazziProto1/var/MYAC/ap/subsystems/nav.o
                0x00015dfc                nav_init_stage
 .text.nav_approaching_xy
                0x00015e80      0x104 /home/lionel/paparazziProto1/var/MYAC/ap/subsystems/nav.o
                0x00015e80                nav_approaching_xy
 .text.fly_to_xy
                0x00015f84      0x2e0 /home/lionel/paparazziProto1/var/MYAC/ap/subsystems/nav.o
                0x00015f84                fly_to_xy
 .text.nav_circle_XY
                0x00016264      0x498 /home/lionel/paparazziProto1/var/MYAC/ap/subsystems/nav.o
                0x00016264                nav_circle_XY
 .text.nav_route_xy
                0x000166fc      0x224 /home/lionel/paparazziProto1/var/MYAC/ap/subsystems/nav.o
                0x000166fc                nav_route_xy
 .text.compute_dist2_to_home
                0x00016920       0x94 /home/lionel/paparazziProto1/var/MYAC/ap/subsystems/nav.o
                0x00016920                compute_dist2_to_home
 .text.nav_reset_reference
                0x000169b4       0xec /home/lionel/paparazziProto1/var/MYAC/ap/subsystems/nav.o
                0x000169b4                nav_reset_reference
 .text.nav_update_waypoints_alt
                0x00016aa0       0x58 /home/lionel/paparazziProto1/var/MYAC/ap/subsystems/nav.o
                0x00016aa0                nav_update_waypoints_alt
 .text.common_nav_periodic_task_4Hz
                0x00016af8       0x58 /home/lionel/paparazziProto1/var/MYAC/ap/subsystems/nav.o
                0x00016af8                common_nav_periodic_task_4Hz
 .text.nav_move_waypoint
                0x00016b50      0x11c /home/lionel/paparazziProto1/var/MYAC/ap/subsystems/nav.o
                0x00016b50                nav_move_waypoint
 .text.nav_home
                0x00016c6c       0x88 /home/lionel/paparazziProto1/var/MYAC/ap/subsystems/nav.o
                0x00016c6c                nav_home
 .text.nav_init
                0x00016cf4       0x74 /home/lionel/paparazziProto1/var/MYAC/ap/subsystems/nav.o
                0x00016cf4                nav_init
 .text.nav_without_gps
                0x00016d68       0x58 /home/lionel/paparazziProto1/var/MYAC/ap/subsystems/nav.o
                0x00016d68                nav_without_gps
 .text.nav_eight
                0x00016dc0      0x7d4 /home/lionel/paparazziProto1/var/MYAC/ap/subsystems/nav.o
                0x00016dc0                nav_eight
 .text.nav_oval_init
                0x00017594       0x24 /home/lionel/paparazziProto1/var/MYAC/ap/subsystems/nav.o
                0x00017594                nav_oval_init
 .text.nav_oval
                0x000175b8      0x6f4 /home/lionel/paparazziProto1/var/MYAC/ap/subsystems/nav.o
                0x000175b8                nav_oval
 .text.nav_periodic_task
                0x00017cac      0xf10 /home/lionel/paparazziProto1/var/MYAC/ap/subsystems/nav.o
                0x00017cac                nav_periodic_task
 .text.nav_init_block
                0x00018bbc       0x44 /home/lionel/paparazziProto1/var/MYAC/ap/subsystems/navigation/common_flight_plan.o
                0x00018bbc                nav_init_block
 .text.nav_goto_block
                0x00018c00       0x40 /home/lionel/paparazziProto1/var/MYAC/ap/subsystems/navigation/common_flight_plan.o
                0x00018c00                nav_goto_block
 .text.traffic_info_init
                0x00018c40       0x38 /home/lionel/paparazziProto1/var/MYAC/ap/subsystems/navigation/traffic_info.o
                0x00018c40                traffic_info_init
 .text.stateGetPositionEnu_f
                0x00018c78       0x28 /home/lionel/paparazziProto1/var/MYAC/ap/subsystems/navigation/nav_survey_rectangle.o
 .text.stateGetHorizontalSpeedDir_f
                0x00018ca0       0x2c /home/lionel/paparazziProto1/var/MYAC/ap/subsystems/navigation/nav_survey_rectangle.o
 .text.nav_survey_rectangle_init
                0x00018ccc      0x4c4 /home/lionel/paparazziProto1/var/MYAC/ap/subsystems/navigation/nav_survey_rectangle.o
                0x00018ccc                nav_survey_rectangle_init
 .text.nav_survey_rectangle
                0x00019190      0x9bc /home/lionel/paparazziProto1/var/MYAC/ap/subsystems/navigation/nav_survey_rectangle.o
                0x00019190                nav_survey_rectangle
 .text.nav_line_init
                0x00019b4c       0x14 /home/lionel/paparazziProto1/var/MYAC/ap/subsystems/navigation/nav_line.o
                0x00019b4c                nav_line_init
 .text.nav_line
                0x00019b60      0xf00 /home/lionel/paparazziProto1/var/MYAC/ap/subsystems/navigation/nav_line.o
                0x00019b60                nav_line
 .text.init_openlog
                0x0001aa60        0x4 /home/lionel/paparazziProto1/var/MYAC/ap/modules/openlog/openlog.o
                0x0001aa60                init_openlog
 .text.periodic_2Hz_openlog
                0x0001aa64      0x19c /home/lionel/paparazziProto1/var/MYAC/ap/modules/openlog/openlog.o
                0x0001aa64                periodic_2Hz_openlog
 .text.infrared_struct_init
                0x0001ac00       0x48 /home/lionel/paparazziProto1/var/MYAC/ap/subsystems/sensors/infrared.o
                0x0001ac00                infrared_struct_init
 .text.infrared_adc_init
                0x0001ac48       0x4c /home/lionel/paparazziProto1/var/MYAC/ap/subsystems/sensors/infrared_adc.o
                0x0001ac48                infrared_adc_init
 .text.infrared_adc_update
                0x0001ac94      0x108 /home/lionel/paparazziProto1/var/MYAC/ap/subsystems/sensors/infrared_adc.o
                0x0001ac94                infrared_adc_update
 .text.dc_send_command
                0x0001ad9c       0x3c /home/lionel/paparazziProto1/var/MYAC/ap/modules/digital_cam/servo_cam_ctrl.o
                0x0001ad9c                dc_send_command
 .text.stateGetNedToBodyEulers_f
                0x0001add8       0x2c /home/lionel/paparazziProto1/var/MYAC/ap/modules/digital_cam/dc.o
 .text.dc_send_shot_position
                0x0001ae04      0x4a8 /home/lionel/paparazziProto1/var/MYAC/ap/modules/digital_cam/dc.o
                0x0001ae04                dc_send_shot_position
 *fill*         0x0001b2ac        0x4 00
 .text          0x0001b2b0      0x348 /opt/paparazzi/arm-multilib/lib/gcc/arm-none-eabi/4.6.2/../../../../arm-none-eabi/lib/thumb/libm.a(lib_a-s_atan.o)
                0x0001b2b0                atan
 .text          0x0001b5f8       0x88 /opt/paparazzi/arm-multilib/lib/gcc/arm-none-eabi/4.6.2/../../../../arm-none-eabi/lib/thumb/libm.a(lib_a-s_cos.o)
                0x0001b5f8                cos
 .text          0x0001b680        0x6 /opt/paparazzi/arm-multilib/lib/gcc/arm-none-eabi/4.6.2/../../../../arm-none-eabi/lib/thumb/libm.a(lib_a-s_fabs.o)
                0x0001b680                fabs
 *fill*         0x0001b686        0x2 00
 .text          0x0001b688      0x120 /opt/paparazzi/arm-multilib/lib/gcc/arm-none-eabi/4.6.2/../../../../arm-none-eabi/lib/thumb/libm.a(lib_a-s_rint.o)
                0x0001b688                rint
 .text          0x0001b7a8       0x88 /opt/paparazzi/arm-multilib/lib/gcc/arm-none-eabi/4.6.2/../../../../arm-none-eabi/lib/thumb/libm.a(lib_a-s_sin.o)
                0x0001b7a8                sin
 .text          0x0001b830       0x60 /opt/paparazzi/arm-multilib/lib/gcc/arm-none-eabi/4.6.2/../../../../arm-none-eabi/lib/thumb/libm.a(lib_a-s_tan.o)
                0x0001b830                tan
 .text          0x0001b890      0x244 /opt/paparazzi/arm-multilib/lib/gcc/arm-none-eabi/4.6.2/../../../../arm-none-eabi/lib/thumb/libm.a(lib_a-sf_atan.o)
                0x0001b890                atanf
 .text          0x0001bad4       0x68 /opt/paparazzi/arm-multilib/lib/gcc/arm-none-eabi/4.6.2/../../../../arm-none-eabi/lib/thumb/libm.a(lib_a-sf_cos.o)
                0x0001bad4                cosf
 .text          0x0001bb3c        0x6 /opt/paparazzi/arm-multilib/lib/gcc/arm-none-eabi/4.6.2/../../../../arm-none-eabi/lib/thumb/libm.a(lib_a-sf_fabs.o)
                0x0001bb3c                fabsf
 *fill*         0x0001bb42        0x2 00
 .text          0x0001bb44       0x84 /opt/paparazzi/arm-multilib/lib/gcc/arm-none-eabi/4.6.2/../../../../arm-none-eabi/lib/thumb/libm.a(lib_a-sf_floor.o)
                0x0001bb44                floorf
 .text          0x0001bbc8       0x2e /opt/paparazzi/arm-multilib/lib/gcc/arm-none-eabi/4.6.2/../../../../arm-none-eabi/lib/thumb/libm.a(lib_a-sf_fmin.o)
                0x0001bbc8                fminf
 *fill*         0x0001bbf6        0x2 00
 .text          0x0001bbf8       0x88 /opt/paparazzi/arm-multilib/lib/gcc/arm-none-eabi/4.6.2/../../../../arm-none-eabi/lib/thumb/libm.a(lib_a-sf_fpclassify.o)
                0x0001bbf8                __fpclassifyf
 .text          0x0001bc80       0x68 /opt/paparazzi/arm-multilib/lib/gcc/arm-none-eabi/4.6.2/../../../../arm-none-eabi/lib/thumb/libm.a(lib_a-sf_sin.o)
                0x0001bc80                sinf
 .text          0x0001bce8       0xb0 /opt/paparazzi/arm-multilib/lib/gcc/arm-none-eabi/4.6.2/../../../../arm-none-eabi/lib/thumb/libm.a(lib_a-w_asin.o)
                0x0001bce8                asin
 .text          0x0001bd98        0xc /opt/paparazzi/arm-multilib/lib/gcc/arm-none-eabi/4.6.2/../../../../arm-none-eabi/lib/thumb/libm.a(lib_a-w_atan2.o)
                0x0001bd98                atan2
 *fill*         0x0001bda4        0x4 00
 .text          0x0001bda8       0xc0 /opt/paparazzi/arm-multilib/lib/gcc/arm-none-eabi/4.6.2/../../../../arm-none-eabi/lib/thumb/libm.a(lib_a-w_cosh.o)
                0x0001bda8                cosh
 .text          0x0001be68      0x100 /opt/paparazzi/arm-multilib/lib/gcc/arm-none-eabi/4.6.2/../../../../arm-none-eabi/lib/thumb/libm.a(lib_a-w_exp.o)
                0x0001be68                exp
 .text          0x0001bf68       0xf8 /opt/paparazzi/arm-multilib/lib/gcc/arm-none-eabi/4.6.2/../../../../arm-none-eabi/lib/thumb/libm.a(lib_a-w_log.o)
                0x0001bf68                log
 .text          0x0001c060      0x328 /opt/paparazzi/arm-multilib/lib/gcc/arm-none-eabi/4.6.2/../../../../arm-none-eabi/lib/thumb/libm.a(lib_a-w_pow.o)
                0x0001c060                pow
 .text          0x0001c388       0xe8 /opt/paparazzi/arm-multilib/lib/gcc/arm-none-eabi/4.6.2/../../../../arm-none-eabi/lib/thumb/libm.a(lib_a-w_sinh.o)
                0x0001c388                sinh
 .text          0x0001c470       0xb8 /opt/paparazzi/arm-multilib/lib/gcc/arm-none-eabi/4.6.2/../../../../arm-none-eabi/lib/thumb/libm.a(lib_a-w_sqrt.o)
                0x0001c470                sqrt
 .text          0x0001c528       0xa0 /opt/paparazzi/arm-multilib/lib/gcc/arm-none-eabi/4.6.2/../../../../arm-none-eabi/lib/thumb/libm.a(lib_a-wf_asin.o)
                0x0001c528                asinf
 .text          0x0001c5c8        0xc /opt/paparazzi/arm-multilib/lib/gcc/arm-none-eabi/4.6.2/../../../../arm-none-eabi/lib/thumb/libm.a(lib_a-wf_atan2.o)
                0x0001c5c8                atan2f
 *fill*         0x0001c5d4        0x4 00
 .text          0x0001c5d8       0xb0 /opt/paparazzi/arm-multilib/lib/gcc/arm-none-eabi/4.6.2/../../../../arm-none-eabi/lib/thumb/libm.a(lib_a-wf_sqrt.o)
                0x0001c5d8                sqrtf
 .text          0x0001c688      0x428 /opt/paparazzi/arm-multilib/lib/gcc/arm-none-eabi/4.6.2/../../../../arm-none-eabi/lib/thumb/libm.a(lib_a-e_asin.o)
                0x0001c688                __ieee754_asin
 .text          0x0001cab0      0x1e0 /opt/paparazzi/arm-multilib/lib/gcc/arm-none-eabi/4.6.2/../../../../arm-none-eabi/lib/thumb/libm.a(lib_a-e_atan2.o)
                0x0001cab0                __ieee754_atan2
 .text          0x0001cc90      0x140 /opt/paparazzi/arm-multilib/lib/gcc/arm-none-eabi/4.6.2/../../../../arm-none-eabi/lib/thumb/libm.a(lib_a-e_cosh.o)
                0x0001cc90                __ieee754_cosh
 .text          0x0001cdd0      0x2e8 /opt/paparazzi/arm-multilib/lib/gcc/arm-none-eabi/4.6.2/../../../../arm-none-eabi/lib/thumb/libm.a(lib_a-e_exp.o)
                0x0001cdd0                __ieee754_exp
 .text          0x0001d0b8      0x410 /opt/paparazzi/arm-multilib/lib/gcc/arm-none-eabi/4.6.2/../../../../arm-none-eabi/lib/thumb/libm.a(lib_a-e_log.o)
                0x0001d0b8                __ieee754_log
 .text          0x0001d4c8      0xab8 /opt/paparazzi/arm-multilib/lib/gcc/arm-none-eabi/4.6.2/../../../../arm-none-eabi/lib/thumb/libm.a(lib_a-e_pow.o)
                0x0001d4c8                __ieee754_pow
 .text          0x0001df80      0x3d0 /opt/paparazzi/arm-multilib/lib/gcc/arm-none-eabi/4.6.2/../../../../arm-none-eabi/lib/thumb/libm.a(lib_a-e_rem_pio2.o)
                0x0001df80                __ieee754_rem_pio2
 .text          0x0001e350      0x188 /opt/paparazzi/arm-multilib/lib/gcc/arm-none-eabi/4.6.2/../../../../arm-none-eabi/lib/thumb/libm.a(lib_a-e_sinh.o)
                0x0001e350                __ieee754_sinh
 .text          0x0001e4d8      0x188 /opt/paparazzi/arm-multilib/lib/gcc/arm-none-eabi/4.6.2/../../../../arm-none-eabi/lib/thumb/libm.a(lib_a-e_sqrt.o)
                0x0001e4d8                __ieee754_sqrt
 .text          0x0001e660      0x2bc /opt/paparazzi/arm-multilib/lib/gcc/arm-none-eabi/4.6.2/../../../../arm-none-eabi/lib/thumb/libm.a(lib_a-ef_asin.o)
                0x0001e660                __ieee754_asinf
 .text          0x0001e91c      0x12c /opt/paparazzi/arm-multilib/lib/gcc/arm-none-eabi/4.6.2/../../../../arm-none-eabi/lib/thumb/libm.a(lib_a-ef_atan2.o)
                0x0001e91c                __ieee754_atan2f
 .text          0x0001ea48      0x2bc /opt/paparazzi/arm-multilib/lib/gcc/arm-none-eabi/4.6.2/../../../../arm-none-eabi/lib/thumb/libm.a(lib_a-ef_rem_pio2.o)
                0x0001ea48                __ieee754_rem_pio2f
 .text          0x0001ed04       0xb0 /opt/paparazzi/arm-multilib/lib/gcc/arm-none-eabi/4.6.2/../../../../arm-none-eabi/lib/thumb/libm.a(lib_a-ef_sqrt.o)
                0x0001ed04                __ieee754_sqrtf
 *fill*         0x0001edb4        0x4 00
 .text          0x0001edb8      0x1d8 /opt/paparazzi/arm-multilib/lib/gcc/arm-none-eabi/4.6.2/../../../../arm-none-eabi/lib/thumb/libm.a(lib_a-k_cos.o)
                0x0001edb8                __kernel_cos
 .text          0x0001ef90      0x738 /opt/paparazzi/arm-multilib/lib/gcc/arm-none-eabi/4.6.2/../../../../arm-none-eabi/lib/thumb/libm.a(lib_a-k_rem_pio2.o)
                0x0001ef90                __kernel_rem_pio2
 .text          0x0001f6c8      0x178 /opt/paparazzi/arm-multilib/lib/gcc/arm-none-eabi/4.6.2/../../../../arm-none-eabi/lib/thumb/libm.a(lib_a-k_sin.o)
                0x0001f6c8                __kernel_sin
 .text          0x0001f840      0x3c8 /opt/paparazzi/arm-multilib/lib/gcc/arm-none-eabi/4.6.2/../../../../arm-none-eabi/lib/thumb/libm.a(lib_a-k_tan.o)
                0x0001f840                __kernel_tan
 .text          0x0001fc08      0x13c /opt/paparazzi/arm-multilib/lib/gcc/arm-none-eabi/4.6.2/../../../../arm-none-eabi/lib/thumb/libm.a(lib_a-kf_cos.o)
                0x0001fc08                __kernel_cosf
 .text          0x0001fd44      0x5c4 /opt/paparazzi/arm-multilib/lib/gcc/arm-none-eabi/4.6.2/../../../../arm-none-eabi/lib/thumb/libm.a(lib_a-kf_rem_pio2.o)
                0x0001fd44                __kernel_rem_pio2f
 .text          0x00020308       0xf8 /opt/paparazzi/arm-multilib/lib/gcc/arm-none-eabi/4.6.2/../../../../arm-none-eabi/lib/thumb/libm.a(lib_a-kf_sin.o)
                0x00020308                __kernel_sinf
 .text          0x00020400      0x470 /opt/paparazzi/arm-multilib/lib/gcc/arm-none-eabi/4.6.2/../../../../arm-none-eabi/lib/thumb/libm.a(lib_a-s_expm1.o)
                0x00020400                expm1
 .text          0x00020870       0x10 /opt/paparazzi/arm-multilib/lib/gcc/arm-none-eabi/4.6.2/../../../../arm-none-eabi/lib/thumb/libm.a(lib_a-s_finite.o)
                0x00020870                finite
 .text          0x00020880      0x128 /opt/paparazzi/arm-multilib/lib/gcc/arm-none-eabi/4.6.2/../../../../arm-none-eabi/lib/thumb/libm.a(lib_a-s_floor.o)
                0x00020880                floor
 .text          0x000209a8       0x90 /opt/paparazzi/arm-multilib/lib/gcc/arm-none-eabi/4.6.2/../../../../arm-none-eabi/lib/thumb/libm.a(lib_a-s_fpclassify.o)
                0x000209a8                __fpclassifyd
 .text          0x00020a38        0x4 /opt/paparazzi/arm-multilib/lib/gcc/arm-none-eabi/4.6.2/../../../../arm-none-eabi/lib/thumb/libm.a(lib_a-s_matherr.o)
                0x00020a38                matherr
 *fill*         0x00020a3c        0x4 00
 .text          0x00020a40       0x10 /opt/paparazzi/arm-multilib/lib/gcc/arm-none-eabi/4.6.2/../../../../arm-none-eabi/lib/thumb/libm.a(lib_a-s_nan.o)
                0x00020a40                nan
 .text          0x00020a50       0xf8 /opt/paparazzi/arm-multilib/lib/gcc/arm-none-eabi/4.6.2/../../../../arm-none-eabi/lib/thumb/libm.a(lib_a-s_scalbn.o)
                0x00020a50                scalbn
 .text          0x00020b48       0xb4 /opt/paparazzi/arm-multilib/lib/gcc/arm-none-eabi/4.6.2/../../../../arm-none-eabi/lib/thumb/libm.a(lib_a-sf_scalbn.o)
                0x00020b48                scalbnf
 .text          0x00020bfc       0x14 /opt/paparazzi/arm-multilib/lib/gcc/arm-none-eabi/4.6.2/../../../../arm-none-eabi/lib/thumb/libm.a(lib_a-s_copysign.o)
                0x00020bfc                copysign
 .text          0x00020c10        0xc /opt/paparazzi/arm-multilib/lib/gcc/arm-none-eabi/4.6.2/../../../../arm-none-eabi/lib/thumb/libm.a(lib_a-sf_copysign.o)
                0x00020c10                copysignf
 .text          0x00020c1c        0xc /opt/paparazzi/arm-multilib/lib/gcc/arm-none-eabi/4.6.2/../../../../arm-none-eabi/lib/thumb/libc.a(lib_a-errno.o)
                0x00020c1c                __errno
 .text          0x00020c28       0x14 /opt/paparazzi/arm-multilib/lib/gcc/arm-none-eabi/4.6.2/thumb/libgcc.a(_thumb1_case_uqi.o)
                0x00020c28                __gnu_thumb1_case_uqi
 .text          0x00020c3c       0x94 /opt/paparazzi/arm-multilib/lib/gcc/arm-none-eabi/4.6.2/thumb/libgcc.a(_udivsi3.o)
                0x00020c3c                __udivsi3
                0x00020c3c                __aeabi_uidiv
                0x00020cbc                __aeabi_uidivmod
 .text          0x00020cd0       0xb0 /opt/paparazzi/arm-multilib/lib/gcc/arm-none-eabi/4.6.2/thumb/libgcc.a(_divsi3.o)
                0x00020cd0                __aeabi_idiv
                0x00020cd0                __divsi3
                0x00020d6c                __aeabi_idivmod
 .text          0x00020d80        0x4 /opt/paparazzi/arm-multilib/lib/gcc/arm-none-eabi/4.6.2/thumb/libgcc.a(_dvmd_tls.o)
                0x00020d80                __aeabi_ldiv0
                0x00020d80                __aeabi_idiv0
 .text          0x00020d84      0x41c /opt/paparazzi/arm-multilib/lib/gcc/arm-none-eabi/4.6.2/thumb/libgcc.a(_arm_addsubdf3.o)
                0x00020d84                __aeabi_drsub
                0x00020d8c                __aeabi_dsub
                0x00020d8c                __subdf3
                0x00020d90                __adddf3
                0x00020d90                __aeabi_dadd
                0x000210a0                __aeabi_ui2d
                0x000210a0                __floatunsidf
                0x000210c4                __floatsidf
                0x000210c4                __aeabi_i2d
                0x000210ec                __extendsfdf2
                0x000210ec                __aeabi_f2d
                0x0002112c                __aeabi_ul2d
                0x0002112c                __floatundidf
                0x00021140                __floatdidf
                0x00021140                __aeabi_l2d
 .text          0x000211a0      0x49c /opt/paparazzi/arm-multilib/lib/gcc/arm-none-eabi/4.6.2/thumb/libgcc.a(_arm_muldivdf3.o)
                0x000211a0                __aeabi_dmul
                0x000211a0                __muldf3
                0x00021430                __aeabi_ddiv
                0x00021430                __divdf3
 .text          0x0002163c      0x144 /opt/paparazzi/arm-multilib/lib/gcc/arm-none-eabi/4.6.2/thumb/libgcc.a(_arm_cmpdf2.o)
                0x0002163c                __gtdf2
                0x0002163c                __gedf2
                0x00021644                __ltdf2
                0x00021644                __ledf2
                0x0002164c                __cmpdf2
                0x0002164c                __eqdf2
                0x0002164c                __nedf2
                0x000216d4                __aeabi_cdrcmple
                0x000216f0                __aeabi_cdcmple
                0x000216f0                __aeabi_cdcmpeq
                0x00021708                __aeabi_dcmpeq
                0x00021720                __aeabi_dcmplt
                0x00021738                __aeabi_dcmple
                0x00021750                __aeabi_dcmpge
                0x00021768                __aeabi_dcmpgt
 .text          0x00021780       0x5c /opt/paparazzi/arm-multilib/lib/gcc/arm-none-eabi/4.6.2/thumb/libgcc.a(_arm_fixdfsi.o)
                0x00021780                __fixdfsi
                0x00021780                __aeabi_d2iz
 .text          0x000217dc       0x54 /opt/paparazzi/arm-multilib/lib/gcc/arm-none-eabi/4.6.2/thumb/libgcc.a(_arm_fixunsdfsi.o)
                0x000217dc                __fixunsdfsi
                0x000217dc                __aeabi_d2uiz
 .text          0x00021830       0xa0 /opt/paparazzi/arm-multilib/lib/gcc/arm-none-eabi/4.6.2/thumb/libgcc.a(_arm_truncdfsf2.o)
                0x00021830                __aeabi_d2f
                0x00021830                __truncdfsf2
 .text          0x000218d0      0x2ac /opt/paparazzi/arm-multilib/lib/gcc/arm-none-eabi/4.6.2/thumb/libgcc.a(_arm_addsubsf3.o)
                0x000218d0                __aeabi_frsub
                0x000218d8                __subsf3
                0x000218d8                __aeabi_fsub
                0x000218dc                __aeabi_fadd
                0x000218dc                __addsf3
                0x00021a98                __aeabi_ui2f
                0x00021a98                __floatunsisf
                0x00021aa0                __aeabi_i2f
                0x00021aa0                __floatsisf
                0x00021ac0                __floatundisf
                0x00021ac0                __aeabi_ul2f
                0x00021ad0                __floatdisf
                0x00021ad0                __aeabi_l2f
 .text          0x00021b7c      0x2f8 /opt/paparazzi/arm-multilib/lib/gcc/arm-none-eabi/4.6.2/thumb/libgcc.a(_arm_muldivsf3.o)
                0x00021b7c                __mulsf3
                0x00021b7c                __aeabi_fmul
                0x00021d14                __divsf3
                0x00021d14                __aeabi_fdiv
 .text          0x00021e74      0x114 /opt/paparazzi/arm-multilib/lib/gcc/arm-none-eabi/4.6.2/thumb/libgcc.a(_arm_cmpsf2.o)
                0x00021e74                __gtsf2
                0x00021e74                __gesf2
                0x00021e7c                __lesf2
                0x00021e7c                __ltsf2
                0x00021e84                __nesf2
                0x00021e84                __eqsf2
                0x00021e84                __cmpsf2
                0x00021ee8                __aeabi_cfrcmple
                0x00021ef8                __aeabi_cfcmple
                0x00021ef8                __aeabi_cfcmpeq
                0x00021f10                __aeabi_fcmpeq
                0x00021f28                __aeabi_fcmplt
                0x00021f40                __aeabi_fcmple
                0x00021f58                __aeabi_fcmpge
                0x00021f70                __aeabi_fcmpgt
 .text          0x00021f88       0x5c /opt/paparazzi/arm-multilib/lib/gcc/arm-none-eabi/4.6.2/thumb/libgcc.a(_arm_fixsfsi.o)
                0x00021f88                __fixsfsi
                0x00021f88                __aeabi_f2iz
 .text          0x00021fe4       0x54 /opt/paparazzi/arm-multilib/lib/gcc/arm-none-eabi/4.6.2/thumb/libgcc.a(_arm_fixunssfsi.o)
                0x00021fe4                __aeabi_f2uiz
                0x00021fe4                __fixunssfsi
 .text.stub     0x00022038      0x1cc linker stubs
 *(.gnu.linkonce.t.*)
 *(.glue_7)
 .glue_7        0x00000000        0x0 linker stubs
 *(.glue_7t)
 .glue_7t       0x00000000        0x0 linker stubs
 *(.gcc_except_table)
 *(.rodata)
 .rodata        0x00022260       0x40 /opt/paparazzi/arm-multilib/lib/gcc/arm-none-eabi/4.6.2/../../../../arm-none-eabi/lib/thumb/libm.a(lib_a-s_atan.o)
 .rodata        0x000222a0       0x10 /opt/paparazzi/arm-multilib/lib/gcc/arm-none-eabi/4.6.2/../../../../arm-none-eabi/lib/thumb/libm.a(lib_a-s_rint.o)
 .rodata        0x000222b0       0x20 /opt/paparazzi/arm-multilib/lib/gcc/arm-none-eabi/4.6.2/../../../../arm-none-eabi/lib/thumb/libm.a(lib_a-sf_atan.o)
 .rodata        0x000222d0       0x30 /opt/paparazzi/arm-multilib/lib/gcc/arm-none-eabi/4.6.2/../../../../arm-none-eabi/lib/thumb/libm.a(lib_a-e_exp.o)
 .rodata        0x00022300       0x30 /opt/paparazzi/arm-multilib/lib/gcc/arm-none-eabi/4.6.2/../../../../arm-none-eabi/lib/thumb/libm.a(lib_a-e_pow.o)
 .rodata        0x00022330      0x188 /opt/paparazzi/arm-multilib/lib/gcc/arm-none-eabi/4.6.2/../../../../arm-none-eabi/lib/thumb/libm.a(lib_a-e_rem_pio2.o)
 .rodata        0x000224b8      0x398 /opt/paparazzi/arm-multilib/lib/gcc/arm-none-eabi/4.6.2/../../../../arm-none-eabi/lib/thumb/libm.a(lib_a-ef_rem_pio2.o)
 .rodata        0x00022850       0x50 /opt/paparazzi/arm-multilib/lib/gcc/arm-none-eabi/4.6.2/../../../../arm-none-eabi/lib/thumb/libm.a(lib_a-k_rem_pio2.o)
 .rodata        0x000228a0       0x38 /opt/paparazzi/arm-multilib/lib/gcc/arm-none-eabi/4.6.2/../../../../arm-none-eabi/lib/thumb/libm.a(lib_a-kf_rem_pio2.o)
 *(.rodata*)
 .rodata.serie_coeff_proj_mercator
                0x000228d8       0x14 /home/lionel/paparazziProto1/var/MYAC/ap/math/pprz_geodetic_float.o
 .rodata.commands_failsafe
                0x000228ec        0x8 /home/lionel/paparazziProto1/var/MYAC/ap/./commands.o
                0x000228ec                commands_failsafe
 .rodata.version
                0x000228f4        0x2 /home/lionel/paparazziProto1/var/MYAC/ap/firmwares/fixedwing/main_ap.o
 .rodata.str1.1
                0x000228f6       0x11 /home/lionel/paparazziProto1/var/MYAC/ap/firmwares/fixedwing/main_ap.o
 .rodata.str1.1
                0x00022907       0x2a /home/lionel/paparazziProto1/var/MYAC/ap/subsystems/datalink/xbee.o
                                 0x2c (size before relaxing)
 .rodata.nb_waypoint
                0x00022931        0x1 /home/lionel/paparazziProto1/var/MYAC/ap/subsystems/nav.o
                0x00022931                nb_waypoint
 .rodata.str1.1
                0x00022932        0x5 /opt/paparazzi/arm-multilib/lib/gcc/arm-none-eabi/4.6.2/../../../../arm-none-eabi/lib/thumb/libm.a(lib_a-w_asin.o)
                                  0x6 (size before relaxing)
 .rodata.str1.1
                0x00022937        0x5 /opt/paparazzi/arm-multilib/lib/gcc/arm-none-eabi/4.6.2/../../../../arm-none-eabi/lib/thumb/libm.a(lib_a-w_cosh.o)
 .rodata.str1.1
                0x0002293c        0x4 /opt/paparazzi/arm-multilib/lib/gcc/arm-none-eabi/4.6.2/../../../../arm-none-eabi/lib/thumb/libm.a(lib_a-w_exp.o)
 .rodata.str1.1
                0x00022940        0x4 /opt/paparazzi/arm-multilib/lib/gcc/arm-none-eabi/4.6.2/../../../../arm-none-eabi/lib/thumb/libm.a(lib_a-w_log.o)
                                  0x5 (size before relaxing)
 .rodata.str1.1
                0x00022944        0x4 /opt/paparazzi/arm-multilib/lib/gcc/arm-none-eabi/4.6.2/../../../../arm-none-eabi/lib/thumb/libm.a(lib_a-w_pow.o)
 .rodata.str1.1
                0x00022948        0x5 /opt/paparazzi/arm-multilib/lib/gcc/arm-none-eabi/4.6.2/../../../../arm-none-eabi/lib/thumb/libm.a(lib_a-w_sinh.o)
 .rodata.str1.1
                0x0002294d        0x5 /opt/paparazzi/arm-multilib/lib/gcc/arm-none-eabi/4.6.2/../../../../arm-none-eabi/lib/thumb/libm.a(lib_a-w_sqrt.o)
 .rodata.str1.1
                0x00022952        0x6 /opt/paparazzi/arm-multilib/lib/gcc/arm-none-eabi/4.6.2/../../../../arm-none-eabi/lib/thumb/libm.a(lib_a-wf_asin.o)
                                  0x7 (size before relaxing)
 .rodata.str1.1
                0x00022958        0x6 /opt/paparazzi/arm-multilib/lib/gcc/arm-none-eabi/4.6.2/../../../../arm-none-eabi/lib/thumb/libm.a(lib_a-wf_sqrt.o)
 .rodata.str1.1
                0x00000000        0x1 /opt/paparazzi/arm-multilib/lib/gcc/arm-none-eabi/4.6.2/../../../../arm-none-eabi/lib/thumb/libm.a(lib_a-e_pow.o)
 .rodata.str1.1
                0x0002295e        0x2 /opt/paparazzi/arm-multilib/lib/gcc/arm-none-eabi/4.6.2/../../../../arm-none-eabi/lib/thumb/libc.a(lib_a-impure.o)
 *(.gnu.linkonce.r.*)

.vfp11_veneer   0x00022960        0x0
 .vfp11_veneer  0x00000000        0x0 linker stubs

.v4_bx          0x00022960        0x0
 .v4_bx         0x00000000        0x0 linker stubs
                0x00022960                . = ALIGN (0x4)

.ARM.exidx      0x00022960        0x0
                0x00022960                __exidx_start = .
 *(.ARM.exidx* .gnu.linkonce.armexidx.*)
                0x00022960                __exidx_end = .
                0x00022960                . = ALIGN (0x4)

.ctors          0x00022960        0x0
                0x00022960                PROVIDE (__ctors_start__, .)
 *(SORT(.ctors.*))
 *(.ctors)
                0x00022960                PROVIDE (__ctors_end__, .)

.dtors          0x00022960        0x0
                0x00022960                PROVIDE (__dtors_start__, .)
 *(SORT(.dtors.*))
 *(.dtors)
                0x00022960                PROVIDE (__dtors_end__, .)
                0x00022960                . = ALIGN (0x4)
                0x00022960                _etext = .
                0x00022960                PROVIDE (etext, .)

.data           0x40000000     0x3760 load address 0x00022960
                0x40000000                _data = .
 *(.data)
 .data          0x40000000        0x1 /opt/paparazzi/arm-multilib/lib/gcc/arm-none-eabi/4.6.2/../../../../arm-none-eabi/lib/thumb/libm.a(lib_a-s_lib_ver.o)
                0x40000000                __fdlib_version
 *fill*         0x40000001        0x7 00
 .data          0x40000008      0x430 /opt/paparazzi/arm-multilib/lib/gcc/arm-none-eabi/4.6.2/../../../../arm-none-eabi/lib/thumb/libc.a(lib_a-impure.o)
                0x40000008                _impure_ptr
 *(.data.*)
 .data.fbw_state
                0x40000438        0x4 /home/lionel/paparazziProto1/var/MYAC/ap/./inter_mcu.o
                0x40000438                fbw_state
 .data.ap_state
                0x4000043c        0x4 /home/lionel/paparazziProto1/var/MYAC/ap/./inter_mcu.o
                0x4000043c                ap_state
 .data.pprz_trig_int
                0x40000440     0x3244 /home/lionel/paparazziProto1/var/MYAC/ap/math/pprz_trig_int.o
                0x40000440                pprz_trig_int
 .data.pprz_mode
                0x40003684        0x1 /home/lionel/paparazziProto1/var/MYAC/ap/firmwares/fixedwing/main_ap.o
                0x40003684                pprz_mode
 .data.boot.4453
                0x40003685        0x1 /home/lionel/paparazziProto1/var/MYAC/ap/firmwares/fixedwing/main_ap.o
 .data.adc0_val
                0x40003686       0x10 /home/lionel/paparazziProto1/var/MYAC/ap/arch/lpc21/mcu_periph/adc_arch.o
                0x40003686                adc0_val
 .data.adc1_val
                0x40003696       0x10 /home/lionel/paparazziProto1/var/MYAC/ap/arch/lpc21/mcu_periph/adc_arch.o
                0x40003696                adc1_val
 *fill*         0x400036a6        0x2 00
 .data.servos_delay
                0x400036a8        0x4 /home/lionel/paparazziProto1/var/MYAC/ap/arch/lpc21/servos_4015_MAT_hw.o
                0x400036a8                servos_delay
 .data.v_ctl_auto_throttle_dash_trim
                0x400036ac        0x4 /home/lionel/paparazziProto1/var/MYAC/ap/firmwares/fixedwing/stabilization/stabilization_attitude.o
                0x400036ac                v_ctl_auto_throttle_dash_trim
 .data.v_ctl_auto_throttle_loiter_trim
                0x400036b0        0x4 /home/lionel/paparazziProto1/var/MYAC/ap/firmwares/fixedwing/stabilization/stabilization_attitude.o
                0x400036b0                v_ctl_auto_throttle_loiter_trim
 .data.nav_utm_zone0
                0x400036b4        0x1 /home/lionel/paparazziProto1/var/MYAC/ap/subsystems/nav.o
                0x400036b4                nav_utm_zone0
 *fill*         0x400036b5        0x3 00
 .data.nav_utm_north0
                0x400036b8        0x4 /home/lionel/paparazziProto1/var/MYAC/ap/subsystems/nav.o
                0x400036b8                nav_utm_north0
 .data.nav_altitude
                0x400036bc        0x4 /home/lionel/paparazziProto1/var/MYAC/ap/subsystems/nav.o
                0x400036bc                nav_altitude
 .data.waypoints
                0x400036c0       0x90 /home/lionel/paparazziProto1/var/MYAC/ap/subsystems/nav.o
                0x400036c0                waypoints
 .data.max_dist_from_home
                0x40003750        0x4 /home/lionel/paparazziProto1/var/MYAC/ap/subsystems/nav.o
                0x40003750                max_dist_from_home
 .data.nav_utm_east0
                0x40003754        0x4 /home/lionel/paparazziProto1/var/MYAC/ap/subsystems/nav.o
                0x40003754                nav_utm_east0
 .data.dc_autoshoot_meter_grid
                0x40003758        0x1 /home/lionel/paparazziProto1/var/MYAC/ap/modules/digital_cam/dc.o
                0x40003758                dc_autoshoot_meter_grid
 .data.dc_autoshoot_quartersec_period
                0x40003759        0x1 /home/lionel/paparazziProto1/var/MYAC/ap/modules/digital_cam/dc.o
                0x40003759                dc_autoshoot_quartersec_period
 *fill*         0x4000375a        0x2 00
 .data.dc_gps_dist
                0x4000375c        0x4 /home/lionel/paparazziProto1/var/MYAC/ap/modules/digital_cam/dc.o
                0x4000375c                dc_gps_dist
 *(.gnu.linkonce.d*)
                0x40003760                . = ALIGN (0x4)
 *(.fastrun)
                0x40003760                . = ALIGN (0x4)
                0x40003760                _edata = .
                0x40003760                PROVIDE (edata, .)

.bss            0x40003760     0x1450 load address 0x000260c0
                0x40003760                __bss_start = .
                0x40003760                __bss_start__ = .
 *(.bss)
 *(.bss.*)
 .bss.inter_mcu_received_ap
                0x40003760        0x1 /home/lionel/paparazziProto1/var/MYAC/ap/./inter_mcu.o
                0x40003760                inter_mcu_received_ap
 *fill*         0x40003761        0x1 00
 .bss._ap_state
                0x40003762        0xc /home/lionel/paparazziProto1/var/MYAC/ap/./inter_mcu.o
 .bss.inter_mcu_received_fbw
                0x4000376e        0x1 /home/lionel/paparazziProto1/var/MYAC/ap/./inter_mcu.o
                0x4000376e                inter_mcu_received_fbw
 *fill*         0x4000376f        0x1 00
 .bss._fbw_state
                0x40003770       0x18 /home/lionel/paparazziProto1/var/MYAC/ap/./inter_mcu.o
 .bss.i300.4161
                0x40003788        0x2 /home/lionel/paparazziProto1/var/MYAC/ap/firmwares/fixedwing/main_fbw.o
 .bss.i30.4188  0x4000378a        0x1 /home/lionel/paparazziProto1/var/MYAC/ap/firmwares/fixedwing/main_fbw.o
 .bss.i60.4189  0x4000378b        0x1 /home/lionel/paparazziProto1/var/MYAC/ap/firmwares/fixedwing/main_fbw.o
 .bss.i300.4190
                0x4000378c        0x2 /home/lionel/paparazziProto1/var/MYAC/ap/firmwares/fixedwing/main_fbw.o
 .bss.fbw_new_actuators
                0x4000378e        0x1 /home/lionel/paparazziProto1/var/MYAC/ap/firmwares/fixedwing/main_fbw.o
                0x4000378e                fbw_new_actuators
 .bss.i120.4160
                0x4000378f        0x1 /home/lionel/paparazziProto1/var/MYAC/ap/firmwares/fixedwing/main_fbw.o
 .bss._1Hz.2780
                0x40003790        0x1 /home/lionel/paparazziProto1/var/MYAC/ap/firmwares/fixedwing/main_fbw.o
 *fill*         0x40003791        0x3 00
 .bss.electrical_priv
                0x40003794       0x4c /home/lionel/paparazziProto1/var/MYAC/ap/subsystems/electrical.o
 .bss.command_roll_trim
                0x400037e0        0x2 /home/lionel/paparazziProto1/var/MYAC/ap/./commands.o
                0x400037e0                command_roll_trim
 .bss.command_pitch_trim
                0x400037e2        0x2 /home/lionel/paparazziProto1/var/MYAC/ap/./commands.o
                0x400037e2                command_pitch_trim
 .bss.telemetry_mode_Fbw
                0x400037e4        0x1 /home/lionel/paparazziProto1/var/MYAC/ap/firmwares/fixedwing/fbw_downlink.o
                0x400037e4                telemetry_mode_Fbw
 .bss.i60.4460  0x400037e5        0x1 /home/lionel/paparazziProto1/var/MYAC/ap/firmwares/fixedwing/main_ap.o
 .bss.i306.5162
                0x400037e6        0x2 /home/lionel/paparazziProto1/var/MYAC/ap/firmwares/fixedwing/main_ap.o
 .bss.i30.5332  0x400037e8        0x1 /home/lionel/paparazziProto1/var/MYAC/ap/firmwares/fixedwing/main_ap.o
 *fill*         0x400037e9        0x1 00
 .bss.last.5262
                0x400037ea        0x2 /home/lionel/paparazziProto1/var/MYAC/ap/firmwares/fixedwing/main_ap.o
 .bss.i66.4819  0x400037ec        0x1 /home/lionel/paparazziProto1/var/MYAC/ap/firmwares/fixedwing/main_ap.o
 .bss.i.4693    0x400037ed        0x1 /home/lionel/paparazziProto1/var/MYAC/ap/firmwares/fixedwing/main_ap.o
 .bss.i420.5167
                0x400037ee        0x2 /home/lionel/paparazziProto1/var/MYAC/ap/firmwares/fixedwing/main_ap.o
 .bss.i330.5165
                0x400037f0        0x2 /home/lionel/paparazziProto1/var/MYAC/ap/firmwares/fixedwing/main_ap.o
 .bss.last.5114
                0x400037f2        0x2 /home/lionel/paparazziProto1/var/MYAC/ap/firmwares/fixedwing/main_ap.o
 .bss.mcu1_ppm_cpt
                0x400037f4        0x1 /home/lionel/paparazziProto1/var/MYAC/ap/firmwares/fixedwing/main_ap.o
 *fill*         0x400037f5        0x1 00
 .bss.i300.4829
                0x400037f6        0x2 /home/lionel/paparazziProto1/var/MYAC/ap/firmwares/fixedwing/main_ap.o
 .bss.ahrs_timeout_counter
                0x400037f8        0x1 /home/lionel/paparazziProto1/var/MYAC/ap/firmwares/fixedwing/main_ap.o
                0x400037f8                ahrs_timeout_counter
 .bss.i192.4826
                0x400037f9        0x1 /home/lionel/paparazziProto1/var/MYAC/ap/firmwares/fixedwing/main_ap.o
 .bss.i183.4825
                0x400037fa        0x1 /home/lionel/paparazziProto1/var/MYAC/ap/firmwares/fixedwing/main_ap.o
 *fill*         0x400037fb        0x1 00
 .bss.i342.5166
                0x400037fc        0x2 /home/lionel/paparazziProto1/var/MYAC/ap/firmwares/fixedwing/main_ap.o
 .bss.i.5348    0x400037fe        0x1 /home/lionel/paparazziProto1/var/MYAC/ap/firmwares/fixedwing/main_ap.o
 .bss.i90.4822  0x400037ff        0x1 /home/lionel/paparazziProto1/var/MYAC/ap/firmwares/fixedwing/main_ap.o
 .bss.i30.4230  0x40003800        0x1 /home/lionel/paparazziProto1/var/MYAC/ap/firmwares/fixedwing/main_ap.o
 *fill*         0x40003801        0x1 00
 .bss.last.4798
                0x40003802        0x2 /home/lionel/paparazziProto1/var/MYAC/ap/firmwares/fixedwing/main_ap.o
 .bss.i612.5169
                0x40003804        0x2 /home/lionel/paparazziProto1/var/MYAC/ap/firmwares/fixedwing/main_ap.o
 .bss.i180.4824
                0x40003806        0x1 /home/lionel/paparazziProto1/var/MYAC/ap/firmwares/fixedwing/main_ap.o
 .bss.t.5446    0x40003807        0x1 /home/lionel/paparazziProto1/var/MYAC/ap/firmwares/fixedwing/main_ap.o
 .bss.i30.4459  0x40003808        0x1 /home/lionel/paparazziProto1/var/MYAC/ap/firmwares/fixedwing/main_ap.o
 .bss.i.4471    0x40003809        0x1 /home/lionel/paparazziProto1/var/MYAC/ap/firmwares/fixedwing/main_ap.o
 .bss.last_pprz_mode.5394
                0x4000380a        0x1 /home/lionel/paparazziProto1/var/MYAC/ap/firmwares/fixedwing/main_ap.o
 .bss.i90.4464  0x4000380b        0x1 /home/lionel/paparazziProto1/var/MYAC/ap/firmwares/fixedwing/main_ap.o
 .bss.lateral_mode
                0x4000380c        0x1 /home/lionel/paparazziProto1/var/MYAC/ap/firmwares/fixedwing/main_ap.o
                0x4000380c                lateral_mode
 .bss.i.4904    0x4000380d        0x1 /home/lionel/paparazziProto1/var/MYAC/ap/firmwares/fixedwing/main_ap.o
 .bss.mcu1_status
                0x4000380e        0x1 /home/lionel/paparazziProto1/var/MYAC/ap/firmwares/fixedwing/main_ap.o
 *fill*         0x4000380f        0x1 00
 .bss.i606.4833
                0x40003810        0x2 /home/lionel/paparazziProto1/var/MYAC/ap/firmwares/fixedwing/main_ap.o
 .bss.i63.4461  0x40003812        0x1 /home/lionel/paparazziProto1/var/MYAC/ap/firmwares/fixedwing/main_ap.o
 .bss.i.4923    0x40003813        0x1 /home/lionel/paparazziProto1/var/MYAC/ap/firmwares/fixedwing/main_ap.o
 .bss.i126.4466
                0x40003814        0x1 /home/lionel/paparazziProto1/var/MYAC/ap/firmwares/fixedwing/main_ap.o
 *fill*         0x40003815        0x1 00
 .bss.i606.5168
                0x40003816        0x2 /home/lionel/paparazziProto1/var/MYAC/ap/firmwares/fixedwing/main_ap.o
 .bss.i312.4831
                0x40003818        0x2 /home/lionel/paparazziProto1/var/MYAC/ap/firmwares/fixedwing/main_ap.o
 .bss.gps_lost  0x4000381a        0x1 /home/lionel/paparazziProto1/var/MYAC/ap/firmwares/fixedwing/main_ap.o
                0x4000381a                gps_lost
 .bss.dc_shutter_timer.4201
                0x4000381b        0x1 /home/lionel/paparazziProto1/var/MYAC/ap/firmwares/fixedwing/main_ap.o
 .bss.i324.5164
                0x4000381c        0x2 /home/lionel/paparazziProto1/var/MYAC/ap/firmwares/fixedwing/main_ap.o
 .bss.i1.4228   0x4000381e        0x1 /home/lionel/paparazziProto1/var/MYAC/ap/firmwares/fixedwing/main_ap.o
 .bss.i120.4465
                0x4000381f        0x1 /home/lionel/paparazziProto1/var/MYAC/ap/firmwares/fixedwing/main_ap.o
 .bss.i66.4462  0x40003820        0x1 /home/lionel/paparazziProto1/var/MYAC/ap/firmwares/fixedwing/main_ap.o
 .bss.i240.4827
                0x40003821        0x1 /home/lionel/paparazziProto1/var/MYAC/ap/firmwares/fixedwing/main_ap.o
 .bss.i.4538    0x40003822        0x1 /home/lionel/paparazziProto1/var/MYAC/ap/firmwares/fixedwing/main_ap.o
 .bss.i.4834    0x40003823        0x1 /home/lionel/paparazziProto1/var/MYAC/ap/firmwares/fixedwing/main_ap.o
 .bss.kill_throttle
                0x40003824        0x1 /home/lionel/paparazziProto1/var/MYAC/ap/firmwares/fixedwing/main_ap.o
                0x40003824                kill_throttle
 *fill*         0x40003825        0x1 00
 .bss.i306.4830
                0x40003826        0x2 /home/lionel/paparazziProto1/var/MYAC/ap/firmwares/fixedwing/main_ap.o
 .bss.i243.4828
                0x40003828        0x1 /home/lionel/paparazziProto1/var/MYAC/ap/firmwares/fixedwing/main_ap.o
 .bss.i126.4823
                0x40003829        0x1 /home/lionel/paparazziProto1/var/MYAC/ap/firmwares/fixedwing/main_ap.o
 .bss.i126.5333
                0x4000382a        0x1 /home/lionel/paparazziProto1/var/MYAC/ap/firmwares/fixedwing/main_ap.o
 *fill*         0x4000382b        0x1 00
 .bss.i540.4832
                0x4000382c        0x2 /home/lionel/paparazziProto1/var/MYAC/ap/firmwares/fixedwing/main_ap.o
 .bss.i150.4467
                0x4000382e        0x1 /home/lionel/paparazziProto1/var/MYAC/ap/firmwares/fixedwing/main_ap.o
 .bss.i72.4463  0x4000382f        0x1 /home/lionel/paparazziProto1/var/MYAC/ap/firmwares/fixedwing/main_ap.o
 .bss.i15.4458  0x40003830        0x1 /home/lionel/paparazziProto1/var/MYAC/ap/firmwares/fixedwing/main_ap.o
 *fill*         0x40003831        0x1 00
 .bss.i318.5163
                0x40003832        0x2 /home/lionel/paparazziProto1/var/MYAC/ap/firmwares/fixedwing/main_ap.o
 .bss.i63.4818  0x40003834        0x1 /home/lionel/paparazziProto1/var/MYAC/ap/firmwares/fixedwing/main_ap.o
 .bss.i84.4821  0x40003835        0x1 /home/lionel/paparazziProto1/var/MYAC/ap/firmwares/fixedwing/main_ap.o
 .bss.i78.4820  0x40003836        0x1 /home/lionel/paparazziProto1/var/MYAC/ap/firmwares/fixedwing/main_ap.o
 *fill*         0x40003837        0x1 00
 .bss.current   0x40003838        0x4 /home/lionel/paparazziProto1/var/MYAC/ap/firmwares/fixedwing/main_ap.o
 .bss.i300.5161
                0x4000383c        0x2 /home/lionel/paparazziProto1/var/MYAC/ap/firmwares/fixedwing/main_ap.o
 .bss.i300.4468
                0x4000383e        0x2 /home/lionel/paparazziProto1/var/MYAC/ap/firmwares/fixedwing/main_ap.o
 .bss.i306.4469
                0x40003840        0x2 /home/lionel/paparazziProto1/var/MYAC/ap/firmwares/fixedwing/main_ap.o
 .bss.autopilot_flight_time
                0x40003842        0x2 /home/lionel/paparazziProto1/var/MYAC/ap/firmwares/fixedwing/main_ap.o
                0x40003842                autopilot_flight_time
 .bss.i.5177    0x40003844        0x1 /home/lionel/paparazziProto1/var/MYAC/ap/firmwares/fixedwing/main_ap.o
 .bss.i6.5331   0x40003845        0x1 /home/lionel/paparazziProto1/var/MYAC/ap/firmwares/fixedwing/main_ap.o
 .bss.launch    0x40003846        0x1 /home/lionel/paparazziProto1/var/MYAC/ap/firmwares/fixedwing/main_ap.o
                0x40003846                launch
 .bss.i15.4229  0x40003847        0x1 /home/lionel/paparazziProto1/var/MYAC/ap/firmwares/fixedwing/main_ap.o
 .bss.i540.4470
                0x40003848        0x2 /home/lionel/paparazziProto1/var/MYAC/ap/firmwares/fixedwing/main_ap.o
 .bss.telemetry_mode_Ap
                0x4000384a        0x1 /home/lionel/paparazziProto1/var/MYAC/ap/firmwares/fixedwing/ap_downlink.o
                0x4000384a                telemetry_mode_Ap
 *fill*         0x4000384b        0x1 00
 .bss.p         0x4000384c       0x10 /home/lionel/paparazziProto1/var/MYAC/ap/./subsystems/ins/ins_alt_float.o
 .bss.buffers   0x4000385c       0x40 /home/lionel/paparazziProto1/var/MYAC/ap/arch/lpc21/mcu_periph/adc_arch.o
 .bss.last_err.3865
                0x4000389c        0x4 /home/lionel/paparazziProto1/var/MYAC/ap/firmwares/fixedwing/stabilization/stabilization_attitude.o
 .bss.last_err.3823
                0x400038a0        0x4 /home/lionel/paparazziProto1/var/MYAC/ap/firmwares/fixedwing/stabilization/stabilization_attitude.o
 .bss.nav_ratio
                0x400038a4        0x4 /home/lionel/paparazziProto1/var/MYAC/ap/firmwares/fixedwing/stabilization/stabilization_attitude.o
 .bss.last_elevator_trim.3856
                0x400038a8        0x4 /home/lionel/paparazziProto1/var/MYAC/ap/firmwares/fixedwing/stabilization/stabilization_attitude.o
 .bss.last_err.3805
                0x400038ac        0x4 /home/lionel/paparazziProto1/var/MYAC/ap/firmwares/fixedwing/guidance/guidance_v.o
 .bss.analog_imu_adc_buf
                0x400038b0      0x1b0 /home/lionel/paparazziProto1/var/MYAC/ap/subsystems/imu/imu_analog.o
 .bss.last_head.2665
                0x40003a60        0x4 /home/lionel/paparazziProto1/var/MYAC/ap/subsystems/imu/imu_analog.o
 .bss.prescaler.4443
                0x40003a64        0x2 /home/lionel/paparazziProto1/var/MYAC/ap/subsystems/nav.o
 *fill*         0x40003a66        0x2 00
 .bss.previous_ground_alt
                0x40003a68        0x4 /home/lionel/paparazziProto1/var/MYAC/ap/subsystems/nav.o
 .bss.baseleg_out_qdr
                0x40003a6c        0x4 /home/lionel/paparazziProto1/var/MYAC/ap/subsystems/nav.o
 .bss.last_nav_altitude.4455
                0x40003a70        0x4 /home/lionel/paparazziProto1/var/MYAC/ap/subsystems/nav.o
 .bss.nav_in_segment
                0x40003a74        0x1 /home/lionel/paparazziProto1/var/MYAC/ap/subsystems/nav.o
                0x40003a74                nav_in_segment
 .bss.last_wp   0x40003a75        0x1 /home/lionel/paparazziProto1/var/MYAC/ap/subsystems/nav.o
 .bss.nav_in_circle
                0x40003a76        0x1 /home/lionel/paparazziProto1/var/MYAC/ap/subsystems/nav.o
                0x40003a76                nav_in_circle
 *fill*         0x40003a77        0x1 00
 .bss.nav_leg_length
                0x40003a78        0x4 /home/lionel/paparazziProto1/var/MYAC/ap/subsystems/nav.o
 .bss.eight_status
                0x40003a7c        0x1 /home/lionel/paparazziProto1/var/MYAC/ap/subsystems/nav.o
 *fill*         0x40003a7d        0x3 00
 .bss.circle_bank
                0x40003a80        0x4 /home/lionel/paparazziProto1/var/MYAC/ap/subsystems/nav.o
                0x40003a80                circle_bank
 .bss.nav_leg_progress
                0x40003a84        0x4 /home/lionel/paparazziProto1/var/MYAC/ap/subsystems/nav.o
 .bss.survey_from
                0x40003a88        0xc /home/lionel/paparazziProto1/var/MYAC/ap/subsystems/navigation/nav_survey_rectangle.o
 .bss.survey_orientation
                0x40003a94        0x1 /home/lionel/paparazziProto1/var/MYAC/ap/subsystems/navigation/nav_survey_rectangle.o
 *fill*         0x40003a95        0x3 00
 .bss.survey_to
                0x40003a98        0xc /home/lionel/paparazziProto1/var/MYAC/ap/subsystems/navigation/nav_survey_rectangle.o
 .bss.survey_uturn
                0x40003aa4        0x1 /home/lionel/paparazziProto1/var/MYAC/ap/subsystems/navigation/nav_survey_rectangle.o
 *fill*         0x40003aa5        0x3 00
 .bss.survey_radius.4080
                0x40003aa8        0x4 /home/lionel/paparazziProto1/var/MYAC/ap/subsystems/navigation/nav_survey_rectangle.o
 .bss.line_status
                0x40003aac        0x1 /home/lionel/paparazziProto1/var/MYAC/ap/subsystems/navigation/nav_line.o
 *fill*         0x40003aad        0x3 00
 .bss.timestamp
                0x40003ab0        0x4 /home/lionel/paparazziProto1/var/MYAC/ap/modules/openlog/openlog.o
                0x40003ab0                timestamp
 .bss.buf_ir1   0x40003ab4       0x48 /home/lionel/paparazziProto1/var/MYAC/ap/subsystems/sensors/infrared_adc.o
 .bss.buf_ir2   0x40003afc       0x48 /home/lionel/paparazziProto1/var/MYAC/ap/subsystems/sensors/infrared_adc.o
 .bss.buf_ir3   0x40003b44       0x48 /home/lionel/paparazziProto1/var/MYAC/ap/subsystems/sensors/infrared_adc.o
 .bss.dc_circle_start_angle
                0x40003b8c        0x4 /home/lionel/paparazziProto1/var/MYAC/ap/modules/digital_cam/dc.o
                0x40003b8c                dc_circle_start_angle
 .bss.dc_autoshoot
                0x40003b90        0x1 /home/lionel/paparazziProto1/var/MYAC/ap/modules/digital_cam/dc.o
                0x40003b90                dc_autoshoot
 *fill*         0x40003b91        0x3 00
 .bss.dc_gps_next_dist
                0x40003b94        0x4 /home/lionel/paparazziProto1/var/MYAC/ap/modules/digital_cam/dc.o
                0x40003b94                dc_gps_next_dist
 .bss.dc_gps_count
                0x40003b98        0x2 /home/lionel/paparazziProto1/var/MYAC/ap/modules/digital_cam/dc.o
                0x40003b98                dc_gps_count
 .bss.dc_buffer
                0x40003b9a        0x2 /home/lionel/paparazziProto1/var/MYAC/ap/modules/digital_cam/dc.o
                0x40003b9a                dc_buffer
 .bss.dc_circle_interval
                0x40003b9c        0x4 /home/lionel/paparazziProto1/var/MYAC/ap/modules/digital_cam/dc.o
                0x40003b9c                dc_circle_interval
 .bss.dc_photo_nr
                0x40003ba0        0x2 /home/lionel/paparazziProto1/var/MYAC/ap/modules/digital_cam/dc.o
                0x40003ba0                dc_photo_nr
 *fill*         0x40003ba2        0x2 00
 .bss.dc_gps_x  0x40003ba4        0x4 /home/lionel/paparazziProto1/var/MYAC/ap/modules/digital_cam/dc.o
                0x40003ba4                dc_gps_x
 .bss.dc_gps_y  0x40003ba8        0x4 /home/lionel/paparazziProto1/var/MYAC/ap/modules/digital_cam/dc.o
                0x40003ba8                dc_gps_y
 .bss.dc_probing
                0x40003bac        0x1 /home/lionel/paparazziProto1/var/MYAC/ap/modules/digital_cam/dc.o
                0x40003bac                dc_probing
 *fill*         0x40003bad        0x3 00
 .bss.dc_circle_max_blocks
                0x40003bb0        0x4 /home/lionel/paparazziProto1/var/MYAC/ap/modules/digital_cam/dc.o
                0x40003bb0                dc_circle_max_blocks
 .bss.dc_circle_last_block
                0x40003bb4        0x4 /home/lionel/paparazziProto1/var/MYAC/ap/modules/digital_cam/dc.o
                0x40003bb4                dc_circle_last_block
 *(.gnu.linkonce.b*)
 *(COMMON)
 COMMON         0x40003bb8       0xac /home/lionel/paparazziProto1/var/MYAC/ap/mcu_periph/sys_time.o
                0x40003bb8                sys_time
 COMMON         0x40003c64        0x2 /home/lionel/paparazziProto1/var/MYAC/ap/./inter_mcu.o
                0x40003c64                ap_ok
                0x40003c65                time_since_last_ap
 COMMON         0x40003c66        0x3 /home/lionel/paparazziProto1/var/MYAC/ap/firmwares/fixedwing/main_fbw.o
                0x40003c66                fbw_periodic_tid
                0x40003c67                fbw_mode
                0x40003c68                electrical_tid
 *fill*         0x40003c69        0x3 00
 COMMON         0x40003c6c        0x8 /home/lionel/paparazziProto1/var/MYAC/ap/subsystems/electrical.o
                0x40003c6c                electrical
 COMMON         0x40003c74        0x8 /home/lionel/paparazziProto1/var/MYAC/ap/./commands.o
                0x40003c74                commands
 COMMON         0x40003c7c       0x11 /home/lionel/paparazziProto1/var/MYAC/ap/firmwares/fixedwing/main_ap.o
                0x40003c7c                navigation_tid
                0x40003c7d                monitor_tid
                0x40003c7e                sensors_tid
                0x40003c7f                openlog_periodic_2Hz_openlog_status
                0x40003c80                attitude_tid
                0x40003c84                energy
                0x40003c88                telemetry_tid
                0x40003c89                power_switch
                0x40003c8a                modules_tid
                0x40003c8b                vsupply
                0x40003c8c                digital_cam_servo_servo_cam_ctrl_periodic_status
 *fill*         0x40003c8d        0x3 00
 COMMON         0x40003c90      0x268 /home/lionel/paparazziProto1/var/MYAC/ap/state.o
                0x40003c90                state
 COMMON         0x40003ef8        0x3 /home/lionel/paparazziProto1/var/MYAC/ap/./subsystems/ins.o
                0x40003ef8                ins
 *fill*         0x40003efb        0x1 00
 COMMON         0x40003efc        0x9 /home/lionel/paparazziProto1/var/MYAC/ap/./subsystems/ins/ins_alt_float.o
                0x40003efc                estimator_z_dot
                0x40003f00                estimator_z
                0x40003f04                alt_kalman_enabled
 *fill*         0x40003f05        0x3 00
 COMMON         0x40003f08      0x240 /home/lionel/paparazziProto1/var/MYAC/ap/mcu_periph/uart.o
                0x40003f08                uart0
                0x40004028                uart1
 COMMON         0x40004148       0x12 /home/lionel/paparazziProto1/var/MYAC/ap/arch/lpc21/servos_4015_MAT_hw.o
                0x40004148                servos_4015_idx
                0x4000414a                servos_values
 COMMON         0x4000415a        0x8 /home/lionel/paparazziProto1/var/MYAC/ap/actuators.o
                0x4000415a                actuators
 COMMON         0x40004162       0x14 /home/lionel/paparazziProto1/var/MYAC/ap/subsystems/radio_control.o
                0x40004162                radio_control
 COMMON         0x40004176       0x10 /home/lionel/paparazziProto1/var/MYAC/ap/subsystems/radio_control/ppm.o
                0x40004176                ppm_frame_available
                0x40004178                ppm_pulses
 *fill*         0x40004186        0x2 00
 COMMON         0x40004188        0x9 /home/lionel/paparazziProto1/var/MYAC/ap/arch/lpc21/subsystems/radio_control/ppm_arch.o
                0x40004188                ppm_data_valid
                0x4000418c                ppm_last_pulse_time
                0x40004190                ppm_cur_pulse
 *fill*         0x40004191        0x1 00
 COMMON         0x40004192        0x6 /home/lionel/paparazziProto1/var/MYAC/ap/subsystems/datalink/downlink.o
                0x40004192                downlink_nb_ovrn
                0x40004194                downlink_nb_msgs
                0x40004196                downlink_nb_bytes
 COMMON         0x40004198      0x110 /home/lionel/paparazziProto1/var/MYAC/ap/subsystems/datalink/xbee.o
                0x40004198                xbee_rssi
                0x4000419c                xbee_delay_time
                0x400041a0                xbee_cs
                0x400041a1                xbee_tp
 COMMON         0x400042a8       0x8a /home/lionel/paparazziProto1/var/MYAC/ap/firmwares/fixedwing/datalink.o
                0x400042a8                dl_msg_available
                0x400042b0                dl_buffer
                0x40004330                datalink_time
 *fill*         0x40004332        0x2 00
 COMMON         0x40004334       0x54 /home/lionel/paparazziProto1/var/MYAC/ap/firmwares/fixedwing/stabilization/stabilization_attitude.o
                0x40004334                h_ctl_auto1_rate
                0x40004338                h_ctl_course_setpoint
                0x4000433c                h_ctl_roll_max_setpoint
                0x40004340                h_ctl_course_pre_bank_correction
                0x40004344                h_ctl_elevator_setpoint
                0x40004348                h_ctl_aileron_of_throttle
                0x4000434c                h_ctl_aileron_setpoint
                0x40004350                h_ctl_pitch_setpoint
                0x40004354                h_ctl_roll_slew
                0x40004358                h_ctl_course_pgain
                0x4000435c                h_ctl_pitch_pgain
                0x40004360                h_ctl_pitch_loop_setpoint
                0x40004364                h_ctl_course_pre_bank
                0x40004368                h_ctl_pitch_dgain
                0x4000436c                h_ctl_course_dgain
                0x40004370                h_ctl_roll_attitude_gain
                0x40004374                h_ctl_roll_rate_gain
                0x40004378                h_ctl_disabled
                0x4000437c                h_ctl_roll_pgain
                0x40004380                h_ctl_roll_setpoint
                0x40004384                h_ctl_elevator_of_roll
 COMMON         0x40004388       0x6c /home/lionel/paparazziProto1/var/MYAC/ap/firmwares/fixedwing/guidance/guidance_v.o
                0x40004388                v_ctl_auto_throttle_nominal_cruise_throttle
                0x4000438c                v_ctl_altitude_error
                0x40004390                v_ctl_climb_mode
                0x40004394                v_ctl_auto_throttle_pitch_of_vz_dgain
                0x40004398                v_ctl_pitch_setpoint
                0x4000439c                v_ctl_altitude_pre_climb_correction
                0x400043a0                v_ctl_auto_throttle_sum_err
                0x400043a4                v_ctl_auto_throttle_submode
                0x400043a8                v_ctl_auto_throttle_pitch_of_vz_pgain
                0x400043ac                v_ctl_altitude_max_climb
                0x400043b0                v_ctl_altitude_setpoint
                0x400043b4                v_ctl_mode
                0x400043b8                v_ctl_auto_throttle_cruise_throttle
                0x400043bc                v_ctl_altitude_pgain
                0x400043c0                v_ctl_auto_pitch_pgain
                0x400043c4                v_ctl_auto_throttle_climb_throttle_increment
                0x400043c8                v_ctl_auto_throttle_igain
                0x400043cc                v_ctl_auto_throttle_min_cruise_throttle
                0x400043d0                v_ctl_throttle_setpoint
                0x400043d4                v_ctl_climb_setpoint
                0x400043d8                v_ctl_auto_throttle_dgain
                0x400043dc                v_ctl_auto_pitch_igain
                0x400043e0                v_ctl_altitude_pre_climb
                0x400043e4                v_ctl_auto_throttle_max_cruise_throttle
                0x400043e8                v_ctl_throttle_slewed
                0x400043ec                v_ctl_auto_throttle_pgain
                0x400043f0                v_ctl_auto_pitch_sum_err
 COMMON         0x400043f4       0xb8 /home/lionel/paparazziProto1/var/MYAC/ap/subsystems/imu.o
                0x400043f4                imu
 COMMON         0x400044ac        0x5 /home/lionel/paparazziProto1/var/MYAC/ap/subsystems/imu/imu_analog.o
                0x400044ac                imu_overrun
                0x400044b0                analog_imu_available
 COMMON         0x400044b1        0x1 /home/lionel/paparazziProto1/var/MYAC/ap/subsystems/ahrs.o
                0x400044b1                ahrs
 *fill*         0x400044b2        0x2 00
 COMMON         0x400044b4        0x4 /home/lionel/paparazziProto1/var/MYAC/ap/subsystems/ahrs/ahrs_infrared.o
                0x400044b4                heading
 COMMON         0x400044b8      0x118 /home/lionel/paparazziProto1/var/MYAC/ap/subsystems/gps/gps_ubx.o
                0x400044b8                gps_ubx
 COMMON         0x400045d0       0xf4 /home/lionel/paparazziProto1/var/MYAC/ap/subsystems/gps.o
                0x400045d0                gps
 COMMON         0x400046c4       0xa0 /home/lionel/paparazziProto1/var/MYAC/ap/subsystems/nav.o
                0x400046c4                nav_glide_pitch_trim
                0x400046c8                dist2_to_wp
                0x400046cc                nav_segment_x_1
                0x400046d0                desired_x
                0x400046d4                nav_survey_east
                0x400046d8                nav_segment_x_2
                0x400046dc                nav_circle_radius
                0x400046e0                nav_ground_speed_setpoint
                0x400046e4                nav_circle_radians
                0x400046e8                nav_throttle_setpoint
                0x400046ec                desired_y
                0x400046f0                nav_shift
                0x400046f4                carrot_x
                0x400046f8                last_y
                0x400046fc                horizontal_mode
                0x40004700                nav_circle_y
                0x40004704                too_far_from_home
                0x40004708                nav_pitch
                0x4000470c                rc_pitch
                0x40004710                nav_oval_count
                0x40004714                nav_mode
                0x40004718                dist2_to_home
                0x4000471c                nav_climb
                0x40004720                last_x
                0x40004724                nav_survey_active
                0x40004725                oval_status
                0x40004728                nav_ground_speed_pgain
                0x4000472c                nav_circle_x
                0x40004730                nav_segment_y_2
                0x40004734                nav_segment_y_1
                0x40004738                ground_alt
                0x4000473c                nav_survey_west
                0x40004740                nav_radius
                0x40004744                nav_course
                0x40004748                nav_survey_shift
                0x4000474c                carrot_y
                0x40004750                nav_survey_south
                0x40004754                nav_circle_trigo_qdr
                0x40004758                fp_pitch
                0x4000475c                flight_altitude
                0x40004760                nav_survey_north
 COMMON         0x40004764        0x8 /home/lionel/paparazziProto1/var/MYAC/ap/subsystems/navigation/common_flight_plan.o
                0x40004764                nav_block
                0x40004765                last_block
                0x40004766                nav_stage
                0x40004767                last_stage
                0x40004768                stage_time
                0x4000476a                block_time
 COMMON         0x4000476c      0x401 /home/lionel/paparazziProto1/var/MYAC/ap/subsystems/navigation/traffic_info.o
                0x4000476c                the_acs_id
                0x4000486c                the_acs
                0x40004b6c                acs_idx
 *fill*         0x40004b6d        0x3 00
 COMMON         0x40004b70       0x38 /home/lionel/paparazziProto1/var/MYAC/ap/subsystems/sensors/infrared.o
                0x40004b70                infrared
 COMMON         0x40004ba8        0x6 /home/lionel/paparazziProto1/var/MYAC/ap/subsystems/sensors/infrared_adc.o
                0x40004ba8                ir_adc
 COMMON         0x40004bae        0x1 /home/lionel/paparazziProto1/var/MYAC/ap/modules/digital_cam/servo_cam_ctrl.o
                0x40004bae                dc_timer
                0x40004bb0                . = ALIGN (0x4)
 *fill*         0x40004baf        0x1 00
                0x40004bb0                . = ALIGN (0x4)
                0x40004bb0                __bss_end__ = .
                0x40004bb0                PROVIDE (__bss_end, .)

.stack          0x40004c00     0x1000 load address 0x00027560
                0x40005c00                . = (. + STACK_SIZE)
 *fill*         0x40004c00     0x1000 00
                0x40005c00                PROVIDE (_stack, .)
                0x40005c00                _end = .
                0x40005c00                PROVIDE (end, .)

.stab
 *(.stab)

.stabstr
 *(.stabstr)

.stab.excl
 *(.stab.excl)

.stab.exclstr
 *(.stab.exclstr)

.stab.index
 *(.stab.index)

.stab.indexstr
 *(.stab.indexstr)

.comment        0x00000000       0x3c
 *(.comment)
 .comment       0x00000000       0x3c /home/lionel/paparazziProto1/var/MYAC/ap/mcu.o
                                 0x3d (size before relaxing)
 .comment       0x00000000       0x3d /home/lionel/paparazziProto1/var/MYAC/ap/arch/lpc21/mcu_arch.o
 .comment       0x00000000       0x3d /home/lionel/paparazziProto1/var/MYAC/ap/mcu_periph/sys_time.o
 .comment       0x00000000       0x3d /home/lionel/paparazziProto1/var/MYAC/ap/arch/lpc21/mcu_periph/sys_time_arch.o
 .comment       0x00000000       0x3d /home/lionel/paparazziProto1/var/MYAC/ap/./inter_mcu.o
 .comment       0x00000000       0x3d /home/lionel/paparazziProto1/var/MYAC/ap/math/pprz_geodetic_int.o
 .comment       0x00000000       0x3d /home/lionel/paparazziProto1/var/MYAC/ap/math/pprz_geodetic_float.o
 .comment       0x00000000       0x3d /home/lionel/paparazziProto1/var/MYAC/ap/math/pprz_geodetic_double.o
 .comment       0x00000000       0x3d /home/lionel/paparazziProto1/var/MYAC/ap/math/pprz_trig_int.o
 .comment       0x00000000       0x3d /home/lionel/paparazziProto1/var/MYAC/ap/math/pprz_orientation_conversion.o
 .comment       0x00000000       0x3d /home/lionel/paparazziProto1/var/MYAC/ap/mcu_periph/i2c.o
 .comment       0x00000000       0x3d /home/lionel/paparazziProto1/var/MYAC/ap/arch/lpc21/mcu_periph/i2c_arch.o
 .comment       0x00000000       0x3d /home/lionel/paparazziProto1/var/MYAC/ap/firmwares/fixedwing/main_fbw.o
 .comment       0x00000000       0x3d /home/lionel/paparazziProto1/var/MYAC/ap/subsystems/electrical.o
 .comment       0x00000000       0x3d /home/lionel/paparazziProto1/var/MYAC/ap/./commands.o
 .comment       0x00000000       0x3d /home/lionel/paparazziProto1/var/MYAC/ap/firmwares/fixedwing/fbw_downlink.o
 .comment       0x00000000       0x3d /home/lionel/paparazziProto1/var/MYAC/ap/firmwares/fixedwing/main_ap.o
 .comment       0x00000000       0x3d /home/lionel/paparazziProto1/var/MYAC/ap/firmwares/fixedwing/ap_downlink.o
 .comment       0x00000000       0x3d /home/lionel/paparazziProto1/var/MYAC/ap/state.o
 .comment       0x00000000       0x3d /home/lionel/paparazziProto1/var/MYAC/ap/./subsystems/ins.o
 .comment       0x00000000       0x3d /home/lionel/paparazziProto1/var/MYAC/ap/./subsystems/ins/ins_alt_float.o
 .comment       0x00000000       0x3d /home/lionel/paparazziProto1/var/MYAC/ap/arch/lpc21/armVIC.o
 .comment       0x00000000       0x3d /home/lionel/paparazziProto1/var/MYAC/ap/firmwares/fixedwing/main.o
 .comment       0x00000000       0x3d /home/lionel/paparazziProto1/var/MYAC/ap/mcu_periph/uart.o
 .comment       0x00000000       0x3d /home/lionel/paparazziProto1/var/MYAC/ap/arch/lpc21/mcu_periph/uart_arch.o
 .comment       0x00000000       0x3d /home/lionel/paparazziProto1/var/MYAC/ap/subsystems/settings.o
 .comment       0x00000000       0x3d /home/lionel/paparazziProto1/var/MYAC/ap/arch/lpc21/subsystems/settings_arch.o
 .comment       0x00000000       0x3d /home/lionel/paparazziProto1/var/MYAC/ap/arch/lpc21/mcu_periph/adc_arch.o
 .comment       0x00000000       0x3d /home/lionel/paparazziProto1/var/MYAC/ap/arch/lpc21/servos_4015_MAT_hw.o
 .comment       0x00000000       0x3d /home/lionel/paparazziProto1/var/MYAC/ap/actuators.o
 .comment       0x00000000       0x3d /home/lionel/paparazziProto1/var/MYAC/ap/subsystems/radio_control.o
 .comment       0x00000000       0x3d /home/lionel/paparazziProto1/var/MYAC/ap/subsystems/radio_control/ppm.o
 .comment       0x00000000       0x3d /home/lionel/paparazziProto1/var/MYAC/ap/arch/lpc21/subsystems/radio_control/ppm_arch.o
 .comment       0x00000000       0x3d /home/lionel/paparazziProto1/var/MYAC/ap/subsystems/datalink/downlink.o
 .comment       0x00000000       0x3d /home/lionel/paparazziProto1/var/MYAC/ap/subsystems/datalink/xbee.o
 .comment       0x00000000       0x3d /home/lionel/paparazziProto1/var/MYAC/ap/firmwares/fixedwing/datalink.o
 .comment       0x00000000       0x3d /home/lionel/paparazziProto1/var/MYAC/ap/firmwares/fixedwing/stabilization/stabilization_attitude.o
 .comment       0x00000000       0x3d /home/lionel/paparazziProto1/var/MYAC/ap/firmwares/fixedwing/guidance/guidance_v.o
 .comment       0x00000000       0x3d /home/lionel/paparazziProto1/var/MYAC/ap/subsystems/imu.o
 .comment       0x00000000       0x3d /home/lionel/paparazziProto1/var/MYAC/ap/subsystems/imu/imu_analog.o
 .comment       0x00000000       0x3d /home/lionel/paparazziProto1/var/MYAC/ap/subsystems/ahrs.o
 .comment       0x00000000       0x3d /home/lionel/paparazziProto1/var/MYAC/ap/subsystems/ahrs/ahrs_infrared.o
 .comment       0x00000000       0x3d /home/lionel/paparazziProto1/var/MYAC/ap/subsystems/gps/gps_ubx.o
 .comment       0x00000000       0x3d /home/lionel/paparazziProto1/var/MYAC/ap/subsystems/gps.o
 .comment       0x00000000       0x3d /home/lionel/paparazziProto1/var/MYAC/ap/subsystems/nav.o
 .comment       0x00000000       0x3d /home/lionel/paparazziProto1/var/MYAC/ap/subsystems/navigation/common_flight_plan.o
 .comment       0x00000000       0x3d /home/lionel/paparazziProto1/var/MYAC/ap/subsystems/navigation/traffic_info.o
 .comment       0x00000000       0x3d /home/lionel/paparazziProto1/var/MYAC/ap/subsystems/navigation/nav_survey_rectangle.o
 .comment       0x00000000       0x3d /home/lionel/paparazziProto1/var/MYAC/ap/subsystems/navigation/nav_line.o
 .comment       0x00000000       0x3d /home/lionel/paparazziProto1/var/MYAC/ap/modules/openlog/openlog.o
 .comment       0x00000000       0x3d /home/lionel/paparazziProto1/var/MYAC/ap/subsystems/sensors/infrared.o