   1              		.cpu arm7tdmi
   2              		.fpu softvfp
   3              		.eabi_attribute 20, 1
   4              		.eabi_attribute 21, 1
   5              		.eabi_attribute 23, 3
   6              		.eabi_attribute 24, 1
   7              		.eabi_attribute 25, 1
   8              		.eabi_attribute 26, 1
   9              		.eabi_attribute 30, 4
  10              		.eabi_attribute 18, 4
  11              		.file	"gps.c"
  12              		.section	.text.gps_init,"ax",%progbits
  13              		.align	2
  14              		.global	gps_init
  16              	gps_init:
  17              		@ Function supports interworking.
  18              		@ args = 0, pretend = 0, frame = 0
  19              		@ frame_needed = 0, uses_anonymous_args = 0
  20 0000 08402DE9 		stmfd	sp!, {r3, lr}
  21 0004 14309FE5 		ldr	r3, .L2
  22 0008 0020A0E3 		mov	r2, #0
  23 000c 5B20C3E5 		strb	r2, [r3, #91]
  24 0010 542083E5 		str	r2, [r3, #84]
  25 0014 FEFFFFEB 		bl	gps_impl_init
  26 0018 0840BDE8 		ldmfd	sp!, {r3, lr}
  27 001c 1EFF2FE1 		bx	lr
  28              	.L3:
  29              		.align	2
  30              	.L2:
  31 0020 00000000 		.word	gps
  33              		.comm	gps,244,4
  34              		.ident	"GCC: (Linaro GCC 4.6-2011.09-1) 4.6.2 20110908 (prerelease)"
DEFINED SYMBOLS
                            *ABS*:00000000 gps.c
     /tmp/ccThJdpQ.s:13     .text.gps_init:00000000 $a
     /tmp/ccThJdpQ.s:16     .text.gps_init:00000000 gps_init
     /tmp/ccThJdpQ.s:31     .text.gps_init:00000020 $d
                            *COM*:000000f4 gps

UNDEFINED SYMBOLS
gps_impl_init
