Archive member included because of file (symbol)

/opt/paparazzi/arm-multilib/lib/gcc/arm-none-eabi/4.6.2/../../../../arm-none-eabi/lib/thumb/libm.a(lib_a-s_atan.o)
                              /home/lionel/paparazziProto1/var/XColibri/ap/math/pprz_geodetic_float.o (atan)
/opt/paparazzi/arm-multilib/lib/gcc/arm-none-eabi/4.6.2/../../../../arm-none-eabi/lib/thumb/libm.a(lib_a-s_cos.o)
                              /home/lionel/paparazziProto1/var/XColibri/ap/math/pprz_geodetic_float.o (cos)
/opt/paparazzi/arm-multilib/lib/gcc/arm-none-eabi/4.6.2/../../../../arm-none-eabi/lib/thumb/libm.a(lib_a-s_fabs.o)
                              /opt/paparazzi/arm-multilib/lib/gcc/arm-none-eabi/4.6.2/../../../../arm-none-eabi/lib/thumb/libm.a(lib_a-s_atan.o) (fabs)
/opt/paparazzi/arm-multilib/lib/gcc/arm-none-eabi/4.6.2/../../../../arm-none-eabi/lib/thumb/libm.a(lib_a-s_rint.o)
                              /home/lionel/paparazziProto1/var/XColibri/ap/math/pprz_geodetic_int.o (rint)
/opt/paparazzi/arm-multilib/lib/gcc/arm-none-eabi/4.6.2/../../../../arm-none-eabi/lib/thumb/libm.a(lib_a-s_sin.o)
                              /home/lionel/paparazziProto1/var/XColibri/ap/math/pprz_geodetic_float.o (sin)
/opt/paparazzi/arm-multilib/lib/gcc/arm-none-eabi/4.6.2/../../../../arm-none-eabi/lib/thumb/libm.a(lib_a-s_tan.o)
                              /home/lionel/paparazziProto1/var/XColibri/ap/math/pprz_geodetic_float.o (tan)
/opt/paparazzi/arm-multilib/lib/gcc/arm-none-eabi/4.6.2/../../../../arm-none-eabi/lib/thumb/libm.a(lib_a-sf_atan.o)
                              /home/lionel/paparazziProto1/var/XColibri/ap/math/pprz_geodetic_float.o (atanf)
/opt/paparazzi/arm-multilib/lib/gcc/arm-none-eabi/4.6.2/../../../../arm-none-eabi/lib/thumb/libm.a(lib_a-sf_cos.o)
                              /home/lionel/paparazziProto1/var/XColibri/ap/math/pprz_geodetic_int.o (cosf)
/opt/paparazzi/arm-multilib/lib/gcc/arm-none-eabi/4.6.2/../../../../arm-none-eabi/lib/thumb/libm.a(lib_a-sf_fabs.o)
                              /opt/paparazzi/arm-multilib/lib/gcc/arm-none-eabi/4.6.2/../../../../arm-none-eabi/lib/thumb/libm.a(lib_a-sf_atan.o) (fabsf)
/opt/paparazzi/arm-multilib/lib/gcc/arm-none-eabi/4.6.2/../../../../arm-none-eabi/lib/thumb/libm.a(lib_a-sf_sin.o)
                              /home/lionel/paparazziProto1/var/XColibri/ap/math/pprz_geodetic_int.o (sinf)
/opt/paparazzi/arm-multilib/lib/gcc/arm-none-eabi/4.6.2/../../../../arm-none-eabi/lib/thumb/libm.a(lib_a-sf_tan.o)
                              /home/lionel/paparazziProto1/var/XColibri/ap/subsystems/navigation/poly_survey_adv.o (tanf)
/opt/paparazzi/arm-multilib/lib/gcc/arm-none-eabi/4.6.2/../../../../arm-none-eabi/lib/thumb/libm.a(lib_a-w_acos.o)
                              /home/lionel/paparazziProto1/var/XColibri/ap/subsystems/navigation/snav.o (acos)
/opt/paparazzi/arm-multilib/lib/gcc/arm-none-eabi/4.6.2/../../../../arm-none-eabi/lib/thumb/libm.a(lib_a-w_asin.o)
                              /home/lionel/paparazziProto1/var/XColibri/ap/math/pprz_geodetic_float.o (asin)
/opt/paparazzi/arm-multilib/lib/gcc/arm-none-eabi/4.6.2/../../../../arm-none-eabi/lib/thumb/libm.a(lib_a-w_atan2.o)
                              /home/lionel/paparazziProto1/var/XColibri/ap/math/pprz_geodetic_double.o (atan2)
/opt/paparazzi/arm-multilib/lib/gcc/arm-none-eabi/4.6.2/../../../../arm-none-eabi/lib/thumb/libm.a(lib_a-w_cosh.o)
                              /home/lionel/paparazziProto1/var/XColibri/ap/math/pprz_geodetic_float.o (cosh)
/opt/paparazzi/arm-multilib/lib/gcc/arm-none-eabi/4.6.2/../../../../arm-none-eabi/lib/thumb/libm.a(lib_a-w_exp.o)
                              /home/lionel/paparazziProto1/var/XColibri/ap/math/pprz_geodetic_float.o (exp)
/opt/paparazzi/arm-multilib/lib/gcc/arm-none-eabi/4.6.2/../../../../arm-none-eabi/lib/thumb/libm.a(lib_a-w_log.o)
                              /home/lionel/paparazziProto1/var/XColibri/ap/math/pprz_geodetic_float.o (log)
/opt/paparazzi/arm-multilib/lib/gcc/arm-none-eabi/4.6.2/../../../../arm-none-eabi/lib/thumb/libm.a(lib_a-w_pow.o)
                              /home/lionel/paparazziProto1/var/XColibri/ap/math/pprz_geodetic_float.o (pow)
/opt/paparazzi/arm-multilib/lib/gcc/arm-none-eabi/4.6.2/../../../../arm-none-eabi/lib/thumb/libm.a(lib_a-w_sinh.o)
                              /home/lionel/paparazziProto1/var/XColibri/ap/math/pprz_geodetic_float.o (sinh)
/opt/paparazzi/arm-multilib/lib/gcc/arm-none-eabi/4.6.2/../../../../arm-none-eabi/lib/thumb/libm.a(lib_a-w_sqrt.o)
                              /home/lionel/paparazziProto1/var/XColibri/ap/math/pprz_geodetic_double.o (sqrt)
/opt/paparazzi/arm-multilib/lib/gcc/arm-none-eabi/4.6.2/../../../../arm-none-eabi/lib/thumb/libm.a(lib_a-wf_asin.o)
                              /home/lionel/paparazziProto1/var/XColibri/ap/math/pprz_orientation_conversion.o (asinf)
/opt/paparazzi/arm-multilib/lib/gcc/arm-none-eabi/4.6.2/../../../../arm-none-eabi/lib/thumb/libm.a(lib_a-wf_atan2.o)
[...]
Memory Configuration

Name             Origin             Length             Attributes
ROM              0x00004000         0x00078000         xr
RAM              0x40000000         0x00007fe0         rw
*default*        0x00000000         0xffffffff

Linker script and memory map

LOAD /home/lionel/paparazziProto1/var/XColibri/ap/crt0.o
LOAD /home/lionel/paparazziProto1/var/XColibri/ap/mcu.o
LOAD /home/lionel/paparazziProto1/var/XColibri/ap/arch/lpc21/mcu_arch.o
LOAD /home/lionel/paparazziProto1/var/XColibri/ap/mcu_periph/sys_time.o
LOAD /home/lionel/paparazziProto1/var/XColibri/ap/arch/lpc21/mcu_periph/sys_time_arch.o
LOAD /home/lionel/paparazziProto1/var/XColibri/ap/./inter_mcu.o
LOAD /home/lionel/paparazziProto1/var/XColibri/ap/math/pprz_geodetic_int.o
LOAD /home/lionel/paparazziProto1/var/XColibri/ap/math/pprz_geodetic_float.o
LOAD /home/lionel/paparazziProto1/var/XColibri/ap/math/pprz_geodetic_double.o
LOAD /home/lionel/paparazziProto1/var/XColibri/ap/math/pprz_trig_int.o
LOAD /home/lionel/paparazziProto1/var/XColibri/ap/math/pprz_orientation_conversion.o
LOAD /home/lionel/paparazziProto1/var/XColibri/ap/mcu_periph/i2c.o
LOAD /home/lionel/paparazziProto1/var/XColibri/ap/arch/lpc21/mcu_periph/i2c_arch.o
LOAD /home/lionel/paparazziProto1/var/XColibri/ap/firmwares/fixedwing/main_fbw.o
LOAD /home/lionel/paparazziProto1/var/XColibri/ap/subsystems/electrical.o
LOAD /home/lionel/paparazziProto1/var/XColibri/ap/./commands.o
LOAD /home/lionel/paparazziProto1/var/XColibri/ap/firmwares/fixedwing/fbw_downlink.o
LOAD /home/lionel/paparazziProto1/var/XColibri/ap/firmwares/fixedwing/main_ap.o
LOAD /home/lionel/paparazziProto1/var/XColibri/ap/firmwares/fixedwing/ap_downlink.o
LOAD /home/lionel/paparazziProto1/var/XColibri/ap/state.o
LOAD /home/lionel/paparazziProto1/var/XColibri/ap/./subsystems/ins.o
LOAD /home/lionel/paparazziProto1/var/XColibri/ap/./subsystems/ins/ins_alt_float.o
LOAD /home/lionel/paparazziProto1/var/XColibri/ap/arch/lpc21/armVIC.o
LOAD /home/lionel/paparazziProto1/var/XColibri/ap/firmwares/fixedwing/main.o
LOAD /home/lionel/paparazziProto1/var/XColibri/ap/mcu_periph/uart.o
LOAD /home/lionel/paparazziProto1/var/XColibri/ap/arch/lpc21/mcu_periph/uart_arch.o
LOAD /home/lionel/paparazziProto1/var/XColibri/ap/subsystems/settings.o
LOAD /home/lionel/paparazziProto1/var/XColibri/ap/arch/lpc21/subsystems/settings_arch.o
LOAD /home/lionel/paparazziProto1/var/XColibri/ap/arch/lpc21/mcu_periph/adc_arch.o
LOAD /home/lionel/paparazziProto1/var/XColibri/ap/arch/lpc21/servos_4017_hw.o
LOAD /home/lionel/paparazziProto1/var/XColibri/ap/actuators.o
LOAD /home/lionel/paparazziProto1/var/XColibri/ap/subsystems/radio_control.o
LOAD /home/lionel/paparazziProto1/var/XColibri/ap/subsystems/radio_control/rc_datalink.o
LOAD /home/lionel/paparazziProto1/var/XColibri/ap/firmwares/fixedwing/stabilization/stabilization_attitude.o
LOAD /home/lionel/paparazziProto1/var/XColibri/ap/firmwares/fixedwing/guidance/guidance_v.o
LOAD /home/lionel/paparazziProto1/var/XColibri/ap/subsystems/nav.o
LOAD /home/lionel/paparazziProto1/var/XColibri/ap/subsystems/navigation/common_flight_plan.o
LOAD /home/lionel/paparazziProto1/var/XColibri/ap/subsystems/navigation/traffic_info.o
LOAD /home/lionel/paparazziProto1/var/XColibri/ap/subsystems/navigation/nav_survey_rectangle.o
LOAD /home/lionel/paparazziProto1/var/XColibri/ap/subsystems/navigation/nav_line.o
LOAD /home/lionel/paparazziProto1/var/XColibri/ap/subsystems/navigation/nav_cube.o
LOAD /home/lionel/paparazziProto1/var/XColibri/ap/subsystems/navigation/discsurvey.o
LOAD /home/lionel/paparazziProto1/var/XColibri/ap/subsystems/navigation/OSAMNav.o
LOAD /home/lionel/paparazziProto1/var/XColibri/ap/subsystems/navigation/snav.o
LOAD /home/lionel/paparazziProto1/var/XColibri/ap/subsystems/navigation/spiral.o
LOAD /home/lionel/paparazziProto1/var/XColibri/ap/subsystems/navigation/poly_survey_adv.o
LOAD /home/lionel/paparazziProto1/var/XColibri/ap/subsystems/navigation/gls.o
LOAD /home/lionel/paparazziProto1/var/XColibri/ap/subsystems/navigation/border_line.o
LOAD /home/lionel/paparazziProto1/var/XColibri/ap/subsystems/datalink/downlink.o
LOAD /home/lionel/paparazziProto1/var/XColibri/ap/subsystems/datalink/pprz_transport.o
LOAD /home/lionel/paparazziProto1/var/XColibri/ap/firmwares/fixedwing/datalink.o
LOAD /home/lionel/paparazziProto1/var/XColibri/ap/subsystems/ahrs.o
LOAD /home/lionel/paparazziProto1/var/XColibri/ap/subsystems/ahrs/ahrs_infrared.o
LOAD /home/lionel/paparazziProto1/var/XColibri/ap/subsystems/gps/gps_ubx.o
LOAD /home/lionel/paparazziProto1/var/XColibri/ap/subsystems/gps.o
LOAD /home/lionel/paparazziProto1/var/XColibri/ap/subsystems/sensors/infrared.o
LOAD /home/lionel/paparazziProto1/var/XColibri/ap/subsystems/sensors/infrared_adc.o
LOAD /opt/paparazzi/arm-multilib/lib/gcc/arm-none-eabi/4.6.2/../../../../arm-none-eabi/lib/thumb/libc.a
LOAD /opt/paparazzi/arm-multilib/lib/gcc/arm-none-eabi/4.6.2/../../../../arm-none-eabi/lib/thumb/libm.a
LOAD /opt/paparazzi/arm-multilib/lib/gcc/arm-none-eabi/4.6.2/../../../../arm-none-eabi/lib/thumb/libc.a
LOAD /opt/paparazzi/arm-multilib/lib/gcc/arm-none-eabi/4.6.2/thumb/libgcc.a
START GROUP
LOAD /opt/paparazzi/arm-multilib/lib/gcc/arm-none-eabi/4.6.2/thumb/libgcc.a
LOAD /opt/paparazzi/arm-multilib/lib/gcc/arm-none-eabi/4.6.2/../../../../arm-none-eabi/lib/thumb/libc.a
END GROUP
                0x00001000                STACK_SIZE = 0x1000

.text           0x00004000    0x1d54c
 *(.init)
 .init          0x00004000      0x13c /home/lionel/paparazziProto1/var/XColibri/ap/crt0.o
                0x00004000                _boot
                0x00004050                _mainCRTStartup
                0x00004050                _start
                0x00004050                start
                0x00004114                reset
                0x00004114                abort
                0x00004114                _reset
                0x00004114                exit
 *(.text .text.*)
 .text.mcu_init
                0x0000413c       0xa0 /home/lionel/paparazziProto1/var/XColibri/ap/mcu.o
                0x0000413c                mcu_init
 .text.mcu_arch_init
                0x000041dc       0x8c /home/lionel/paparazziProto1/var/XColibri/ap/arch/lpc21/mcu_arch.o
                0x000041dc                mcu_arch_init
 .text.sys_time_register_timer
                0x00004268       0x98 /home/lionel/paparazziProto1/var/XColibri/ap/mcu_periph/sys_time.o
                0x00004268                sys_time_register_timer
 .text.sys_time_init
                0x00004300       0x60 /home/lionel/paparazziProto1/var/XColibri/ap/mcu_periph/sys_time.o
                0x00004300                sys_time_init
 .text.TIMER0_ISR
                0x00004360      0x1c0 /home/lionel/paparazziProto1/var/XColibri/ap/arch/lpc21/mcu_periph/sys_time_arch.o
                0x00004360                TIMER0_ISR
 .text.sys_time_arch_init
                0x00004520       0x68 /home/lionel/paparazziProto1/var/XColibri/ap/arch/lpc21/mcu_periph/sys_time_arch.o
                0x00004520                sys_time_arch_init
 .text.enu_of_ecef_point_i
                0x00004588       0x94 /home/lionel/paparazziProto1/var/XColibri/ap/math/pprz_geodetic_int.o
                0x00004588                enu_of_ecef_point_i
 .text.ecef_of_lla_i
                0x0000461c       0xd8 /home/lionel/paparazziProto1/var/XColibri/ap/math/pprz_geodetic_int.o
                0x0000461c                ecef_of_lla_i
 .text.isometric_latitude_fast_f
                0x000046f4       0x40 /home/lionel/paparazziProto1/var/XColibri/ap/math/pprz_geodetic_float.o
 .text.enu_of_ecef_point_f
                0x00004734      0x120 /home/lionel/paparazziProto1/var/XColibri/ap/math/pprz_geodetic_float.o
                0x00004734                enu_of_ecef_point_f
 .text.enu_of_ecef_vect_f
                0x00004854       0xf8 /home/lionel/paparazziProto1/var/XColibri/ap/math/pprz_geodetic_float.o
                0x00004854                enu_of_ecef_vect_f
 .text.ecef_of_lla_f
                0x0000494c      0x128 /home/lionel/paparazziProto1/var/XColibri/ap/math/pprz_geodetic_float.o
                0x0000494c                ecef_of_lla_f
 .text.enu_of_lla_point_f
                0x00004a74       0x38 /home/lionel/paparazziProto1/var/XColibri/ap/math/pprz_geodetic_float.o
                0x00004a74                enu_of_lla_point_f
 .text.utm_of_lla_f
                0x00004aac      0x380 /home/lionel/paparazziProto1/var/XColibri/ap/math/pprz_geodetic_float.o
                0x00004aac                utm_of_lla_f
 .text.ecef_of_lla_d
                0x00004e2c      0x16c /home/lionel/paparazziProto1/var/XColibri/ap/math/pprz_geodetic_double.o
                0x00004e2c                ecef_of_lla_d
 .text.orientationCalcEulers_f
                0x00004f98      0x3b4 /home/lionel/paparazziProto1/var/XColibri/ap/math/pprz_orientation_conversion.o
                0x00004f98                orientationCalcEulers_f
 .text.i2c_event
                0x0000534c        0x4 /home/lionel/paparazziProto1/var/XColibri/ap/arch/lpc21/mcu_periph/i2c_arch.o
                0x0000534c                i2c_event
 .text.inter_mcu_fill_fbw_state
                0x00005350       0xc8 /home/lionel/paparazziProto1/var/XColibri/ap/firmwares/fixedwing/main_fbw.o
 .text.init_fbw
                0x00005418      0x108 /home/lionel/paparazziProto1/var/XColibri/ap/firmwares/fixedwing/main_fbw.o
                0x00005418                init_fbw
 .text.event_task_fbw
                0x00005520      0x73c /home/lionel/paparazziProto1/var/XColibri/ap/firmwares/fixedwing/main_fbw.o
                0x00005520                event_task_fbw
 .text.periodic_task_fbw
                0x00005c5c      0xd3c /home/lionel/paparazziProto1/var/XColibri/ap/firmwares/fixedwing/main_fbw.o
                0x00005c5c                periodic_task_fbw
 .text.handle_periodic_tasks_fbw
                0x00006998       0x70 /home/lionel/paparazziProto1/var/XColibri/ap/firmwares/fixedwing/main_fbw.o
                0x00006998                handle_periodic_tasks_fbw
 .text.electrical_init
                0x00006a08       0x34 /home/lionel/paparazziProto1/var/XColibri/ap/subsystems/electrical.o
                0x00006a08                electrical_init
 .text.electrical_periodic
                0x00006a3c       0x50 /home/lionel/paparazziProto1/var/XColibri/ap/subsystems/electrical.o
                0x00006a3c                electrical_periodic
 .text.stateGetPositionEnu_f
                0x00006a8c       0x28 /home/lionel/paparazziProto1/var/XColibri/ap/firmwares/fixedwing/main_ap.o
 .text.stateGetPositionUtm_f
                0x00006ab4       0x28 /home/lionel/paparazziProto1/var/XColibri/ap/firmwares/fixedwing/main_ap.o
 .text.stateGetSpeedEnu_f
                0x00006adc       0x28 /home/lionel/paparazziProto1/var/XColibri/ap/firmwares/fixedwing/main_ap.o
 .text.init_ap  0x00006b04       0xe0 /home/lionel/paparazziProto1/var/XColibri/ap/firmwares/fixedwing/main_ap.o
                0x00006b04                init_ap
 .text.reporting_task
                0x00006be4     0xa374 /home/lionel/paparazziProto1/var/XColibri/ap/firmwares/fixedwing/main_ap.o
                0x00006be4                reporting_task
 .text.navigation_task
                0x00010f58      0x514 /home/lionel/paparazziProto1/var/XColibri/ap/firmwares/fixedwing/main_ap.o
                0x00010f58                navigation_task
 .text.attitude_loop
                0x0001146c      0x180 /home/lionel/paparazziProto1/var/XColibri/ap/firmwares/fixedwing/main_ap.o
                0x0001146c                attitude_loop
 .text.monitor_task
                0x000115ec      0x248 /home/lionel/paparazziProto1/var/XColibri/ap/firmwares/fixedwing/main_ap.o
                0x000115ec                monitor_task
 .text.handle_periodic_tasks_ap
                0x00011834      0x15c /home/lionel/paparazziProto1/var/XColibri/ap/firmwares/fixedwing/main_ap.o
                0x00011834                handle_periodic_tasks_ap
 .text.event_task_ap
                0x00011990      0x6e4 /home/lionel/paparazziProto1/var/XColibri/ap/firmwares/fixedwing/main_ap.o
                0x00011990                event_task_ap
 .text.stateInit
                0x00012074       0x38 /home/lionel/paparazziProto1/var/XColibri/ap/state.o
                0x00012074                stateInit
 .text.stateCalcPositionUtm_f
                0x000120ac       0xb4 /home/lionel/paparazziProto1/var/XColibri/ap/state.o
                0x000120ac                stateCalcPositionUtm_f
 .text.stateCalcPositionEnu_f
                0x00012160      0x27c /home/lionel/paparazziProto1/var/XColibri/ap/state.o
                0x00012160                stateCalcPositionEnu_f
 .text.stateCalcSpeedEnu_f
                0x000123dc      0x1a4 /home/lionel/paparazziProto1/var/XColibri/ap/state.o
                0x000123dc                stateCalcSpeedEnu_f
 .text.stateCalcHorizontalSpeedNorm_f
                0x00012580      0x160 /home/lionel/paparazziProto1/var/XColibri/ap/state.o
                0x00012580                stateCalcHorizontalSpeedNorm_f
 .text.stateCalcHorizontalSpeedDir_f
                0x000126e0      0x12c /home/lionel/paparazziProto1/var/XColibri/ap/state.o
                0x000126e0                stateCalcHorizontalSpeedDir_f
 .text.stateCalcBodyRates_f
                0x0001280c       0x70 /home/lionel/paparazziProto1/var/XColibri/ap/state.o
                0x0001280c                stateCalcBodyRates_f
 .text.stateCalcHorizontalWindspeed_f
                0x0001287c       0x48 /home/lionel/paparazziProto1/var/XColibri/ap/state.o
                0x0001287c                stateCalcHorizontalWindspeed_f
 .text.ins_periodic
                0x000128c4        0x4 /home/lionel/paparazziProto1/var/XColibri/ap/./subsystems/ins/ins_alt_float.o
                0x000128c4                ins_periodic
 .text.alt_kalman_reset
                0x000128c8       0x24 /home/lionel/paparazziProto1/var/XColibri/ap/./subsystems/ins/ins_alt_float.o
                0x000128c8                alt_kalman_reset
 .text.alt_kalman_init
                0x000128ec       0x14 /home/lionel/paparazziProto1/var/XColibri/ap/./subsystems/ins/ins_alt_float.o
                0x000128ec                alt_kalman_init
 .text.alt_kalman
                0x00012900      0x1fc /home/lionel/paparazziProto1/var/XColibri/ap/./subsystems/ins/ins_alt_float.o
                0x00012900                alt_kalman
 .text.ins_update_gps
                0x00012afc      0x128 /home/lionel/paparazziProto1/var/XColibri/ap/./subsystems/ins/ins_alt_float.o
                0x00012afc                ins_update_gps
 .text.ins_init
                0x00012c24       0xd4 /home/lionel/paparazziProto1/var/XColibri/ap/./subsystems/ins/ins_alt_float.o
                0x00012c24                ins_init
 .text.disableIRQ
                0x00012cf8       0x10 /home/lionel/paparazziProto1/var/XColibri/ap/arch/lpc21/armVIC.o
                0x00012cf8                disableIRQ
 .text.restoreIRQ
                0x00012d08       0x1c /home/lionel/paparazziProto1/var/XColibri/ap/arch/lpc21/armVIC.o
                0x00012d08                restoreIRQ
 .text.enableIRQ
                0x00012d24       0x10 /home/lionel/paparazziProto1/var/XColibri/ap/arch/lpc21/armVIC.o
                0x00012d24                enableIRQ
 .text.startup.main
                0x00012d34       0x20 /home/lionel/paparazziProto1/var/XColibri/ap/firmwares/fixedwing/main.o
                0x00012d34                main
 .text.uart_periph_init
                0x00012d54       0x24 /home/lionel/paparazziProto1/var/XColibri/ap/mcu_periph/uart.o
                0x00012d54                uart_periph_init
 .text.uart_check_free_space
                0x00012d78       0x50 /home/lionel/paparazziProto1/var/XColibri/ap/mcu_periph/uart.o
                0x00012d78                uart_check_free_space
 .text.uart_disable_interrupts
                0x00012dc8       0x20 /home/lionel/paparazziProto1/var/XColibri/ap/arch/lpc21/mcu_periph/uart_arch.o
 .text.uart_set_baudrate
                0x00012de8       0x44 /home/lionel/paparazziProto1/var/XColibri/ap/arch/lpc21/mcu_periph/uart_arch.o
 .text.uart_ISR
                0x00012e2c       0xfc /home/lionel/paparazziProto1/var/XColibri/ap/arch/lpc21/mcu_periph/uart_arch.o
 .text.uart0_ISR
                0x00012f28       0x34 /home/lionel/paparazziProto1/var/XColibri/ap/arch/lpc21/mcu_periph/uart_arch.o
                0x00012f28                uart0_ISR
 .text.uart1_ISR
                0x00012f5c       0x34 /home/lionel/paparazziProto1/var/XColibri/ap/arch/lpc21/mcu_periph/uart_arch.o
                0x00012f5c                uart1_ISR
 .text.uart_transmit
                0x00012f90       0x90 /home/lionel/paparazziProto1/var/XColibri/ap/arch/lpc21/mcu_periph/uart_arch.o
                0x00012f90                uart_transmit
 .text.uart0_init
                0x00013020       0x88 /home/lionel/paparazziProto1/var/XColibri/ap/arch/lpc21/mcu_periph/uart_arch.o
                0x00013020                uart0_init
 .text.uart1_init
                0x000130a8       0x88 /home/lionel/paparazziProto1/var/XColibri/ap/arch/lpc21/mcu_periph/uart_arch.o
                0x000130a8                uart1_init
 .text.settings_init
                0x00013130        0x4 /home/lionel/paparazziProto1/var/XColibri/ap/subsystems/settings.o
                0x00013130                settings_init
 .text.adcISR0  0x00013134       0xa0 /home/lionel/paparazziProto1/var/XColibri/ap/arch/lpc21/mcu_periph/adc_arch.o
                0x00013134                adcISR0
 .text.adcISR1  0x000131d4       0xa4 /home/lionel/paparazziProto1/var/XColibri/ap/arch/lpc21/mcu_periph/adc_arch.o
                0x000131d4                adcISR1
 .text.adc_buf_channel
                0x00013278       0x14 /home/lionel/paparazziProto1/var/XColibri/ap/arch/lpc21/mcu_periph/adc_arch.o
                0x00013278                adc_buf_channel
 .text.adc_init
                0x0001328c       0xa0 /home/lionel/paparazziProto1/var/XColibri/ap/arch/lpc21/mcu_periph/adc_arch.o
                0x0001328c                adc_init
 .text.actuators_init
                0x0001332c       0xb4 /home/lionel/paparazziProto1/var/XColibri/ap/arch/lpc21/servos_4017_hw.o
                0x0001332c                actuators_init
 .text.radio_control_impl_init
                0x000133e0       0x14 /home/lionel/paparazziProto1/var/XColibri/ap/subsystems/radio_control/rc_datalink.o
                0x000133e0                radio_control_impl_init
 .text.parse_rc_3ch_datalink
                0x000133f4       0x40 /home/lionel/paparazziProto1/var/XColibri/ap/subsystems/radio_control/rc_datalink.o
                0x000133f4                parse_rc_3ch_datalink
 .text.parse_rc_4ch_datalink
                0x00013434       0x34 /home/lionel/paparazziProto1/var/XColibri/ap/subsystems/radio_control/rc_datalink.o
                0x00013434                parse_rc_4ch_datalink
 .text.h_ctl_init
                0x00013468      0x13c /home/lionel/paparazziProto1/var/XColibri/ap/firmwares/fixedwing/stabilization/stabilization_attitude.o
                0x00013468                h_ctl_init
 .text.h_ctl_course_loop
                0x000135a4      0x480 /home/lionel/paparazziProto1/var/XColibri/ap/firmwares/fixedwing/stabilization/stabilization_attitude.o
                0x000135a4                h_ctl_course_loop
 .text.h_ctl_attitude_loop
                0x00013a24      0x3c0 /home/lionel/paparazziProto1/var/XColibri/ap/firmwares/fixedwing/stabilization/stabilization_attitude.o
                0x00013a24                h_ctl_attitude_loop
 .text.v_ctl_init
                0x00013de4      0x148 /home/lionel/paparazziProto1/var/XColibri/ap/firmwares/fixedwing/guidance/guidance_v.o
                0x00013de4                v_ctl_init
 .text.v_ctl_altitude_loop
                0x00013f2c      0x128 /home/lionel/paparazziProto1/var/XColibri/ap/firmwares/fixedwing/guidance/guidance_v.o
                0x00013f2c                v_ctl_altitude_loop
 .text.v_ctl_climb_loop
                0x00014054      0x3a4 /home/lionel/paparazziProto1/var/XColibri/ap/firmwares/fixedwing/guidance/guidance_v.o
                0x00014054                v_ctl_climb_loop
 .text.v_ctl_throttle_slew
                0x000143f8       0x8c /home/lionel/paparazziProto1/var/XColibri/ap/firmwares/fixedwing/guidance/guidance_v.o
                0x000143f8                v_ctl_throttle_slew
 .text.nav_set_altitude
                0x00014484       0x5c /home/lionel/paparazziProto1/var/XColibri/ap/subsystems/nav.o
 .text.stateGetPositionEnu_f
                0x000144e0       0x28 /home/lionel/paparazziProto1/var/XColibri/ap/subsystems/nav.o
 .text.stateGetPositionUtm_f
                0x00014508       0x28 /home/lionel/paparazziProto1/var/XColibri/ap/subsystems/nav.o
 .text.stateGetHorizontalSpeedNorm_f
                0x00014530       0x28 /home/lionel/paparazziProto1/var/XColibri/ap/subsystems/nav.o
 .text.nav_init_stage
                0x00014558       0x84 /home/lionel/paparazziProto1/var/XColibri/ap/subsystems/nav.o
                0x00014558                nav_init_stage
 .text.nav_approaching_xy
                0x000145dc      0x104 /home/lionel/paparazziProto1/var/XColibri/ap/subsystems/nav.o
                0x000145dc                nav_approaching_xy
 .text.fly_to_xy
                0x000146e0      0x2e0 /home/lionel/paparazziProto1/var/XColibri/ap/subsystems/nav.o
                0x000146e0                fly_to_xy
 .text.nav_circle_XY
                0x000149c0      0x498 /home/lionel/paparazziProto1/var/XColibri/ap/subsystems/nav.o
                0x000149c0                nav_circle_XY
 .text.nav_route_xy
                0x00014e58      0x224 /home/lionel/paparazziProto1/var/XColibri/ap/subsystems/nav.o
                0x00014e58                nav_route_xy
 .text.compute_dist2_to_home
                0x0001507c       0x94 /home/lionel/paparazziProto1/var/XColibri/ap/subsystems/nav.o
                0x0001507c                compute_dist2_to_home
 .text.nav_reset_reference
                0x00015110      0x194 /home/lionel/paparazziProto1/var/XColibri/ap/subsystems/nav.o
                0x00015110                nav_reset_reference
 .text.nav_update_waypoints_alt
                0x000152a4       0x58 /home/lionel/paparazziProto1/var/XColibri/ap/subsystems/nav.o
                0x000152a4                nav_update_waypoints_alt
 .text.common_nav_periodic_task_4Hz
                0x000152fc       0x58 /home/lionel/paparazziProto1/var/XColibri/ap/subsystems/nav.o
                0x000152fc                common_nav_periodic_task_4Hz
 .text.nav_move_waypoint
                0x00015354      0x11c /home/lionel/paparazziProto1/var/XColibri/ap/subsystems/nav.o
                0x00015354                nav_move_waypoint
 .text.nav_home
                0x00015470       0x88 /home/lionel/paparazziProto1/var/XColibri/ap/subsystems/nav.o
                0x00015470                nav_home
 .text.nav_init
                0x000154f8       0x74 /home/lionel/paparazziProto1/var/XColibri/ap/subsystems/nav.o
                0x000154f8                nav_init
 .text.nav_without_gps
                0x0001556c       0x50 /home/lionel/paparazziProto1/var/XColibri/ap/subsystems/nav.o
                0x0001556c                nav_without_gps
 .text.nav_eight
                0x000155bc      0x7d4 /home/lionel/paparazziProto1/var/XColibri/ap/subsystems/nav.o
                0x000155bc                nav_eight
 .text.nav_oval_init
                0x00015d90       0x24 /home/lionel/paparazziProto1/var/XColibri/ap/subsystems/nav.o
                0x00015d90                nav_oval_init
 .text.nav_oval
                0x00015db4      0x6f4 /home/lionel/paparazziProto1/var/XColibri/ap/subsystems/nav.o
                0x00015db4                nav_oval
 .text.nav_periodic_task
                0x000164a8      0xf10 /home/lionel/paparazziProto1/var/XColibri/ap/subsystems/nav.o
                0x000164a8                nav_periodic_task
 .text.nav_init_block
                0x000173b8       0x44 /home/lionel/paparazziProto1/var/XColibri/ap/subsystems/navigation/common_flight_plan.o
                0x000173b8                nav_init_block
 .text.nav_goto_block
                0x000173fc       0x40 /home/lionel/paparazziProto1/var/XColibri/ap/subsystems/navigation/common_flight_plan.o
                0x000173fc                nav_goto_block
 .text.traffic_info_init
                0x0001743c       0x38 /home/lionel/paparazziProto1/var/XColibri/ap/subsystems/navigation/traffic_info.o
                0x0001743c                traffic_info_init
 .text.stateGetPositionEnu_f
                0x00017474       0x28 /home/lionel/paparazziProto1/var/XColibri/ap/subsystems/navigation/nav_survey_rectangle.o
 .text.stateGetHorizontalSpeedDir_f
                0x0001749c       0x2c /home/lionel/paparazziProto1/var/XColibri/ap/subsystems/navigation/nav_survey_rectangle.o
 .text.nav_survey_rectangle_init
                0x000174c8      0x4c4 /home/lionel/paparazziProto1/var/XColibri/ap/subsystems/navigation/nav_survey_rectangle.o
                0x000174c8                nav_survey_rectangle_init
 .text.nav_survey_rectangle
                0x0001798c      0x9bc /home/lionel/paparazziProto1/var/XColibri/ap/subsystems/navigation/nav_survey_rectangle.o
                0x0001798c                nav_survey_rectangle
 .text.nav_line_init
                0x00018348       0x14 /home/lionel/paparazziProto1/var/XColibri/ap/subsystems/navigation/nav_line.o
                0x00018348                nav_line_init
 .text.nav_line
                0x0001835c      0xf00 /home/lionel/paparazziProto1/var/XColibri/ap/subsystems/navigation/nav_line.o
                0x0001835c                nav_line
 .text.dl_parse_msg
                0x0001925c     0x1090 /home/lionel/paparazziProto1/var/XColibri/ap/firmwares/fixedwing/datalink.o
                0x0001925c                dl_parse_msg
 .text.ahrs_init
                0x0001a2ec       0x24 /home/lionel/paparazziProto1/var/XColibri/ap/subsystems/ahrs/ahrs_infrared.o
                0x0001a2ec                ahrs_init
 .text.ahrs_update_gps
                0x0001a310      0x104 /home/lionel/paparazziProto1/var/XColibri/ap/subsystems/ahrs/ahrs_infrared.o
                0x0001a310                ahrs_update_gps
 .text.ahrs_update_infrared
                0x0001a414      0x1ac /home/lionel/paparazziProto1/var/XColibri/ap/subsystems/ahrs/ahrs_infrared.o
                0x0001a414                ahrs_update_infrared
 .text.gps_impl_init
                0x0001a5c0       0x24 /home/lionel/paparazziProto1/var/XColibri/ap/subsystems/gps/gps_ubx.o
                0x0001a5c0                gps_impl_init
 .text.gps_ubx_read_message
                0x0001a5e4      0x534 /home/lionel/paparazziProto1/var/XColibri/ap/subsystems/gps/gps_ubx.o
                0x0001a5e4                gps_ubx_read_message
 .text.gps_ubx_parse
                0x0001ab18      0x1a4 /home/lionel/paparazziProto1/var/XColibri/ap/subsystems/gps/gps_ubx.o
                0x0001ab18                gps_ubx_parse
 .text.gps_init
                0x0001acbc       0x34 /home/lionel/paparazziProto1/var/XColibri/ap/subsystems/gps.o
                0x0001acbc                gps_init
 .text.infrared_struct_init
                0x0001acf0       0x48 /home/lionel/paparazziProto1/var/XColibri/ap/subsystems/sensors/infrared.o
                0x0001acf0                infrared_struct_init
 .text.infrared_adc_init
                0x0001ad38       0x4c /home/lionel/paparazziProto1/var/XColibri/ap/subsystems/sensors/infrared_adc.o
                0x0001ad38                infrared_adc_init
 .text.infrared_adc_update
                0x0001ad84       0xf0 /home/lionel/paparazziProto1/var/XColibri/ap/subsystems/sensors/infrared_adc.o
                0x0001ad84                infrared_adc_update
 *fill*         0x0001ae74        0x4 00
 .text          0x0001ae78      0x348 /opt/paparazzi/arm-multilib/lib/gcc/arm-none-eabi/4.6.2/../../../../arm-none-eabi/lib/thumb/libm.a(lib_a-s_atan.o)
                0x0001ae78                atan
 .text          0x0001b1c0       0x88 /opt/paparazzi/arm-multilib/lib/gcc/arm-none-eabi/4.6.2/../../../../arm-none-eabi/lib/thumb/libm.a(lib_a-s_cos.o)
                0x0001b1c0                cos
 .text          0x0001b248        0x6 /opt/paparazzi/arm-multilib/lib/gcc/arm-none-eabi/4.6.2/../../../../arm-none-eabi/lib/thumb/libm.a(lib_a-s_fabs.o)
                0x0001b248                fabs
 *fill*         0x0001b24e        0x2 00
 .text          0x0001b250       0x88 /opt/paparazzi/arm-multilib/lib/gcc/arm-none-eabi/4.6.2/../../../../arm-none-eabi/lib/thumb/libm.a(lib_a-s_sin.o)
                0x0001b250                sin
 .text          0x0001b2d8       0x60 /opt/paparazzi/arm-multilib/lib/gcc/arm-none-eabi/4.6.2/../../../../arm-none-eabi/lib/thumb/libm.a(lib_a-s_tan.o)
                0x0001b2d8                tan
 .text          0x0001b338      0x244 /opt/paparazzi/arm-multilib/lib/gcc/arm-none-eabi/4.6.2/../../../../arm-none-eabi/lib/thumb/libm.a(lib_a-sf_atan.o)
                0x0001b338                atanf
 .text          0x0001b57c       0x68 /opt/paparazzi/arm-multilib/lib/gcc/arm-none-eabi/4.6.2/../../../../arm-none-eabi/lib/thumb/libm.a(lib_a-sf_cos.o)
                0x0001b57c                cosf
 .text          0x0001b5e4        0x6 /opt/paparazzi/arm-multilib/lib/gcc/arm-none-eabi/4.6.2/../../../../arm-none-eabi/lib/thumb/libm.a(lib_a-sf_fabs.o)
                0x0001b5e4                fabsf
 *fill*         0x0001b5ea        0x2 00
 .text          0x0001b5ec       0x68 /opt/paparazzi/arm-multilib/lib/gcc/arm-none-eabi/4.6.2/../../../../arm-none-eabi/lib/thumb/libm.a(lib_a-sf_sin.o)
                0x0001b5ec                sinf
 *fill*         0x0001b654        0x4 00
 .text          0x0001b658       0xb0 /opt/paparazzi/arm-multilib/lib/gcc/arm-none-eabi/4.6.2/../../../../arm-none-eabi/lib/thumb/libm.a(lib_a-w_asin.o)
                0x0001b658                asin
 .text          0x0001b708        0xc /opt/paparazzi/arm-multilib/lib/gcc/arm-none-eabi/4.6.2/../../../../arm-none-eabi/lib/thumb/libm.a(lib_a-w_atan2.o)
                0x0001b708                atan2
 *fill*         0x0001b714        0x4 00
 .text          0x0001b718       0xc0 /opt/paparazzi/arm-multilib/lib/gcc/arm-none-eabi/4.6.2/../../../../arm-none-eabi/lib/thumb/libm.a(lib_a-w_cosh.o)
                0x0001b718                cosh
 .text          0x0001b7d8      0x100 /opt/paparazzi/arm-multilib/lib/gcc/arm-none-eabi/4.6.2/../../../../arm-none-eabi/lib/thumb/libm.a(lib_a-w_exp.o)
                0x0001b7d8                exp
 .text          0x0001b8d8       0xf8 /opt/paparazzi/arm-multilib/lib/gcc/arm-none-eabi/4.6.2/../../../../arm-none-eabi/lib/thumb/libm.a(lib_a-w_log.o)
                0x0001b8d8                log
 .text          0x0001b9d0       0xe8 /opt/paparazzi/arm-multilib/lib/gcc/arm-none-eabi/4.6.2/../../../../arm-none-eabi/lib/thumb/libm.a(lib_a-w_sinh.o)
                0x0001b9d0                sinh
 .text          0x0001bab8       0xb8 /opt/paparazzi/arm-multilib/lib/gcc/arm-none-eabi/4.6.2/../../../../arm-none-eabi/lib/thumb/libm.a(lib_a-w_sqrt.o)
                0x0001bab8                sqrt
 .text          0x0001bb70       0xa0 /opt/paparazzi/arm-multilib/lib/gcc/arm-none-eabi/4.6.2/../../../../arm-none-eabi/lib/thumb/libm.a(lib_a-wf_asin.o)
                0x0001bb70                asinf
 .text          0x0001bc10        0xc /opt/paparazzi/arm-multilib/lib/gcc/arm-none-eabi/4.6.2/../../../../arm-none-eabi/lib/thumb/libm.a(lib_a-wf_atan2.o)
                0x0001bc10                atan2f
 *fill*         0x0001bc1c        0x4 00
 .text          0x0001bc20       0xb0 /opt/paparazzi/arm-multilib/lib/gcc/arm-none-eabi/4.6.2/../../../../arm-none-eabi/lib/thumb/libm.a(lib_a-wf_sqrt.o)
                0x0001bc20                sqrtf
 .text          0x0001bcd0      0x428 /opt/paparazzi/arm-multilib/lib/gcc/arm-none-eabi/4.6.2/../../../../arm-none-eabi/lib/thumb/libm.a(lib_a-e_asin.o)
                0x0001bcd0                __ieee754_asin
 .text          0x0001c0f8      0x1e0 /opt/paparazzi/arm-multilib/lib/gcc/arm-none-eabi/4.6.2/../../../../arm-none-eabi/lib/thumb/libm.a(lib_a-e_atan2.o)
                0x0001c0f8                __ieee754_atan2
 .text          0x0001c2d8      0x140 /opt/paparazzi/arm-multilib/lib/gcc/arm-none-eabi/4.6.2/../../../../arm-none-eabi/lib/thumb/libm.a(lib_a-e_cosh.o)
                0x0001c2d8                __ieee754_cosh
 .text          0x0001c418      0x2e8 /opt/paparazzi/arm-multilib/lib/gcc/arm-none-eabi/4.6.2/../../../../arm-none-eabi/lib/thumb/libm.a(lib_a-e_exp.o)
                0x0001c418                __ieee754_exp
 .text          0x0001c700      0x410 /opt/paparazzi/arm-multilib/lib/gcc/arm-none-eabi/4.6.2/../../../../arm-none-eabi/lib/thumb/libm.a(lib_a-e_log.o)
                0x0001c700                __ieee754_log
 .text          0x0001cb10      0x3d0 /opt/paparazzi/arm-multilib/lib/gcc/arm-none-eabi/4.6.2/../../../../arm-none-eabi/lib/thumb/libm.a(lib_a-e_rem_pio2.o)
                0x0001cb10                __ieee754_rem_pio2
 .text          0x0001cee0      0x188 /opt/paparazzi/arm-multilib/lib/gcc/arm-none-eabi/4.6.2/../../../../arm-none-eabi/lib/thumb/libm.a(lib_a-e_sinh.o)
                0x0001cee0                __ieee754_sinh
 .text          0x0001d068      0x188 /opt/paparazzi/arm-multilib/lib/gcc/arm-none-eabi/4.6.2/../../../../arm-none-eabi/lib/thumb/libm.a(lib_a-e_sqrt.o)
                0x0001d068                __ieee754_sqrt
 .text          0x0001d1f0      0x2bc /opt/paparazzi/arm-multilib/lib/gcc/arm-none-eabi/4.6.2/../../../../arm-none-eabi/lib/thumb/libm.a(lib_a-ef_asin.o)
                0x0001d1f0                __ieee754_asinf
 .text          0x0001d4ac      0x12c /opt/paparazzi/arm-multilib/lib/gcc/arm-none-eabi/4.6.2/../../../../arm-none-eabi/lib/thumb/libm.a(lib_a-ef_atan2.o)
                0x0001d4ac                __ieee754_atan2f
 .text          0x0001d5d8      0x2bc /opt/paparazzi/arm-multilib/lib/gcc/arm-none-eabi/4.6.2/../../../../arm-none-eabi/lib/thumb/libm.a(lib_a-ef_rem_pio2.o)
                0x0001d5d8                __ieee754_rem_pio2f
 .text          0x0001d894       0xb0 /opt/paparazzi/arm-multilib/lib/gcc/arm-none-eabi/4.6.2/../../../../arm-none-eabi/lib/thumb/libm.a(lib_a-ef_sqrt.o)
                0x0001d894                __ieee754_sqrtf
 *fill*         0x0001d944        0x4 00
 .text          0x0001d948      0x1d8 /opt/paparazzi/arm-multilib/lib/gcc/arm-none-eabi/4.6.2/../../../../arm-none-eabi/lib/thumb/libm.a(lib_a-k_cos.o)
                0x0001d948                __kernel_cos
 .text          0x0001db20      0x738 /opt/paparazzi/arm-multilib/lib/gcc/arm-none-eabi/4.6.2/../../../../arm-none-eabi/lib/thumb/libm.a(lib_a-k_rem_pio2.o)
                0x0001db20                __kernel_rem_pio2
 .text          0x0001e258      0x178 /opt/paparazzi/arm-multilib/lib/gcc/arm-none-eabi/4.6.2/../../../../arm-none-eabi/lib/thumb/libm.a(lib_a-k_sin.o)
                0x0001e258                __kernel_sin
 .text          0x0001e3d0      0x3c8 /opt/paparazzi/arm-multilib/lib/gcc/arm-none-eabi/4.6.2/../../../../arm-none-eabi/lib/thumb/libm.a(lib_a-k_tan.o)
                0x0001e3d0                __kernel_tan
 .text          0x0001e798      0x13c /opt/paparazzi/arm-multilib/lib/gcc/arm-none-eabi/4.6.2/../../../../arm-none-eabi/lib/thumb/libm.a(lib_a-kf_cos.o)
                0x0001e798                __kernel_cosf
 .text          0x0001e8d4      0x5c4 /opt/paparazzi/arm-multilib/lib/gcc/arm-none-eabi/4.6.2/../../../../arm-none-eabi/lib/thumb/libm.a(lib_a-kf_rem_pio2.o)
                0x0001e8d4                __kernel_rem_pio2f
 .text          0x0001ee98       0xf8 /opt/paparazzi/arm-multilib/lib/gcc/arm-none-eabi/4.6.2/../../../../arm-none-eabi/lib/thumb/libm.a(lib_a-kf_sin.o)
                0x0001ee98                __kernel_sinf
 .text          0x0001ef90      0x470 /opt/paparazzi/arm-multilib/lib/gcc/arm-none-eabi/4.6.2/../../../../arm-none-eabi/lib/thumb/libm.a(lib_a-s_expm1.o)
                0x0001ef90                expm1
 .text          0x0001f400       0x10 /opt/paparazzi/arm-multilib/lib/gcc/arm-none-eabi/4.6.2/../../../../arm-none-eabi/lib/thumb/libm.a(lib_a-s_finite.o)
                0x0001f400                finite
 .text          0x0001f410      0x128 /opt/paparazzi/arm-multilib/lib/gcc/arm-none-eabi/4.6.2/../../../../arm-none-eabi/lib/thumb/libm.a(lib_a-s_floor.o)
                0x0001f410                floor
 .text          0x0001f538       0x90 /opt/paparazzi/arm-multilib/lib/gcc/arm-none-eabi/4.6.2/../../../../arm-none-eabi/lib/thumb/libm.a(lib_a-s_fpclassify.o)
                0x0001f538                __fpclassifyd
 .text          0x0001f5c8        0x4 /opt/paparazzi/arm-multilib/lib/gcc/arm-none-eabi/4.6.2/../../../../arm-none-eabi/lib/thumb/libm.a(lib_a-s_matherr.o)
                0x0001f5c8                matherr
 *fill*         0x0001f5cc        0x4 00
 .text          0x0001f5d0       0x10 /opt/paparazzi/arm-multilib/lib/gcc/arm-none-eabi/4.6.2/../../../../arm-none-eabi/lib/thumb/libm.a(lib_a-s_nan.o)
                0x0001f5d0                nan
 .text          0x0001f5e0       0xf8 /opt/paparazzi/arm-multilib/lib/gcc/arm-none-eabi/4.6.2/../../../../arm-none-eabi/lib/thumb/libm.a(lib_a-s_scalbn.o)
                0x0001f5e0                scalbn
 .text          0x0001f6d8       0x84 /opt/paparazzi/arm-multilib/lib/gcc/arm-none-eabi/4.6.2/../../../../arm-none-eabi/lib/thumb/libm.a(lib_a-sf_floor.o)
                0x0001f6d8                floorf
 .text          0x0001f75c       0x88 /opt/paparazzi/arm-multilib/lib/gcc/arm-none-eabi/4.6.2/../../../../arm-none-eabi/lib/thumb/libm.a(lib_a-sf_fpclassify.o)
                0x0001f75c                __fpclassifyf
 .text          0x0001f7e4       0xb4 /opt/paparazzi/arm-multilib/lib/gcc/arm-none-eabi/4.6.2/../../../../arm-none-eabi/lib/thumb/libm.a(lib_a-sf_scalbn.o)
                0x0001f7e4                scalbnf
 .text          0x0001f898       0x14 /opt/paparazzi/arm-multilib/lib/gcc/arm-none-eabi/4.6.2/../../../../arm-none-eabi/lib/thumb/libm.a(lib_a-s_copysign.o)
                0x0001f898                copysign
 .text          0x0001f8ac        0xc /opt/paparazzi/arm-multilib/lib/gcc/arm-none-eabi/4.6.2/../../../../arm-none-eabi/lib/thumb/libm.a(lib_a-sf_copysign.o)
                0x0001f8ac                copysignf
 .text          0x0001f8b8        0xc /opt/paparazzi/arm-multilib/lib/gcc/arm-none-eabi/4.6.2/../../../../arm-none-eabi/lib/thumb/libc.a(lib_a-errno.o)
                0x0001f8b8                __errno
 .text          0x0001f8c4       0x14 /opt/paparazzi/arm-multilib/lib/gcc/arm-none-eabi/4.6.2/thumb/libgcc.a(_thumb1_case_uqi.o)
                0x0001f8c4                __gnu_thumb1_case_uqi
 .text          0x0001f8d8       0x94 /opt/paparazzi/arm-multilib/lib/gcc/arm-none-eabi/4.6.2/thumb/libgcc.a(_udivsi3.o)
                0x0001f8d8                __udivsi3
                0x0001f8d8                __aeabi_uidiv
                0x0001f958                __aeabi_uidivmod
 .text          0x0001f96c       0xb0 /opt/paparazzi/arm-multilib/lib/gcc/arm-none-eabi/4.6.2/thumb/libgcc.a(_divsi3.o)
                0x0001f96c                __aeabi_idiv
                0x0001f96c                __divsi3
                0x0001fa08                __aeabi_idivmod
 .text          0x0001fa1c        0x4 /opt/paparazzi/arm-multilib/lib/gcc/arm-none-eabi/4.6.2/thumb/libgcc.a(_dvmd_tls.o)
                0x0001fa1c                __aeabi_ldiv0
                0x0001fa1c                __aeabi_idiv0
 .text          0x0001fa20      0x41c /opt/paparazzi/arm-multilib/lib/gcc/arm-none-eabi/4.6.2/thumb/libgcc.a(_arm_addsubdf3.o)
                0x0001fa20                __aeabi_drsub
                0x0001fa28                __aeabi_dsub
                0x0001fa28                __subdf3
                0x0001fa2c                __adddf3
                0x0001fa2c                __aeabi_dadd
                0x0001fd3c                __aeabi_ui2d
                0x0001fd3c                __floatunsidf
                0x0001fd60                __floatsidf
                0x0001fd60                __aeabi_i2d
                0x0001fd88                __extendsfdf2
                0x0001fd88                __aeabi_f2d
                0x0001fdc8                __aeabi_ul2d
                0x0001fdc8                __floatundidf
                0x0001fddc                __floatdidf
                0x0001fddc                __aeabi_l2d
 .text          0x0001fe3c      0x49c /opt/paparazzi/arm-multilib/lib/gcc/arm-none-eabi/4.6.2/thumb/libgcc.a(_arm_muldivdf3.o)
                0x0001fe3c                __aeabi_dmul
                0x0001fe3c                __muldf3
                0x000200cc                __aeabi_ddiv
                0x000200cc                __divdf3
 .text          0x000202d8      0x144 /opt/paparazzi/arm-multilib/lib/gcc/arm-none-eabi/4.6.2/thumb/libgcc.a(_arm_cmpdf2.o)
                0x000202d8                __gtdf2
                0x000202d8                __gedf2
                0x000202e0                __ltdf2
                0x000202e0                __ledf2
                0x000202e8                __cmpdf2
                0x000202e8                __eqdf2
                0x000202e8                __nedf2
                0x00020370                __aeabi_cdrcmple
                0x0002038c                __aeabi_cdcmple
                0x0002038c                __aeabi_cdcmpeq
                0x000203a4                __aeabi_dcmpeq
                0x000203bc                __aeabi_dcmplt
                0x000203d4                __aeabi_dcmple
                0x000203ec                __aeabi_dcmpge
                0x00020404                __aeabi_dcmpgt
 .text          0x0002041c       0x5c /opt/paparazzi/arm-multilib/lib/gcc/arm-none-eabi/4.6.2/thumb/libgcc.a(_arm_fixdfsi.o)
                0x0002041c                __fixdfsi
                0x0002041c                __aeabi_d2iz
 .text          0x00020478       0x54 /opt/paparazzi/arm-multilib/lib/gcc/arm-none-eabi/4.6.2/thumb/libgcc.a(_arm_fixunsdfsi.o)
                0x00020478                __fixunsdfsi
                0x00020478                __aeabi_d2uiz
 .text          0x000204cc       0xa0 /opt/paparazzi/arm-multilib/lib/gcc/arm-none-eabi/4.6.2/thumb/libgcc.a(_arm_truncdfsf2.o)
                0x000204cc                __aeabi_d2f
                0x000204cc                __truncdfsf2
 .text          0x0002056c      0x2ac /opt/paparazzi/arm-multilib/lib/gcc/arm-none-eabi/4.6.2/thumb/libgcc.a(_arm_addsubsf3.o)
                0x0002056c                __aeabi_frsub
                0x00020574                __subsf3
                0x00020574                __aeabi_fsub
                0x00020578                __aeabi_fadd
                0x00020578                __addsf3
                0x00020734                __aeabi_ui2f
                0x00020734                __floatunsisf
                0x0002073c                __aeabi_i2f
                0x0002073c                __floatsisf
                0x0002075c                __floatundisf
                0x0002075c                __aeabi_ul2f
                0x0002076c                __floatdisf
                0x0002076c                __aeabi_l2f
 .text          0x00020818      0x2f8 /opt/paparazzi/arm-multilib/lib/gcc/arm-none-eabi/4.6.2/thumb/libgcc.a(_arm_muldivsf3.o)
                0x00020818                __mulsf3
                0x00020818                __aeabi_fmul
                0x000209b0                __divsf3
                0x000209b0                __aeabi_fdiv
 .text          0x00020b10      0x114 /opt/paparazzi/arm-multilib/lib/gcc/arm-none-eabi/4.6.2/thumb/libgcc.a(_arm_cmpsf2.o)
                0x00020b10                __gtsf2
                0x00020b10                __gesf2
                0x00020b18                __lesf2
                0x00020b18                __ltsf2
                0x00020b20                __nesf2
                0x00020b20                __eqsf2
                0x00020b20                __cmpsf2
                0x00020b84                __aeabi_cfrcmple
                0x00020b94                __aeabi_cfcmple
                0x00020b94                __aeabi_cfcmpeq
                0x00020bac                __aeabi_fcmpeq
                0x00020bc4                __aeabi_fcmplt
                0x00020bdc                __aeabi_fcmple
                0x00020bf4                __aeabi_fcmpge
                0x00020c0c                __aeabi_fcmpgt
 .text          0x00020c24       0x5c /opt/paparazzi/arm-multilib/lib/gcc/arm-none-eabi/4.6.2/thumb/libgcc.a(_arm_fixsfsi.o)
                0x00020c24                __fixsfsi
                0x00020c24                __aeabi_f2iz
 .text          0x00020c80       0x54 /opt/paparazzi/arm-multilib/lib/gcc/arm-none-eabi/4.6.2/thumb/libgcc.a(_arm_fixunssfsi.o)
                0x00020c80                __aeabi_f2uiz
                0x00020c80                __fixunssfsi
 *fill*         0x00020cd4        0x4 00
 .text.stub     0x00020cd8      0x194 linker stubs
 *(.gnu.linkonce.t.*)
 *(.glue_7)
 .glue_7        0x00000000        0x0 linker stubs
 *(.glue_7t)
 .glue_7t       0x00000000        0x0 linker stubs
 *(.gcc_except_table)
 *(.rodata)
 *fill*         0x00020eb8        0x0 00
 .rodata        0x00020eb8       0x40 /opt/paparazzi/arm-multilib/lib/gcc/arm-none-eabi/4.6.2/../../../../arm-none-eabi/lib/thumb/libm.a(lib_a-s_atan.o)
 .rodata        0x00020ef8       0x20 /opt/paparazzi/arm-multilib/lib/gcc/arm-none-eabi/4.6.2/../../../../arm-none-eabi/lib/thumb/libm.a(lib_a-sf_atan.o)
 .rodata        0x00020f18       0x30 /opt/paparazzi/arm-multilib/lib/gcc/arm-none-eabi/4.6.2/../../../../arm-none-eabi/lib/thumb/libm.a(lib_a-e_exp.o)
 .rodata        0x00020f48      0x188 /opt/paparazzi/arm-multilib/lib/gcc/arm-none-eabi/4.6.2/../../../../arm-none-eabi/lib/thumb/libm.a(lib_a-e_rem_pio2.o)
 .rodata        0x000210d0      0x398 /opt/paparazzi/arm-multilib/lib/gcc/arm-none-eabi/4.6.2/../../../../arm-none-eabi/lib/thumb/libm.a(lib_a-ef_rem_pio2.o)
 .rodata        0x00021468       0x50 /opt/paparazzi/arm-multilib/lib/gcc/arm-none-eabi/4.6.2/../../../../arm-none-eabi/lib/thumb/libm.a(lib_a-k_rem_pio2.o)
 .rodata        0x000214b8       0x38 /opt/paparazzi/arm-multilib/lib/gcc/arm-none-eabi/4.6.2/../../../../arm-none-eabi/lib/thumb/libm.a(lib_a-kf_rem_pio2.o)
 *(.rodata*)
 .rodata.serie_coeff_proj_mercator
                0x000214f0       0x14 /home/lionel/paparazziProto1/var/XColibri/ap/math/pprz_geodetic_float.o
 .rodata.commands_failsafe
                0x00021504        0xa /home/lionel/paparazziProto1/var/XColibri/ap/./commands.o
                0x00021504                commands_failsafe
 .rodata.version
                0x0002150e        0x2 /home/lionel/paparazziProto1/var/XColibri/ap/firmwares/fixedwing/main_ap.o
 .rodata.str1.1
                0x00021510       0x11 /home/lionel/paparazziProto1/var/XColibri/ap/firmwares/fixedwing/main_ap.o
 .rodata.nb_waypoint
                0x00021521        0x1 /home/lionel/paparazziProto1/var/XColibri/ap/subsystems/nav.o
                0x00021521                nb_waypoint
 .rodata.str1.1
                0x00021522        0x5 /opt/paparazzi/arm-multilib/lib/gcc/arm-none-eabi/4.6.2/../../../../arm-none-eabi/lib/thumb/libm.a(lib_a-w_asin.o)
                                  0x6 (size before relaxing)
 .rodata.str1.1
                0x00021527        0x5 /opt/paparazzi/arm-multilib/lib/gcc/arm-none-eabi/4.6.2/../../../../arm-none-eabi/lib/thumb/libm.a(lib_a-w_cosh.o)
 .rodata.str1.1
                0x0002152c        0x4 /opt/paparazzi/arm-multilib/lib/gcc/arm-none-eabi/4.6.2/../../../../arm-none-eabi/lib/thumb/libm.a(lib_a-w_exp.o)
 .rodata.str1.1
                0x00021530        0x4 /opt/paparazzi/arm-multilib/lib/gcc/arm-none-eabi/4.6.2/../../../../arm-none-eabi/lib/thumb/libm.a(lib_a-w_log.o)
                                  0x5 (size before relaxing)
 .rodata.str1.1
                0x00021534        0x5 /opt/paparazzi/arm-multilib/lib/gcc/arm-none-eabi/4.6.2/../../../../arm-none-eabi/lib/thumb/libm.a(lib_a-w_sinh.o)
 .rodata.str1.1
                0x00021539        0x5 /opt/paparazzi/arm-multilib/lib/gcc/arm-none-eabi/4.6.2/../../../../arm-none-eabi/lib/thumb/libm.a(lib_a-w_sqrt.o)
 .rodata.str1.1
                0x0002153e        0x6 /opt/paparazzi/arm-multilib/lib/gcc/arm-none-eabi/4.6.2/../../../../arm-none-eabi/lib/thumb/libm.a(lib_a-wf_asin.o)
                                  0x7 (size before relaxing)
 .rodata.str1.1
                0x00021544        0x6 /opt/paparazzi/arm-multilib/lib/gcc/arm-none-eabi/4.6.2/../../../../arm-none-eabi/lib/thumb/libm.a(lib_a-wf_sqrt.o)
 .rodata.str1.1
                0x0002154a        0x2 /opt/paparazzi/arm-multilib/lib/gcc/arm-none-eabi/4.6.2/../../../../arm-none-eabi/lib/thumb/libc.a(lib_a-impure.o)
 *(.gnu.linkonce.r.*)

.vfp11_veneer   0x0002154c        0x0
 .vfp11_veneer  0x00000000        0x0 linker stubs

.v4_bx          0x0002154c        0x0
 .v4_bx         0x00000000        0x0 linker stubs
                0x0002154c                . = ALIGN (0x4)

.ARM.exidx      0x0002154c        0x0
                0x0002154c                __exidx_start = .
 *(.ARM.exidx* .gnu.linkonce.armexidx.*)
                0x0002154c                __exidx_end = .
                0x0002154c                . = ALIGN (0x4)

.ctors          0x0002154c        0x0
                0x0002154c                PROVIDE (__ctors_start__, .)
 *(SORT(.ctors.*))
 *(.ctors)
                0x0002154c                PROVIDE (__ctors_end__, .)

.dtors          0x0002154c        0x0
                0x0002154c                PROVIDE (__dtors_start__, .)
 *(SORT(.dtors.*))
 *(.dtors)
                0x0002154c                PROVIDE (__dtors_end__, .)
                0x0002154c                . = ALIGN (0x4)
                0x0002154c                _etext = .
                0x0002154c                PROVIDE (etext, .)

.data           0x40000000      0x510 load address 0x0002154c
                0x40000000                _data = .
 *(.data)
 .data          0x40000000        0x1 /opt/paparazzi/arm-multilib/lib/gcc/arm-none-eabi/4.6.2/../../../../arm-none-eabi/lib/thumb/libm.a(lib_a-s_lib_ver.o)
                0x40000000                __fdlib_version
 *fill*         0x40000001        0x7 00
 .data          0x40000008      0x430 /opt/paparazzi/arm-multilib/lib/gcc/arm-none-eabi/4.6.2/../../../../arm-none-eabi/lib/thumb/libc.a(lib_a-impure.o)
                0x40000008                _impure_ptr
 *(.data.*)
 .data.fbw_state
                0x40000438        0x4 /home/lionel/paparazziProto1/var/XColibri/ap/./inter_mcu.o
                0x40000438                fbw_state
 .data.ap_state
                0x4000043c        0x4 /home/lionel/paparazziProto1/var/XColibri/ap/./inter_mcu.o
                0x4000043c                ap_state
 .data.pprz_mode
                0x40000440        0x1 /home/lionel/paparazziProto1/var/XColibri/ap/firmwares/fixedwing/main_ap.o
                0x40000440                pprz_mode
 .data.boot.4319
                0x40000441        0x1 /home/lionel/paparazziProto1/var/XColibri/ap/firmwares/fixedwing/main_ap.o
 .data.adc0_val
                0x40000442       0x10 /home/lionel/paparazziProto1/var/XColibri/ap/arch/lpc21/mcu_periph/adc_arch.o
                0x40000442                adc0_val
 .data.adc1_val
                0x40000452       0x10 /home/lionel/paparazziProto1/var/XColibri/ap/arch/lpc21/mcu_periph/adc_arch.o
                0x40000452                adc1_val
 *fill*         0x40000462        0x2 00
 .data.v_ctl_auto_throttle_dash_trim
                0x40000464        0x4 /home/lionel/paparazziProto1/var/XColibri/ap/firmwares/fixedwing/stabilization/stabilization_attitude.o
                0x40000464                v_ctl_auto_throttle_dash_trim
 .data.v_ctl_auto_throttle_loiter_trim
                0x40000468        0x4 /home/lionel/paparazziProto1/var/XColibri/ap/firmwares/fixedwing/stabilization/stabilization_attitude.o
                0x40000468                v_ctl_auto_throttle_loiter_trim
 .data.max_dist_from_home
                0x4000046c        0x4 /home/lionel/paparazziProto1/var/XColibri/ap/subsystems/nav.o
                0x4000046c                max_dist_from_home
 .data.nav_utm_zone0
                0x40000470        0x1 /home/lionel/paparazziProto1/var/XColibri/ap/subsystems/nav.o
                0x40000470                nav_utm_zone0
 *fill*         0x40000471        0x3 00
 .data.nav_utm_north0
                0x40000474        0x4 /home/lionel/paparazziProto1/var/XColibri/ap/subsystems/nav.o
                0x40000474                nav_utm_north0
 .data.nav_altitude
                0x40000478        0x4 /home/lionel/paparazziProto1/var/XColibri/ap/subsystems/nav.o
                0x40000478                nav_altitude
 .data.waypoints
                0x4000047c       0x90 /home/lionel/paparazziProto1/var/XColibri/ap/subsystems/nav.o
                0x4000047c                waypoints
 .data.nav_utm_east0
                0x4000050c        0x4 /home/lionel/paparazziProto1/var/XColibri/ap/subsystems/nav.o
                0x4000050c                nav_utm_east0
 *(.gnu.linkonce.d*)
                0x40000510                . = ALIGN (0x4)
 *(.fastrun)
                0x40000510                . = ALIGN (0x4)
                0x40000510                _edata = .
                0x40000510                PROVIDE (edata, .)

.bss            0x40000510     0x118c load address 0x00021a60
                0x40000510                __bss_start = .
                0x40000510                __bss_start__ = .
 *(.bss)
 *(.bss.*)
 .bss.inter_mcu_received_ap
                0x40000510        0x1 /home/lionel/paparazziProto1/var/XColibri/ap/./inter_mcu.o
                0x40000510                inter_mcu_received_ap
 *fill*         0x40000511        0x1 00
 .bss._ap_state
                0x40000512        0xe /home/lionel/paparazziProto1/var/XColibri/ap/./inter_mcu.o
 .bss.inter_mcu_received_fbw
                0x40000520        0x1 /home/lionel/paparazziProto1/var/XColibri/ap/./inter_mcu.o
                0x40000520                inter_mcu_received_fbw
 *fill*         0x40000521        0x3 00
 .bss._fbw_state
                0x40000524       0x14 /home/lionel/paparazziProto1/var/XColibri/ap/./inter_mcu.o
 .bss.i300.2997
                0x40000538        0x2 /home/lionel/paparazziProto1/var/XColibri/ap/firmwares/fixedwing/main_fbw.o
 .bss.i120.2970
                0x4000053a        0x1 /home/lionel/paparazziProto1/var/XColibri/ap/firmwares/fixedwing/main_fbw.o
 .bss.i60.2996  0x4000053b        0x1 /home/lionel/paparazziProto1/var/XColibri/ap/firmwares/fixedwing/main_fbw.o
 .bss.i30.2995  0x4000053c        0x1 /home/lionel/paparazziProto1/var/XColibri/ap/firmwares/fixedwing/main_fbw.o
 .bss.fbw_new_actuators
                0x4000053d        0x1 /home/lionel/paparazziProto1/var/XColibri/ap/firmwares/fixedwing/main_fbw.o
                0x4000053d                fbw_new_actuators
 .bss.i300.2971
                0x4000053e        0x2 /home/lionel/paparazziProto1/var/XColibri/ap/firmwares/fixedwing/main_fbw.o
 .bss._1Hz.2784
                0x40000540        0x1 /home/lionel/paparazziProto1/var/XColibri/ap/firmwares/fixedwing/main_fbw.o
 *fill*         0x40000541        0x3 00
 .bss.electrical_priv
                0x40000544       0x48 /home/lionel/paparazziProto1/var/XColibri/ap/subsystems/electrical.o
 .bss.command_roll_trim
                0x4000058c        0x2 /home/lionel/paparazziProto1/var/XColibri/ap/./commands.o
                0x4000058c                command_roll_trim
 .bss.command_pitch_trim
                0x4000058e        0x2 /home/lionel/paparazziProto1/var/XColibri/ap/./commands.o
                0x4000058e                command_pitch_trim
 .bss.telemetry_mode_Fbw
                0x40000590        0x1 /home/lionel/paparazziProto1/var/XColibri/ap/firmwares/fixedwing/fbw_downlink.o
                0x40000590                telemetry_mode_Fbw
 .bss.mcu1_ppm_cpt
                0x40000591        0x1 /home/lionel/paparazziProto1/var/XColibri/ap/firmwares/fixedwing/main_ap.o
 .bss.i330.4955
                0x40000592        0x2 /home/lionel/paparazziProto1/var/XColibri/ap/firmwares/fixedwing/main_ap.o
 .bss.i90.4329  0x40000594        0x1 /home/lionel/paparazziProto1/var/XColibri/ap/firmwares/fixedwing/main_ap.o
 *fill*         0x40000595        0x1 00
 .bss.i300.4656
                0x40000596        0x2 /home/lionel/paparazziProto1/var/XColibri/ap/firmwares/fixedwing/main_ap.o
 .bss.i306.4657
                0x40000598        0x2 /home/lionel/paparazziProto1/var/XColibri/ap/firmwares/fixedwing/main_ap.o
 .bss.i.4399    0x4000059a        0x1 /home/lionel/paparazziProto1/var/XColibri/ap/firmwares/fixedwing/main_ap.o
 .bss.i63.4645  0x4000059b        0x1 /home/lionel/paparazziProto1/var/XColibri/ap/firmwares/fixedwing/main_ap.o
 .bss.i540.4659
                0x4000059c        0x2 /home/lionel/paparazziProto1/var/XColibri/ap/firmwares/fixedwing/main_ap.o
 .bss.i180.4651
                0x4000059e        0x1 /home/lionel/paparazziProto1/var/XColibri/ap/firmwares/fixedwing/main_ap.o
 *fill*         0x4000059f        0x1 00
 .bss.i342.4956
                0x400005a0        0x2 /home/lionel/paparazziProto1/var/XColibri/ap/firmwares/fixedwing/main_ap.o
 .bss.last.4627
                0x400005a2        0x2 /home/lionel/paparazziProto1/var/XColibri/ap/firmwares/fixedwing/main_ap.o
 .bss.i84.4648  0x400005a4        0x1 /home/lionel/paparazziProto1/var/XColibri/ap/firmwares/fixedwing/main_ap.o
 .bss.launch    0x400005a5        0x1 /home/lionel/paparazziProto1/var/XColibri/ap/firmwares/fixedwing/main_ap.o
                0x400005a5                launch
 .bss.i78.4647  0x400005a6        0x1 /home/lionel/paparazziProto1/var/XColibri/ap/firmwares/fixedwing/main_ap.o
 *fill*         0x400005a7        0x1 00
 .bss.i612.4959
                0x400005a8        0x2 /home/lionel/paparazziProto1/var/XColibri/ap/firmwares/fixedwing/main_ap.o
 .bss.i30.5112  0x400005aa        0x1 /home/lionel/paparazziProto1/var/XColibri/ap/firmwares/fixedwing/main_ap.o
 *fill*         0x400005ab        0x1 00
 .bss.last.4922
                0x400005ac        0x2 /home/lionel/paparazziProto1/var/XColibri/ap/firmwares/fixedwing/main_ap.o
 .bss.i72.4328  0x400005ae        0x1 /home/lionel/paparazziProto1/var/XColibri/ap/firmwares/fixedwing/main_ap.o
 .bss.i30.4324  0x400005af        0x1 /home/lionel/paparazziProto1/var/XColibri/ap/firmwares/fixedwing/main_ap.o
 .bss.i6.5111   0x400005b0        0x1 /home/lionel/paparazziProto1/var/XColibri/ap/firmwares/fixedwing/main_ap.o
 *fill*         0x400005b1        0x1 00
 .bss.i300.4333
                0x400005b2        0x2 /home/lionel/paparazziProto1/var/XColibri/ap/firmwares/fixedwing/main_ap.o
 .bss.i.4336    0x400005b4        0x1 /home/lionel/paparazziProto1/var/XColibri/ap/firmwares/fixedwing/main_ap.o
 .bss.lateral_mode
                0x400005b5        0x1 /home/lionel/paparazziProto1/var/XColibri/ap/firmwares/fixedwing/main_ap.o
                0x400005b5                lateral_mode
 .bss.mcu1_status
                0x400005b6        0x1 /home/lionel/paparazziProto1/var/XColibri/ap/firmwares/fixedwing/main_ap.o
 *fill*         0x400005b7        0x1 00
 .bss.i318.4953
                0x400005b8        0x2 /home/lionel/paparazziProto1/var/XColibri/ap/firmwares/fixedwing/main_ap.o
 .bss.t.5187    0x400005ba        0x1 /home/lionel/paparazziProto1/var/XColibri/ap/firmwares/fixedwing/main_ap.o
 .bss.i126.4331
                0x400005bb        0x1 /home/lionel/paparazziProto1/var/XColibri/ap/firmwares/fixedwing/main_ap.o
 .bss.i606.4958
                0x400005bc        0x2 /home/lionel/paparazziProto1/var/XColibri/ap/firmwares/fixedwing/main_ap.o
 .bss.i.4661    0x400005be        0x1 /home/lionel/paparazziProto1/var/XColibri/ap/firmwares/fixedwing/main_ap.o
 *fill*         0x400005bf        0x1 00
 .bss.last.5046
                0x400005c0        0x2 /home/lionel/paparazziProto1/var/XColibri/ap/firmwares/fixedwing/main_ap.o
 .bss.i66.4327  0x400005c2        0x1 /home/lionel/paparazziProto1/var/XColibri/ap/firmwares/fixedwing/main_ap.o
 .bss.i243.4655
                0x400005c3        0x1 /home/lionel/paparazziProto1/var/XColibri/ap/firmwares/fixedwing/main_ap.o
 .bss.i126.4650
                0x400005c4        0x1 /home/lionel/paparazziProto1/var/XColibri/ap/firmwares/fixedwing/main_ap.o
 .bss.i.4532    0x400005c5        0x1 /home/lionel/paparazziProto1/var/XColibri/ap/firmwares/fixedwing/main_ap.o
 .bss.i324.4954
                0x400005c6        0x2 /home/lionel/paparazziProto1/var/XColibri/ap/firmwares/fixedwing/main_ap.o
 .bss.i120.4330
                0x400005c8        0x1 /home/lionel/paparazziProto1/var/XColibri/ap/firmwares/fixedwing/main_ap.o
 .bss.i66.4646  0x400005c9        0x1 /home/lionel/paparazziProto1/var/XColibri/ap/firmwares/fixedwing/main_ap.o
 .bss.i240.4654
                0x400005ca        0x1 /home/lionel/paparazziProto1/var/XColibri/ap/firmwares/fixedwing/main_ap.o
 .bss.i60.4325  0x400005cb        0x1 /home/lionel/paparazziProto1/var/XColibri/ap/firmwares/fixedwing/main_ap.o
 .bss.kill_throttle
                0x400005cc        0x1 /home/lionel/paparazziProto1/var/XColibri/ap/firmwares/fixedwing/main_ap.o
                0x400005cc                kill_throttle
 .bss.i.4966    0x400005cd        0x1 /home/lionel/paparazziProto1/var/XColibri/ap/firmwares/fixedwing/main_ap.o
 .bss.i420.4957
                0x400005ce        0x2 /home/lionel/paparazziProto1/var/XColibri/ap/firmwares/fixedwing/main_ap.o
 .bss.i150.4332
                0x400005d0        0x1 /home/lionel/paparazziProto1/var/XColibri/ap/firmwares/fixedwing/main_ap.o
 .bss.i15.4323  0x400005d1        0x1 /home/lionel/paparazziProto1/var/XColibri/ap/firmwares/fixedwing/main_ap.o
 .bss.i306.4952
                0x400005d2        0x2 /home/lionel/paparazziProto1/var/XColibri/ap/firmwares/fixedwing/main_ap.o
 .bss.i183.4652
                0x400005d4        0x1 /home/lionel/paparazziProto1/var/XColibri/ap/firmwares/fixedwing/main_ap.o
 .bss.i.4745    0x400005d5        0x1 /home/lionel/paparazziProto1/var/XColibri/ap/firmwares/fixedwing/main_ap.o
 .bss.i126.5113
                0x400005d6        0x1 /home/lionel/paparazziProto1/var/XColibri/ap/firmwares/fixedwing/main_ap.o
 .bss.i1.4106   0x400005d7        0x1 /home/lionel/paparazziProto1/var/XColibri/ap/firmwares/fixedwing/main_ap.o
 .bss.current   0x400005d8        0x4 /home/lionel/paparazziProto1/var/XColibri/ap/firmwares/fixedwing/main_ap.o
 .bss.i312.4658
                0x400005dc        0x2 /home/lionel/paparazziProto1/var/XColibri/ap/firmwares/fixedwing/main_ap.o
 .bss.i606.4660
                0x400005de        0x2 /home/lionel/paparazziProto1/var/XColibri/ap/firmwares/fixedwing/main_ap.o
 .bss.i300.4951
                0x400005e0        0x2 /home/lionel/paparazziProto1/var/XColibri/ap/firmwares/fixedwing/main_ap.o
 .bss.autopilot_flight_time
                0x400005e2        0x2 /home/lionel/paparazziProto1/var/XColibri/ap/firmwares/fixedwing/main_ap.o
                0x400005e2                autopilot_flight_time
 .bss.i192.4653
                0x400005e4        0x1 /home/lionel/paparazziProto1/var/XColibri/ap/firmwares/fixedwing/main_ap.o
 *fill*         0x400005e5        0x1 00
 .bss.i306.4334
                0x400005e6        0x2 /home/lionel/paparazziProto1/var/XColibri/ap/firmwares/fixedwing/main_ap.o
 .bss.i.4727    0x400005e8        0x1 /home/lionel/paparazziProto1/var/XColibri/ap/firmwares/fixedwing/main_ap.o
 .bss.i63.4326  0x400005e9        0x1 /home/lionel/paparazziProto1/var/XColibri/ap/firmwares/fixedwing/main_ap.o
 .bss.i540.4335
                0x400005ea        0x2 /home/lionel/paparazziProto1/var/XColibri/ap/firmwares/fixedwing/main_ap.o
 .bss.i.5114    0x400005ec        0x1 /home/lionel/paparazziProto1/var/XColibri/ap/firmwares/fixedwing/main_ap.o
 .bss.i90.4649  0x400005ed        0x1 /home/lionel/paparazziProto1/var/XColibri/ap/firmwares/fixedwing/main_ap.o
 .bss.telemetry_mode_Ap
                0x400005ee        0x1 /home/lionel/paparazziProto1/var/XColibri/ap/firmwares/fixedwing/ap_downlink.o
                0x400005ee                telemetry_mode_Ap
 *fill*         0x400005ef        0x1 00
 .bss.p         0x400005f0       0x10 /home/lionel/paparazziProto1/var/XColibri/ap/./subsystems/ins/ins_alt_float.o
 .bss.buffers   0x40000600       0x40 /home/lionel/paparazziProto1/var/XColibri/ap/arch/lpc21/mcu_periph/adc_arch.o
 .bss.last_err.3865
                0x40000640        0x4 /home/lionel/paparazziProto1/var/XColibri/ap/firmwares/fixedwing/stabilization/stabilization_attitude.o
 .bss.last_err.3823
                0x40000644        0x4 /home/lionel/paparazziProto1/var/XColibri/ap/firmwares/fixedwing/stabilization/stabilization_attitude.o
 .bss.nav_ratio
                0x40000648        0x4 /home/lionel/paparazziProto1/var/XColibri/ap/firmwares/fixedwing/stabilization/stabilization_attitude.o
 .bss.last_elevator_trim.3856
                0x4000064c        0x4 /home/lionel/paparazziProto1/var/XColibri/ap/firmwares/fixedwing/stabilization/stabilization_attitude.o
 .bss.last_err.3805
                0x40000650        0x4 /home/lionel/paparazziProto1/var/XColibri/ap/firmwares/fixedwing/guidance/guidance_v.o
 .bss.previous_ground_alt
                0x40000654        0x4 /home/lionel/paparazziProto1/var/XColibri/ap/subsystems/nav.o
 .bss.prescaler.4357
                0x40000658        0x2 /home/lionel/paparazziProto1/var/XColibri/ap/subsystems/nav.o
 *fill*         0x4000065a        0x2 00
 .bss.baseleg_out_qdr
                0x4000065c        0x4 /home/lionel/paparazziProto1/var/XColibri/ap/subsystems/nav.o
 .bss.nav_in_segment
                0x40000660        0x1 /home/lionel/paparazziProto1/var/XColibri/ap/subsystems/nav.o
                0x40000660                nav_in_segment
 *fill*         0x40000661        0x3 00
 .bss.nav_leg_length
                0x40000664        0x4 /home/lionel/paparazziProto1/var/XColibri/ap/subsystems/nav.o
 .bss.last_wp   0x40000668        0x1 /home/lionel/paparazziProto1/var/XColibri/ap/subsystems/nav.o
 .bss.nav_in_circle
                0x40000669        0x1 /home/lionel/paparazziProto1/var/XColibri/ap/subsystems/nav.o
                0x40000669                nav_in_circle
 *fill*         0x4000066a        0x2 00
 .bss.last_nav_altitude.4369
                0x4000066c        0x4 /home/lionel/paparazziProto1/var/XColibri/ap/subsystems/nav.o
 .bss.eight_status
                0x40000670        0x1 /home/lionel/paparazziProto1/var/XColibri/ap/subsystems/nav.o
 *fill*         0x40000671        0x3 00
 .bss.circle_bank
                0x40000674        0x4 /home/lionel/paparazziProto1/var/XColibri/ap/subsystems/nav.o
                0x40000674                circle_bank
 .bss.nav_leg_progress
                0x40000678        0x4 /home/lionel/paparazziProto1/var/XColibri/ap/subsystems/nav.o
 .bss.survey_radius.3447
                0x4000067c        0x4 /home/lionel/paparazziProto1/var/XColibri/ap/subsystems/navigation/nav_survey_rectangle.o
 .bss.survey_from
                0x40000680        0xc /home/lionel/paparazziProto1/var/XColibri/ap/subsystems/navigation/nav_survey_rectangle.o
 .bss.survey_orientation
                0x4000068c        0x1 /home/lionel/paparazziProto1/var/XColibri/ap/subsystems/navigation/nav_survey_rectangle.o
 *fill*         0x4000068d        0x3 00
 .bss.survey_to
                0x40000690        0xc /home/lionel/paparazziProto1/var/XColibri/ap/subsystems/navigation/nav_survey_rectangle.o
 .bss.survey_uturn
                0x4000069c        0x1 /home/lionel/paparazziProto1/var/XColibri/ap/subsystems/navigation/nav_survey_rectangle.o
 .bss.line_status
                0x4000069d        0x1 /home/lionel/paparazziProto1/var/XColibri/ap/subsystems/navigation/nav_line.o
 *fill*         0x4000069e        0x2 00
 .bss.buf_ir1   0x400006a0       0x48 /home/lionel/paparazziProto1/var/XColibri/ap/subsystems/sensors/infrared_adc.o
 .bss.buf_ir2   0x400006e8       0x48 /home/lionel/paparazziProto1/var/XColibri/ap/subsystems/sensors/infrared_adc.o
 .bss.buf_ir3   0x40000730       0x48 /home/lionel/paparazziProto1/var/XColibri/ap/subsystems/sensors/infrared_adc.o
 *(.gnu.linkonce.b*)
 *(COMMON)
 COMMON         0x40000778       0xac /home/lionel/paparazziProto1/var/XColibri/ap/mcu_periph/sys_time.o
                0x40000778                sys_time
 COMMON         0x40000824        0x2 /home/lionel/paparazziProto1/var/XColibri/ap/./inter_mcu.o
                0x40000824                ap_ok
                0x40000825                time_since_last_ap
 COMMON         0x40000826        0x3 /home/lionel/paparazziProto1/var/XColibri/ap/firmwares/fixedwing/main_fbw.o
                0x40000826                fbw_periodic_tid
                0x40000827                fbw_mode
                0x40000828                electrical_tid
 *fill*         0x40000829        0x3 00
 COMMON         0x4000082c        0x8 /home/lionel/paparazziProto1/var/XColibri/ap/subsystems/electrical.o
                0x4000082c                electrical
 COMMON         0x40000834        0xa /home/lionel/paparazziProto1/var/XColibri/ap/./commands.o
                0x40000834                commands
 *fill*         0x4000083e        0x2 00
 COMMON         0x40000840        0xc /home/lionel/paparazziProto1/var/XColibri/ap/firmwares/fixedwing/main_ap.o
                0x40000840                navigation_tid
                0x40000841                monitor_tid
                0x40000842                sensors_tid
                0x40000843                attitude_tid
                0x40000844                energy
                0x40000848                telemetry_tid
                0x40000849                power_switch
                0x4000084a                modules_tid
                0x4000084b                vsupply
 COMMON         0x4000084c      0x268 /home/lionel/paparazziProto1/var/XColibri/ap/state.o
                0x4000084c                state
 COMMON         0x40000ab4        0x3 /home/lionel/paparazziProto1/var/XColibri/ap/./subsystems/ins.o
                0x40000ab4                ins
 *fill*         0x40000ab7        0x1 00
 COMMON         0x40000ab8        0x9 /home/lionel/paparazziProto1/var/XColibri/ap/./subsystems/ins/ins_alt_float.o
                0x40000ab8                estimator_z_dot
                0x40000abc                estimator_z
                0x40000ac0                alt_kalman_enabled
 *fill*         0x40000ac1        0x3 00
 COMMON         0x40000ac4      0x240 /home/lionel/paparazziProto1/var/XColibri/ap/mcu_periph/uart.o
                0x40000ac4                uart0
                0x40000be4                uart1
 COMMON         0x40000d04       0x16 /home/lionel/paparazziProto1/var/XColibri/ap/arch/lpc21/servos_4017_hw.o
                0x40000d04                servos_4017_idx
                0x40000d06                servos_values
 COMMON         0x40000d1a       0x10 /home/lionel/paparazziProto1/var/XColibri/ap/actuators.o
                0x40000d1a                actuators
 COMMON         0x40000d2a       0x10 /home/lionel/paparazziProto1/var/XColibri/ap/subsystems/radio_control.o
                0x40000d2a                radio_control
 COMMON         0x40000d3a        0x6 /home/lionel/paparazziProto1/var/XColibri/ap/subsystems/radio_control/rc_datalink.o
                0x40000d3a                rc_dl_frame_available
                0x40000d3b                rc_dl_values
 COMMON         0x40000d40       0x54 /home/lionel/paparazziProto1/var/XColibri/ap/firmwares/fixedwing/stabilization/stabilization_attitude.o
                0x40000d40                h_ctl_auto1_rate
                0x40000d44                h_ctl_course_setpoint
                0x40000d48                h_ctl_roll_max_setpoint
                0x40000d4c                h_ctl_course_pre_bank_correction
                0x40000d50                h_ctl_elevator_setpoint
                0x40000d54                h_ctl_aileron_of_throttle
                0x40000d58                h_ctl_aileron_setpoint
                0x40000d5c                h_ctl_pitch_setpoint
                0x40000d60                h_ctl_roll_slew
                0x40000d64                h_ctl_course_pgain
                0x40000d68                h_ctl_pitch_pgain
                0x40000d6c                h_ctl_pitch_loop_setpoint
                0x40000d70                h_ctl_course_pre_bank
                0x40000d74                h_ctl_pitch_dgain
                0x40000d78                h_ctl_course_dgain
                0x40000d7c                h_ctl_roll_attitude_gain
                0x40000d80                h_ctl_roll_rate_gain
                0x40000d84                h_ctl_disabled
                0x40000d88                h_ctl_roll_pgain
                0x40000d8c                h_ctl_roll_setpoint
                0x40000d90                h_ctl_elevator_of_roll
 COMMON         0x40000d94       0x6c /home/lionel/paparazziProto1/var/XColibri/ap/firmwares/fixedwing/guidance/guidance_v.o
                0x40000d94                v_ctl_auto_throttle_nominal_cruise_throttle
                0x40000d98                v_ctl_altitude_error
                0x40000d9c                v_ctl_climb_mode
                0x40000da0                v_ctl_auto_throttle_pitch_of_vz_dgain
                0x40000da4                v_ctl_pitch_setpoint
                0x40000da8                v_ctl_altitude_pre_climb_correction
                0x40000dac                v_ctl_auto_throttle_sum_err
                0x40000db0                v_ctl_auto_throttle_submode
                0x40000db4                v_ctl_auto_throttle_pitch_of_vz_pgain
                0x40000db8                v_ctl_altitude_max_climb
                0x40000dbc                v_ctl_altitude_setpoint
                0x40000dc0                v_ctl_mode
                0x40000dc4                v_ctl_auto_throttle_cruise_throttle
                0x40000dc8                v_ctl_altitude_pgain
                0x40000dcc                v_ctl_auto_pitch_pgain
                0x40000dd0                v_ctl_auto_throttle_climb_throttle_increment
                0x40000dd4                v_ctl_auto_throttle_igain
                0x40000dd8                v_ctl_auto_throttle_min_cruise_throttle
                0x40000ddc                v_ctl_throttle_setpoint
                0x40000de0                v_ctl_climb_setpoint
                0x40000de4                v_ctl_auto_throttle_dgain
                0x40000de8                v_ctl_auto_pitch_igain
                0x40000dec                v_ctl_altitude_pre_climb
                0x40000df0                v_ctl_auto_throttle_max_cruise_throttle
                0x40000df4                v_ctl_throttle_slewed
                0x40000df8                v_ctl_auto_throttle_pgain
                0x40000dfc                v_ctl_auto_pitch_sum_err
 COMMON         0x40000e00       0xa0 /home/lionel/paparazziProto1/var/XColibri/ap/subsystems/nav.o
                0x40000e00                nav_glide_pitch_trim
                0x40000e04                dist2_to_wp
                0x40000e08                nav_segment_x_1
                0x40000e0c                desired_x
                0x40000e10                nav_survey_east
                0x40000e14                nav_segment_x_2
                0x40000e18                nav_circle_radius
                0x40000e1c                nav_ground_speed_setpoint
                0x40000e20                nav_circle_radians
                0x40000e24                nav_throttle_setpoint
                0x40000e28                desired_y
                0x40000e2c                nav_shift
                0x40000e30                carrot_x
                0x40000e34                last_y
                0x40000e38                horizontal_mode
                0x40000e3c                nav_circle_y
                0x40000e40                too_far_from_home
                0x40000e44                nav_pitch
                0x40000e48                rc_pitch
                0x40000e4c                nav_oval_count
                0x40000e50                nav_mode
                0x40000e54                dist2_to_home
                0x40000e58                nav_climb
                0x40000e5c                last_x
                0x40000e60                nav_survey_active
                0x40000e61                oval_status
                0x40000e64                nav_ground_speed_pgain
                0x40000e68                nav_circle_x
                0x40000e6c                nav_segment_y_2
                0x40000e70                nav_segment_y_1
                0x40000e74                ground_alt
                0x40000e78                nav_survey_west
                0x40000e7c                nav_radius
                0x40000e80                nav_course
                0x40000e84                nav_survey_shift
                0x40000e88                carrot_y
                0x40000e8c                nav_survey_south
                0x40000e90                nav_circle_trigo_qdr
                0x40000e94                fp_pitch
                0x40000e98                flight_altitude
                0x40000e9c                nav_survey_north
 COMMON         0x40000ea0        0x8 /home/lionel/paparazziProto1/var/XColibri/ap/subsystems/navigation/common_flight_plan.o
                0x40000ea0                nav_block
                0x40000ea1                last_block
                0x40000ea2                nav_stage
                0x40000ea3                last_stage
                0x40000ea4                stage_time
                0x40000ea6                block_time
 COMMON         0x40000ea8      0x401 /home/lionel/paparazziProto1/var/XColibri/ap/subsystems/navigation/traffic_info.o
                0x40000ea8                the_acs_id
                0x40000fa8                the_acs
                0x400012a8                acs_idx
 *fill*         0x400012a9        0x1 00
 COMMON         0x400012aa        0x6 /home/lionel/paparazziProto1/var/XColibri/ap/subsystems/datalink/downlink.o
                0x400012aa                downlink_nb_ovrn
                0x400012ac                downlink_nb_msgs
                0x400012ae                downlink_nb_bytes
 COMMON         0x400012b0      0x10a /home/lionel/paparazziProto1/var/XColibri/ap/subsystems/datalink/pprz_transport.o
                0x400012b0                ck_b
                0x400012b1                pprz_tp
                0x400013b9                ck_a
 *fill*         0x400013ba        0x6 00
 COMMON         0x400013c0       0x8a /home/lionel/paparazziProto1/var/XColibri/ap/firmwares/fixedwing/datalink.o
                0x400013c0                dl_msg_available
                0x400013c8                dl_buffer
                0x40001448                datalink_time
 COMMON         0x4000144a        0x1 /home/lionel/paparazziProto1/var/XColibri/ap/subsystems/ahrs.o
                0x4000144a                ahrs
 *fill*         0x4000144b        0x1 00
 COMMON         0x4000144c        0x4 /home/lionel/paparazziProto1/var/XColibri/ap/subsystems/ahrs/ahrs_infrared.o
                0x4000144c                heading
 COMMON         0x40001450      0x118 /home/lionel/paparazziProto1/var/XColibri/ap/subsystems/gps/gps_ubx.o
                0x40001450                gps_ubx
 COMMON         0x40001568       0xf4 /home/lionel/paparazziProto1/var/XColibri/ap/subsystems/gps.o
                0x40001568                gps
 COMMON         0x4000165c       0x38 /home/lionel/paparazziProto1/var/XColibri/ap/subsystems/sensors/infrared.o
                0x4000165c                infrared
 COMMON         0x40001694        0x6 /home/lionel/paparazziProto1/var/XColibri/ap/subsystems/sensors/infrared_adc.o
                0x40001694                ir_adc
                0x4000169c                . = ALIGN (0x4)
 *fill*         0x4000169a        0x2 00
                0x4000169c                . = ALIGN (0x4)
                0x4000169c                __bss_end__ = .
                0x4000169c                PROVIDE (__bss_end, .)

.stack          0x40001700     0x1000 load address 0x00022c50
                0x40002700                . = (. + STACK_SIZE)
 *fill*         0x40001700     0x1000 00
                0x40002700                PROVIDE (_stack, .)
                0x40002700                _end = .
                0x40002700                PROVIDE (end, .)

.stab
 *(.stab)

.stabstr
 *(.stabstr)

.stab.excl
 *(.stab.excl)

.stab.exclstr
 *(.stab.exclstr)

.stab.index
 *(.stab.index)

.stab.indexstr
 *(.stab.indexstr)

.comment        0x00000000       0x3c
 *(.comment)
 .comment       0x00000000       0x3c /home/lionel/paparazziProto1/var/XColibri/ap/mcu.o
                                 0x3d (size before relaxing)
 .comment       0x00000000       0x3d /home/lionel/paparazziProto1/var/XColibri/ap/arch/lpc21/mcu_arch.o
 .comment       0x00000000       0x3d /home/lionel/paparazziProto1/var/XColibri/ap/mcu_periph/sys_time.o
 .comment       0x00000000       0x3d /home/lionel/paparazziProto1/var/XColibri/ap/arch/lpc21/mcu_periph/sys_time_arch.o
 .comment       0x00000000       0x3d /home/lionel/paparazziProto1/var/XColibri/ap/./inter_mcu.o
 .comment       0x00000000       0x3d /home/lionel/paparazziProto1/var/XColibri/ap/math/pprz_geodetic_int.o
 .comment       0x00000000       0x3d /home/lionel/paparazziProto1/var/XColibri/ap/math/pprz_geodetic_float.o
 .comment       0x00000000       0x3d /home/lionel/paparazziProto1/var/XColibri/ap/math/pprz_geodetic_double.o
 .comment       0x00000000       0x3d /home/lionel/paparazziProto1/var/XColibri/ap/math/pprz_trig_int.o
 .comment       0x00000000       0x3d /home/lionel/paparazziProto1/var/XColibri/ap/math/pprz_orientation_conversion.o
 .comment       0x00000000       0x3d /home/lionel/paparazziProto1/var/XColibri/ap/mcu_periph/i2c.o
 .comment       0x00000000       0x3d /home/lionel/paparazziProto1/var/XColibri/ap/arch/lpc21/mcu_periph/i2c_arch.o
 .comment       0x00000000       0x3d /home/lionel/paparazziProto1/var/XColibri/ap/firmwares/fixedwing/main_fbw.o
 .comment       0x00000000       0x3d /home/lionel/paparazziProto1/var/XColibri/ap/subsystems/electrical.o
 .comment       0x00000000       0x3d /home/lionel/paparazziProto1/var/XColibri/ap/./commands.o
 .comment       0x00000000       0x3d /home/lionel/paparazziProto1/var/XColibri/ap/firmwares/fixedwing/fbw_downlink.o
 .comment       0x00000000       0x3d /home/lionel/paparazziProto1/var/XColibri/ap/firmwares/fixedwing/main_ap.o
 .comment       0x00000000       0x3d /home/lionel/paparazziProto1/var/XColibri/ap/firmwares/fixedwing/ap_downlink.o
 .comment       0x00000000       0x3d /home/lionel/paparazziProto1/var/XColibri/ap/state.o
 .comment       0x00000000       0x3d /home/lionel/paparazziProto1/var/XColibri/ap/./subsystems/ins.o
 .comment       0x00000000       0x3d /home/lionel/paparazziProto1/var/XColibri/ap/./subsystems/ins/ins_alt_float.o
 .comment       0x00000000       0x3d /home/lionel/paparazziProto1/var/XColibri/ap/arch/lpc21/armVIC.o
 .comment       0x00000000       0x3d /home/lionel/paparazziProto1/var/XColibri/ap/firmwares/fixedwing/main.o
 .comment       0x00000000       0x3d /home/lionel/paparazziProto1/var/XColibri/ap/mcu_periph/uart.o
 .comment       0x00000000       0x3d /home/lionel/paparazziProto1/var/XColibri/ap/arch/lpc21/mcu_periph/uart_arch.o
 .comment       0x00000000       0x3d /home/lionel/paparazziProto1/var/XColibri/ap/subsystems/settings.o
 .comment       0x00000000       0x3d /home/lionel/paparazziProto1/var/XColibri/ap/arch/lpc21/subsystems/settings_arch.o
 .comment       0x00000000       0x3d /home/lionel/paparazziProto1/var/XColibri/ap/arch/lpc21/mcu_periph/adc_arch.o
 .comment       0x00000000       0x3d /home/lionel/paparazziProto1/var/XColibri/ap/arch/lpc21/servos_4017_hw.o
 .comment       0x00000000       0x3d /home/lionel/paparazziProto1/var/XColibri/ap/actuators.o
 .comment       0x00000000       0x3d /home/lionel/paparazziProto1/var/XColibri/ap/subsystems/radio_control.o
 .comment       0x00000000       0x3d /home/lionel/paparazziProto1/var/XColibri/ap/subsystems/radio_control/rc_datalink.o
 .comment       0x00000000       0x3d /home/lionel/paparazziProto1/var/XColibri/ap/firmwares/fixedwing/stabilization/stabilization_attitude.o
 .comment       0x00000000       0x3d /home/lionel/paparazziProto1/var/XColibri/ap/firmwares/fixedwing/guidance/guidance_v.o
 .comment       0x00000000       0x3d /home/lionel/paparazziProto1/var/XColibri/ap/subsystems/nav.o
 .comment       0x00000000       0x3d /home/lionel/paparazziProto1/var/XColibri/ap/subsystems/navigation/common_flight_plan.o
 .comment       0x00000000       0x3d /home/lionel/paparazziProto1/var/XColibri/ap/subsystems/navigation/traffic_info.o
 .comment       0x00000000       0x3d /home/lionel/paparazziProto1/var/XColibri/ap/subsystems/navigation/nav_survey_rectangle.o
 .comment       0x00000000       0x3d /home/lionel/paparazziProto1/var/XColibri/ap/subsystems/navigation/nav_line.o
 .comment       0x00000000       0x3d /home/lionel/paparazziProto1/var/XColibri/ap/subsystems/navigation/nav_cube.o
 .comment       0x00000000       0x3d /home/lionel/paparazziProto1/var/XColibri/ap/subsystems/navigation/discsurvey.o
 .comment       0x00000000       0x3d /home/lionel/paparazziProto1/var/XColibri/ap/subsystems/navigation/OSAMNav.o
 .comment       0x00000000       0x3d /home/lionel/paparazziProto1/var/XColibri/ap/subsystems/navigation/snav.o
 .comment       0x00000000       0x3d /home/lionel/paparazziProto1/var/XColibri/ap/subsystems/navigation/spiral.o
 .comment       0x00000000       0x3d /home/lionel/paparazziProto1/var/XColibri/ap/subsystems/navigation/poly_survey_adv.o
 .comment       0x00000000       0x3d /home/lionel/paparazziProto1/var/XColibri/ap/subsystems/navigation/gls.o
 .comment       0x00000000       0x3d /home/lionel/paparazziProto1/var/XColibri/ap/subsystems/navigation/border_line.o
 .comment       0x00000000       0x3d /home/lionel/paparazziProto1/var/XColibri/ap/subsystems/datalink/downlink.o
 .comment       0x00000000       0x3d /home/lionel/paparazziProto1/var/XColibri/ap/subsystems/datalink/pprz_transport.o
 .comment       0x00000000       0x3d /home/lionel/paparazziProto1/var/XColibri/ap/firmwares/fixedwing/datalink.o
 .comment       0x00000000       0x3d /home/lionel/paparazziProto1/var/XColibri/ap/subsystems/ahrs.o
 .comment       0x00000000       0x3d /home/lionel/paparazziProto1/var/XColibri/ap/subsystems/ahrs/ahrs_infrared.o
 .comment       0x00000000       0x3d /home/lionel/paparazziProto1/var/XColibri/ap/subsystems/gps/gps_ubx.o
 .comment       0x00000000       0x3d /home/lionel/paparazziProto1/var/XColibri/ap/subsystems/gps.o
 .comment       0x00000000       0x3d /home/lionel/paparazziProto1/var/XColibri/ap/subsystems/sensors/infrared.o
 .comment       0x00000000       0x3d /home/lionel/paparazziProto1/var/XColibri/ap/subsystems/sensors/infrared_adc.o
 .comment       0x00000000       0x3d /opt/paparazzi/arm-multilib/lib/gcc/arm-none-eabi/4.6.2/../../../../arm-none-eabi/lib/thumb/libm.a(lib_a-s_atan.o)
 .comment       0x00000000       0x3d /opt/paparazzi/arm-multilib/lib/gcc/arm-none-eabi/4.6.2/../../../../arm-none-eabi/lib/thumb/libm.a(lib_a-s_cos.o)
 .comment       0x00000000       0x3d /opt/paparazzi/arm-multilib/lib/gcc/arm-none-eabi/4.6.2/../../../../arm-none-eabi/lib/thumb/libm.a(lib_a-s_fabs.o)
 .comment       0x00000000       0x3d /opt/paparazzi/arm-multilib/lib/gcc/arm-none-eabi/4.6.2/../../../../arm-none-eabi/lib/thumb/libm.a(lib_a-s_rint.o)
 .comment       0x00000000       0x3d /opt/paparazzi/arm-multilib/lib/gcc/arm-none-eabi/4.6.2/../../../../arm-none-eabi/lib/thumb/libm.a(lib_a-s_sin.o)
 .comment       0x00000000       0x3d /opt/paparazzi/arm-multilib/lib/gcc/arm-none-eabi/4.6.2/../../../../arm-none-eabi/lib/thumb/libm.a(lib_a-s_tan.o)
 .comment       0x00000000       0x3d /opt/paparazzi/arm-multilib/lib/gcc/arm-none-eabi/4.6.2/../../../../arm-none-eabi/lib/thumb/libm.a(lib_a-sf_atan.o)
 .comment       0x00000000       0x3d /opt/paparazzi/arm-multilib/lib/gcc/arm-none-eabi/4.6.2/../../../../arm-none-eabi/lib/thumb/libm.a(lib_a-sf_cos.o)
 .comment       0x00000000       0x3d /opt/paparazzi/arm-multilib/lib/gcc/arm-none-eabi/4.6.2/../../../../arm-none-eabi/lib/thumb/libm.a(lib_a-sf_fabs.o)
 .comment       0x00000000       0x3d /opt/paparazzi/arm-multilib/lib/gcc/arm-none-eabi/4.6.2/../../../../arm-none-eabi/lib/thumb/libm.a(lib_a-sf_sin.o)
 .comment       0x00000000       0x3d /opt/paparazzi/arm-multilib/lib/gcc/arm-none-eabi/4.6.2/../../../../arm-none-eabi/lib/thumb/libm.a(lib_a-sf_tan.o)
 .comment       0x00000000       0x3d /opt/paparazzi/arm-multilib/lib/gcc/arm-none-eabi/4.6.2/../../../../arm-none-eabi/lib/thumb/libm.a(lib_a-w_acos.o)
 .comment       0x00000000       0x3d /opt/paparazzi/arm-multilib/lib/gcc/arm-none-eabi/4.6.2/../../../../arm-none-eabi/lib/thumb/libm.a(lib_a-w_asin.o)
 .comment       0x00000000       0x3d /opt/paparazzi/arm-multilib/lib/gcc/arm-none-eabi/4.6.2/../../../../arm-none-eabi/lib/thumb/libm.a(lib_a-w_atan2.o)
 .comment       0x00000000       0x3d /opt/paparazzi/arm-multilib/lib/gcc/arm-none-eabi/4.6.2/../../../../arm-none-eabi/lib/thumb/libm.a(lib_a-w_cosh.o)
 .comment       0x00000000       0x3d /opt/paparazzi/arm-multilib/lib/gcc/arm-none-eabi/4.6.2/../../../../arm-none-eabi/lib/thumb/libm.a(lib_a-w_exp.o)
 .comment       0x00000000       0x3d /opt/paparazzi/arm-multilib/lib/gcc/arm-none-eabi/4.6.2/../../../../arm-none-eabi/lib/thumb/libm.a(lib_a-w_log.o)
 .comment       0x00000000       0x3d /opt/paparazzi/arm-multilib/lib/gcc/arm-none-eabi/4.6.2/../../../../arm-none-eabi/lib/thumb/libm.a(lib_a-w_pow.o)
 .comment       0x00000000       0x3d /opt/paparazzi/arm-multilib/lib/gcc/arm-none-eabi/4.6.2/../../../../arm-none-eabi/lib/thumb/libm.a(lib_a-w_sinh.o)
 .comment       0x00000000       0x3d /opt/paparazzi/arm-multilib/lib/gcc/arm-none-eabi/4.6.2/../../../../arm-none-eabi/lib/thumb/libm.a(lib_a-w_sqrt.o)
 .comment       0x00000000       0x3d /opt/paparazzi/arm-multilib/lib/gcc/arm-none-eabi/4.6.2/../../../../arm-none-eabi/lib/thumb/libm.a(lib_a-wf_asin.o)
 .comment       0x00000000       0x3d /opt/paparazzi/arm-multilib/lib/gcc/arm-none-eabi/4.6.2/../../../../arm-none-eabi/lib/thumb/libm.a(lib_a-wf_atan2.o)
 .comment       0x00000000       0x3d /opt/paparazzi/arm-multilib/lib/gcc/arm-none-eabi/4.6.2/../../../../arm-none-eabi/lib/thumb/libm.a(lib_a-wf_pow.o)
 .comment       0x00000000       0x3d /opt/paparazzi/arm-multilib/lib/gcc/arm-none-eabi/4.6.2/../../../../arm-none-eabi/lib/thumb/libm.a(lib_a-wf_sqrt.o)
 .comment       0x00000000       0x3d /opt/paparazzi/arm-multilib/lib/gcc/arm-none-eabi/4.6.2/../../../../arm-none-eabi/lib/thumb/libm.a(lib_a-e_acos.o)
 .comment       0x00000000       0x3d /opt/paparazzi/arm-multilib/lib/gcc/arm-none-eabi/4.6.2/../../../../arm-none-eabi/lib/thumb/libm.a(lib_a-e_asin.o)
 .comment       0x00000000       0x3d /opt/paparazzi/arm-multilib/lib/gcc/arm-none-eabi/4.6.2/../../../../arm-none-eabi/lib/thumb/libm.a(lib_a-e_atan2.o)
 .comment       0x00000000       0x3d /opt/paparazzi/arm-multilib/lib/gcc/arm-none-eabi/4.6.2/../../../../arm-none-eabi/lib/thumb/libm.a(lib_a-e_cosh.o)
 .comment       0x00000000       0x3d /opt/paparazzi/arm-multilib/lib/gcc/arm-none-eabi/4.6.2/../../../../arm-none-eabi/lib/thumb/libm.a(lib_a-e_exp.o)
 .comment       0x00000000       0x3d /opt/paparazzi/arm-multilib/lib/gcc/arm-none-eabi/4.6.2/../../../../arm-none-eabi/lib/thumb/libm.a(lib_a-e_log.o)
 .comment       0x00000000       0x3d /opt/paparazzi/arm-multilib/lib/gcc/arm-none-eabi/4.6.2/../../../../arm-none-eabi/lib/thumb/libm.a(lib_a-e_pow.o)
 .comment       0x00000000       0x3d /opt/paparazzi/arm-multilib/lib/gcc/arm-none-eabi/4.6.2/../../../../arm-none-eabi/lib/thumb/libm.a(lib_a-e_rem_pio2.o)
 .comment       0x00000000       0x3d /opt/paparazzi/arm-multilib/lib/gcc/arm-none-eabi/4.6.2/../../../../arm-none-eabi/lib/thumb/libm.a(lib_a-e_sinh.o)
 .comment       0x00000000       0x3d /opt/paparazzi/arm-multilib/lib/gcc/arm-none-eabi/4.6.2/../../../../arm-none-eabi/lib/thumb/libm.a(lib_a-e_sqrt.o)
 .comment       0x00000000       0x3d /opt/paparazzi/arm-multilib/lib/gcc/arm-none-eabi/4.6.2/../../../../arm-none-eabi/lib/thumb/libm.a(lib_a-ef_asin.o)
 .comment       0x00000000       0x3d /opt/paparazzi/arm-multilib/lib/gcc/arm-none-eabi/4.6.2/../../../../arm-none-eabi/lib/thumb/libm.a(lib_a-ef_atan2.o)
 .comment       0x00000000       0x3d /opt/paparazzi/arm-multilib/lib/gcc/arm-none-eabi/4.6.2/../../../../arm-none-eabi/lib/thumb/libm.a(lib_a-ef_pow.o)
 .comment       0x00000000       0x3d /opt/paparazzi/arm-multilib/lib/gcc/arm-none-eabi/4.6.2/../../../../arm-none-eabi/lib/thumb/libm.a(lib_a-ef_rem_pio2.o)
 .comment       0x00000000       0x3d /opt/paparazzi/arm-multilib/lib/gcc/arm-none-eabi/4.6.2/../../../../arm-none-eabi/lib/thumb/libm.a(lib_a-ef_sqrt.o)
 .comment       0x00000000       0x3d /opt/paparazzi/arm-multilib/lib/gcc/arm-none-eabi/4.6.2/../../../../arm-none-eabi/lib/thumb/libm.a(lib_a-k_cos.o)
 .comment       0x00000000       0x3d /opt/paparazzi/arm-multilib/lib/gcc/arm-none-eabi/4.6.2/../../../../arm-none-eabi/lib/thumb/libm.a(lib_a-k_rem_pio2.o)
 .comment       0x00000000       0x3d /opt/paparazzi/arm-multilib/lib/gcc/arm-none-eabi/4.6.2/../../../../arm-none-eabi/lib/thumb/libm.a(lib_a-k_sin.o)
 .comment       0x00000000       0x3d /opt/paparazzi/arm-multilib/lib/gcc/arm-none-eabi/4.6.2/../../../../arm-none-eabi/lib/thumb/libm.a(lib_a-k_tan.o)
 .comment       0x00000000       0x3d /opt/paparazzi/arm-multilib/lib/gcc/arm-none-eabi/4.6.2/../../../../arm-none-eabi/lib/thumb/libm.a(lib_a-kf_cos.o)
 .comment       0x00000000       0x3d /opt/paparazzi/arm-multilib/lib/gcc/arm-none-eabi/4.6.2/../../../../arm-none-eabi/lib/thumb/libm.a(lib_a-kf_rem_pio2.o)
 .comment       0x00000000       0x3d /opt/paparazzi/arm-multilib/lib/gcc/arm-none-eabi/4.6.2/../../../../arm-none-eabi/lib/thumb/libm.a(lib_a-kf_sin.o)
 .comment       0x00000000       0x3d /opt/paparazzi/arm-multilib/lib/gcc/arm-none-eabi/4.6.2/../../../../arm-none-eabi/lib/thumb/libm.a(lib_a-kf_tan.o)