Archive member included because of file (symbol)

/opt/gcc-arm-none-eabi-4_8-2013q4/bin/../lib/gcc/arm-none-eabi/4.8.3/../../../../arm-none-eabi/lib/thumb/libm.a(lib_a-s_atan.o)
                              /home/colibri/paparazziProto1/var/Colibri/ap/math/pprz_geodetic_float.o (atan)
/opt/gcc-arm-none-eabi-4_8-2013q4/bin/../lib/gcc/arm-none-eabi/4.8.3/../../../../arm-none-eabi/lib/thumb/libm.a(lib_a-s_cos.o)
                              /home/colibri/paparazziProto1/var/Colibri/ap/math/pprz_geodetic_float.o (cos)
/opt/gcc-arm-none-eabi-4_8-2013q4/bin/../lib/gcc/arm-none-eabi/4.8.3/../../../../arm-none-eabi/lib/thumb/libm.a(lib_a-s_fabs.o)
                              /opt/gcc-arm-none-eabi-4_8-2013q4/bin/../lib/gcc/arm-none-eabi/4.8.3/../../../../arm-none-eabi/lib/thumb/libm.a(lib_a-s_atan.o) (fabs)
/opt/gcc-arm-none-eabi-4_8-2013q4/bin/../lib/gcc/arm-none-eabi/4.8.3/../../../../arm-none-eabi/lib/thumb/libm.a(lib_a-s_rint.o)
                              /home/colibri/paparazziProto1/var/Colibri/ap/math/pprz_geodetic_int.o (rint)
/opt/gcc-arm-none-eabi-4_8-2013q4/bin/../lib/gcc/arm-none-eabi/4.8.3/../../../../arm-none-eabi/lib/thumb/libm.a(lib_a-s_sin.o)
                              /home/colibri/paparazziProto1/var/Colibri/ap/math/pprz_geodetic_float.o (sin)
/opt/gcc-arm-none-eabi-4_8-2013q4/bin/../lib/gcc/arm-none-eabi/4.8.3/../../../../arm-none-eabi/lib/thumb/libm.a(lib_a-s_tan.o)
                              /home/colibri/paparazziProto1/var/Colibri/ap/math/pprz_geodetic_float.o (tan)
/opt/gcc-arm-none-eabi-4_8-2013q4/bin/../lib/gcc/arm-none-eabi/4.8.3/../../../../arm-none-eabi/lib/thumb/libm.a(lib_a-sf_atan.o)
                              /home/colibri/paparazziProto1/var/Colibri/ap/math/pprz_geodetic_float.o (atanf)
/opt/gcc-arm-none-eabi-4_8-2013q4/bin/../lib/gcc/arm-none-eabi/4.8.3/../../../../arm-none-eabi/lib/thumb/libm.a(lib_a-sf_cos.o)
                              /home/colibri/paparazziProto1/var/Colibri/ap/math/pprz_geodetic_int.o (cosf)
/opt/gcc-arm-none-eabi-4_8-2013q4/bin/../lib/gcc/arm-none-eabi/4.8.3/../../../../arm-none-eabi/lib/thumb/libm.a(lib_a-sf_fabs.o)
                              /opt/gcc-arm-none-eabi-4_8-2013q4/bin/../lib/gcc/arm-none-eabi/4.8.3/../../../../arm-none-eabi/lib/thumb/libm.a(lib_a-sf_atan.o) (fabsf)
/opt/gcc-arm-none-eabi-4_8-2013q4/bin/../lib/gcc/arm-none-eabi/4.8.3/../../../../arm-none-eabi/lib/thumb/libm.a(lib_a-sf_sin.o)
                              /home/colibri/paparazziProto1/var/Colibri/ap/math/pprz_geodetic_int.o (sinf)
/opt/gcc-arm-none-eabi-4_8-2013q4/bin/../lib/gcc/arm-none-eabi/4.8.3/../../../../arm-none-eabi/lib/thumb/libm.a(lib_a-sf_tan.o)
                              /home/colibri/paparazziProto1/var/Colibri/ap/subsystems/navigation/poly_survey_adv.o (tanf)
/opt/gcc-arm-none-eabi-4_8-2013q4/bin/../lib/gcc/arm-none-eabi/4.8.3/../../../../arm-none-eabi/lib/thumb/libm.a(lib_a-w_acos.o)
                              /home/colibri/paparazziProto1/var/Colibri/ap/subsystems/navigation/snav.o (acos)
/opt/gcc-arm-none-eabi-4_8-2013q4/bin/../lib/gcc/arm-none-eabi/4.8.3/../../../../arm-none-eabi/lib/thumb/libm.a(lib_a-w_asin.o)
                              /home/colibri/paparazziProto1/var/Colibri/ap/math/pprz_geodetic_float.o (asin)
/opt/gcc-arm-none-eabi-4_8-2013q4/bin/../lib/gcc/arm-none-eabi/4.8.3/../../../../arm-none-eabi/lib/thumb/libm.a(lib_a-w_atan2.o)
                              /home/colibri/paparazziProto1/var/Colibri/ap/math/pprz_geodetic_double.o (atan2)
/opt/gcc-arm-none-eabi-4_8-2013q4/bin/../lib/gcc/arm-none-eabi/4.8.3/../../../../arm-none-eabi/lib/thumb/libm.a(lib_a-w_cosh.o)
                              /home/colibri/paparazziProto1/var/Colibri/ap/math/pprz_geodetic_float.o (cosh)
/opt/gcc-arm-none-eabi-4_8-2013q4/bin/../lib/gcc/arm-none-eabi/4.8.3/../../../../arm-none-eabi/lib/thumb/libm.a(lib_a-w_exp.o)
                              /home/colibri/paparazziProto1/var/Colibri/ap/math/pprz_geodetic_float.o (exp)
/opt/gcc-arm-none-eabi-4_8-2013q4/bin/../lib/gcc/arm-none-eabi/4.8.3/../../../../arm-none-eabi/lib/thumb/libm.a(lib_a-w_log.o)
                              /home/colibri/paparazziProto1/var/Colibri/ap/math/pprz_geodetic_float.o (log)
/opt/gcc-arm-none-eabi-4_8-2013q4/bin/../lib/gcc/arm-none-eabi/4.8.3/../../../../arm-none-eabi/lib/thumb/libm.a(lib_a-w_pow.o)
                              /home/colibri/paparazziProto1/var/Colibri/ap/math/pprz_geodetic_float.o (pow)
/opt/gcc-arm-none-eabi-4_8-2013q4/bin/../lib/gcc/arm-none-eabi/4.8.3/../../../../arm-none-eabi/lib/thumb/libm.a(lib_a-w_sinh.o)
                              /home/colibri/paparazziProto1/var/Colibri/ap/math/pprz_geodetic_float.o (sinh)
/opt/gcc-arm-none-eabi-4_8-2013q4/bin/../lib/gcc/arm-none-eabi/4.8.3/../../../../arm-none-eabi/lib/thumb/libm.a(lib_a-w_sqrt.o)
                              /home/colibri/paparazziProto1/var/Colibri/ap/math/pprz_geodetic_double.o (sqrt)
[...]
Memory Configuration

Name             Origin             Length             Attributes
ROM              0x00004000         0x00078000         xr
RAM              0x40000000         0x00007fe0         rw
*default*        0x00000000         0xffffffff

Linker script and memory map

LOAD /home/colibri/paparazziProto1/var/Colibri/ap/crt0.o
LOAD /home/colibri/paparazziProto1/var/Colibri/ap/mcu.o
LOAD /home/colibri/paparazziProto1/var/Colibri/ap/arch/lpc21/mcu_arch.o
LOAD /home/colibri/paparazziProto1/var/Colibri/ap/mcu_periph/sys_time.o
LOAD /home/colibri/paparazziProto1/var/Colibri/ap/arch/lpc21/mcu_periph/sys_time_arch.o
LOAD /home/colibri/paparazziProto1/var/Colibri/ap/./inter_mcu.o
LOAD /home/colibri/paparazziProto1/var/Colibri/ap/math/pprz_geodetic_int.o
LOAD /home/colibri/paparazziProto1/var/Colibri/ap/math/pprz_geodetic_float.o
LOAD /home/colibri/paparazziProto1/var/Colibri/ap/math/pprz_geodetic_double.o
LOAD /home/colibri/paparazziProto1/var/Colibri/ap/math/pprz_trig_int.o
LOAD /home/colibri/paparazziProto1/var/Colibri/ap/mcu_periph/i2c.o
LOAD /home/colibri/paparazziProto1/var/Colibri/ap/arch/lpc21/mcu_periph/i2c_arch.o
LOAD /home/colibri/paparazziProto1/var/Colibri/ap/firmwares/fixedwing/main_fbw.o
LOAD /home/colibri/paparazziProto1/var/Colibri/ap/subsystems/electrical.o
LOAD /home/colibri/paparazziProto1/var/Colibri/ap/./commands.o
LOAD /home/colibri/paparazziProto1/var/Colibri/ap/firmwares/fixedwing/fbw_downlink.o
LOAD /home/colibri/paparazziProto1/var/Colibri/ap/firmwares/fixedwing/main_ap.o
LOAD /home/colibri/paparazziProto1/var/Colibri/ap/./estimator.o
LOAD /home/colibri/paparazziProto1/var/Colibri/ap/firmwares/fixedwing/ap_downlink.o
LOAD /home/colibri/paparazziProto1/var/Colibri/ap/arch/lpc21/armVIC.o
LOAD /home/colibri/paparazziProto1/var/Colibri/ap/firmwares/fixedwing/main.o
LOAD /home/colibri/paparazziProto1/var/Colibri/ap/mcu_periph/uart.o
LOAD /home/colibri/paparazziProto1/var/Colibri/ap/arch/lpc21/mcu_periph/uart_arch.o
LOAD /home/colibri/paparazziProto1/var/Colibri/ap/subsystems/settings.o
LOAD /home/colibri/paparazziProto1/var/Colibri/ap/arch/lpc21/subsystems/settings_arch.o
LOAD /home/colibri/paparazziProto1/var/Colibri/ap/arch/lpc21/mcu_periph/adc_arch.o
LOAD /home/colibri/paparazziProto1/var/Colibri/ap/arch/lpc21/servos_4017_hw.o
LOAD /home/colibri/paparazziProto1/var/Colibri/ap/actuators.o
LOAD /home/colibri/paparazziProto1/var/Colibri/ap/subsystems/radio_control.o
LOAD /home/colibri/paparazziProto1/var/Colibri/ap/subsystems/radio_control/rc_datalink.o
LOAD /home/colibri/paparazziProto1/var/Colibri/ap/firmwares/fixedwing/stabilization/stabilization_attitude.o
LOAD /home/colibri/paparazziProto1/var/Colibri/ap/firmwares/fixedwing/guidance/guidance_v.o
LOAD /home/colibri/paparazziProto1/var/Colibri/ap/subsystems/nav.o
LOAD /home/colibri/paparazziProto1/var/Colibri/ap/subsystems/navigation/common_flight_plan.o
LOAD /home/colibri/paparazziProto1/var/Colibri/ap/subsystems/navigation/traffic_info.o
LOAD /home/colibri/paparazziProto1/var/Colibri/ap/subsystems/navigation/nav_survey_rectangle.o
LOAD /home/colibri/paparazziProto1/var/Colibri/ap/subsystems/navigation/nav_line.o
LOAD /home/colibri/paparazziProto1/var/Colibri/ap/subsystems/navigation/nav_cube.o
LOAD /home/colibri/paparazziProto1/var/Colibri/ap/subsystems/navigation/discsurvey.o
LOAD /home/colibri/paparazziProto1/var/Colibri/ap/subsystems/navigation/OSAMNav.o
LOAD /home/colibri/paparazziProto1/var/Colibri/ap/subsystems/navigation/snav.o
LOAD /home/colibri/paparazziProto1/var/Colibri/ap/subsystems/navigation/spiral.o
LOAD /home/colibri/paparazziProto1/var/Colibri/ap/subsystems/navigation/poly_survey_adv.o
LOAD /home/colibri/paparazziProto1/var/Colibri/ap/subsystems/navigation/gls.o
LOAD /home/colibri/paparazziProto1/var/Colibri/ap/subsystems/navigation/border_line.o
LOAD /home/colibri/paparazziProto1/var/Colibri/ap/subsystems/datalink/downlink.o
LOAD /home/colibri/paparazziProto1/var/Colibri/ap/subsystems/datalink/pprz_transport.o
LOAD /home/colibri/paparazziProto1/var/Colibri/ap/firmwares/fixedwing/datalink.o
LOAD /home/colibri/paparazziProto1/var/Colibri/ap/subsystems/ahrs.o
LOAD /home/colibri/paparazziProto1/var/Colibri/ap/subsystems/ahrs/ahrs_infrared.o
LOAD /home/colibri/paparazziProto1/var/Colibri/ap/subsystems/gps/gps_ubx.o
LOAD /home/colibri/paparazziProto1/var/Colibri/ap/subsystems/gps.o
LOAD /home/colibri/paparazziProto1/var/Colibri/ap/subsystems/sensors/infrared.o
LOAD /home/colibri/paparazziProto1/var/Colibri/ap/subsystems/sensors/infrared_adc.o
LOAD /opt/gcc-arm-none-eabi-4_8-2013q4/bin/../lib/gcc/arm-none-eabi/4.8.3/../../../../arm-none-eabi/lib/thumb/libc.a
LOAD /opt/gcc-arm-none-eabi-4_8-2013q4/bin/../lib/gcc/arm-none-eabi/4.8.3/../../../../arm-none-eabi/lib/thumb/libm.a
LOAD /opt/gcc-arm-none-eabi-4_8-2013q4/bin/../lib/gcc/arm-none-eabi/4.8.3/../../../../arm-none-eabi/lib/thumb/libc.a
LOAD /opt/gcc-arm-none-eabi-4_8-2013q4/bin/../lib/gcc/arm-none-eabi/4.8.3/thumb/libgcc.a
START GROUP
LOAD /opt/gcc-arm-none-eabi-4_8-2013q4/bin/../lib/gcc/arm-none-eabi/4.8.3/thumb/libgcc.a
LOAD /opt/gcc-arm-none-eabi-4_8-2013q4/bin/../lib/gcc/arm-none-eabi/4.8.3/../../../../arm-none-eabi/lib/thumb/libc.a
END GROUP
                0x00001000                STACK_SIZE = 0x1000

.text           0x00004000    0x19da4
 *(.init)
 .init          0x00004000      0x13c /home/colibri/paparazziProto1/var/Colibri/ap/crt0.o
                0x00004000                _boot
                0x00004050                _mainCRTStartup
                0x00004050                _start
                0x00004050                start
                0x00004114                reset
                0x00004114                abort
                0x00004114                _reset
                0x00004114                exit
 *(.text .text.*)
 .text.mcu_init
                0x0000413c       0xa0 /home/colibri/paparazziProto1/var/Colibri/ap/mcu.o
                0x0000413c                mcu_init
 .text.mcu_arch_init
                0x000041dc       0x88 /home/colibri/paparazziProto1/var/Colibri/ap/arch/lpc21/mcu_arch.o
                0x000041dc                mcu_arch_init
 .text.sys_time_register_timer
                0x00004264       0x98 /home/colibri/paparazziProto1/var/Colibri/ap/mcu_periph/sys_time.o
                0x00004264                sys_time_register_timer
 .text.sys_time_init
                0x000042fc       0x5c /home/colibri/paparazziProto1/var/Colibri/ap/mcu_periph/sys_time.o
                0x000042fc                sys_time_init
 .text.TIMER0_ISR
                0x00004358      0x1cc /home/colibri/paparazziProto1/var/Colibri/ap/arch/lpc21/mcu_periph/sys_time_arch.o
                0x00004358                TIMER0_ISR
 .text.sys_time_arch_init
                0x00004524       0x68 /home/colibri/paparazziProto1/var/Colibri/ap/arch/lpc21/mcu_periph/sys_time_arch.o
                0x00004524                sys_time_arch_init
 .text.isometric_latitude_fast_f
                0x0000458c       0x40 /home/colibri/paparazziProto1/var/Colibri/ap/math/pprz_geodetic_float.o
 .text.utm_of_lla_f
                0x000045cc      0x370 /home/colibri/paparazziProto1/var/Colibri/ap/math/pprz_geodetic_float.o
                0x000045cc                utm_of_lla_f
 .text.i2c_event
                0x0000493c        0x4 /home/colibri/paparazziProto1/var/Colibri/ap/arch/lpc21/mcu_periph/i2c_arch.o
                0x0000493c                i2c_event
 .text.inter_mcu_fill_fbw_state
                0x00004940       0xb8 /home/colibri/paparazziProto1/var/Colibri/ap/firmwares/fixedwing/main_fbw.o
 .text.init_fbw
                0x000049f8       0xf4 /home/colibri/paparazziProto1/var/Colibri/ap/firmwares/fixedwing/main_fbw.o
                0x000049f8                init_fbw
 .text.event_task_fbw
                0x00004aec      0x564 /home/colibri/paparazziProto1/var/Colibri/ap/firmwares/fixedwing/main_fbw.o
                0x00004aec                event_task_fbw
 .text.periodic_task_fbw
                0x00005050      0xde0 /home/colibri/paparazziProto1/var/Colibri/ap/firmwares/fixedwing/main_fbw.o
                0x00005050                periodic_task_fbw
 .text.handle_periodic_tasks_fbw
                0x00005e30       0x70 /home/colibri/paparazziProto1/var/Colibri/ap/firmwares/fixedwing/main_fbw.o
                0x00005e30                handle_periodic_tasks_fbw
 .text.electrical_init
                0x00005ea0       0x38 /home/colibri/paparazziProto1/var/Colibri/ap/subsystems/electrical.o
                0x00005ea0                electrical_init
 .text.electrical_periodic
                0x00005ed8       0x7c /home/colibri/paparazziProto1/var/Colibri/ap/subsystems/electrical.o
                0x00005ed8                electrical_periodic
 .text.init_ap  0x00005f54       0xfc /home/colibri/paparazziProto1/var/Colibri/ap/firmwares/fixedwing/main_ap.o
                0x00005f54                init_ap
 .text.reporting_task
                0x00006050     0x9fe8 /home/colibri/paparazziProto1/var/Colibri/ap/firmwares/fixedwing/main_ap.o
                0x00006050                reporting_task
 .text.navigation_task
                0x00010038      0x51c /home/colibri/paparazziProto1/var/Colibri/ap/firmwares/fixedwing/main_ap.o
                0x00010038                navigation_task
 .text.attitude_loop
                0x00010554      0x1d8 /home/colibri/paparazziProto1/var/Colibri/ap/firmwares/fixedwing/main_ap.o
                0x00010554                attitude_loop
 .text.monitor_task
                0x0001072c      0x250 /home/colibri/paparazziProto1/var/Colibri/ap/firmwares/fixedwing/main_ap.o
                0x0001072c                monitor_task
 .text.handle_periodic_tasks_ap
                0x0001097c      0x128 /home/colibri/paparazziProto1/var/Colibri/ap/firmwares/fixedwing/main_ap.o
                0x0001097c                handle_periodic_tasks_ap
 .text.event_task_ap
                0x00010aa4      0x6cc /home/colibri/paparazziProto1/var/Colibri/ap/firmwares/fixedwing/main_ap.o
                0x00010aa4                event_task_ap
 .text.alt_kalman_reset
                0x00011170       0x24 /home/colibri/paparazziProto1/var/Colibri/ap/./estimator.o
                0x00011170                alt_kalman_reset
 .text.alt_kalman_init
                0x00011194       0x14 /home/colibri/paparazziProto1/var/Colibri/ap/./estimator.o
                0x00011194                alt_kalman_init
 .text.alt_kalman
                0x000111a8      0x204 /home/colibri/paparazziProto1/var/Colibri/ap/./estimator.o
                0x000111a8                alt_kalman
 .text.estimator_init
                0x000113ac       0xec /home/colibri/paparazziProto1/var/Colibri/ap/./estimator.o
                0x000113ac                estimator_init
 .text.estimator_update_state_gps
                0x00011498      0x168 /home/colibri/paparazziProto1/var/Colibri/ap/./estimator.o
                0x00011498                estimator_update_state_gps
 .text.disableIRQ
                0x00011600       0x10 /home/colibri/paparazziProto1/var/Colibri/ap/arch/lpc21/armVIC.o
                0x00011600                disableIRQ
 .text.restoreIRQ
                0x00011610       0x1c /home/colibri/paparazziProto1/var/Colibri/ap/arch/lpc21/armVIC.o
                0x00011610                restoreIRQ
 .text.enableIRQ
                0x0001162c       0x10 /home/colibri/paparazziProto1/var/Colibri/ap/arch/lpc21/armVIC.o
                0x0001162c                enableIRQ
 .text.startup.main
                0x0001163c       0x20 /home/colibri/paparazziProto1/var/Colibri/ap/firmwares/fixedwing/main.o
                0x0001163c                main
 .text.uart_periph_init
                0x0001165c       0x24 /home/colibri/paparazziProto1/var/Colibri/ap/mcu_periph/uart.o
                0x0001165c                uart_periph_init
 .text.uart_check_free_space
                0x00011680       0x50 /home/colibri/paparazziProto1/var/Colibri/ap/mcu_periph/uart.o
                0x00011680                uart_check_free_space
 .text.uart_ISR
                0x000116d0       0xf8 /home/colibri/paparazziProto1/var/Colibri/ap/arch/lpc21/mcu_periph/uart_arch.o
 .text.uart0_ISR
                0x000117c8       0x34 /home/colibri/paparazziProto1/var/Colibri/ap/arch/lpc21/mcu_periph/uart_arch.o
                0x000117c8                uart0_ISR
 .text.uart1_ISR
                0x000117fc       0x34 /home/colibri/paparazziProto1/var/Colibri/ap/arch/lpc21/mcu_periph/uart_arch.o
                0x000117fc                uart1_ISR
 .text.uart_set_baudrate.isra.2
                0x00011830       0x44 /home/colibri/paparazziProto1/var/Colibri/ap/arch/lpc21/mcu_periph/uart_arch.o
 .text.uart_transmit
                0x00011874       0x90 /home/colibri/paparazziProto1/var/Colibri/ap/arch/lpc21/mcu_periph/uart_arch.o
                0x00011874                uart_transmit
 .text.uart0_init
                0x00011904       0x98 /home/colibri/paparazziProto1/var/Colibri/ap/arch/lpc21/mcu_periph/uart_arch.o
                0x00011904                uart0_init
 .text.uart1_init
                0x0001199c       0x98 /home/colibri/paparazziProto1/var/Colibri/ap/arch/lpc21/mcu_periph/uart_arch.o
                0x0001199c                uart1_init
 .text.settings_init
                0x00011a34        0x4 /home/colibri/paparazziProto1/var/Colibri/ap/subsystems/settings.o
                0x00011a34                settings_init
 .text.adcISR0  0x00011a38       0xa0 /home/colibri/paparazziProto1/var/Colibri/ap/arch/lpc21/mcu_periph/adc_arch.o
                0x00011a38                adcISR0
 .text.adcISR1  0x00011ad8       0xa4 /home/colibri/paparazziProto1/var/Colibri/ap/arch/lpc21/mcu_periph/adc_arch.o
                0x00011ad8                adcISR1
 .text.adc_buf_channel
                0x00011b7c       0x14 /home/colibri/paparazziProto1/var/Colibri/ap/arch/lpc21/mcu_periph/adc_arch.o
                0x00011b7c                adc_buf_channel
 .text.adc_init
                0x00011b90       0xa0 /home/colibri/paparazziProto1/var/Colibri/ap/arch/lpc21/mcu_periph/adc_arch.o
                0x00011b90                adc_init
 .text.actuators_init
                0x00011c30       0xb4 /home/colibri/paparazziProto1/var/Colibri/ap/arch/lpc21/servos_4017_hw.o
                0x00011c30                actuators_init
 .text.radio_control_impl_init
                0x00011ce4       0x14 /home/colibri/paparazziProto1/var/Colibri/ap/subsystems/radio_control/rc_datalink.o
                0x00011ce4                radio_control_impl_init
 .text.parse_rc_3ch_datalink
                0x00011cf8       0x40 /home/colibri/paparazziProto1/var/Colibri/ap/subsystems/radio_control/rc_datalink.o
                0x00011cf8                parse_rc_3ch_datalink
 .text.parse_rc_4ch_datalink
                0x00011d38       0x34 /home/colibri/paparazziProto1/var/Colibri/ap/subsystems/radio_control/rc_datalink.o
                0x00011d38                parse_rc_4ch_datalink
 .text.h_ctl_init
                0x00011d6c      0x13c /home/colibri/paparazziProto1/var/Colibri/ap/firmwares/fixedwing/stabilization/stabilization_attitude.o
                0x00011d6c                h_ctl_init
 .text.h_ctl_course_loop
                0x00011ea8      0x458 /home/colibri/paparazziProto1/var/Colibri/ap/firmwares/fixedwing/stabilization/stabilization_attitude.o
                0x00011ea8                h_ctl_course_loop
 .text.h_ctl_attitude_loop
                0x00012300      0x388 /home/colibri/paparazziProto1/var/Colibri/ap/firmwares/fixedwing/stabilization/stabilization_attitude.o
                0x00012300                h_ctl_attitude_loop
 .text.v_ctl_init
                0x00012688      0x148 /home/colibri/paparazziProto1/var/Colibri/ap/firmwares/fixedwing/guidance/guidance_v.o
                0x00012688                v_ctl_init
 .text.v_ctl_altitude_loop
                0x000127d0      0x114 /home/colibri/paparazziProto1/var/Colibri/ap/firmwares/fixedwing/guidance/guidance_v.o
                0x000127d0                v_ctl_altitude_loop
 .text.v_ctl_climb_loop
                0x000128e4      0x38c /home/colibri/paparazziProto1/var/Colibri/ap/firmwares/fixedwing/guidance/guidance_v.o
                0x000128e4                v_ctl_climb_loop
 .text.v_ctl_throttle_slew
                0x00012c70       0x8c /home/colibri/paparazziProto1/var/Colibri/ap/firmwares/fixedwing/guidance/guidance_v.o
                0x00012c70                v_ctl_throttle_slew
 .text.nav_set_altitude
                0x00012cfc       0x5c /home/colibri/paparazziProto1/var/Colibri/ap/subsystems/nav.o
 .text.nav_init_stage
                0x00012d58       0x84 /home/colibri/paparazziProto1/var/Colibri/ap/subsystems/nav.o
                0x00012d58                nav_init_stage
 .text.nav_approaching_xy
                0x00012ddc      0x104 /home/colibri/paparazziProto1/var/Colibri/ap/subsystems/nav.o
                0x00012ddc                nav_approaching_xy
 .text.fly_to_xy
                0x00012ee0      0x2d0 /home/colibri/paparazziProto1/var/Colibri/ap/subsystems/nav.o
                0x00012ee0                fly_to_xy
 .text.nav_circle_XY
                0x000131b0      0x478 /home/colibri/paparazziProto1/var/Colibri/ap/subsystems/nav.o
                0x000131b0                nav_circle_XY
 .text.nav_route_xy
                0x00013628      0x230 /home/colibri/paparazziProto1/var/Colibri/ap/subsystems/nav.o
                0x00013628                nav_route_xy
 .text.compute_dist2_to_home
                0x00013858       0x9c /home/colibri/paparazziProto1/var/Colibri/ap/subsystems/nav.o
                0x00013858                compute_dist2_to_home
 .text.nav_reset_reference
                0x000138f4      0x134 /home/colibri/paparazziProto1/var/Colibri/ap/subsystems/nav.o
                0x000138f4                nav_reset_reference
 .text.nav_update_waypoints_alt
                0x00013a28       0x58 /home/colibri/paparazziProto1/var/Colibri/ap/subsystems/nav.o
                0x00013a28                nav_update_waypoints_alt
 .text.common_nav_periodic_task_4Hz
                0x00013a80       0x50 /home/colibri/paparazziProto1/var/Colibri/ap/subsystems/nav.o
                0x00013a80                common_nav_periodic_task_4Hz
 .text.nav_move_waypoint
                0x00013ad0      0x118 /home/colibri/paparazziProto1/var/Colibri/ap/subsystems/nav.o
                0x00013ad0                nav_move_waypoint
 .text.nav_home
                0x00013be8       0x88 /home/colibri/paparazziProto1/var/Colibri/ap/subsystems/nav.o
                0x00013be8                nav_home
 .text.nav_init
                0x00013c70       0x74 /home/colibri/paparazziProto1/var/Colibri/ap/subsystems/nav.o
                0x00013c70                nav_init
 .text.nav_without_gps
                0x00013ce4       0x50 /home/colibri/paparazziProto1/var/Colibri/ap/subsystems/nav.o
                0x00013ce4                nav_without_gps
 .text.nav_eight
                0x00013d34      0x7ec /home/colibri/paparazziProto1/var/Colibri/ap/subsystems/nav.o
                0x00013d34                nav_eight
 .text.nav_oval_init
                0x00014520       0x24 /home/colibri/paparazziProto1/var/Colibri/ap/subsystems/nav.o
                0x00014520                nav_oval_init
 .text.nav_oval
                0x00014544      0x714 /home/colibri/paparazziProto1/var/Colibri/ap/subsystems/nav.o
                0x00014544                nav_oval
 .text.nav_periodic_task
                0x00014c58      0x814 /home/colibri/paparazziProto1/var/Colibri/ap/subsystems/nav.o
                0x00014c58                nav_periodic_task
 .text.nav_init_block
                0x0001546c       0x44 /home/colibri/paparazziProto1/var/Colibri/ap/subsystems/navigation/common_flight_plan.o
                0x0001546c                nav_init_block
 .text.nav_goto_block
                0x000154b0       0x40 /home/colibri/paparazziProto1/var/Colibri/ap/subsystems/navigation/common_flight_plan.o
                0x000154b0                nav_goto_block
 .text.traffic_info_init
                0x000154f0       0x38 /home/colibri/paparazziProto1/var/Colibri/ap/subsystems/navigation/traffic_info.o
                0x000154f0                traffic_info_init
 .text.dl_parse_msg
                0x00015528     0x1300 /home/colibri/paparazziProto1/var/Colibri/ap/firmwares/fixedwing/datalink.o
                0x00015528                dl_parse_msg
 .text.ahrs_init
                0x00016828       0xbc /home/colibri/paparazziProto1/var/Colibri/ap/subsystems/ahrs/ahrs_infrared.o
                0x00016828                ahrs_init
 .text.ahrs_update_fw_estimator
                0x000168e4       0x6c /home/colibri/paparazziProto1/var/Colibri/ap/subsystems/ahrs/ahrs_infrared.o
                0x000168e4                ahrs_update_fw_estimator
 .text.ahrs_update_gps
                0x00016950       0xec /home/colibri/paparazziProto1/var/Colibri/ap/subsystems/ahrs/ahrs_infrared.o
                0x00016950                ahrs_update_gps
 .text.ahrs_update_infrared
                0x00016a3c      0x19c /home/colibri/paparazziProto1/var/Colibri/ap/subsystems/ahrs/ahrs_infrared.o
                0x00016a3c                ahrs_update_infrared
 .text.gps_impl_init
                0x00016bd8       0x24 /home/colibri/paparazziProto1/var/Colibri/ap/subsystems/gps/gps_ubx.o
                0x00016bd8                gps_impl_init
 .text.gps_ubx_read_message
                0x00016bfc      0x530 /home/colibri/paparazziProto1/var/Colibri/ap/subsystems/gps/gps_ubx.o
                0x00016bfc                gps_ubx_read_message
 .text.gps_ubx_parse
                0x0001712c      0x198 /home/colibri/paparazziProto1/var/Colibri/ap/subsystems/gps/gps_ubx.o
                0x0001712c                gps_ubx_parse
 .text.gps_init
                0x000172c4       0x34 /home/colibri/paparazziProto1/var/Colibri/ap/subsystems/gps.o
                0x000172c4                gps_init
 .text.infrared_struct_init
                0x000172f8       0x48 /home/colibri/paparazziProto1/var/Colibri/ap/subsystems/sensors/infrared.o
                0x000172f8                infrared_struct_init
 .text.infrared_adc_init
                0x00017340       0x4c /home/colibri/paparazziProto1/var/Colibri/ap/subsystems/sensors/infrared_adc.o
                0x00017340                infrared_adc_init
 .text.infrared_adc_update
                0x0001738c       0xf0 /home/colibri/paparazziProto1/var/Colibri/ap/subsystems/sensors/infrared_adc.o
                0x0001738c                infrared_adc_update
 *fill*         0x0001747c        0x4 
 .text.atan     0x00017480      0x368 /opt/gcc-arm-none-eabi-4_8-2013q4/bin/../lib/gcc/arm-none-eabi/4.8.3/../../../../arm-none-eabi/lib/thumb/libm.a(lib_a-s_atan.o)
                0x00017480                atan
 .text.cos      0x000177e8       0xb0 /opt/gcc-arm-none-eabi-4_8-2013q4/bin/../lib/gcc/arm-none-eabi/4.8.3/../../../../arm-none-eabi/lib/thumb/libm.a(lib_a-s_cos.o)
                0x000177e8                cos
 .text.fabs     0x00017898        0x8 /opt/gcc-arm-none-eabi-4_8-2013q4/bin/../lib/gcc/arm-none-eabi/4.8.3/../../../../arm-none-eabi/lib/thumb/libm.a(lib_a-s_fabs.o)
                0x00017898                fabs
 .text.sin      0x000178a0       0xb0 /opt/gcc-arm-none-eabi-4_8-2013q4/bin/../lib/gcc/arm-none-eabi/4.8.3/../../../../arm-none-eabi/lib/thumb/libm.a(lib_a-s_sin.o)
                0x000178a0                sin
 .text.tan      0x00017950       0x70 /opt/gcc-arm-none-eabi-4_8-2013q4/bin/../lib/gcc/arm-none-eabi/4.8.3/../../../../arm-none-eabi/lib/thumb/libm.a(lib_a-s_tan.o)
                0x00017950                tan
 .text.atanf    0x000179c0      0x248 /opt/gcc-arm-none-eabi-4_8-2013q4/bin/../lib/gcc/arm-none-eabi/4.8.3/../../../../arm-none-eabi/lib/thumb/libm.a(lib_a-sf_atan.o)
                0x000179c0                atanf
 .text.cosf     0x00017c08       0x80 /opt/gcc-arm-none-eabi-4_8-2013q4/bin/../lib/gcc/arm-none-eabi/4.8.3/../../../../arm-none-eabi/lib/thumb/libm.a(lib_a-sf_cos.o)
                0x00017c08                cosf
 .text.fabsf    0x00017c88        0x8 /opt/gcc-arm-none-eabi-4_8-2013q4/bin/../lib/gcc/arm-none-eabi/4.8.3/../../../../arm-none-eabi/lib/thumb/libm.a(lib_a-sf_fabs.o)
                0x00017c88                fabsf
 .text.sinf     0x00017c90       0x80 /opt/gcc-arm-none-eabi-4_8-2013q4/bin/../lib/gcc/arm-none-eabi/4.8.3/../../../../arm-none-eabi/lib/thumb/libm.a(lib_a-sf_sin.o)
                0x00017c90                sinf
 .text.asin     0x00017d10       0xc0 /opt/gcc-arm-none-eabi-4_8-2013q4/bin/../lib/gcc/arm-none-eabi/4.8.3/../../../../arm-none-eabi/lib/thumb/libm.a(lib_a-w_asin.o)
                0x00017d10                asin
 .text.atan2    0x00017dd0        0xc /opt/gcc-arm-none-eabi-4_8-2013q4/bin/../lib/gcc/arm-none-eabi/4.8.3/../../../../arm-none-eabi/lib/thumb/libm.a(lib_a-w_atan2.o)
                0x00017dd0                atan2
 *fill*         0x00017ddc        0x4 
 .text.cosh     0x00017de0       0xd0 /opt/gcc-arm-none-eabi-4_8-2013q4/bin/../lib/gcc/arm-none-eabi/4.8.3/../../../../arm-none-eabi/lib/thumb/libm.a(lib_a-w_cosh.o)
                0x00017de0                cosh
 .text.exp      0x00017eb0      0x138 /opt/gcc-arm-none-eabi-4_8-2013q4/bin/../lib/gcc/arm-none-eabi/4.8.3/../../../../arm-none-eabi/lib/thumb/libm.a(lib_a-w_exp.o)
                0x00017eb0                exp
 .text.log      0x00017fe8      0x118 /opt/gcc-arm-none-eabi-4_8-2013q4/bin/../lib/gcc/arm-none-eabi/4.8.3/../../../../arm-none-eabi/lib/thumb/libm.a(lib_a-w_log.o)
                0x00017fe8                log
 .text.sinh     0x00018100      0x108 /opt/gcc-arm-none-eabi-4_8-2013q4/bin/../lib/gcc/arm-none-eabi/4.8.3/../../../../arm-none-eabi/lib/thumb/libm.a(lib_a-w_sinh.o)
                0x00018100                sinh
 .text.sqrt     0x00018208       0xc0 /opt/gcc-arm-none-eabi-4_8-2013q4/bin/../lib/gcc/arm-none-eabi/4.8.3/../../../../arm-none-eabi/lib/thumb/libm.a(lib_a-w_sqrt.o)
                0x00018208                sqrt
 .text.atan2f   0x000182c8        0xc /opt/gcc-arm-none-eabi-4_8-2013q4/bin/../lib/gcc/arm-none-eabi/4.8.3/../../../../arm-none-eabi/lib/thumb/libm.a(lib_a-wf_atan2.o)
                0x000182c8                atan2f
 *fill*         0x000182d4        0x4 
 .text.__ieee754_asin
                0x000182d8      0x450 /opt/gcc-arm-none-eabi-4_8-2013q4/bin/../lib/gcc/arm-none-eabi/4.8.3/../../../../arm-none-eabi/lib/thumb/libm.a(lib_a-e_asin.o)
                0x000182d8                __ieee754_asin
 .text.__ieee754_atan2
                0x00018728      0x210 /opt/gcc-arm-none-eabi-4_8-2013q4/bin/../lib/gcc/arm-none-eabi/4.8.3/../../../../arm-none-eabi/lib/thumb/libm.a(lib_a-e_atan2.o)
                0x00018728                __ieee754_atan2
 .text.__ieee754_cosh
                0x00018938      0x170 /opt/gcc-arm-none-eabi-4_8-2013q4/bin/../lib/gcc/arm-none-eabi/4.8.3/../../../../arm-none-eabi/lib/thumb/libm.a(lib_a-e_cosh.o)
                0x00018938                __ieee754_cosh
 .text.__ieee754_exp
                0x00018aa8      0x320 /opt/gcc-arm-none-eabi-4_8-2013q4/bin/../lib/gcc/arm-none-eabi/4.8.3/../../../../arm-none-eabi/lib/thumb/libm.a(lib_a-e_exp.o)
                0x00018aa8                __ieee754_exp
 .text.__ieee754_log
                0x00018dc8      0x420 /opt/gcc-arm-none-eabi-4_8-2013q4/bin/../lib/gcc/arm-none-eabi/4.8.3/../../../../arm-none-eabi/lib/thumb/libm.a(lib_a-e_log.o)
                0x00018dc8                __ieee754_log
 .text.__ieee754_rem_pio2
                0x000191e8      0x478 /opt/gcc-arm-none-eabi-4_8-2013q4/bin/../lib/gcc/arm-none-eabi/4.8.3/../../../../arm-none-eabi/lib/thumb/libm.a(lib_a-e_rem_pio2.o)
                0x000191e8                __ieee754_rem_pio2
 .text.__ieee754_sinh
                0x00019660      0x1b0 /opt/gcc-arm-none-eabi-4_8-2013q4/bin/../lib/gcc/arm-none-eabi/4.8.3/../../../../arm-none-eabi/lib/thumb/libm.a(lib_a-e_sinh.o)
                0x00019660                __ieee754_sinh
 .text.__ieee754_sqrt
                0x00019810      0x1c0 /opt/gcc-arm-none-eabi-4_8-2013q4/bin/../lib/gcc/arm-none-eabi/4.8.3/../../../../arm-none-eabi/lib/thumb/libm.a(lib_a-e_sqrt.o)
                0x00019810                __ieee754_sqrt
 .text.__ieee754_atan2f
                0x000199d0      0x14c /opt/gcc-arm-none-eabi-4_8-2013q4/bin/../lib/gcc/arm-none-eabi/4.8.3/../../../../arm-none-eabi/lib/thumb/libm.a(lib_a-ef_atan2.o)
                0x000199d0                __ieee754_atan2f
 .text.__ieee754_rem_pio2f
                0x00019b1c      0x2fc /opt/gcc-arm-none-eabi-4_8-2013q4/bin/../lib/gcc/arm-none-eabi/4.8.3/../../../../arm-none-eabi/lib/thumb/libm.a(lib_a-ef_rem_pio2.o)
                0x00019b1c                __ieee754_rem_pio2f
 .text.__kernel_cos
                0x00019e18      0x250 /opt/gcc-arm-none-eabi-4_8-2013q4/bin/../lib/gcc/arm-none-eabi/4.8.3/../../../../arm-none-eabi/lib/thumb/libm.a(lib_a-k_cos.o)
                0x00019e18                __kernel_cos
 .text.__kernel_rem_pio2
                0x0001a068      0x830 /opt/gcc-arm-none-eabi-4_8-2013q4/bin/../lib/gcc/arm-none-eabi/4.8.3/../../../../arm-none-eabi/lib/thumb/libm.a(lib_a-k_rem_pio2.o)
                0x0001a068                __kernel_rem_pio2
 .text.__kernel_sin
                0x0001a898      0x160 /opt/gcc-arm-none-eabi-4_8-2013q4/bin/../lib/gcc/arm-none-eabi/4.8.3/../../../../arm-none-eabi/lib/thumb/libm.a(lib_a-k_sin.o)
                0x0001a898                __kernel_sin
 .text.__kernel_tan
                0x0001a9f8      0x3b0 /opt/gcc-arm-none-eabi-4_8-2013q4/bin/../lib/gcc/arm-none-eabi/4.8.3/../../../../arm-none-eabi/lib/thumb/libm.a(lib_a-k_tan.o)
                0x0001a9f8                __kernel_tan
 .text.__kernel_cosf
                0x0001ada8      0x194 /opt/gcc-arm-none-eabi-4_8-2013q4/bin/../lib/gcc/arm-none-eabi/4.8.3/../../../../arm-none-eabi/lib/thumb/libm.a(lib_a-kf_cos.o)
                0x0001ada8                __kernel_cosf
 .text.__kernel_rem_pio2f
                0x0001af3c      0x6c4 /opt/gcc-arm-none-eabi-4_8-2013q4/bin/../lib/gcc/arm-none-eabi/4.8.3/../../../../arm-none-eabi/lib/thumb/libm.a(lib_a-kf_rem_pio2.o)
                0x0001af3c                __kernel_rem_pio2f
 .text.__kernel_sinf
                0x0001b600       0xf8 /opt/gcc-arm-none-eabi-4_8-2013q4/bin/../lib/gcc/arm-none-eabi/4.8.3/../../../../arm-none-eabi/lib/thumb/libm.a(lib_a-kf_sin.o)
                0x0001b600                __kernel_sinf
 .text.expm1    0x0001b6f8      0x4c0 /opt/gcc-arm-none-eabi-4_8-2013q4/bin/../lib/gcc/arm-none-eabi/4.8.3/../../../../arm-none-eabi/lib/thumb/libm.a(lib_a-s_expm1.o)
                0x0001b6f8                expm1
 .text.finite   0x0001bbb8       0x10 /opt/gcc-arm-none-eabi-4_8-2013q4/bin/../lib/gcc/arm-none-eabi/4.8.3/../../../../arm-none-eabi/lib/thumb/libm.a(lib_a-s_finite.o)
                0x0001bbb8                finite
 .text.floor    0x0001bbc8      0x170 /opt/gcc-arm-none-eabi-4_8-2013q4/bin/../lib/gcc/arm-none-eabi/4.8.3/../../../../arm-none-eabi/lib/thumb/libm.a(lib_a-s_floor.o)
                0x0001bbc8                floor
 .text.__fpclassifyd
                0x0001bd38       0x5c /opt/gcc-arm-none-eabi-4_8-2013q4/bin/../lib/gcc/arm-none-eabi/4.8.3/../../../../arm-none-eabi/lib/thumb/libm.a(lib_a-s_fpclassify.o)
                0x0001bd38                __fpclassifyd
 .text.matherr  0x0001bd94        0x4 /opt/gcc-arm-none-eabi-4_8-2013q4/bin/../lib/gcc/arm-none-eabi/4.8.3/../../../../arm-none-eabi/lib/thumb/libm.a(lib_a-s_matherr.o)
                0x0001bd94                matherr
 .text.nan      0x0001bd98       0x10 /opt/gcc-arm-none-eabi-4_8-2013q4/bin/../lib/gcc/arm-none-eabi/4.8.3/../../../../arm-none-eabi/lib/thumb/libm.a(lib_a-s_nan.o)
                0x0001bd98                nan
 .text.scalbn   0x0001bda8      0x110 /opt/gcc-arm-none-eabi-4_8-2013q4/bin/../lib/gcc/arm-none-eabi/4.8.3/../../../../arm-none-eabi/lib/thumb/libm.a(lib_a-s_scalbn.o)
                0x0001bda8                scalbn
 .text.floorf   0x0001beb8       0x9c /opt/gcc-arm-none-eabi-4_8-2013q4/bin/../lib/gcc/arm-none-eabi/4.8.3/../../../../arm-none-eabi/lib/thumb/libm.a(lib_a-sf_floor.o)
                0x0001beb8                floorf
 .text.scalbnf  0x0001bf54       0xd0 /opt/gcc-arm-none-eabi-4_8-2013q4/bin/../lib/gcc/arm-none-eabi/4.8.3/../../../../arm-none-eabi/lib/thumb/libm.a(lib_a-sf_scalbn.o)
                0x0001bf54                scalbnf
 .text.copysign
                0x0001c024       0x14 /opt/gcc-arm-none-eabi-4_8-2013q4/bin/../lib/gcc/arm-none-eabi/4.8.3/../../../../arm-none-eabi/lib/thumb/libm.a(lib_a-s_copysign.o)
                0x0001c024                copysign
 .text.copysignf
                0x0001c038        0xc /opt/gcc-arm-none-eabi-4_8-2013q4/bin/../lib/gcc/arm-none-eabi/4.8.3/../../../../arm-none-eabi/lib/thumb/libm.a(lib_a-sf_copysign.o)
                0x0001c038                copysignf
 .text.__errno  0x0001c044        0xc /opt/gcc-arm-none-eabi-4_8-2013q4/bin/../lib/gcc/arm-none-eabi/4.8.3/../../../../arm-none-eabi/lib/thumb/libc.a(lib_a-errno.o)
                0x0001c044                __errno
 .text          0x0001c050      0x11c /opt/gcc-arm-none-eabi-4_8-2013q4/bin/../lib/gcc/arm-none-eabi/4.8.3/thumb/libgcc.a(_udivsi3.o)
                0x0001c050                __udivsi3
                0x0001c050                __aeabi_uidiv
                0x0001c14c                __aeabi_uidivmod
 .text          0x0001c16c      0x150 /opt/gcc-arm-none-eabi-4_8-2013q4/bin/../lib/gcc/arm-none-eabi/4.8.3/thumb/libgcc.a(_divsi3.o)
                0x0001c16c                __aeabi_idiv
                0x0001c16c                __divsi3
                0x0001c29c                __aeabi_idivmod
 .text          0x0001c2bc        0x4 /opt/gcc-arm-none-eabi-4_8-2013q4/bin/../lib/gcc/arm-none-eabi/4.8.3/thumb/libgcc.a(_dvmd_tls.o)
                0x0001c2bc                __aeabi_ldiv0
                0x0001c2bc                __aeabi_idiv0
 .text          0x0001c2c0      0x41c /opt/gcc-arm-none-eabi-4_8-2013q4/bin/../lib/gcc/arm-none-eabi/4.8.3/thumb/libgcc.a(_arm_addsubdf3.o)
                0x0001c2c0                __aeabi_drsub
                0x0001c2c8                __aeabi_dsub
                0x0001c2c8                __subdf3
                0x0001c2cc                __adddf3
                0x0001c2cc                __aeabi_dadd
                0x0001c5dc                __aeabi_ui2d
                0x0001c5dc                __floatunsidf
                0x0001c600                __floatsidf
                0x0001c600                __aeabi_i2d
                0x0001c628                __extendsfdf2
                0x0001c628                __aeabi_f2d
                0x0001c668                __aeabi_ul2d
                0x0001c668                __floatundidf
                0x0001c67c                __floatdidf
                0x0001c67c                __aeabi_l2d
 .text          0x0001c6dc      0x49c /opt/gcc-arm-none-eabi-4_8-2013q4/bin/../lib/gcc/arm-none-eabi/4.8.3/thumb/libgcc.a(_arm_muldivdf3.o)
                0x0001c6dc                __aeabi_dmul
                0x0001c6dc                __muldf3
                0x0001c96c                __aeabi_ddiv
                0x0001c96c                __divdf3
 .text          0x0001cb78      0x144 /opt/gcc-arm-none-eabi-4_8-2013q4/bin/../lib/gcc/arm-none-eabi/4.8.3/thumb/libgcc.a(_arm_cmpdf2.o)
                0x0001cb78                __gtdf2
                0x0001cb78                __gedf2
                0x0001cb80                __ltdf2
                0x0001cb80                __ledf2
                0x0001cb88                __cmpdf2
                0x0001cb88                __eqdf2
                0x0001cb88                __nedf2
                0x0001cc10                __aeabi_cdrcmple
                0x0001cc2c                __aeabi_cdcmple
                0x0001cc2c                __aeabi_cdcmpeq
                0x0001cc44                __aeabi_dcmpeq
                0x0001cc5c                __aeabi_dcmplt
                0x0001cc74                __aeabi_dcmple
                0x0001cc8c                __aeabi_dcmpge
                0x0001cca4                __aeabi_dcmpgt
 .text          0x0001ccbc       0x5c /opt/gcc-arm-none-eabi-4_8-2013q4/bin/../lib/gcc/arm-none-eabi/4.8.3/thumb/libgcc.a(_arm_fixdfsi.o)
                0x0001ccbc                __fixdfsi
                0x0001ccbc                __aeabi_d2iz
 .text          0x0001cd18       0x54 /opt/gcc-arm-none-eabi-4_8-2013q4/bin/../lib/gcc/arm-none-eabi/4.8.3/thumb/libgcc.a(_arm_fixunsdfsi.o)
                0x0001cd18                __fixunsdfsi
                0x0001cd18                __aeabi_d2uiz
 .text          0x0001cd6c       0xa0 /opt/gcc-arm-none-eabi-4_8-2013q4/bin/../lib/gcc/arm-none-eabi/4.8.3/thumb/libgcc.a(_arm_truncdfsf2.o)
                0x0001cd6c                __aeabi_d2f
                0x0001cd6c                __truncdfsf2
 .text          0x0001ce0c      0x2ac /opt/gcc-arm-none-eabi-4_8-2013q4/bin/../lib/gcc/arm-none-eabi/4.8.3/thumb/libgcc.a(_arm_addsubsf3.o)
                0x0001ce0c                __aeabi_frsub
                0x0001ce14                __subsf3
                0x0001ce14                __aeabi_fsub
                0x0001ce18                __aeabi_fadd
                0x0001ce18                __addsf3
                0x0001cfd4                __aeabi_ui2f
                0x0001cfd4                __floatunsisf
                0x0001cfdc                __aeabi_i2f
                0x0001cfdc                __floatsisf
                0x0001cffc                __floatundisf
                0x0001cffc                __aeabi_ul2f
                0x0001d00c                __floatdisf
                0x0001d00c                __aeabi_l2f
 .text          0x0001d0b8      0x2f8 /opt/gcc-arm-none-eabi-4_8-2013q4/bin/../lib/gcc/arm-none-eabi/4.8.3/thumb/libgcc.a(_arm_muldivsf3.o)
                0x0001d0b8                __mulsf3
                0x0001d0b8                __aeabi_fmul
                0x0001d250                __divsf3
                0x0001d250                __aeabi_fdiv
 .text          0x0001d3b0      0x114 /opt/gcc-arm-none-eabi-4_8-2013q4/bin/../lib/gcc/arm-none-eabi/4.8.3/thumb/libgcc.a(_arm_cmpsf2.o)
                0x0001d3b0                __gtsf2
                0x0001d3b0                __gesf2
                0x0001d3b8                __lesf2
                0x0001d3b8                __ltsf2
                0x0001d3c0                __nesf2
                0x0001d3c0                __eqsf2
                0x0001d3c0                __cmpsf2
                0x0001d424                __aeabi_cfrcmple
                0x0001d434                __aeabi_cfcmple
                0x0001d434                __aeabi_cfcmpeq
                0x0001d44c                __aeabi_fcmpeq
                0x0001d464                __aeabi_fcmplt
                0x0001d47c                __aeabi_fcmple
                0x0001d494                __aeabi_fcmpge
                0x0001d4ac                __aeabi_fcmpgt
 .text          0x0001d4c4       0x5c /opt/gcc-arm-none-eabi-4_8-2013q4/bin/../lib/gcc/arm-none-eabi/4.8.3/thumb/libgcc.a(_arm_fixsfsi.o)
                0x0001d4c4                __fixsfsi
                0x0001d4c4                __aeabi_f2iz
 .text          0x0001d520       0x54 /opt/gcc-arm-none-eabi-4_8-2013q4/bin/../lib/gcc/arm-none-eabi/4.8.3/thumb/libgcc.a(_arm_fixunssfsi.o)
                0x0001d520                __aeabi_f2uiz
                0x0001d520                __fixunssfsi
 *fill*         0x0001d574        0x4 
 .text.__stub   0x0001d578      0x154 linker stubs
 *(.gnu.linkonce.t.*)
 *(.glue_7)
 .glue_7        0x00000000        0x0 linker stubs
 *(.glue_7t)
 .glue_7t       0x00000000        0x0 linker stubs
 *(.gcc_except_table)
 *(.rodata)
 *(.rodata*)
 .rodata.serie_coeff_proj_mercator
                0x0001d708       0x14 /home/colibri/paparazziProto1/var/Colibri/ap/math/pprz_geodetic_float.o
 .rodata.commands_failsafe
                0x0001d71c        0xa /home/colibri/paparazziProto1/var/Colibri/ap/./commands.o
                0x0001d71c                commands_failsafe
 .rodata.version
                0x0001d726        0x2 /home/colibri/paparazziProto1/var/Colibri/ap/firmwares/fixedwing/main_ap.o
 .rodata.str1.1
                0x0001d728       0x11 /home/colibri/paparazziProto1/var/Colibri/ap/firmwares/fixedwing/main_ap.o
 .rodata.nb_waypoint
                0x0001d739        0x1 /home/colibri/paparazziProto1/var/Colibri/ap/subsystems/nav.o
                0x0001d739                nb_waypoint
 *fill*         0x0001d73a        0x6 
 .rodata.atanlo
                0x0001d740       0x20 /opt/gcc-arm-none-eabi-4_8-2013q4/bin/../lib/gcc/arm-none-eabi/4.8.3/../../../../arm-none-eabi/lib/thumb/libm.a(lib_a-s_atan.o)
 .rodata.atanhi
                0x0001d760       0x20 /opt/gcc-arm-none-eabi-4_8-2013q4/bin/../lib/gcc/arm-none-eabi/4.8.3/../../../../arm-none-eabi/lib/thumb/libm.a(lib_a-s_atan.o)
 .rodata.atanlo
                0x0001d780       0x10 /opt/gcc-arm-none-eabi-4_8-2013q4/bin/../lib/gcc/arm-none-eabi/4.8.3/../../../../arm-none-eabi/lib/thumb/libm.a(lib_a-sf_atan.o)
 .rodata.atanhi
                0x0001d790       0x10 /opt/gcc-arm-none-eabi-4_8-2013q4/bin/../lib/gcc/arm-none-eabi/4.8.3/../../../../arm-none-eabi/lib/thumb/libm.a(lib_a-sf_atan.o)
 .rodata.str1.4
                0x0001d7a0        0x5 /opt/gcc-arm-none-eabi-4_8-2013q4/bin/../lib/gcc/arm-none-eabi/4.8.3/../../../../arm-none-eabi/lib/thumb/libm.a(lib_a-w_asin.o)
                                  0xc (size before relaxing)
 *fill*         0x0001d7a5        0x3 
 .rodata.str1.4
                0x0001d7a8        0x5 /opt/gcc-arm-none-eabi-4_8-2013q4/bin/../lib/gcc/arm-none-eabi/4.8.3/../../../../arm-none-eabi/lib/thumb/libm.a(lib_a-w_cosh.o)
                                  0x8 (size before relaxing)
 *fill*         0x0001d7ad        0x3 
 .rodata.str1.4
                0x0001d7b0        0x4 /opt/gcc-arm-none-eabi-4_8-2013q4/bin/../lib/gcc/arm-none-eabi/4.8.3/../../../../arm-none-eabi/lib/thumb/libm.a(lib_a-w_exp.o)
 .rodata.str1.4
                0x0001d7b4        0x4 /opt/gcc-arm-none-eabi-4_8-2013q4/bin/../lib/gcc/arm-none-eabi/4.8.3/../../../../arm-none-eabi/lib/thumb/libm.a(lib_a-w_log.o)
                                  0x8 (size before relaxing)
 .rodata.str1.4
                0x0001d7b8        0x5 /opt/gcc-arm-none-eabi-4_8-2013q4/bin/../lib/gcc/arm-none-eabi/4.8.3/../../../../arm-none-eabi/lib/thumb/libm.a(lib_a-w_sinh.o)
                                  0x8 (size before relaxing)
 *fill*         0x0001d7bd        0x3 
 .rodata.str1.4
                0x0001d7c0        0x5 /opt/gcc-arm-none-eabi-4_8-2013q4/bin/../lib/gcc/arm-none-eabi/4.8.3/../../../../arm-none-eabi/lib/thumb/libm.a(lib_a-w_sqrt.o)
                                  0x8 (size before relaxing)
 *fill*         0x0001d7c5        0x3 
 .rodata.halF   0x0001d7c8       0x10 /opt/gcc-arm-none-eabi-4_8-2013q4/bin/../lib/gcc/arm-none-eabi/4.8.3/../../../../arm-none-eabi/lib/thumb/libm.a(lib_a-e_exp.o)
 .rodata.ln2LO  0x0001d7d8       0x10 /opt/gcc-arm-none-eabi-4_8-2013q4/bin/../lib/gcc/arm-none-eabi/4.8.3/../../../../arm-none-eabi/lib/thumb/libm.a(lib_a-e_exp.o)
 .rodata.ln2HI  0x0001d7e8       0x10 /opt/gcc-arm-none-eabi-4_8-2013q4/bin/../lib/gcc/arm-none-eabi/4.8.3/../../../../arm-none-eabi/lib/thumb/libm.a(lib_a-e_exp.o)
 .rodata.npio2_hw
                0x0001d7f8       0x80 /opt/gcc-arm-none-eabi-4_8-2013q4/bin/../lib/gcc/arm-none-eabi/4.8.3/../../../../arm-none-eabi/lib/thumb/libm.a(lib_a-e_rem_pio2.o)
 .rodata.two_over_pi
                0x0001d878      0x108 /opt/gcc-arm-none-eabi-4_8-2013q4/bin/../lib/gcc/arm-none-eabi/4.8.3/../../../../arm-none-eabi/lib/thumb/libm.a(lib_a-e_rem_pio2.o)
 .rodata.npio2_hw
                0x0001d980       0x80 /opt/gcc-arm-none-eabi-4_8-2013q4/bin/../lib/gcc/arm-none-eabi/4.8.3/../../../../arm-none-eabi/lib/thumb/libm.a(lib_a-ef_rem_pio2.o)
 .rodata.two_over_pi
                0x0001da00      0x318 /opt/gcc-arm-none-eabi-4_8-2013q4/bin/../lib/gcc/arm-none-eabi/4.8.3/../../../../arm-none-eabi/lib/thumb/libm.a(lib_a-ef_rem_pio2.o)
 .rodata.init_jk
                0x0001dd18       0x10 /opt/gcc-arm-none-eabi-4_8-2013q4/bin/../lib/gcc/arm-none-eabi/4.8.3/../../../../arm-none-eabi/lib/thumb/libm.a(lib_a-k_rem_pio2.o)
 .rodata.PIo2   0x0001dd28       0x40 /opt/gcc-arm-none-eabi-4_8-2013q4/bin/../lib/gcc/arm-none-eabi/4.8.3/../../../../arm-none-eabi/lib/thumb/libm.a(lib_a-k_rem_pio2.o)
 .rodata.init_jk
                0x0001dd68        0xc /opt/gcc-arm-none-eabi-4_8-2013q4/bin/../lib/gcc/arm-none-eabi/4.8.3/../../../../arm-none-eabi/lib/thumb/libm.a(lib_a-kf_rem_pio2.o)
 .rodata.PIo2   0x0001dd74       0x2c /opt/gcc-arm-none-eabi-4_8-2013q4/bin/../lib/gcc/arm-none-eabi/4.8.3/../../../../arm-none-eabi/lib/thumb/libm.a(lib_a-kf_rem_pio2.o)
 .rodata.str1.4
                0x0001dda0        0x4 /opt/gcc-arm-none-eabi-4_8-2013q4/bin/../lib/gcc/arm-none-eabi/4.8.3/../../../../arm-none-eabi/lib/thumb/libc.a(lib_a-impure.o)
 *(.gnu.linkonce.r.*)

.vfp11_veneer   0x0001dda4        0x0
 .vfp11_veneer  0x00000000        0x0 linker stubs

.v4_bx          0x0001dda4        0x0
 .v4_bx         0x00000000        0x0 linker stubs

.iplt           0x0001dda4        0x0
 .iplt          0x00000000        0x0 /home/colibri/paparazziProto1/var/Colibri/ap/crt0.o

.rel.dyn        0x0001dda4        0x0
 .rel.iplt      0x00000000        0x0 /home/colibri/paparazziProto1/var/Colibri/ap/crt0.o
                0x0001dda4                . = ALIGN (0x4)

.ARM.exidx      0x0001dda4        0x0
                0x0001dda4                __exidx_start = .
 *(.ARM.exidx* .gnu.linkonce.armexidx.*)
                0x0001dda4                __exidx_end = .
                0x0001dda4                . = ALIGN (0x4)

.ctors          0x0001dda4        0x0
                0x0001dda4                PROVIDE (__ctors_start__, .)
 *(SORT(.ctors.*))
 *(.ctors)
                0x0001dda4                PROVIDE (__ctors_end__, .)

.dtors          0x0001dda4        0x0
                0x0001dda4                PROVIDE (__dtors_start__, .)
 *(SORT(.dtors.*))
 *(.dtors)
                0x0001dda4                PROVIDE (__dtors_end__, .)
                0x0001dda4                . = ALIGN (0x4)
                0x0001dda4                _etext = .
                0x0001dda4                PROVIDE (etext, .)

.data           0x40000000      0x4f4 load address 0x0001dda4
                0x40000000                _data = .
 *(.data)
 *(.data.*)
 .data.fbw_state
                0x40000000        0x4 /home/colibri/paparazziProto1/var/Colibri/ap/./inter_mcu.o
                0x40000000                fbw_state
 .data.ap_state
                0x40000004        0x4 /home/colibri/paparazziProto1/var/Colibri/ap/./inter_mcu.o
                0x40000004                ap_state
 .data.pprz_mode
                0x40000008        0x1 /home/colibri/paparazziProto1/var/Colibri/ap/firmwares/fixedwing/main_ap.o
                0x40000008                pprz_mode
 .data.boot.6676
                0x40000009        0x1 /home/colibri/paparazziProto1/var/Colibri/ap/firmwares/fixedwing/main_ap.o
 .data.adc0_val
                0x4000000a       0x10 /home/colibri/paparazziProto1/var/Colibri/ap/arch/lpc21/mcu_periph/adc_arch.o
                0x4000000a                adc0_val
 .data.adc1_val
                0x4000001a       0x10 /home/colibri/paparazziProto1/var/Colibri/ap/arch/lpc21/mcu_periph/adc_arch.o
                0x4000001a                adc1_val
 *fill*         0x4000002a        0x2 
 .data.v_ctl_auto_throttle_dash_trim
                0x4000002c        0x4 /home/colibri/paparazziProto1/var/Colibri/ap/firmwares/fixedwing/stabilization/stabilization_attitude.o
                0x4000002c                v_ctl_auto_throttle_dash_trim
 .data.v_ctl_auto_throttle_loiter_trim
                0x40000030        0x4 /home/colibri/paparazziProto1/var/Colibri/ap/firmwares/fixedwing/stabilization/stabilization_attitude.o
                0x40000030                v_ctl_auto_throttle_loiter_trim
 .data.max_dist_from_home
                0x40000034        0x4 /home/colibri/paparazziProto1/var/Colibri/ap/subsystems/nav.o
                0x40000034                max_dist_from_home
 .data.nav_utm_zone0
                0x40000038        0x1 /home/colibri/paparazziProto1/var/Colibri/ap/subsystems/nav.o
                0x40000038                nav_utm_zone0
 *fill*         0x40000039        0x3 
 .data.nav_utm_north0
                0x4000003c        0x4 /home/colibri/paparazziProto1/var/Colibri/ap/subsystems/nav.o
                0x4000003c                nav_utm_north0
 .data.nav_altitude
                0x40000040        0x4 /home/colibri/paparazziProto1/var/Colibri/ap/subsystems/nav.o
                0x40000040                nav_altitude
 .data.waypoints
                0x40000044       0x78 /home/colibri/paparazziProto1/var/Colibri/ap/subsystems/nav.o
                0x40000044                waypoints
 .data.nav_utm_east0
                0x400000bc        0x4 /home/colibri/paparazziProto1/var/Colibri/ap/subsystems/nav.o
                0x400000bc                nav_utm_east0
 .data.__fdlib_version
                0x400000c0        0x1 /opt/gcc-arm-none-eabi-4_8-2013q4/bin/../lib/gcc/arm-none-eabi/4.8.3/../../../../arm-none-eabi/lib/thumb/libm.a(lib_a-s_lib_ver.o)
                0x400000c0                __fdlib_version
 *fill*         0x400000c1        0x7 
 .data.impure_data
                0x400000c8      0x428 /opt/gcc-arm-none-eabi-4_8-2013q4/bin/../lib/gcc/arm-none-eabi/4.8.3/../../../../arm-none-eabi/lib/thumb/libc.a(lib_a-impure.o)
 .data._impure_ptr
                0x400004f0        0x4 /opt/gcc-arm-none-eabi-4_8-2013q4/bin/../lib/gcc/arm-none-eabi/4.8.3/../../../../arm-none-eabi/lib/thumb/libc.a(lib_a-impure.o)
                0x400004f0                _impure_ptr
 *(.gnu.linkonce.d*)
                0x400004f4                . = ALIGN (0x4)
 *(.fastrun)

.igot.plt       0x400004f4        0x0 load address 0x0001e298
 .igot.plt      0x00000000        0x0 /home/colibri/paparazziProto1/var/Colibri/ap/crt0.o
                0x400004f4                . = ALIGN (0x4)
                0x400004f4                _edata = .
                0x400004f4                PROVIDE (edata, .)

.bss            0x400004f8     0x109c load address 0x0001e2a0
                0x400004f8                __bss_start = .
                0x400004f8                __bss_start__ = .
 *(.bss)
 *(.bss.*)
 .bss.inter_mcu_received_ap
                0x400004f8        0x1 /home/colibri/paparazziProto1/var/Colibri/ap/./inter_mcu.o
                0x400004f8                inter_mcu_received_ap
 *fill*         0x400004f9        0x1 
 .bss._ap_state
                0x400004fa        0xe /home/colibri/paparazziProto1/var/Colibri/ap/./inter_mcu.o
 .bss.inter_mcu_received_fbw
                0x40000508        0x1 /home/colibri/paparazziProto1/var/Colibri/ap/./inter_mcu.o
                0x40000508                inter_mcu_received_fbw
 *fill*         0x40000509        0x3 
 .bss._fbw_state
                0x4000050c       0x14 /home/colibri/paparazziProto1/var/Colibri/ap/./inter_mcu.o
 .bss.i30.5797  0x40000520        0x1 /home/colibri/paparazziProto1/var/Colibri/ap/firmwares/fixedwing/main_fbw.o
 .bss.i120.5798
                0x40000521        0x1 /home/colibri/paparazziProto1/var/Colibri/ap/firmwares/fixedwing/main_fbw.o
 .bss._1Hz.5581
                0x40000522        0x1 /home/colibri/paparazziProto1/var/Colibri/ap/firmwares/fixedwing/main_fbw.o
 *fill*         0x40000523        0x1 
 .bss.i300.5827
                0x40000524        0x2 /home/colibri/paparazziProto1/var/Colibri/ap/firmwares/fixedwing/main_fbw.o
 .bss.i15.5796  0x40000526        0x1 /home/colibri/paparazziProto1/var/Colibri/ap/firmwares/fixedwing/main_fbw.o
 .bss.fbw_new_actuators
                0x40000527        0x1 /home/colibri/paparazziProto1/var/Colibri/ap/firmwares/fixedwing/main_fbw.o
                0x40000527                fbw_new_actuators
 .bss.i30.5825  0x40000528        0x1 /home/colibri/paparazziProto1/var/Colibri/ap/firmwares/fixedwing/main_fbw.o
 .bss.i60.5826  0x40000529        0x1 /home/colibri/paparazziProto1/var/Colibri/ap/firmwares/fixedwing/main_fbw.o
 *fill*         0x4000052a        0x2 
 .bss.electrical_priv
                0x4000052c       0x48 /home/colibri/paparazziProto1/var/Colibri/ap/subsystems/electrical.o
 .bss.command_roll_trim
                0x40000574        0x2 /home/colibri/paparazziProto1/var/Colibri/ap/./commands.o
                0x40000574                command_roll_trim
 .bss.command_pitch_trim
                0x40000576        0x2 /home/colibri/paparazziProto1/var/Colibri/ap/./commands.o
                0x40000576                command_pitch_trim
 .bss.telemetry_mode_Fbw
                0x40000578        0x1 /home/colibri/paparazziProto1/var/Colibri/ap/firmwares/fixedwing/fbw_downlink.o
                0x40000578                telemetry_mode_Fbw
 .bss.i243.7033
                0x40000579        0x1 /home/colibri/paparazziProto1/var/Colibri/ap/firmwares/fixedwing/main_ap.o
 .bss.i183.7030
                0x4000057a        0x1 /home/colibri/paparazziProto1/var/Colibri/ap/firmwares/fixedwing/main_ap.o
 *fill*         0x4000057b        0x1 
 .bss.last.7444
                0x4000057c        0x2 /home/colibri/paparazziProto1/var/Colibri/ap/firmwares/fixedwing/main_ap.o
 .bss.i66.7024  0x4000057e        0x1 /home/colibri/paparazziProto1/var/Colibri/ap/firmwares/fixedwing/main_ap.o
 .bss.i240.7032
                0x4000057f        0x1 /home/colibri/paparazziProto1/var/Colibri/ap/firmwares/fixedwing/main_ap.o
 .bss.i66.6684  0x40000580        0x1 /home/colibri/paparazziProto1/var/Colibri/ap/firmwares/fixedwing/main_ap.o
 *fill*         0x40000581        0x1 
 .bss.i324.7353
                0x40000582        0x2 /home/colibri/paparazziProto1/var/Colibri/ap/firmwares/fixedwing/main_ap.o
 .bss.i63.7023  0x40000584        0x1 /home/colibri/paparazziProto1/var/Colibri/ap/firmwares/fixedwing/main_ap.o
 .bss.mcu1_ppm_cpt
                0x40000585        0x1 /home/colibri/paparazziProto1/var/Colibri/ap/firmwares/fixedwing/main_ap.o
 .bss.t.7546    0x40000586        0x1 /home/colibri/paparazziProto1/var/Colibri/ap/firmwares/fixedwing/main_ap.o
 .bss.i180.7029
                0x40000587        0x1 /home/colibri/paparazziProto1/var/Colibri/ap/firmwares/fixedwing/main_ap.o
 .bss.i.6890    0x40000588        0x1 /home/colibri/paparazziProto1/var/Colibri/ap/firmwares/fixedwing/main_ap.o
 .bss.i60.6682  0x40000589        0x1 /home/colibri/paparazziProto1/var/Colibri/ap/firmwares/fixedwing/main_ap.o
 .bss.launch    0x4000058a        0x1 /home/colibri/paparazziProto1/var/Colibri/ap/firmwares/fixedwing/main_ap.o
                0x4000058a                launch
 *fill*         0x4000058b        0x1 
 .bss.i330.7354
                0x4000058c        0x2 /home/colibri/paparazziProto1/var/Colibri/ap/firmwares/fixedwing/main_ap.o
 .bss.i6.6680   0x4000058e        0x1 /home/colibri/paparazziProto1/var/Colibri/ap/firmwares/fixedwing/main_ap.o
 *fill*         0x4000058f        0x1 
 .bss.i318.7352
                0x40000590        0x2 /home/colibri/paparazziProto1/var/Colibri/ap/firmwares/fixedwing/main_ap.o
 .bss.i.7126    0x40000592        0x1 /home/colibri/paparazziProto1/var/Colibri/ap/firmwares/fixedwing/main_ap.o
 *fill*         0x40000593        0x1 
 .bss.i306.7035
                0x40000594        0x2 /home/colibri/paparazziProto1/var/Colibri/ap/firmwares/fixedwing/main_ap.o
 .bss.i312.7036
                0x40000596        0x2 /home/colibri/paparazziProto1/var/Colibri/ap/firmwares/fixedwing/main_ap.o
 .bss.lateral_mode
                0x40000598        0x1 /home/colibri/paparazziProto1/var/Colibri/ap/firmwares/fixedwing/main_ap.o
                0x40000598                lateral_mode
 .bss.mcu1_status
                0x40000599        0x1 /home/colibri/paparazziProto1/var/Colibri/ap/firmwares/fixedwing/main_ap.o
 .bss.i126.7028
                0x4000059a        0x1 /home/colibri/paparazziProto1/var/Colibri/ap/firmwares/fixedwing/main_ap.o
 .bss.i192.7031
                0x4000059b        0x1 /home/colibri/paparazziProto1/var/Colibri/ap/firmwares/fixedwing/main_ap.o
 .bss.i300.7034
                0x4000059c        0x2 /home/colibri/paparazziProto1/var/Colibri/ap/firmwares/fixedwing/main_ap.o
 .bss.i.6693    0x4000059e        0x1 /home/colibri/paparazziProto1/var/Colibri/ap/firmwares/fixedwing/main_ap.o
 .bss.i90.7027  0x4000059f        0x1 /home/colibri/paparazziProto1/var/Colibri/ap/firmwares/fixedwing/main_ap.o
 .bss.i.7039    0x400005a0        0x1 /home/colibri/paparazziProto1/var/Colibri/ap/firmwares/fixedwing/main_ap.o
 .bss.i90.6686  0x400005a1        0x1 /home/colibri/paparazziProto1/var/Colibri/ap/firmwares/fixedwing/main_ap.o
 .bss.i300.6690
                0x400005a2        0x2 /home/colibri/paparazziProto1/var/Colibri/ap/firmwares/fixedwing/main_ap.o
 .bss.i306.6691
                0x400005a4        0x2 /home/colibri/paparazziProto1/var/Colibri/ap/firmwares/fixedwing/main_ap.o
 .bss.i540.6692
                0x400005a6        0x2 /home/colibri/paparazziProto1/var/Colibri/ap/firmwares/fixedwing/main_ap.o
 .bss.i540.7037
                0x400005a8        0x2 /home/colibri/paparazziProto1/var/Colibri/ap/firmwares/fixedwing/main_ap.o
 .bss.i300.7350
                0x400005aa        0x2 /home/colibri/paparazziProto1/var/Colibri/ap/firmwares/fixedwing/main_ap.o
 .bss.i126.6688
                0x400005ac        0x1 /home/colibri/paparazziProto1/var/Colibri/ap/firmwares/fixedwing/main_ap.o
 .bss.kill_throttle
                0x400005ad        0x1 /home/colibri/paparazziProto1/var/Colibri/ap/firmwares/fixedwing/main_ap.o
                0x400005ad                kill_throttle
 .bss.i.7108    0x400005ae        0x1 /home/colibri/paparazziProto1/var/Colibri/ap/firmwares/fixedwing/main_ap.o
 *fill*         0x400005af        0x1 
 .bss.i420.7356
                0x400005b0        0x2 /home/colibri/paparazziProto1/var/Colibri/ap/firmwares/fixedwing/main_ap.o
 .bss.last.7005
                0x400005b2        0x2 /home/colibri/paparazziProto1/var/Colibri/ap/firmwares/fixedwing/main_ap.o
 .bss.i84.7026  0x400005b4        0x1 /home/colibri/paparazziProto1/var/Colibri/ap/firmwares/fixedwing/main_ap.o
 *fill*         0x400005b5        0x1 
 .bss.i306.7351
                0x400005b6        0x2 /home/colibri/paparazziProto1/var/Colibri/ap/firmwares/fixedwing/main_ap.o
 .bss.i1.6448   0x400005b8        0x1 /home/colibri/paparazziProto1/var/Colibri/ap/firmwares/fixedwing/main_ap.o
 .bss.i63.6683  0x400005b9        0x1 /home/colibri/paparazziProto1/var/Colibri/ap/firmwares/fixedwing/main_ap.o
 .bss.i120.6687
                0x400005ba        0x1 /home/colibri/paparazziProto1/var/Colibri/ap/firmwares/fixedwing/main_ap.o
 *fill*         0x400005bb        0x1 
 .bss.last.7321
                0x400005bc        0x2 /home/colibri/paparazziProto1/var/Colibri/ap/firmwares/fixedwing/main_ap.o
 .bss.i.6755    0x400005be        0x1 /home/colibri/paparazziProto1/var/Colibri/ap/firmwares/fixedwing/main_ap.o
 .bss.i78.7025  0x400005bf        0x1 /home/colibri/paparazziProto1/var/Colibri/ap/firmwares/fixedwing/main_ap.o
 .bss.i342.7355
                0x400005c0        0x2 /home/colibri/paparazziProto1/var/Colibri/ap/firmwares/fixedwing/main_ap.o
 .bss.i612.7358
                0x400005c2        0x2 /home/colibri/paparazziProto1/var/Colibri/ap/firmwares/fixedwing/main_ap.o
 .bss.current   0x400005c4        0x4 /home/colibri/paparazziProto1/var/Colibri/ap/firmwares/fixedwing/main_ap.o
 .bss.i.7365    0x400005c8        0x1 /home/colibri/paparazziProto1/var/Colibri/ap/firmwares/fixedwing/main_ap.o
 .bss.i150.6689
                0x400005c9        0x1 /home/colibri/paparazziProto1/var/Colibri/ap/firmwares/fixedwing/main_ap.o
 .bss.i72.6685  0x400005ca        0x1 /home/colibri/paparazziProto1/var/Colibri/ap/firmwares/fixedwing/main_ap.o
 .bss.i30.6681  0x400005cb        0x1 /home/colibri/paparazziProto1/var/Colibri/ap/firmwares/fixedwing/main_ap.o
 .bss.i606.7038
                0x400005cc        0x2 /home/colibri/paparazziProto1/var/Colibri/ap/firmwares/fixedwing/main_ap.o
 .bss.i606.7357
                0x400005ce        0x2 /home/colibri/paparazziProto1/var/Colibri/ap/firmwares/fixedwing/main_ap.o
 .bss.p         0x400005d0       0x10 /home/colibri/paparazziProto1/var/Colibri/ap/./estimator.o
 .bss.telemetry_mode_Ap
                0x400005e0        0x1 /home/colibri/paparazziProto1/var/Colibri/ap/firmwares/fixedwing/ap_downlink.o
                0x400005e0                telemetry_mode_Ap
 *fill*         0x400005e1        0x3 
 .bss.buffers   0x400005e4       0x40 /home/colibri/paparazziProto1/var/Colibri/ap/arch/lpc21/mcu_periph/adc_arch.o
 .bss.last_elevator_trim.5817
                0x40000624        0x4 /home/colibri/paparazziProto1/var/Colibri/ap/firmwares/fixedwing/stabilization/stabilization_attitude.o
 .bss.route_ap_time
                0x40000628        0x1 /home/colibri/paparazziProto1/var/Colibri/ap/firmwares/fixedwing/stabilization/stabilization_attitude.o
                0x40000628                route_ap_time
 *fill*         0x40000629        0x3 
 .bss.last_err.5826
                0x4000062c        0x4 /home/colibri/paparazziProto1/var/Colibri/ap/firmwares/fixedwing/stabilization/stabilization_attitude.o
 .bss.nav_ratio
                0x40000630        0x4 /home/colibri/paparazziProto1/var/Colibri/ap/firmwares/fixedwing/stabilization/stabilization_attitude.o
 .bss.last_err.5785
                0x40000634        0x4 /home/colibri/paparazziProto1/var/Colibri/ap/firmwares/fixedwing/stabilization/stabilization_attitude.o
 .bss.last_err.5764
                0x40000638        0x4 /home/colibri/paparazziProto1/var/Colibri/ap/firmwares/fixedwing/guidance/guidance_v.o
 .bss.previous_ground_alt
                0x4000063c        0x4 /home/colibri/paparazziProto1/var/Colibri/ap/subsystems/nav.o
 .bss.last_nav_altitude.6718
                0x40000640        0x4 /home/colibri/paparazziProto1/var/Colibri/ap/subsystems/nav.o
 .bss.last_wp   0x40000644        0x1 /home/colibri/paparazziProto1/var/Colibri/ap/subsystems/nav.o
 .bss.nav_in_segment
                0x40000645        0x1 /home/colibri/paparazziProto1/var/Colibri/ap/subsystems/nav.o
                0x40000645                nav_in_segment
 .bss.prescaler.6706
                0x40000646        0x2 /home/colibri/paparazziProto1/var/Colibri/ap/subsystems/nav.o
 .bss.nav_in_circle
                0x40000648        0x1 /home/colibri/paparazziProto1/var/Colibri/ap/subsystems/nav.o
                0x40000648                nav_in_circle
 *fill*         0x40000649        0x3 
 .bss.nav_leg_length
                0x4000064c        0x4 /home/colibri/paparazziProto1/var/Colibri/ap/subsystems/nav.o
 .bss.eight_status
                0x40000650        0x1 /home/colibri/paparazziProto1/var/Colibri/ap/subsystems/nav.o
 *fill*         0x40000651        0x3 
 .bss.circle_bank
                0x40000654        0x4 /home/colibri/paparazziProto1/var/Colibri/ap/subsystems/nav.o
                0x40000654                circle_bank
 .bss.nav_leg_progress
                0x40000658        0x4 /home/colibri/paparazziProto1/var/Colibri/ap/subsystems/nav.o
 .bss.buf_ir1   0x4000065c       0x48 /home/colibri/paparazziProto1/var/Colibri/ap/subsystems/sensors/infrared_adc.o
 .bss.buf_ir2   0x400006a4       0x48 /home/colibri/paparazziProto1/var/Colibri/ap/subsystems/sensors/infrared_adc.o
 .bss.buf_ir3   0x400006ec       0x48 /home/colibri/paparazziProto1/var/Colibri/ap/subsystems/sensors/infrared_adc.o
 *(.gnu.linkonce.b*)
 *(COMMON)
 COMMON         0x40000734       0xac /home/colibri/paparazziProto1/var/Colibri/ap/mcu_periph/sys_time.o
                0x40000734                sys_time
 COMMON         0x400007e0        0x2 /home/colibri/paparazziProto1/var/Colibri/ap/./inter_mcu.o
                0x400007e0                ap_ok
                0x400007e1                time_since_last_ap
 COMMON         0x400007e2        0x3 /home/colibri/paparazziProto1/var/Colibri/ap/firmwares/fixedwing/main_fbw.o
                0x400007e2                fbw_periodic_tid
                0x400007e3                fbw_mode
                0x400007e4                electrical_tid
 *fill*         0x400007e5        0x3 
 COMMON         0x400007e8        0xc /home/colibri/paparazziProto1/var/Colibri/ap/subsystems/electrical.o
                0x400007e8                electrical
 COMMON         0x400007f4        0xa /home/colibri/paparazziProto1/var/Colibri/ap/./commands.o
                0x400007f4                commands
 *fill*         0x400007fe        0x2 
 COMMON         0x40000800       0x18 /home/colibri/paparazziProto1/var/Colibri/ap/firmwares/fixedwing/main_ap.o
                0x40000800                combi_switch_status
                0x40000801                navigation_tid
                0x40000802                monitor_tid
                0x40000803                sensors_tid
                0x40000804                attitude_tid
                0x40000808                energy
                0x4000080c                telemetry_tid
                0x4000080d                power_switch
                0x40000810                combi_switch_value
                0x40000814                modules_tid
                0x40000816                vsupply
 COMMON         0x40000818       0x4c /home/colibri/paparazziProto1/var/Colibri/ap/./estimator.o
                0x40000818                estimator_z_dot
                0x4000081c                estimator_flight_time
                0x40000820                estimator_psi
                0x40000824                estimator_z
                0x40000828                estimator_t
                0x4000082c                wind_east
                0x40000830                estimator_airspeed
                0x40000834                estimator_p
                0x40000838                estimator_theta
                0x4000083c                estimator_hspeed_mod
                0x40000840                estimator_phi
                0x40000844                estimator_r
                0x40000848                estimator_x
                0x4000084c                estimator_AOA
                0x40000850                estimator_q
                0x40000854                estimator_hspeed_dir
                0x40000858                wind_north
                0x4000085c                alt_kalman_enabled
                0x40000860                estimator_y
 COMMON         0x40000864      0x240 /home/colibri/paparazziProto1/var/Colibri/ap/mcu_periph/uart.o
                0x40000864                uart0
                0x40000984                uart1
 COMMON         0x40000aa4       0x16 /home/colibri/paparazziProto1/var/Colibri/ap/arch/lpc21/servos_4017_hw.o
                0x40000aa4                servos_4017_idx
                0x40000aa6                servos_values
 COMMON         0x40000aba       0x10 /home/colibri/paparazziProto1/var/Colibri/ap/actuators.o
                0x40000aba                actuators
 COMMON         0x40000aca       0x12 /home/colibri/paparazziProto1/var/Colibri/ap/subsystems/radio_control.o
                0x40000aca                radio_control
 COMMON         0x40000adc        0x6 /home/colibri/paparazziProto1/var/Colibri/ap/subsystems/radio_control/rc_datalink.o
                0x40000adc                rc_dl_frame_available
                0x40000add                rc_dl_values
 *fill*         0x40000ae2        0x2 
 COMMON         0x40000ae4       0x54 /home/colibri/paparazziProto1/var/Colibri/ap/firmwares/fixedwing/stabilization/stabilization_attitude.o
                0x40000ae4                h_ctl_auto1_rate
                0x40000ae8                h_ctl_course_setpoint
                0x40000aec                h_ctl_roll_max_setpoint
                0x40000af0                h_ctl_course_pre_bank_correction
                0x40000af4                h_ctl_elevator_setpoint
                0x40000af8                h_ctl_aileron_of_throttle
                0x40000afc                h_ctl_aileron_setpoint
                0x40000b00                h_ctl_pitch_setpoint
                0x40000b04                h_ctl_roll_slew
                0x40000b08                h_ctl_course_pgain
                0x40000b0c                h_ctl_pitch_pgain
                0x40000b10                h_ctl_pitch_loop_setpoint
                0x40000b14                h_ctl_course_pre_bank
                0x40000b18                h_ctl_pitch_dgain
                0x40000b1c                h_ctl_course_dgain
                0x40000b20                h_ctl_roll_attitude_gain
                0x40000b24                h_ctl_roll_rate_gain
                0x40000b28                h_ctl_disabled
                0x40000b2c                h_ctl_roll_pgain
                0x40000b30                h_ctl_roll_setpoint
                0x40000b34                h_ctl_elevator_of_roll
 COMMON         0x40000b38       0x68 /home/colibri/paparazziProto1/var/Colibri/ap/firmwares/fixedwing/guidance/guidance_v.o
                0x40000b38                v_ctl_auto_throttle_nominal_cruise_throttle
                0x40000b3c                v_ctl_altitude_error
                0x40000b40                v_ctl_climb_mode
                0x40000b44                v_ctl_auto_throttle_pitch_of_vz_dgain
                0x40000b48                v_ctl_altitude_pre_climb_correction
                0x40000b4c                v_ctl_auto_throttle_sum_err
                0x40000b50                v_ctl_auto_throttle_submode
                0x40000b54                v_ctl_auto_throttle_pitch_of_vz_pgain
                0x40000b58                v_ctl_altitude_max_climb
                0x40000b5c                v_ctl_altitude_setpoint
                0x40000b60                v_ctl_mode
                0x40000b64                v_ctl_auto_throttle_cruise_throttle
                0x40000b68                v_ctl_altitude_pgain
                0x40000b6c                v_ctl_auto_pitch_pgain
                0x40000b70                v_ctl_auto_throttle_climb_throttle_increment
                0x40000b74                v_ctl_auto_throttle_igain
                0x40000b78                v_ctl_auto_throttle_min_cruise_throttle
                0x40000b7c                v_ctl_throttle_setpoint
                0x40000b80                v_ctl_climb_setpoint
                0x40000b84                v_ctl_auto_throttle_dgain
                0x40000b88                v_ctl_auto_pitch_igain
                0x40000b8c                v_ctl_altitude_pre_climb
                0x40000b90                v_ctl_auto_throttle_max_cruise_throttle
                0x40000b94                v_ctl_throttle_slewed
                0x40000b98                v_ctl_auto_throttle_pgain
                0x40000b9c                v_ctl_auto_pitch_sum_err
 COMMON         0x40000ba0       0xa0 /home/colibri/paparazziProto1/var/Colibri/ap/subsystems/nav.o
                0x40000ba0                nav_glide_pitch_trim
                0x40000ba4                dist2_to_wp
                0x40000ba8                nav_segment_x_1
                0x40000bac                desired_x
                0x40000bb0                nav_survey_east
                0x40000bb4                nav_segment_x_2
                0x40000bb8                nav_circle_radius
                0x40000bbc                nav_ground_speed_setpoint
                0x40000bc0                nav_circle_radians
                0x40000bc4                nav_throttle_setpoint
                0x40000bc8                desired_y
                0x40000bcc                nav_shift
                0x40000bd0                carrot_x
                0x40000bd4                last_y
                0x40000bd8                horizontal_mode
                0x40000bdc                nav_circle_y
                0x40000be0                too_far_from_home
                0x40000be4                nav_pitch
                0x40000be8                rc_pitch
                0x40000bec                nav_oval_count
                0x40000bf0                nav_mode
                0x40000bf4                dist2_to_home
                0x40000bf8                nav_climb
                0x40000bfc                last_x
                0x40000c00                nav_survey_active
                0x40000c01                oval_status
                0x40000c04                nav_ground_speed_pgain
                0x40000c08                nav_circle_x
                0x40000c0c                nav_segment_y_2
                0x40000c10                nav_segment_y_1
                0x40000c14                ground_alt
                0x40000c18                nav_survey_west
                0x40000c1c                nav_radius
                0x40000c20                nav_course
                0x40000c24                nav_survey_shift
                0x40000c28                carrot_y
                0x40000c2c                nav_survey_south
                0x40000c30                nav_circle_trigo_qdr
                0x40000c34                fp_pitch
                0x40000c38                flight_altitude
                0x40000c3c                nav_survey_north
 COMMON         0x40000c40        0x8 /home/colibri/paparazziProto1/var/Colibri/ap/subsystems/navigation/common_flight_plan.o
                0x40000c40                nav_block
                0x40000c41                last_block
                0x40000c42                nav_stage
                0x40000c43                last_stage
                0x40000c44                stage_time
                0x40000c46                block_time
 COMMON         0x40000c48      0x401 /home/colibri/paparazziProto1/var/Colibri/ap/subsystems/navigation/traffic_info.o
                0x40000c48                the_acs_id
                0x40000d48                the_acs
                0x40001048                acs_idx
 *fill*         0x40001049        0x1 
 COMMON         0x4000104a        0x6 /home/colibri/paparazziProto1/var/Colibri/ap/subsystems/datalink/downlink.o
                0x4000104a                downlink_nb_ovrn
                0x4000104c                downlink_nb_msgs
                0x4000104e                downlink_nb_bytes
 COMMON         0x40001050      0x10a /home/colibri/paparazziProto1/var/Colibri/ap/subsystems/datalink/pprz_transport.o
                0x40001050                ck_b
                0x40001051                pprz_tp
                0x40001159                ck_a
 *fill*         0x4000115a        0x6 
 COMMON         0x40001160       0x8a /home/colibri/paparazziProto1/var/Colibri/ap/firmwares/fixedwing/datalink.o
                0x40001160                dl_msg_available
                0x40001168                dl_buffer
                0x400011e8                datalink_time
 *fill*         0x400011ea        0x2 
 COMMON         0x400011ec      0x15c /home/colibri/paparazziProto1/var/Colibri/ap/subsystems/ahrs.o
                0x400011ec                ahrs
                0x40001288                ahrs_mag_offset
                0x4000128c                ahrs_float
 COMMON         0x40001348      0x118 /home/colibri/paparazziProto1/var/Colibri/ap/subsystems/gps/gps_ubx.o
                0x40001348                gps_ubx
 COMMON         0x40001460       0xf4 /home/colibri/paparazziProto1/var/Colibri/ap/subsystems/gps.o
                0x40001460                gps
 COMMON         0x40001554       0x38 /home/colibri/paparazziProto1/var/Colibri/ap/subsystems/sensors/infrared.o
                0x40001554                infrared
 COMMON         0x4000158c        0x6 /home/colibri/paparazziProto1/var/Colibri/ap/subsystems/sensors/infrared_adc.o
                0x4000158c                ir_adc
                0x40001594                . = ALIGN (0x4)
 *fill*         0x40001592        0x2 
                0x40001594                . = ALIGN (0x4)
                0x40001594                __bss_end__ = .
                0x40001594                PROVIDE (__bss_end, .)

.stack          0x40001600     0x1000 load address 0x0001f3a8
                0x40002600                . = (. + STACK_SIZE)
 *fill*         0x40001600     0x1000 
                0x40002600                PROVIDE (_stack, .)
                0x40002600                _end = .
                0x40002600                PROVIDE (end, .)

.stab
 *(.stab)

.stabstr
 *(.stabstr)

.stab.excl
 *(.stab.excl)

.stab.exclstr
 *(.stab.exclstr)

.stab.index
 *(.stab.index)

.stab.indexstr
 *(.stab.indexstr)

.comment        0x00000000       0x70
 *(.comment)
 .comment       0x00000000       0x70 /home/colibri/paparazziProto1/var/Colibri/ap/mcu.o
                                 0x71 (size before relaxing)
 .comment       0x00000000       0x71 /home/colibri/paparazziProto1/var/Colibri/ap/arch/lpc21/mcu_arch.o
 .comment       0x00000000       0x71 /home/colibri/paparazziProto1/var/Colibri/ap/mcu_periph/sys_time.o
 .comment       0x00000000       0x71 /home/colibri/paparazziProto1/var/Colibri/ap/arch/lpc21/mcu_periph/sys_time_arch.o
 .comment       0x00000000       0x71 /home/colibri/paparazziProto1/var/Colibri/ap/./inter_mcu.o
 .comment       0x00000000       0x71 /home/colibri/paparazziProto1/var/Colibri/ap/math/pprz_geodetic_float.o
 .comment       0x00000000       0x71 /home/colibri/paparazziProto1/var/Colibri/ap/arch/lpc21/mcu_periph/i2c_arch.o
 .comment       0x00000000       0x71 /home/colibri/paparazziProto1/var/Colibri/ap/firmwares/fixedwing/main_fbw.o
 .comment       0x00000000       0x71 /home/colibri/paparazziProto1/var/Colibri/ap/subsystems/electrical.o
 .comment       0x00000000       0x71 /home/colibri/paparazziProto1/var/Colibri/ap/./commands.o
 .comment       0x00000000       0x71 /home/colibri/paparazziProto1/var/Colibri/ap/firmwares/fixedwing/fbw_downlink.o
 .comment       0x00000000       0x71 /home/colibri/paparazziProto1/var/Colibri/ap/firmwares/fixedwing/main_ap.o
 .comment       0x00000000       0x71 /home/colibri/paparazziProto1/var/Colibri/ap/./estimator.o
 .comment       0x00000000       0x71 /home/colibri/paparazziProto1/var/Colibri/ap/firmwares/fixedwing/ap_downlink.o
 .comment       0x00000000       0x71 /home/colibri/paparazziProto1/var/Colibri/ap/arch/lpc21/armVIC.o
 .comment       0x00000000       0x71 /home/colibri/paparazziProto1/var/Colibri/ap/firmwares/fixedwing/main.o
 .comment       0x00000000       0x71 /home/colibri/paparazziProto1/var/Colibri/ap/mcu_periph/uart.o
 .comment       0x00000000       0x71 /home/colibri/paparazziProto1/var/Colibri/ap/arch/lpc21/mcu_periph/uart_arch.o
 .comment       0x00000000       0x71 /home/colibri/paparazziProto1/var/Colibri/ap/subsystems/settings.o
 .comment       0x00000000       0x71 /home/colibri/paparazziProto1/var/Colibri/ap/arch/lpc21/mcu_periph/adc_arch.o
 .comment       0x00000000       0x71 /home/colibri/paparazziProto1/var/Colibri/ap/arch/lpc21/servos_4017_hw.o
 .comment       0x00000000       0x71 /home/colibri/paparazziProto1/var/Colibri/ap/actuators.o
 .comment       0x00000000       0x71 /home/colibri/paparazziProto1/var/Colibri/ap/subsystems/radio_control.o
 .comment       0x00000000       0x71 /home/colibri/paparazziProto1/var/Colibri/ap/subsystems/radio_control/rc_datalink.o
 .comment       0x00000000       0x71 /home/colibri/paparazziProto1/var/Colibri/ap/firmwares/fixedwing/stabilization/stabilization_attitude.o
 .comment       0x00000000       0x71 /home/colibri/paparazziProto1/var/Colibri/ap/firmwares/fixedwing/guidance/guidance_v.o
 .comment       0x00000000       0x71 /home/colibri/paparazziProto1/var/Colibri/ap/subsystems/nav.o
 .comment       0x00000000       0x71 /home/colibri/paparazziProto1/var/Colibri/ap/subsystems/navigation/common_flight_plan.o
 .comment       0x00000000       0x71 /home/colibri/paparazziProto1/var/Colibri/ap/subsystems/navigation/traffic_info.o
 .comment       0x00000000       0x71 /home/colibri/paparazziProto1/var/Colibri/ap/subsystems/datalink/downlink.o
 .comment       0x00000000       0x71 /home/colibri/paparazziProto1/var/Colibri/ap/subsystems/datalink/pprz_transport.o
 .comment       0x00000000       0x71 /home/colibri/paparazziProto1/var/Colibri/ap/firmwares/fixedwing/datalink.o
 .comment       0x00000000       0x71 /home/colibri/paparazziProto1/var/Colibri/ap/subsystems/ahrs.o
 .comment       0x00000000       0x71 /home/colibri/paparazziProto1/var/Colibri/ap/subsystems/ahrs/ahrs_infrared.o
 .comment       0x00000000       0x71 /home/colibri/paparazziProto1/var/Colibri/ap/subsystems/gps/gps_ubx.o
 .comment       0x00000000       0x71 /home/colibri/paparazziProto1/var/Colibri/ap/subsystems/gps.o
 .comment       0x00000000       0x71 /home/colibri/paparazziProto1/var/Colibri/ap/subsystems/sensors/infrared.o
 .comment       0x00000000       0x71 /home/colibri/paparazziProto1/var/Colibri/ap/subsystems/sensors/infrared_adc.o

.ARM.attributes
                0x00000000       0x2c
 .ARM.attributes
                0x00000000       0x20 /home/colibri/paparazziProto1/var/Colibri/ap/crt0.o
 .ARM.attributes
                0x00000020       0x30 /home/colibri/paparazziProto1/var/Colibri/ap/mcu.o
 .ARM.attributes
                0x00000050       0x30 /home/colibri/paparazziProto1/var/Colibri/ap/arch/lpc21/mcu_arch.o
 .ARM.attributes
                0x00000080       0x30 /home/colibri/paparazziProto1/var/Colibri/ap/mcu_periph/sys_time.o
 .ARM.attributes
                0x000000b0       0x30 /home/colibri/paparazziProto1/var/Colibri/ap/arch/lpc21/mcu_periph/sys_time_arch.o
 .ARM.attributes
                0x000000e0       0x30 /home/colibri/paparazziProto1/var/Colibri/ap/./inter_mcu.o
 .ARM.attributes
                0x00000110       0x30 /home/colibri/paparazziProto1/var/Colibri/ap/math/pprz_geodetic_float.o
 .ARM.attributes
                0x00000140       0x30 /home/colibri/paparazziProto1/var/Colibri/ap/arch/lpc21/mcu_periph/i2c_arch.o
 .ARM.attributes
                0x00000170       0x30 /home/colibri/paparazziProto1/var/Colibri/ap/firmwares/fixedwing/main_fbw.o
 .ARM.attributes
                0x000001a0       0x30 /home/colibri/paparazziProto1/var/Colibri/ap/subsystems/electrical.o
 .ARM.attributes
                0x000001d0       0x30 /home/colibri/paparazziProto1/var/Colibri/ap/./commands.o
 .ARM.attributes
                0x00000200       0x30 /home/colibri/paparazziProto1/var/Colibri/ap/firmwares/fixedwing/fbw_downlink.o
 .ARM.attributes
                0x00000230       0x30 /home/colibri/paparazziProto1/var/Colibri/ap/firmwares/fixedwing/main_ap.o
 .ARM.attributes
                0x00000260       0x30 /home/colibri/paparazziProto1/var/Colibri/ap/./estimator.o
 .ARM.attributes
                0x00000290       0x30 /home/colibri/paparazziProto1/var/Colibri/ap/firmwares/fixedwing/ap_downlink.o
 .ARM.attributes
                0x000002c0       0x30 /home/colibri/paparazziProto1/var/Colibri/ap/arch/lpc21/armVIC.o
 .ARM.attributes
                0x000002f0       0x30 /home/colibri/paparazziProto1/var/Colibri/ap/firmwares/fixedwing/main.o
 .ARM.attributes
                0x00000320       0x30 /home/colibri/paparazziProto1/var/Colibri/ap/mcu_periph/uart.o
 .ARM.attributes
                0x00000350       0x30 /home/colibri/paparazziProto1/var/Colibri/ap/arch/lpc21/mcu_periph/uart_arch.o
 .ARM.attributes
                0x00000380       0x30 /home/colibri/paparazziProto1/var/Colibri/ap/subsystems/settings.o
 .ARM.attributes
                0x000003b0       0x30 /home/colibri/paparazziProto1/var/Colibri/ap/arch/lpc21/mcu_periph/adc_arch.o
 .ARM.attributes
                0x000003e0       0x30 /home/colibri/paparazziProto1/var/Colibri/ap/arch/lpc21/servos_4017_hw.o
 .ARM.attributes
                0x00000410       0x30 /home/colibri/paparazziProto1/var/Colibri/ap/actuators.o
 .ARM.attributes
                0x00000440       0x30 /home/colibri/paparazziProto1/var/Colibri/ap/subsystems/radio_control.o
 .ARM.attributes
                0x00000470       0x30 /home/colibri/paparazziProto1/var/Colibri/ap/subsystems/radio_control/rc_datalink.o
 .ARM.attributes
                0x000004a0       0x30 /home/colibri/paparazziProto1/var/Colibri/ap/firmwares/fixedwing/stabilization/stabilization_attitude.o
 .ARM.attributes
                0x000004d0       0x30 /home/colibri/paparazziProto1/var/Colibri/ap/firmwares/fixedwing/guidance/guidance_v.o
 .ARM.attributes
                0x00000500       0x30 /home/colibri/paparazziProto1/var/Colibri/ap/subsystems/nav.o
 .ARM.attributes
                0x00000530       0x30 /home/colibri/paparazziProto1/var/Colibri/ap/subsystems/navigation/common_flight_plan.o
 .ARM.attributes
                0x00000560       0x30 /home/colibri/paparazziProto1/var/Colibri/ap/subsystems/navigation/traffic_info.o
 .ARM.attributes
                0x00000590       0x30 /home/colibri/paparazziProto1/var/Colibri/ap/subsystems/datalink/downlink.o
 .ARM.attributes
                0x000005c0       0x30 /home/colibri/paparazziProto1/var/Colibri/ap/subsystems/datalink/pprz_transport.o
 .ARM.attributes
                0x000005f0       0x30 /home/colibri/paparazziProto1/var/Colibri/ap/firmwares/fixedwing/datalink.o
 .ARM.attributes
                0x00000620       0x30 /home/colibri/paparazziProto1/var/Colibri/ap/subsystems/ahrs.o
 .ARM.attributes
                0x00000650       0x30 /home/colibri/paparazziProto1/var/Colibri/ap/subsystems/ahrs/ahrs_infrared.o
 .ARM.attributes
                0x00000680       0x30 /home/colibri/paparazziProto1/var/Colibri/ap/subsystems/gps/gps_ubx.o
 .ARM.attributes
                0x000006b0       0x30 /home/colibri/paparazziProto1/var/Colibri/ap/subsystems/gps.o
 .ARM.attributes
                0x000006e0       0x30 /home/colibri/paparazziProto1/var/Colibri/ap/subsystems/sensors/infrared.o
 .ARM.attributes
                0x00000710       0x30 /home/colibri/paparazziProto1/var/Colibri/ap/subsystems/sensors/infrared_adc.o
 .ARM.attributes
                0x00000740       0x30 /opt/gcc-arm-none-eabi-4_8-2013q4/bin/../lib/gcc/arm-none-eabi/4.8.3/../../../../arm-none-eabi/lib/thumb/libm.a(lib_a-s_atan.o)
 .ARM.attributes
                0x00000770       0x30 /opt/gcc-arm-none-eabi-4_8-2013q4/bin/../lib/gcc/arm-none-eabi/4.8.3/../../../../arm-none-eabi/lib/thumb/libm.a(lib_a-s_cos.o)
 .ARM.attributes
                0x000007a0       0x30 /opt/gcc-arm-none-eabi-4_8-2013q4/bin/../lib/gcc/arm-none-eabi/4.8.3/../../../../arm-none-eabi/lib/thumb/libm.a(lib_a-s_fabs.o)
 .ARM.attributes
                0x000007d0       0x30 /opt/gcc-arm-none-eabi-4_8-2013q4/bin/../lib/gcc/arm-none-eabi/4.8.3/../../../../arm-none-eabi/lib/thumb/libm.a(lib_a-s_sin.o)
 .ARM.attributes
                0x00000800       0x30 /opt/gcc-arm-none-eabi-4_8-2013q4/bin/../lib/gcc/arm-none-eabi/4.8.3/../../../../arm-none-eabi/lib/thumb/libm.a(lib_a-s_tan.o)
 .ARM.attributes
                0x00000830       0x30 /opt/gcc-arm-none-eabi-4_8-2013q4/bin/../lib/gcc/arm-none-eabi/4.8.3/../../../../arm-none-eabi/lib/thumb/libm.a(lib_a-sf_atan.o)
 .ARM.attributes
                0x00000860       0x30 /opt/gcc-arm-none-eabi-4_8-2013q4/bin/../lib/gcc/arm-none-eabi/4.8.3/../../../../arm-none-eabi/lib/thumb/libm.a(lib_a-sf_cos.o)
 .ARM.attributes
                0x00000890       0x30 /opt/gcc-arm-none-eabi-4_8-2013q4/bin/../lib/gcc/arm-none-eabi/4.8.3/../../../../arm-none-eabi/lib/thumb/libm.a(lib_a-sf_fabs.o)
 .ARM.attributes
                0x000008c0       0x30 /opt/gcc-arm-none-eabi-4_8-2013q4/bin/../lib/gcc/arm-none-eabi/4.8.3/../../../../arm-none-eabi/lib/thumb/libm.a(lib_a-sf_sin.o)
 .ARM.attributes
                0x000008f0       0x30 /opt/gcc-arm-none-eabi-4_8-2013q4/bin/../lib/gcc/arm-none-eabi/4.8.3/../../../../arm-none-eabi/lib/thumb/libm.a(lib_a-w_asin.o)
 .ARM.attributes
                0x00000920       0x30 /opt/gcc-arm-none-eabi-4_8-2013q4/bin/../lib/gcc/arm-none-eabi/4.8.3/../../../../arm-none-eabi/lib/thumb/libm.a(lib_a-w_atan2.o)
 .ARM.attributes
                0x00000950       0x30 /opt/gcc-arm-none-eabi-4_8-2013q4/bin/../lib/gcc/arm-none-eabi/4.8.3/../../../../arm-none-eabi/lib/thumb/libm.a(lib_a-w_cosh.o)
 .ARM.attributes
                0x00000980       0x30 /opt/gcc-arm-none-eabi-4_8-2013q4/bin/../lib/gcc/arm-none-eabi/4.8.3/../../../../arm-none-eabi/lib/thumb/libm.a(lib_a-w_exp.o)
 .ARM.attributes
                0x000009b0       0x30 /opt/gcc-arm-none-eabi-4_8-2013q4/bin/../lib/gcc/arm-none-eabi/4.8.3/../../../../arm-none-eabi/lib/thumb/libm.a(lib_a-w_log.o)
 .ARM.attributes
                0x000009e0       0x30 /opt/gcc-arm-none-eabi-4_8-2013q4/bin/../lib/gcc/arm-none-eabi/4.8.3/../../../../arm-none-eabi/lib/thumb/libm.a(lib_a-w_sinh.o)
 .ARM.attributes
                0x00000a10       0x30 /opt/gcc-arm-none-eabi-4_8-2013q4/bin/../lib/gcc/arm-none-eabi/4.8.3/../../../../arm-none-eabi/lib/thumb/libm.a(lib_a-w_sqrt.o)
 .ARM.attributes
                0x00000a40       0x30 /opt/gcc-arm-none-eabi-4_8-2013q4/bin/../lib/gcc/arm-none-eabi/4.8.3/../../../../arm-none-eabi/lib/thumb/libm.a(lib_a-wf_atan2.o)
 .ARM.attributes
                0x00000a70       0x30 /opt/gcc-arm-none-eabi-4_8-2013q4/bin/../lib/gcc/arm-none-eabi/4.8.3/../../../../arm-none-eabi/lib/thumb/libm.a(lib_a-e_asin.o)
 .ARM.attributes
                0x00000aa0       0x30 /opt/gcc-arm-none-eabi-4_8-2013q4/bin/../lib/gcc/arm-none-eabi/4.8.3/../../../../arm-none-eabi/lib/thumb/libm.a(lib_a-e_atan2.o)
 .ARM.attributes
                0x00000ad0       0x30 /opt/gcc-arm-none-eabi-4_8-2013q4/bin/../lib/gcc/arm-none-eabi/4.8.3/../../../../arm-none-eabi/lib/thumb/libm.a(lib_a-e_cosh.o)
 .ARM.attributes
                0x00000b00       0x30 /opt/gcc-arm-none-eabi-4_8-2013q4/bin/../lib/gcc/arm-none-eabi/4.8.3/../../../../arm-none-eabi/lib/thumb/libm.a(lib_a-e_exp.o)
 .ARM.attributes
                0x00000b30       0x30 /opt/gcc-arm-none-eabi-4_8-2013q4/bin/../lib/gcc/arm-none-eabi/4.8.3/../../../../arm-none-eabi/lib/thumb/libm.a(lib_a-e_log.o)
 .ARM.attributes
                0x00000b60       0x30 /opt/gcc-arm-none-eabi-4_8-2013q4/bin/../lib/gcc/arm-none-eabi/4.8.3/../../../../arm-none-eabi/lib/thumb/libm.a(lib_a-e_rem_pio2.o)
 .ARM.attributes
                0x00000b90       0x30 /opt/gcc-arm-none-eabi-4_8-2013q4/bin/../lib/gcc/arm-none-eabi/4.8.3/../../../../arm-none-eabi/lib/thumb/libm.a(lib_a-e_sinh.o)
 .ARM.attributes
                0x00000bc0       0x30 /opt/gcc-arm-none-eabi-4_8-2013q4/bin/../lib/gcc/arm-none-eabi/4.8.3/../../../../arm-none-eabi/lib/thumb/libm.a(lib_a-e_sqrt.o)
 .ARM.attributes
                0x00000bf0       0x30 /opt/gcc-arm-none-eabi-4_8-2013q4/bin/../lib/gcc/arm-none-eabi/4.8.3/../../../../arm-none-eabi/lib/thumb/libm.a(lib_a-ef_atan2.o)
 .ARM.attributes
                0x00000c20       0x30 /opt/gcc-arm-none-eabi-4_8-2013q4/bin/../lib/gcc/arm-none-eabi/4.8.3/../../../../arm-none-eabi/lib/thumb/libm.a(lib_a-ef_rem_pio2.o)
 .ARM.attributes
                0x00000c50       0x30 /opt/gcc-arm-none-eabi-4_8-2013q4/bin/../lib/gcc/arm-none-eabi/4.8.3/../../../../arm-none-eabi/lib/thumb/libm.a(lib_a-k_cos.o)
 .ARM.attributes
                0x00000c80       0x30 /opt/gcc-arm-none-eabi-4_8-2013q4/bin/../lib/gcc/arm-none-eabi/4.8.3/../../../../arm-none-eabi/lib/thumb/libm.a(lib_a-k_rem_pio2.o)
 .ARM.attributes
                0x00000cb0       0x30 /opt/gcc-arm-none-eabi-4_8-2013q4/bin/../lib/gcc/arm-none-eabi/4.8.3/../../../../arm-none-eabi/lib/thumb/libm.a(lib_a-k_sin.o)
 .ARM.attributes
                0x00000ce0       0x30 /opt/gcc-arm-none-eabi-4_8-2013q4/bin/../lib/gcc/arm-none-eabi/4.8.3/../../../../arm-none-eabi/lib/thumb/libm.a(lib_a-k_tan.o)
 .ARM.attributes
                0x00000d10       0x30 /opt/gcc-arm-none-eabi-4_8-2013q4/bin/../lib/gcc/arm-none-eabi/4.8.3/../../../../arm-none-eabi/lib/thumb/libm.a(lib_a-kf_cos.o)
 .ARM.attributes
                0x00000d40       0x30 /opt/gcc-arm-none-eabi-4_8-2013q4/bin/../lib/gcc/arm-none-eabi/4.8.3/../../../../arm-none-eabi/lib/thumb/libm.a(lib_a-kf_rem_pio2.o)
 .ARM.attributes
                0x00000d70       0x30 /opt/gcc-arm-none-eabi-4_8-2013q4/bin/../lib/gcc/arm-none-eabi/4.8.3/../../../../arm-none-eabi/lib/thumb/libm.a(lib_a-kf_sin.o)
 .ARM.attributes
                0x00000da0       0x30 /opt/gcc-arm-none-eabi-4_8-2013q4/bin/../lib/gcc/arm-none-eabi/4.8.3/../../../../arm-none-eabi/lib/thumb/libm.a(lib_a-s_expm1.o)
 .ARM.attributes
                0x00000dd0       0x30 /opt/gcc-arm-none-eabi-4_8-2013q4/bin/../lib/gcc/arm-none-eabi/4.8.3/../../../../arm-none-eabi/lib/thumb/libm.a(lib_a-s_finite.o)
 .ARM.attributes
                0x00000e00       0x30 /opt/gcc-arm-none-eabi-4_8-2013q4/bin/../lib/gcc/arm-none-eabi/4.8.3/../../../../arm-none-eabi/lib/thumb/libm.a(lib_a-s_floor.o)
 .ARM.attributes
                0x00000e30       0x30 /opt/gcc-arm-none-eabi-4_8-2013q4/bin/../lib/gcc/arm-none-eabi/4.8.3/../../../../arm-none-eabi/lib/thumb/libm.a(lib_a-s_fpclassify.o)
 .ARM.attributes
                0x00000e60       0x30 /opt/gcc-arm-none-eabi-4_8-2013q4/bin/../lib/gcc/arm-none-eabi/4.8.3/../../../../arm-none-eabi/lib/thumb/libm.a(lib_a-s_lib_ver.o)
 .ARM.attributes
                0x00000e90       0x30 /opt/gcc-arm-none-eabi-4_8-2013q4/bin/../lib/gcc/arm-none-eabi/4.8.3/../../../../arm-none-eabi/lib/thumb/libm.a(lib_a-s_matherr.o)
 .ARM.attributes
                0x00000ec0       0x30 /opt/gcc-arm-none-eabi-4_8-2013q4/bin/../lib/gcc/arm-none-eabi/4.8.3/../../../../arm-none-eabi/lib/thumb/libm.a(lib_a-s_nan.o)
 .ARM.attributes
                0x00000ef0       0x30 /opt/gcc-arm-none-eabi-4_8-2013q4/bin/../lib/gcc/arm-none-eabi/4.8.3/../../../../arm-none-eabi/lib/thumb/libm.a(lib_a-s_scalbn.o)
 .ARM.attributes
                0x00000f20       0x30 /opt/gcc-arm-none-eabi-4_8-2013q4/bin/../lib/gcc/arm-none-eabi/4.8.3/../../../../arm-none-eabi/lib/thumb/libm.a(lib_a-sf_floor.o)
 .ARM.attributes
                0x00000f50       0x30 /opt/gcc-arm-none-eabi-4_8-2013q4/bin/../lib/gcc/arm-none-eabi/4.8.3/../../../../arm-none-eabi/lib/thumb/libm.a(lib_a-sf_scalbn.o)
 .ARM.attributes
                0x00000f80       0x30 /opt/gcc-arm-none-eabi-4_8-2013q4/bin/../lib/gcc/arm-none-eabi/4.8.3/../../../../arm-none-eabi/lib/thumb/libm.a(lib_a-s_copysign.o)
 .ARM.attributes
                0x00000fb0       0x30 /opt/gcc-arm-none-eabi-4_8-2013q4/bin/../lib/gcc/arm-none-eabi/4.8.3/../../../../arm-none-eabi/lib/thumb/libm.a(lib_a-sf_copysign.o)
 .ARM.attributes