Archive member included because of file (symbol)

/opt/paparazzi/arm-multilib/lib/gcc/arm-none-eabi/4.6.2/../../../../arm-none-eabi/lib/thumb/libm.a(lib_a-s_atan.o)
                              /home/lionel/paparazziProto1/var/Colibri/ap/math/pprz_geodetic_float.o (atan)
/opt/paparazzi/arm-multilib/lib/gcc/arm-none-eabi/4.6.2/../../../../arm-none-eabi/lib/thumb/libm.a(lib_a-s_cos.o)
                              /home/lionel/paparazziProto1/var/Colibri/ap/math/pprz_geodetic_float.o (cos)
/opt/paparazzi/arm-multilib/lib/gcc/arm-none-eabi/4.6.2/../../../../arm-none-eabi/lib/thumb/libm.a(lib_a-s_fabs.o)
                              /opt/paparazzi/arm-multilib/lib/gcc/arm-none-eabi/4.6.2/../../../../arm-none-eabi/lib/thumb/libm.a(lib_a-s_atan.o) (fabs)
/opt/paparazzi/arm-multilib/lib/gcc/arm-none-eabi/4.6.2/../../../../arm-none-eabi/lib/thumb/libm.a(lib_a-s_rint.o)
                              /home/lionel/paparazziProto1/var/Colibri/ap/math/pprz_geodetic_int.o (rint)
/opt/paparazzi/arm-multilib/lib/gcc/arm-none-eabi/4.6.2/../../../../arm-none-eabi/lib/thumb/libm.a(lib_a-s_sin.o)
                              /home/lionel/paparazziProto1/var/Colibri/ap/math/pprz_geodetic_float.o (sin)
/opt/paparazzi/arm-multilib/lib/gcc/arm-none-eabi/4.6.2/../../../../arm-none-eabi/lib/thumb/libm.a(lib_a-s_tan.o)
                              /home/lionel/paparazziProto1/var/Colibri/ap/math/pprz_geodetic_float.o (tan)
/opt/paparazzi/arm-multilib/lib/gcc/arm-none-eabi/4.6.2/../../../../arm-none-eabi/lib/thumb/libm.a(lib_a-sf_atan.o)
                              /home/lionel/paparazziProto1/var/Colibri/ap/math/pprz_geodetic_float.o (atanf)
/opt/paparazzi/arm-multilib/lib/gcc/arm-none-eabi/4.6.2/../../../../arm-none-eabi/lib/thumb/libm.a(lib_a-sf_cos.o)
                              /home/lionel/paparazziProto1/var/Colibri/ap/math/pprz_geodetic_int.o (cosf)
/opt/paparazzi/arm-multilib/lib/gcc/arm-none-eabi/4.6.2/../../../../arm-none-eabi/lib/thumb/libm.a(lib_a-sf_fabs.o)
                              /opt/paparazzi/arm-multilib/lib/gcc/arm-none-eabi/4.6.2/../../../../arm-none-eabi/lib/thumb/libm.a(lib_a-sf_atan.o) (fabsf)
/opt/paparazzi/arm-multilib/lib/gcc/arm-none-eabi/4.6.2/../../../../arm-none-eabi/lib/thumb/libm.a(lib_a-sf_sin.o)
                              /home/lionel/paparazziProto1/var/Colibri/ap/math/pprz_geodetic_int.o (sinf)
/opt/paparazzi/arm-multilib/lib/gcc/arm-none-eabi/4.6.2/../../../../arm-none-eabi/lib/thumb/libm.a(lib_a-sf_tan.o)
                              /home/lionel/paparazziProto1/var/Colibri/ap/subsystems/navigation/poly_survey_adv.o (tanf)
/opt/paparazzi/arm-multilib/lib/gcc/arm-none-eabi/4.6.2/../../../../arm-none-eabi/lib/thumb/libm.a(lib_a-w_acos.o)
                              /home/lionel/paparazziProto1/var/Colibri/ap/subsystems/navigation/snav.o (acos)
/opt/paparazzi/arm-multilib/lib/gcc/arm-none-eabi/4.6.2/../../../../arm-none-eabi/lib/thumb/libm.a(lib_a-w_asin.o)
                              /home/lionel/paparazziProto1/var/Colibri/ap/math/pprz_geodetic_float.o (asin)
/opt/paparazzi/arm-multilib/lib/gcc/arm-none-eabi/4.6.2/../../../../arm-none-eabi/lib/thumb/libm.a(lib_a-w_atan2.o)
                              /home/lionel/paparazziProto1/var/Colibri/ap/math/pprz_geodetic_double.o (atan2)
/opt/paparazzi/arm-multilib/lib/gcc/arm-none-eabi/4.6.2/../../../../arm-none-eabi/lib/thumb/libm.a(lib_a-w_cosh.o)
                              /home/lionel/paparazziProto1/var/Colibri/ap/math/pprz_geodetic_float.o (cosh)
/opt/paparazzi/arm-multilib/lib/gcc/arm-none-eabi/4.6.2/../../../../arm-none-eabi/lib/thumb/libm.a(lib_a-w_exp.o)
                              /home/lionel/paparazziProto1/var/Colibri/ap/math/pprz_geodetic_float.o (exp)
/opt/paparazzi/arm-multilib/lib/gcc/arm-none-eabi/4.6.2/../../../../arm-none-eabi/lib/thumb/libm.a(lib_a-w_log.o)
                              /home/lionel/paparazziProto1/var/Colibri/ap/math/pprz_geodetic_float.o (log)
/opt/paparazzi/arm-multilib/lib/gcc/arm-none-eabi/4.6.2/../../../../arm-none-eabi/lib/thumb/libm.a(lib_a-w_pow.o)
                              /home/lionel/paparazziProto1/var/Colibri/ap/math/pprz_geodetic_float.o (pow)
/opt/paparazzi/arm-multilib/lib/gcc/arm-none-eabi/4.6.2/../../../../arm-none-eabi/lib/thumb/libm.a(lib_a-w_sinh.o)
                              /home/lionel/paparazziProto1/var/Colibri/ap/math/pprz_geodetic_float.o (sinh)
/opt/paparazzi/arm-multilib/lib/gcc/arm-none-eabi/4.6.2/../../../../arm-none-eabi/lib/thumb/libm.a(lib_a-w_sqrt.o)
                              /home/lionel/paparazziProto1/var/Colibri/ap/math/pprz_geodetic_double.o (sqrt)
/opt/paparazzi/arm-multilib/lib/gcc/arm-none-eabi/4.6.2/../../../../arm-none-eabi/lib/thumb/libm.a(lib_a-wf_atan2.o)
                              /home/lionel/paparazziProto1/var/Colibri/ap/math/pprz_geodetic_float.o (atan2f)
/opt/paparazzi/arm-multilib/lib/gcc/arm-none-eabi/4.6.2/../../../../arm-none-eabi/lib/thumb/libm.a(lib_a-wf_pow.o)
[...]
Memory Configuration

Name             Origin             Length             Attributes
ROM              0x00004000         0x00078000         xr
RAM              0x40000000         0x00007fe0         rw
*default*        0x00000000         0xffffffff

Linker script and memory map

LOAD /home/lionel/paparazziProto1/var/Colibri/ap/crt0.o
LOAD /home/lionel/paparazziProto1/var/Colibri/ap/mcu.o
LOAD /home/lionel/paparazziProto1/var/Colibri/ap/arch/lpc21/mcu_arch.o
LOAD /home/lionel/paparazziProto1/var/Colibri/ap/mcu_periph/sys_time.o
LOAD /home/lionel/paparazziProto1/var/Colibri/ap/arch/lpc21/mcu_periph/sys_time_arch.o
LOAD /home/lionel/paparazziProto1/var/Colibri/ap/./inter_mcu.o
LOAD /home/lionel/paparazziProto1/var/Colibri/ap/math/pprz_geodetic_int.o
LOAD /home/lionel/paparazziProto1/var/Colibri/ap/math/pprz_geodetic_float.o
LOAD /home/lionel/paparazziProto1/var/Colibri/ap/math/pprz_geodetic_double.o
LOAD /home/lionel/paparazziProto1/var/Colibri/ap/math/pprz_trig_int.o
LOAD /home/lionel/paparazziProto1/var/Colibri/ap/mcu_periph/i2c.o
LOAD /home/lionel/paparazziProto1/var/Colibri/ap/arch/lpc21/mcu_periph/i2c_arch.o
LOAD /home/lionel/paparazziProto1/var/Colibri/ap/firmwares/fixedwing/main_fbw.o
LOAD /home/lionel/paparazziProto1/var/Colibri/ap/subsystems/electrical.o
LOAD /home/lionel/paparazziProto1/var/Colibri/ap/./commands.o
LOAD /home/lionel/paparazziProto1/var/Colibri/ap/firmwares/fixedwing/fbw_downlink.o
LOAD /home/lionel/paparazziProto1/var/Colibri/ap/firmwares/fixedwing/main_ap.o
LOAD /home/lionel/paparazziProto1/var/Colibri/ap/./estimator.o
LOAD /home/lionel/paparazziProto1/var/Colibri/ap/firmwares/fixedwing/ap_downlink.o
LOAD /home/lionel/paparazziProto1/var/Colibri/ap/arch/lpc21/armVIC.o
LOAD /home/lionel/paparazziProto1/var/Colibri/ap/firmwares/fixedwing/main.o
LOAD /home/lionel/paparazziProto1/var/Colibri/ap/mcu_periph/uart.o
LOAD /home/lionel/paparazziProto1/var/Colibri/ap/arch/lpc21/mcu_periph/uart_arch.o
LOAD /home/lionel/paparazziProto1/var/Colibri/ap/subsystems/settings.o
LOAD /home/lionel/paparazziProto1/var/Colibri/ap/arch/lpc21/subsystems/settings_arch.o
LOAD /home/lionel/paparazziProto1/var/Colibri/ap/arch/lpc21/mcu_periph/adc_arch.o
LOAD /home/lionel/paparazziProto1/var/Colibri/ap/arch/lpc21/servos_4017_hw.o
LOAD /home/lionel/paparazziProto1/var/Colibri/ap/actuators.o
LOAD /home/lionel/paparazziProto1/var/Colibri/ap/subsystems/radio_control.o
LOAD /home/lionel/paparazziProto1/var/Colibri/ap/subsystems/radio_control/rc_datalink.o
LOAD /home/lionel/paparazziProto1/var/Colibri/ap/firmwares/fixedwing/stabilization/stabilization_attitude.o
LOAD /home/lionel/paparazziProto1/var/Colibri/ap/firmwares/fixedwing/guidance/guidance_v.o
LOAD /home/lionel/paparazziProto1/var/Colibri/ap/subsystems/nav.o
LOAD /home/lionel/paparazziProto1/var/Colibri/ap/subsystems/navigation/common_flight_plan.o
LOAD /home/lionel/paparazziProto1/var/Colibri/ap/subsystems/navigation/traffic_info.o
LOAD /home/lionel/paparazziProto1/var/Colibri/ap/subsystems/navigation/nav_survey_rectangle.o
LOAD /home/lionel/paparazziProto1/var/Colibri/ap/subsystems/navigation/nav_line.o
LOAD /home/lionel/paparazziProto1/var/Colibri/ap/subsystems/navigation/nav_cube.o
LOAD /home/lionel/paparazziProto1/var/Colibri/ap/subsystems/navigation/discsurvey.o
LOAD /home/lionel/paparazziProto1/var/Colibri/ap/subsystems/navigation/OSAMNav.o
LOAD /home/lionel/paparazziProto1/var/Colibri/ap/subsystems/navigation/snav.o
LOAD /home/lionel/paparazziProto1/var/Colibri/ap/subsystems/navigation/spiral.o
LOAD /home/lionel/paparazziProto1/var/Colibri/ap/subsystems/navigation/poly_survey_adv.o
LOAD /home/lionel/paparazziProto1/var/Colibri/ap/subsystems/navigation/gls.o
LOAD /home/lionel/paparazziProto1/var/Colibri/ap/subsystems/navigation/border_line.o
LOAD /home/lionel/paparazziProto1/var/Colibri/ap/subsystems/datalink/downlink.o
LOAD /home/lionel/paparazziProto1/var/Colibri/ap/subsystems/datalink/pprz_transport.o
LOAD /home/lionel/paparazziProto1/var/Colibri/ap/firmwares/fixedwing/datalink.o
LOAD /home/lionel/paparazziProto1/var/Colibri/ap/subsystems/ahrs.o
LOAD /home/lionel/paparazziProto1/var/Colibri/ap/subsystems/ahrs/ahrs_infrared.o
LOAD /home/lionel/paparazziProto1/var/Colibri/ap/subsystems/gps/gps_ubx.o
LOAD /home/lionel/paparazziProto1/var/Colibri/ap/subsystems/gps.o
LOAD /home/lionel/paparazziProto1/var/Colibri/ap/subsystems/sensors/infrared.o
LOAD /home/lionel/paparazziProto1/var/Colibri/ap/subsystems/sensors/infrared_adc.o
LOAD /opt/paparazzi/arm-multilib/lib/gcc/arm-none-eabi/4.6.2/../../../../arm-none-eabi/lib/thumb/libc.a
LOAD /opt/paparazzi/arm-multilib/lib/gcc/arm-none-eabi/4.6.2/../../../../arm-none-eabi/lib/thumb/libm.a
LOAD /opt/paparazzi/arm-multilib/lib/gcc/arm-none-eabi/4.6.2/../../../../arm-none-eabi/lib/thumb/libc.a
LOAD /opt/paparazzi/arm-multilib/lib/gcc/arm-none-eabi/4.6.2/thumb/libgcc.a
START GROUP
LOAD /opt/paparazzi/arm-multilib/lib/gcc/arm-none-eabi/4.6.2/thumb/libgcc.a
LOAD /opt/paparazzi/arm-multilib/lib/gcc/arm-none-eabi/4.6.2/../../../../arm-none-eabi/lib/thumb/libc.a
END GROUP
                0x00001000                STACK_SIZE = 0x1000

.text           0x00004000    0x180b9
 *(.init)
 .init          0x00004000      0x13c /home/lionel/paparazziProto1/var/Colibri/ap/crt0.o
                0x00004000                _boot
                0x00004050                _mainCRTStartup
                0x00004050                _start
                0x00004050                start
                0x00004114                reset
                0x00004114                abort
                0x00004114                _reset
                0x00004114                exit
 *(.text .text.*)
 .text.mcu_init
                0x0000413c       0xa0 /home/lionel/paparazziProto1/var/Colibri/ap/mcu.o
                0x0000413c                mcu_init
 .text.mcu_arch_init
                0x000041dc       0x8c /home/lionel/paparazziProto1/var/Colibri/ap/arch/lpc21/mcu_arch.o
                0x000041dc                mcu_arch_init
 .text.sys_time_register_timer
                0x00004268       0x98 /home/lionel/paparazziProto1/var/Colibri/ap/mcu_periph/sys_time.o
                0x00004268                sys_time_register_timer
 .text.sys_time_init
                0x00004300       0x60 /home/lionel/paparazziProto1/var/Colibri/ap/mcu_periph/sys_time.o
                0x00004300                sys_time_init
 .text.TIMER0_ISR
                0x00004360      0x1c0 /home/lionel/paparazziProto1/var/Colibri/ap/arch/lpc21/mcu_periph/sys_time_arch.o
                0x00004360                TIMER0_ISR
 .text.sys_time_arch_init
                0x00004520       0x68 /home/lionel/paparazziProto1/var/Colibri/ap/arch/lpc21/mcu_periph/sys_time_arch.o
                0x00004520                sys_time_arch_init
 .text.isometric_latitude_fast_f
                0x00004588       0x40 /home/lionel/paparazziProto1/var/Colibri/ap/math/pprz_geodetic_float.o
 .text.utm_of_lla_f
                0x000045c8      0x380 /home/lionel/paparazziProto1/var/Colibri/ap/math/pprz_geodetic_float.o
                0x000045c8                utm_of_lla_f
 .text.i2c_event
                0x00004948        0x4 /home/lionel/paparazziProto1/var/Colibri/ap/arch/lpc21/mcu_periph/i2c_arch.o
                0x00004948                i2c_event
 .text.inter_mcu_fill_fbw_state
                0x0000494c       0xc8 /home/lionel/paparazziProto1/var/Colibri/ap/firmwares/fixedwing/main_fbw.o
 .text.init_fbw
                0x00004a14      0x100 /home/lionel/paparazziProto1/var/Colibri/ap/firmwares/fixedwing/main_fbw.o
                0x00004a14                init_fbw
 .text.event_task_fbw
                0x00004b14      0x574 /home/lionel/paparazziProto1/var/Colibri/ap/firmwares/fixedwing/main_fbw.o
                0x00004b14                event_task_fbw
 .text.periodic_task_fbw
                0x00005088      0xe34 /home/lionel/paparazziProto1/var/Colibri/ap/firmwares/fixedwing/main_fbw.o
                0x00005088                periodic_task_fbw
 .text.handle_periodic_tasks_fbw
                0x00005ebc       0x70 /home/lionel/paparazziProto1/var/Colibri/ap/firmwares/fixedwing/main_fbw.o
                0x00005ebc                handle_periodic_tasks_fbw
 .text.electrical_init
                0x00005f2c       0x38 /home/lionel/paparazziProto1/var/Colibri/ap/subsystems/electrical.o
                0x00005f2c                electrical_init
 .text.electrical_periodic
                0x00005f64       0x7c /home/lionel/paparazziProto1/var/Colibri/ap/subsystems/electrical.o
                0x00005f64                electrical_periodic
 .text.init_ap  0x00005fe0      0x118 /home/lionel/paparazziProto1/var/Colibri/ap/firmwares/fixedwing/main_ap.o
                0x00005fe0                init_ap
 .text.reporting_task
                0x000060f8     0xa0cc /home/lionel/paparazziProto1/var/Colibri/ap/firmwares/fixedwing/main_ap.o
                0x000060f8                reporting_task
 .text.navigation_task
                0x000101c4      0x51c /home/lionel/paparazziProto1/var/Colibri/ap/firmwares/fixedwing/main_ap.o
                0x000101c4                navigation_task
 .text.attitude_loop
                0x000106e0      0x1d8 /home/lionel/paparazziProto1/var/Colibri/ap/firmwares/fixedwing/main_ap.o
                0x000106e0                attitude_loop
 .text.monitor_task
                0x000108b8      0x24c /home/lionel/paparazziProto1/var/Colibri/ap/firmwares/fixedwing/main_ap.o
                0x000108b8                monitor_task
 .text.fptransition_task
                0x00010b04       0x24 /home/lionel/paparazziProto1/var/Colibri/ap/firmwares/fixedwing/main_ap.o
                0x00010b04                fptransition_task
 .text.handle_periodic_tasks_ap
                0x00010b28      0x184 /home/lionel/paparazziProto1/var/Colibri/ap/firmwares/fixedwing/main_ap.o
                0x00010b28                handle_periodic_tasks_ap
 .text.event_task_ap
                0x00010cac      0x634 /home/lionel/paparazziProto1/var/Colibri/ap/firmwares/fixedwing/main_ap.o
                0x00010cac                event_task_ap
 .text.alt_kalman_reset
                0x000112e0       0x24 /home/lionel/paparazziProto1/var/Colibri/ap/./estimator.o
                0x000112e0                alt_kalman_reset
 .text.alt_kalman_init
                0x00011304       0x14 /home/lionel/paparazziProto1/var/Colibri/ap/./estimator.o
                0x00011304                alt_kalman_init
 .text.alt_kalman
                0x00011318      0x1fc /home/lionel/paparazziProto1/var/Colibri/ap/./estimator.o
                0x00011318                alt_kalman
 .text.estimator_init
                0x00011514       0xec /home/lionel/paparazziProto1/var/Colibri/ap/./estimator.o
                0x00011514                estimator_init
 .text.estimator_update_state_gps
                0x00011600      0x168 /home/lionel/paparazziProto1/var/Colibri/ap/./estimator.o
                0x00011600                estimator_update_state_gps
 .text.disableIRQ
                0x00011768       0x10 /home/lionel/paparazziProto1/var/Colibri/ap/arch/lpc21/armVIC.o
                0x00011768                disableIRQ
 .text.restoreIRQ
                0x00011778       0x1c /home/lionel/paparazziProto1/var/Colibri/ap/arch/lpc21/armVIC.o
                0x00011778                restoreIRQ
 .text.enableIRQ
                0x00011794       0x10 /home/lionel/paparazziProto1/var/Colibri/ap/arch/lpc21/armVIC.o
                0x00011794                enableIRQ
 .text.startup.main
                0x000117a4       0x20 /home/lionel/paparazziProto1/var/Colibri/ap/firmwares/fixedwing/main.o
                0x000117a4                main
 .text.uart_periph_init
                0x000117c4       0x24 /home/lionel/paparazziProto1/var/Colibri/ap/mcu_periph/uart.o
                0x000117c4                uart_periph_init
 .text.uart_check_free_space
                0x000117e8       0x50 /home/lionel/paparazziProto1/var/Colibri/ap/mcu_periph/uart.o
                0x000117e8                uart_check_free_space
 .text.uart_disable_interrupts
                0x00011838       0x20 /home/lionel/paparazziProto1/var/Colibri/ap/arch/lpc21/mcu_periph/uart_arch.o
 .text.uart_set_baudrate
                0x00011858       0x44 /home/lionel/paparazziProto1/var/Colibri/ap/arch/lpc21/mcu_periph/uart_arch.o
 .text.uart_ISR
                0x0001189c       0xfc /home/lionel/paparazziProto1/var/Colibri/ap/arch/lpc21/mcu_periph/uart_arch.o
 .text.uart0_ISR
                0x00011998       0x34 /home/lionel/paparazziProto1/var/Colibri/ap/arch/lpc21/mcu_periph/uart_arch.o
                0x00011998                uart0_ISR
 .text.uart1_ISR
                0x000119cc       0x34 /home/lionel/paparazziProto1/var/Colibri/ap/arch/lpc21/mcu_periph/uart_arch.o
                0x000119cc                uart1_ISR
 .text.uart_transmit
                0x00011a00       0x90 /home/lionel/paparazziProto1/var/Colibri/ap/arch/lpc21/mcu_periph/uart_arch.o
                0x00011a00                uart_transmit
 .text.uart0_init
                0x00011a90       0x88 /home/lionel/paparazziProto1/var/Colibri/ap/arch/lpc21/mcu_periph/uart_arch.o
                0x00011a90                uart0_init
 .text.uart1_init
                0x00011b18       0x88 /home/lionel/paparazziProto1/var/Colibri/ap/arch/lpc21/mcu_periph/uart_arch.o
                0x00011b18                uart1_init
 .text.settings_init
                0x00011ba0        0x4 /home/lionel/paparazziProto1/var/Colibri/ap/subsystems/settings.o
                0x00011ba0                settings_init
 .text.adcISR0  0x00011ba4       0xa0 /home/lionel/paparazziProto1/var/Colibri/ap/arch/lpc21/mcu_periph/adc_arch.o
                0x00011ba4                adcISR0
 .text.adcISR1  0x00011c44       0xa4 /home/lionel/paparazziProto1/var/Colibri/ap/arch/lpc21/mcu_periph/adc_arch.o
                0x00011c44                adcISR1
 .text.adc_buf_channel
                0x00011ce8       0x14 /home/lionel/paparazziProto1/var/Colibri/ap/arch/lpc21/mcu_periph/adc_arch.o
                0x00011ce8                adc_buf_channel
 .text.adc_init
                0x00011cfc       0xa0 /home/lionel/paparazziProto1/var/Colibri/ap/arch/lpc21/mcu_periph/adc_arch.o
                0x00011cfc                adc_init
 .text.actuators_init
                0x00011d9c       0xb4 /home/lionel/paparazziProto1/var/Colibri/ap/arch/lpc21/servos_4017_hw.o
                0x00011d9c                actuators_init
 .text.radio_control_impl_init
                0x00011e50       0x14 /home/lionel/paparazziProto1/var/Colibri/ap/subsystems/radio_control/rc_datalink.o
                0x00011e50                radio_control_impl_init
 .text.parse_rc_3ch_datalink
                0x00011e64       0x40 /home/lionel/paparazziProto1/var/Colibri/ap/subsystems/radio_control/rc_datalink.o
                0x00011e64                parse_rc_3ch_datalink
 .text.parse_rc_4ch_datalink
                0x00011ea4       0x34 /home/lionel/paparazziProto1/var/Colibri/ap/subsystems/radio_control/rc_datalink.o
                0x00011ea4                parse_rc_4ch_datalink
 .text.h_ctl_init
                0x00011ed8      0x134 /home/lionel/paparazziProto1/var/Colibri/ap/firmwares/fixedwing/stabilization/stabilization_attitude.o
                0x00011ed8                h_ctl_init
 .text.h_ctl_course_loop
                0x0001200c      0x468 /home/lionel/paparazziProto1/var/Colibri/ap/firmwares/fixedwing/stabilization/stabilization_attitude.o
                0x0001200c                h_ctl_course_loop
 .text.h_ctl_attitude_loop
                0x00012474      0x390 /home/lionel/paparazziProto1/var/Colibri/ap/firmwares/fixedwing/stabilization/stabilization_attitude.o
                0x00012474                h_ctl_attitude_loop
 .text.v_ctl_init
                0x00012804      0x148 /home/lionel/paparazziProto1/var/Colibri/ap/firmwares/fixedwing/guidance/guidance_v.o
                0x00012804                v_ctl_init
 .text.v_ctl_altitude_loop
                0x0001294c      0x118 /home/lionel/paparazziProto1/var/Colibri/ap/firmwares/fixedwing/guidance/guidance_v.o
                0x0001294c                v_ctl_altitude_loop
 .text.v_ctl_climb_loop
                0x00012a64      0x38c /home/lionel/paparazziProto1/var/Colibri/ap/firmwares/fixedwing/guidance/guidance_v.o
                0x00012a64                v_ctl_climb_loop
 .text.v_ctl_throttle_slew
                0x00012df0       0x8c /home/lionel/paparazziProto1/var/Colibri/ap/firmwares/fixedwing/guidance/guidance_v.o
                0x00012df0                v_ctl_throttle_slew
 .text.nav_set_altitude
                0x00012e7c       0x5c /home/lionel/paparazziProto1/var/Colibri/ap/subsystems/nav.o
 .text.nav_init_stage
                0x00012ed8       0x84 /home/lionel/paparazziProto1/var/Colibri/ap/subsystems/nav.o
                0x00012ed8                nav_init_stage
 .text.fly_to_xy
                0x00012f5c      0x2d4 /home/lionel/paparazziProto1/var/Colibri/ap/subsystems/nav.o
                0x00012f5c                fly_to_xy
 .text.nav_circle_XY
                0x00013230      0x4a0 /home/lionel/paparazziProto1/var/Colibri/ap/subsystems/nav.o
                0x00013230                nav_circle_XY
 .text.compute_dist2_to_home
                0x000136d0       0x9c /home/lionel/paparazziProto1/var/Colibri/ap/subsystems/nav.o
                0x000136d0                compute_dist2_to_home
 .text.common_nav_periodic_task_4Hz
                0x0001376c       0x58 /home/lionel/paparazziProto1/var/Colibri/ap/subsystems/nav.o
                0x0001376c                common_nav_periodic_task_4Hz
 .text.nav_move_waypoint
                0x000137c4      0x11c /home/lionel/paparazziProto1/var/Colibri/ap/subsystems/nav.o
                0x000137c4                nav_move_waypoint
 .text.nav_home
                0x000138e0       0x88 /home/lionel/paparazziProto1/var/Colibri/ap/subsystems/nav.o
                0x000138e0                nav_home
 .text.nav_periodic_task
                0x00013968      0x584 /home/lionel/paparazziProto1/var/Colibri/ap/subsystems/nav.o
                0x00013968                nav_periodic_task
 .text.nav_init
                0x00013eec       0x74 /home/lionel/paparazziProto1/var/Colibri/ap/subsystems/nav.o
                0x00013eec                nav_init
 .text.nav_without_gps
                0x00013f60       0x50 /home/lionel/paparazziProto1/var/Colibri/ap/subsystems/nav.o
                0x00013f60                nav_without_gps
 .text.nav_init_block
                0x00013fb0       0x44 /home/lionel/paparazziProto1/var/Colibri/ap/subsystems/navigation/common_flight_plan.o
                0x00013fb0                nav_init_block
 .text.nav_goto_block
                0x00013ff4       0x40 /home/lionel/paparazziProto1/var/Colibri/ap/subsystems/navigation/common_flight_plan.o
                0x00013ff4                nav_goto_block
 .text.traffic_info_init
                0x00014034       0x38 /home/lionel/paparazziProto1/var/Colibri/ap/subsystems/navigation/traffic_info.o
                0x00014034                traffic_info_init
 .text.dl_parse_msg
                0x0001406c     0x1368 /home/lionel/paparazziProto1/var/Colibri/ap/firmwares/fixedwing/datalink.o
                0x0001406c                dl_parse_msg
 .text.ahrs_init
                0x000153d4       0xbc /home/lionel/paparazziProto1/var/Colibri/ap/subsystems/ahrs/ahrs_infrared.o
                0x000153d4                ahrs_init
 .text.ahrs_update_fw_estimator
                0x00015490       0x6c /home/lionel/paparazziProto1/var/Colibri/ap/subsystems/ahrs/ahrs_infrared.o
                0x00015490                ahrs_update_fw_estimator
 .text.ahrs_update_infrared
                0x000154fc      0x1a0 /home/lionel/paparazziProto1/var/Colibri/ap/subsystems/ahrs/ahrs_infrared.o
                0x000154fc                ahrs_update_infrared
 .text.ahrs_update_gps
                0x0001569c       0xec /home/lionel/paparazziProto1/var/Colibri/ap/subsystems/ahrs/ahrs_infrared.o
                0x0001569c                ahrs_update_gps
 .text.gps_impl_init
                0x00015788       0x24 /home/lionel/paparazziProto1/var/Colibri/ap/subsystems/gps/gps_ubx.o
                0x00015788                gps_impl_init
 .text.gps_ubx_read_message
                0x000157ac      0x534 /home/lionel/paparazziProto1/var/Colibri/ap/subsystems/gps/gps_ubx.o
                0x000157ac                gps_ubx_read_message
 .text.gps_ubx_parse
                0x00015ce0      0x1a4 /home/lionel/paparazziProto1/var/Colibri/ap/subsystems/gps/gps_ubx.o
                0x00015ce0                gps_ubx_parse
 .text.gps_init
                0x00015e84       0x34 /home/lionel/paparazziProto1/var/Colibri/ap/subsystems/gps.o
                0x00015e84                gps_init
 .text.infrared_struct_init
                0x00015eb8       0x48 /home/lionel/paparazziProto1/var/Colibri/ap/subsystems/sensors/infrared.o
                0x00015eb8                infrared_struct_init
 .text.infrared_adc_init
                0x00015f00       0x4c /home/lionel/paparazziProto1/var/Colibri/ap/subsystems/sensors/infrared_adc.o
                0x00015f00                infrared_adc_init
 .text.infrared_adc_update
                0x00015f4c       0xf0 /home/lionel/paparazziProto1/var/Colibri/ap/subsystems/sensors/infrared_adc.o
                0x00015f4c                infrared_adc_update
 *fill*         0x0001603c        0x4 00
 .text          0x00016040      0x348 /opt/paparazzi/arm-multilib/lib/gcc/arm-none-eabi/4.6.2/../../../../arm-none-eabi/lib/thumb/libm.a(lib_a-s_atan.o)
                0x00016040                atan
 .text          0x00016388       0x88 /opt/paparazzi/arm-multilib/lib/gcc/arm-none-eabi/4.6.2/../../../../arm-none-eabi/lib/thumb/libm.a(lib_a-s_cos.o)
                0x00016388                cos
 .text          0x00016410        0x6 /opt/paparazzi/arm-multilib/lib/gcc/arm-none-eabi/4.6.2/../../../../arm-none-eabi/lib/thumb/libm.a(lib_a-s_fabs.o)
                0x00016410                fabs
 *fill*         0x00016416        0x2 00
 .text          0x00016418       0x88 /opt/paparazzi/arm-multilib/lib/gcc/arm-none-eabi/4.6.2/../../../../arm-none-eabi/lib/thumb/libm.a(lib_a-s_sin.o)
                0x00016418                sin
 .text          0x000164a0       0x60 /opt/paparazzi/arm-multilib/lib/gcc/arm-none-eabi/4.6.2/../../../../arm-none-eabi/lib/thumb/libm.a(lib_a-s_tan.o)
                0x000164a0                tan
 .text          0x00016500      0x244 /opt/paparazzi/arm-multilib/lib/gcc/arm-none-eabi/4.6.2/../../../../arm-none-eabi/lib/thumb/libm.a(lib_a-sf_atan.o)
                0x00016500                atanf
 .text          0x00016744       0x68 /opt/paparazzi/arm-multilib/lib/gcc/arm-none-eabi/4.6.2/../../../../arm-none-eabi/lib/thumb/libm.a(lib_a-sf_cos.o)
                0x00016744                cosf
 .text          0x000167ac        0x6 /opt/paparazzi/arm-multilib/lib/gcc/arm-none-eabi/4.6.2/../../../../arm-none-eabi/lib/thumb/libm.a(lib_a-sf_fabs.o)
                0x000167ac                fabsf
 *fill*         0x000167b2        0x2 00
 .text          0x000167b4       0x68 /opt/paparazzi/arm-multilib/lib/gcc/arm-none-eabi/4.6.2/../../../../arm-none-eabi/lib/thumb/libm.a(lib_a-sf_sin.o)
                0x000167b4                sinf
 *fill*         0x0001681c        0x4 00
 .text          0x00016820       0xb0 /opt/paparazzi/arm-multilib/lib/gcc/arm-none-eabi/4.6.2/../../../../arm-none-eabi/lib/thumb/libm.a(lib_a-w_asin.o)
                0x00016820                asin
 .text          0x000168d0        0xc /opt/paparazzi/arm-multilib/lib/gcc/arm-none-eabi/4.6.2/../../../../arm-none-eabi/lib/thumb/libm.a(lib_a-w_atan2.o)
                0x000168d0                atan2
 *fill*         0x000168dc        0x4 00
 .text          0x000168e0       0xc0 /opt/paparazzi/arm-multilib/lib/gcc/arm-none-eabi/4.6.2/../../../../arm-none-eabi/lib/thumb/libm.a(lib_a-w_cosh.o)
                0x000168e0                cosh
 .text          0x000169a0      0x100 /opt/paparazzi/arm-multilib/lib/gcc/arm-none-eabi/4.6.2/../../../../arm-none-eabi/lib/thumb/libm.a(lib_a-w_exp.o)
                0x000169a0                exp
 .text          0x00016aa0       0xf8 /opt/paparazzi/arm-multilib/lib/gcc/arm-none-eabi/4.6.2/../../../../arm-none-eabi/lib/thumb/libm.a(lib_a-w_log.o)
                0x00016aa0                log
 .text          0x00016b98       0xe8 /opt/paparazzi/arm-multilib/lib/gcc/arm-none-eabi/4.6.2/../../../../arm-none-eabi/lib/thumb/libm.a(lib_a-w_sinh.o)
                0x00016b98                sinh
 .text          0x00016c80        0xc /opt/paparazzi/arm-multilib/lib/gcc/arm-none-eabi/4.6.2/../../../../arm-none-eabi/lib/thumb/libm.a(lib_a-wf_atan2.o)
                0x00016c80                atan2f
 *fill*         0x00016c8c        0x4 00
 .text          0x00016c90      0x428 /opt/paparazzi/arm-multilib/lib/gcc/arm-none-eabi/4.6.2/../../../../arm-none-eabi/lib/thumb/libm.a(lib_a-e_asin.o)
                0x00016c90                __ieee754_asin
 .text          0x000170b8      0x1e0 /opt/paparazzi/arm-multilib/lib/gcc/arm-none-eabi/4.6.2/../../../../arm-none-eabi/lib/thumb/libm.a(lib_a-e_atan2.o)
                0x000170b8                __ieee754_atan2
 .text          0x00017298      0x140 /opt/paparazzi/arm-multilib/lib/gcc/arm-none-eabi/4.6.2/../../../../arm-none-eabi/lib/thumb/libm.a(lib_a-e_cosh.o)
                0x00017298                __ieee754_cosh
 .text          0x000173d8      0x2e8 /opt/paparazzi/arm-multilib/lib/gcc/arm-none-eabi/4.6.2/../../../../arm-none-eabi/lib/thumb/libm.a(lib_a-e_exp.o)
                0x000173d8                __ieee754_exp
 .text          0x000176c0      0x410 /opt/paparazzi/arm-multilib/lib/gcc/arm-none-eabi/4.6.2/../../../../arm-none-eabi/lib/thumb/libm.a(lib_a-e_log.o)
                0x000176c0                __ieee754_log
 .text          0x00017ad0      0x3d0 /opt/paparazzi/arm-multilib/lib/gcc/arm-none-eabi/4.6.2/../../../../arm-none-eabi/lib/thumb/libm.a(lib_a-e_rem_pio2.o)
                0x00017ad0                __ieee754_rem_pio2
 .text          0x00017ea0      0x188 /opt/paparazzi/arm-multilib/lib/gcc/arm-none-eabi/4.6.2/../../../../arm-none-eabi/lib/thumb/libm.a(lib_a-e_sinh.o)
                0x00017ea0                __ieee754_sinh
 .text          0x00018028      0x188 /opt/paparazzi/arm-multilib/lib/gcc/arm-none-eabi/4.6.2/../../../../arm-none-eabi/lib/thumb/libm.a(lib_a-e_sqrt.o)
                0x00018028                __ieee754_sqrt
 .text          0x000181b0      0x12c /opt/paparazzi/arm-multilib/lib/gcc/arm-none-eabi/4.6.2/../../../../arm-none-eabi/lib/thumb/libm.a(lib_a-ef_atan2.o)
                0x000181b0                __ieee754_atan2f
 .text          0x000182dc      0x2bc /opt/paparazzi/arm-multilib/lib/gcc/arm-none-eabi/4.6.2/../../../../arm-none-eabi/lib/thumb/libm.a(lib_a-ef_rem_pio2.o)
                0x000182dc                __ieee754_rem_pio2f
 .text          0x00018598      0x1d8 /opt/paparazzi/arm-multilib/lib/gcc/arm-none-eabi/4.6.2/../../../../arm-none-eabi/lib/thumb/libm.a(lib_a-k_cos.o)
                0x00018598                __kernel_cos
 .text          0x00018770      0x738 /opt/paparazzi/arm-multilib/lib/gcc/arm-none-eabi/4.6.2/../../../../arm-none-eabi/lib/thumb/libm.a(lib_a-k_rem_pio2.o)
                0x00018770                __kernel_rem_pio2
 .text          0x00018ea8      0x178 /opt/paparazzi/arm-multilib/lib/gcc/arm-none-eabi/4.6.2/../../../../arm-none-eabi/lib/thumb/libm.a(lib_a-k_sin.o)
                0x00018ea8                __kernel_sin
 .text          0x00019020      0x3c8 /opt/paparazzi/arm-multilib/lib/gcc/arm-none-eabi/4.6.2/../../../../arm-none-eabi/lib/thumb/libm.a(lib_a-k_tan.o)
                0x00019020                __kernel_tan
 .text          0x000193e8      0x13c /opt/paparazzi/arm-multilib/lib/gcc/arm-none-eabi/4.6.2/../../../../arm-none-eabi/lib/thumb/libm.a(lib_a-kf_cos.o)
                0x000193e8                __kernel_cosf
 .text          0x00019524      0x5c4 /opt/paparazzi/arm-multilib/lib/gcc/arm-none-eabi/4.6.2/../../../../arm-none-eabi/lib/thumb/libm.a(lib_a-kf_rem_pio2.o)
                0x00019524                __kernel_rem_pio2f
 .text          0x00019ae8       0xf8 /opt/paparazzi/arm-multilib/lib/gcc/arm-none-eabi/4.6.2/../../../../arm-none-eabi/lib/thumb/libm.a(lib_a-kf_sin.o)
                0x00019ae8                __kernel_sinf
 .text          0x00019be0      0x470 /opt/paparazzi/arm-multilib/lib/gcc/arm-none-eabi/4.6.2/../../../../arm-none-eabi/lib/thumb/libm.a(lib_a-s_expm1.o)
                0x00019be0                expm1
 .text          0x0001a050       0x10 /opt/paparazzi/arm-multilib/lib/gcc/arm-none-eabi/4.6.2/../../../../arm-none-eabi/lib/thumb/libm.a(lib_a-s_finite.o)
                0x0001a050                finite
 .text          0x0001a060      0x128 /opt/paparazzi/arm-multilib/lib/gcc/arm-none-eabi/4.6.2/../../../../arm-none-eabi/lib/thumb/libm.a(lib_a-s_floor.o)
                0x0001a060                floor
 .text          0x0001a188       0x90 /opt/paparazzi/arm-multilib/lib/gcc/arm-none-eabi/4.6.2/../../../../arm-none-eabi/lib/thumb/libm.a(lib_a-s_fpclassify.o)
                0x0001a188                __fpclassifyd
 .text          0x0001a218        0x4 /opt/paparazzi/arm-multilib/lib/gcc/arm-none-eabi/4.6.2/../../../../arm-none-eabi/lib/thumb/libm.a(lib_a-s_matherr.o)
                0x0001a218                matherr
 *fill*         0x0001a21c        0x4 00
 .text          0x0001a220       0x10 /opt/paparazzi/arm-multilib/lib/gcc/arm-none-eabi/4.6.2/../../../../arm-none-eabi/lib/thumb/libm.a(lib_a-s_nan.o)
                0x0001a220                nan
 .text          0x0001a230       0xf8 /opt/paparazzi/arm-multilib/lib/gcc/arm-none-eabi/4.6.2/../../../../arm-none-eabi/lib/thumb/libm.a(lib_a-s_scalbn.o)
                0x0001a230                scalbn
 .text          0x0001a328       0x84 /opt/paparazzi/arm-multilib/lib/gcc/arm-none-eabi/4.6.2/../../../../arm-none-eabi/lib/thumb/libm.a(lib_a-sf_floor.o)
                0x0001a328                floorf
 .text          0x0001a3ac       0xb4 /opt/paparazzi/arm-multilib/lib/gcc/arm-none-eabi/4.6.2/../../../../arm-none-eabi/lib/thumb/libm.a(lib_a-sf_scalbn.o)
                0x0001a3ac                scalbnf
 .text          0x0001a460       0x14 /opt/paparazzi/arm-multilib/lib/gcc/arm-none-eabi/4.6.2/../../../../arm-none-eabi/lib/thumb/libm.a(lib_a-s_copysign.o)
                0x0001a460                copysign
 .text          0x0001a474        0xc /opt/paparazzi/arm-multilib/lib/gcc/arm-none-eabi/4.6.2/../../../../arm-none-eabi/lib/thumb/libm.a(lib_a-sf_copysign.o)
                0x0001a474                copysignf
 .text          0x0001a480        0xc /opt/paparazzi/arm-multilib/lib/gcc/arm-none-eabi/4.6.2/../../../../arm-none-eabi/lib/thumb/libc.a(lib_a-errno.o)
                0x0001a480                __errno
 .text          0x0001a48c       0x14 /opt/paparazzi/arm-multilib/lib/gcc/arm-none-eabi/4.6.2/thumb/libgcc.a(_thumb1_case_uqi.o)
                0x0001a48c                __gnu_thumb1_case_uqi
 .text          0x0001a4a0       0x94 /opt/paparazzi/arm-multilib/lib/gcc/arm-none-eabi/4.6.2/thumb/libgcc.a(_udivsi3.o)
                0x0001a4a0                __udivsi3
                0x0001a4a0                __aeabi_uidiv
                0x0001a520                __aeabi_uidivmod
 .text          0x0001a534       0xb0 /opt/paparazzi/arm-multilib/lib/gcc/arm-none-eabi/4.6.2/thumb/libgcc.a(_divsi3.o)
                0x0001a534                __aeabi_idiv
                0x0001a534                __divsi3
                0x0001a5d0                __aeabi_idivmod
 .text          0x0001a5e4        0x4 /opt/paparazzi/arm-multilib/lib/gcc/arm-none-eabi/4.6.2/thumb/libgcc.a(_dvmd_tls.o)
                0x0001a5e4                __aeabi_ldiv0
                0x0001a5e4                __aeabi_idiv0
 .text          0x0001a5e8      0x41c /opt/paparazzi/arm-multilib/lib/gcc/arm-none-eabi/4.6.2/thumb/libgcc.a(_arm_addsubdf3.o)
                0x0001a5e8                __aeabi_drsub
                0x0001a5f0                __aeabi_dsub
                0x0001a5f0                __subdf3
                0x0001a5f4                __adddf3
                0x0001a5f4                __aeabi_dadd
                0x0001a904                __aeabi_ui2d
                0x0001a904                __floatunsidf
                0x0001a928                __floatsidf
                0x0001a928                __aeabi_i2d
                0x0001a950                __extendsfdf2
                0x0001a950                __aeabi_f2d
                0x0001a990                __aeabi_ul2d
                0x0001a990                __floatundidf
                0x0001a9a4                __floatdidf
                0x0001a9a4                __aeabi_l2d
 .text          0x0001aa04      0x49c /opt/paparazzi/arm-multilib/lib/gcc/arm-none-eabi/4.6.2/thumb/libgcc.a(_arm_muldivdf3.o)
                0x0001aa04                __aeabi_dmul
                0x0001aa04                __muldf3
                0x0001ac94                __aeabi_ddiv
                0x0001ac94                __divdf3
 .text          0x0001aea0      0x144 /opt/paparazzi/arm-multilib/lib/gcc/arm-none-eabi/4.6.2/thumb/libgcc.a(_arm_cmpdf2.o)
                0x0001aea0                __gtdf2
                0x0001aea0                __gedf2
                0x0001aea8                __ltdf2
                0x0001aea8                __ledf2
                0x0001aeb0                __cmpdf2
                0x0001aeb0                __eqdf2
                0x0001aeb0                __nedf2
                0x0001af38                __aeabi_cdrcmple
                0x0001af54                __aeabi_cdcmple
                0x0001af54                __aeabi_cdcmpeq
                0x0001af6c                __aeabi_dcmpeq
                0x0001af84                __aeabi_dcmplt
                0x0001af9c                __aeabi_dcmple
                0x0001afb4                __aeabi_dcmpge
                0x0001afcc                __aeabi_dcmpgt
 .text          0x0001afe4       0x5c /opt/paparazzi/arm-multilib/lib/gcc/arm-none-eabi/4.6.2/thumb/libgcc.a(_arm_fixdfsi.o)
                0x0001afe4                __fixdfsi
                0x0001afe4                __aeabi_d2iz
 .text          0x0001b040       0x54 /opt/paparazzi/arm-multilib/lib/gcc/arm-none-eabi/4.6.2/thumb/libgcc.a(_arm_fixunsdfsi.o)
                0x0001b040                __fixunsdfsi
                0x0001b040                __aeabi_d2uiz
 .text          0x0001b094       0xa0 /opt/paparazzi/arm-multilib/lib/gcc/arm-none-eabi/4.6.2/thumb/libgcc.a(_arm_truncdfsf2.o)
                0x0001b094                __aeabi_d2f
                0x0001b094                __truncdfsf2
 .text          0x0001b134      0x2ac /opt/paparazzi/arm-multilib/lib/gcc/arm-none-eabi/4.6.2/thumb/libgcc.a(_arm_addsubsf3.o)
                0x0001b134                __aeabi_frsub
                0x0001b13c                __subsf3
                0x0001b13c                __aeabi_fsub
                0x0001b140                __aeabi_fadd
                0x0001b140                __addsf3
                0x0001b2fc                __aeabi_ui2f
                0x0001b2fc                __floatunsisf
                0x0001b304                __aeabi_i2f
                0x0001b304                __floatsisf
                0x0001b324                __floatundisf
                0x0001b324                __aeabi_ul2f
                0x0001b334                __floatdisf
                0x0001b334                __aeabi_l2f
 .text          0x0001b3e0      0x2f8 /opt/paparazzi/arm-multilib/lib/gcc/arm-none-eabi/4.6.2/thumb/libgcc.a(_arm_muldivsf3.o)
                0x0001b3e0                __mulsf3
                0x0001b3e0                __aeabi_fmul
                0x0001b578                __divsf3
                0x0001b578                __aeabi_fdiv
 .text          0x0001b6d8      0x114 /opt/paparazzi/arm-multilib/lib/gcc/arm-none-eabi/4.6.2/thumb/libgcc.a(_arm_cmpsf2.o)
                0x0001b6d8                __gtsf2
                0x0001b6d8                __gesf2
                0x0001b6e0                __lesf2
                0x0001b6e0                __ltsf2
                0x0001b6e8                __nesf2
                0x0001b6e8                __eqsf2
                0x0001b6e8                __cmpsf2
                0x0001b74c                __aeabi_cfrcmple
                0x0001b75c                __aeabi_cfcmple
                0x0001b75c                __aeabi_cfcmpeq
                0x0001b774                __aeabi_fcmpeq
                0x0001b78c                __aeabi_fcmplt
                0x0001b7a4                __aeabi_fcmple
                0x0001b7bc                __aeabi_fcmpge
                0x0001b7d4                __aeabi_fcmpgt
 .text          0x0001b7ec       0x5c /opt/paparazzi/arm-multilib/lib/gcc/arm-none-eabi/4.6.2/thumb/libgcc.a(_arm_fixsfsi.o)
                0x0001b7ec                __fixsfsi
                0x0001b7ec                __aeabi_f2iz
 .text          0x0001b848       0x54 /opt/paparazzi/arm-multilib/lib/gcc/arm-none-eabi/4.6.2/thumb/libgcc.a(_arm_fixunssfsi.o)
                0x0001b848                __aeabi_f2uiz
                0x0001b848                __fixunssfsi
 *fill*         0x0001b89c        0x4 00
 .text.stub     0x0001b8a0      0x158 linker stubs
 *(.gnu.linkonce.t.*)
 *(.glue_7)
 .glue_7        0x00000000        0x0 linker stubs
 *(.glue_7t)
 .glue_7t       0x00000000        0x0 linker stubs
 *(.gcc_except_table)
 *(.rodata)
 *fill*         0x0001ba38        0x0 00
 .rodata        0x0001ba38       0x40 /opt/paparazzi/arm-multilib/lib/gcc/arm-none-eabi/4.6.2/../../../../arm-none-eabi/lib/thumb/libm.a(lib_a-s_atan.o)
 .rodata        0x0001ba78       0x20 /opt/paparazzi/arm-multilib/lib/gcc/arm-none-eabi/4.6.2/../../../../arm-none-eabi/lib/thumb/libm.a(lib_a-sf_atan.o)
 .rodata        0x0001ba98       0x30 /opt/paparazzi/arm-multilib/lib/gcc/arm-none-eabi/4.6.2/../../../../arm-none-eabi/lib/thumb/libm.a(lib_a-e_exp.o)
 .rodata        0x0001bac8      0x188 /opt/paparazzi/arm-multilib/lib/gcc/arm-none-eabi/4.6.2/../../../../arm-none-eabi/lib/thumb/libm.a(lib_a-e_rem_pio2.o)
 .rodata        0x0001bc50      0x398 /opt/paparazzi/arm-multilib/lib/gcc/arm-none-eabi/4.6.2/../../../../arm-none-eabi/lib/thumb/libm.a(lib_a-ef_rem_pio2.o)
 .rodata        0x0001bfe8       0x50 /opt/paparazzi/arm-multilib/lib/gcc/arm-none-eabi/4.6.2/../../../../arm-none-eabi/lib/thumb/libm.a(lib_a-k_rem_pio2.o)
 .rodata        0x0001c038       0x38 /opt/paparazzi/arm-multilib/lib/gcc/arm-none-eabi/4.6.2/../../../../arm-none-eabi/lib/thumb/libm.a(lib_a-kf_rem_pio2.o)
 *(.rodata*)
 .rodata.serie_coeff_proj_mercator
                0x0001c070       0x14 /home/lionel/paparazziProto1/var/Colibri/ap/math/pprz_geodetic_float.o
 .rodata.commands_failsafe
                0x0001c084        0x8 /home/lionel/paparazziProto1/var/Colibri/ap/./commands.o
                0x0001c084                commands_failsafe
 .rodata.version
                0x0001c08c        0x2 /home/lionel/paparazziProto1/var/Colibri/ap/firmwares/fixedwing/main_ap.o
 .rodata.str1.1
                0x0001c08e       0x11 /home/lionel/paparazziProto1/var/Colibri/ap/firmwares/fixedwing/main_ap.o
 .rodata.nb_waypoint
                0x0001c09f        0x1 /home/lionel/paparazziProto1/var/Colibri/ap/subsystems/nav.o
                0x0001c09f                nb_waypoint
 .rodata.str1.1
                0x0001c0a0        0x5 /opt/paparazzi/arm-multilib/lib/gcc/arm-none-eabi/4.6.2/../../../../arm-none-eabi/lib/thumb/libm.a(lib_a-w_asin.o)
                                  0x6 (size before relaxing)
 .rodata.str1.1
                0x0001c0a5        0x5 /opt/paparazzi/arm-multilib/lib/gcc/arm-none-eabi/4.6.2/../../../../arm-none-eabi/lib/thumb/libm.a(lib_a-w_cosh.o)
 .rodata.str1.1
                0x0001c0aa        0x4 /opt/paparazzi/arm-multilib/lib/gcc/arm-none-eabi/4.6.2/../../../../arm-none-eabi/lib/thumb/libm.a(lib_a-w_exp.o)
 .rodata.str1.1
                0x0001c0ae        0x4 /opt/paparazzi/arm-multilib/lib/gcc/arm-none-eabi/4.6.2/../../../../arm-none-eabi/lib/thumb/libm.a(lib_a-w_log.o)
                                  0x5 (size before relaxing)
 .rodata.str1.1
                0x0001c0b2        0x5 /opt/paparazzi/arm-multilib/lib/gcc/arm-none-eabi/4.6.2/../../../../arm-none-eabi/lib/thumb/libm.a(lib_a-w_sinh.o)
 .rodata.str1.1
                0x0001c0b7        0x2 /opt/paparazzi/arm-multilib/lib/gcc/arm-none-eabi/4.6.2/../../../../arm-none-eabi/lib/thumb/libc.a(lib_a-impure.o)
 *(.gnu.linkonce.r.*)

.vfp11_veneer   0x0001c0bc        0x0
 .vfp11_veneer  0x00000000        0x0 linker stubs

.v4_bx          0x0001c0bc        0x0
 .v4_bx         0x00000000        0x0 linker stubs
                0x0001c0bc                . = ALIGN (0x4)

.ARM.exidx      0x0001c0b9        0x0
                0x0001c0b9                __exidx_start = .
 *(.ARM.exidx* .gnu.linkonce.armexidx.*)
                0x0001c0b9                __exidx_end = .
                0x0001c0bc                . = ALIGN (0x4)

.ctors          0x0001c0b9        0x0
                0x0001c0b9                PROVIDE (__ctors_start__, .)
 *(SORT(.ctors.*))
 *(.ctors)
                0x0001c0b9                PROVIDE (__ctors_end__, .)

.dtors          0x0001c0b9        0x0
                0x0001c0b9                PROVIDE (__dtors_start__, .)
 *(SORT(.dtors.*))
 *(.dtors)
                0x0001c0b9                PROVIDE (__dtors_end__, .)
                0x0001c0bc                . = ALIGN (0x4)
                0x0001c0bc                _etext = .
                0x0001c0bc                PROVIDE (etext, .)

.data           0x40000000      0x498 load address 0x0001c0bc
                0x40000000                _data = .
 *(.data)
 .data          0x40000000        0x1 /opt/paparazzi/arm-multilib/lib/gcc/arm-none-eabi/4.6.2/../../../../arm-none-eabi/lib/thumb/libm.a(lib_a-s_lib_ver.o)
                0x40000000                __fdlib_version
 *fill*         0x40000001        0x7 00
 .data          0x40000008      0x430 /opt/paparazzi/arm-multilib/lib/gcc/arm-none-eabi/4.6.2/../../../../arm-none-eabi/lib/thumb/libc.a(lib_a-impure.o)
                0x40000008                _impure_ptr
 *(.data.*)
 .data.fbw_state
                0x40000438        0x4 /home/lionel/paparazziProto1/var/Colibri/ap/./inter_mcu.o
                0x40000438                fbw_state
 .data.ap_state
                0x4000043c        0x4 /home/lionel/paparazziProto1/var/Colibri/ap/./inter_mcu.o
                0x4000043c                ap_state
 .data.boot.3848
                0x40000440        0x1 /home/lionel/paparazziProto1/var/Colibri/ap/firmwares/fixedwing/main_ap.o
 *fill*         0x40000441        0x1 00
 .data.adc0_val
                0x40000442       0x10 /home/lionel/paparazziProto1/var/Colibri/ap/arch/lpc21/mcu_periph/adc_arch.o
                0x40000442                adc0_val
 .data.adc1_val
                0x40000452       0x10 /home/lionel/paparazziProto1/var/Colibri/ap/arch/lpc21/mcu_periph/adc_arch.o
                0x40000452                adc1_val
 *fill*         0x40000462        0x2 00
 .data.v_ctl_auto_throttle_dash_trim
                0x40000464        0x4 /home/lionel/paparazziProto1/var/Colibri/ap/firmwares/fixedwing/stabilization/stabilization_attitude.o
                0x40000464                v_ctl_auto_throttle_dash_trim
 .data.v_ctl_auto_throttle_loiter_trim
                0x40000468        0x4 /home/lionel/paparazziProto1/var/Colibri/ap/firmwares/fixedwing/stabilization/stabilization_attitude.o
                0x40000468                v_ctl_auto_throttle_loiter_trim
 .data.max_dist_from_home
                0x4000046c        0x4 /home/lionel/paparazziProto1/var/Colibri/ap/subsystems/nav.o
                0x4000046c                max_dist_from_home
 .data.nav_utm_zone0
                0x40000470        0x1 /home/lionel/paparazziProto1/var/Colibri/ap/subsystems/nav.o
                0x40000470                nav_utm_zone0
 *fill*         0x40000471        0x3 00
 .data.nav_utm_north0
                0x40000474        0x4 /home/lionel/paparazziProto1/var/Colibri/ap/subsystems/nav.o
                0x40000474                nav_utm_north0
 .data.nav_altitude
                0x40000478        0x4 /home/lionel/paparazziProto1/var/Colibri/ap/subsystems/nav.o
                0x40000478                nav_altitude
 .data.waypoints
                0x4000047c       0x18 /home/lionel/paparazziProto1/var/Colibri/ap/subsystems/nav.o
                0x4000047c                waypoints
 .data.nav_utm_east0
                0x40000494        0x4 /home/lionel/paparazziProto1/var/Colibri/ap/subsystems/nav.o
                0x40000494                nav_utm_east0
 *(.gnu.linkonce.d*)
                0x40000498                . = ALIGN (0x4)
 *(.fastrun)
                0x40000498                . = ALIGN (0x4)
                0x40000498                _edata = .
                0x40000498                PROVIDE (edata, .)

.bss            0x40000498     0x1084 load address 0x0001c558
                0x40000498                __bss_start = .
                0x40000498                __bss_start__ = .
 *(.bss)
 *(.bss.*)
 .bss.inter_mcu_received_ap
                0x40000498        0x1 /home/lionel/paparazziProto1/var/Colibri/ap/./inter_mcu.o
                0x40000498                inter_mcu_received_ap
 *fill*         0x40000499        0x1 00
 .bss._ap_state
                0x4000049a        0xc /home/lionel/paparazziProto1/var/Colibri/ap/./inter_mcu.o
 .bss.inter_mcu_received_fbw
                0x400004a6        0x1 /home/lionel/paparazziProto1/var/Colibri/ap/./inter_mcu.o
                0x400004a6                inter_mcu_received_fbw
 *fill*         0x400004a7        0x1 00
 .bss._fbw_state
                0x400004a8       0x14 /home/lionel/paparazziProto1/var/Colibri/ap/./inter_mcu.o
 .bss.i15.3001  0x400004bc        0x1 /home/lionel/paparazziProto1/var/Colibri/ap/firmwares/fixedwing/main_fbw.o
 .bss.i30.3030  0x400004bd        0x1 /home/lionel/paparazziProto1/var/Colibri/ap/firmwares/fixedwing/main_fbw.o
 .bss.fbw_new_actuators
                0x400004be        0x1 /home/lionel/paparazziProto1/var/Colibri/ap/firmwares/fixedwing/main_fbw.o
                0x400004be                fbw_new_actuators
 *fill*         0x400004bf        0x1 00
 .bss.i300.3032
                0x400004c0        0x2 /home/lionel/paparazziProto1/var/Colibri/ap/firmwares/fixedwing/main_fbw.o
 .bss.i60.3031  0x400004c2        0x1 /home/lionel/paparazziProto1/var/Colibri/ap/firmwares/fixedwing/main_fbw.o
 .bss.i30.3002  0x400004c3        0x1 /home/lionel/paparazziProto1/var/Colibri/ap/firmwares/fixedwing/main_fbw.o
 .bss.i120.3003
                0x400004c4        0x1 /home/lionel/paparazziProto1/var/Colibri/ap/firmwares/fixedwing/main_fbw.o
 .bss._1Hz.2786
                0x400004c5        0x1 /home/lionel/paparazziProto1/var/Colibri/ap/firmwares/fixedwing/main_fbw.o
 *fill*         0x400004c6        0x2 00
 .bss.electrical_priv
                0x400004c8       0x48 /home/lionel/paparazziProto1/var/Colibri/ap/subsystems/electrical.o
 .bss.command_roll_trim
                0x40000510        0x2 /home/lionel/paparazziProto1/var/Colibri/ap/./commands.o
                0x40000510                command_roll_trim
 .bss.command_pitch_trim
                0x40000512        0x2 /home/lionel/paparazziProto1/var/Colibri/ap/./commands.o
                0x40000512                command_pitch_trim
 .bss.telemetry_mode_Fbw
                0x40000514        0x1 /home/lionel/paparazziProto1/var/Colibri/ap/firmwares/fixedwing/fbw_downlink.o
                0x40000514                telemetry_mode_Fbw
 .bss.mcu1_ppm_cpt
                0x40000515        0x1 /home/lionel/paparazziProto1/var/Colibri/ap/firmwares/fixedwing/main_ap.o
 .bss.i300.4206
                0x40000516        0x2 /home/lionel/paparazziProto1/var/Colibri/ap/firmwares/fixedwing/main_ap.o
 .bss.i306.3863
                0x40000518        0x2 /home/lionel/paparazziProto1/var/Colibri/ap/firmwares/fixedwing/main_ap.o
 .bss.i540.3864
                0x4000051a        0x2 /home/lionel/paparazziProto1/var/Colibri/ap/firmwares/fixedwing/main_ap.o
 .bss.i540.4209
                0x4000051c        0x2 /home/lionel/paparazziProto1/var/Colibri/ap/firmwares/fixedwing/main_ap.o
 .bss.i180.4201
                0x4000051e        0x1 /home/lionel/paparazziProto1/var/Colibri/ap/firmwares/fixedwing/main_ap.o
 *fill*         0x4000051f        0x1 00
 .bss.i306.4523
                0x40000520        0x2 /home/lionel/paparazziProto1/var/Colibri/ap/firmwares/fixedwing/main_ap.o
 .bss.i84.4198  0x40000522        0x1 /home/lionel/paparazziProto1/var/Colibri/ap/firmwares/fixedwing/main_ap.o
 .bss.i1.3610   0x40000523        0x1 /home/lionel/paparazziProto1/var/Colibri/ap/firmwares/fixedwing/main_ap.o
 .bss.i.4280    0x40000524        0x1 /home/lionel/paparazziProto1/var/Colibri/ap/firmwares/fixedwing/main_ap.o
 *fill*         0x40000525        0x1 00
 .bss.i342.4527
                0x40000526        0x2 /home/lionel/paparazziProto1/var/Colibri/ap/firmwares/fixedwing/main_ap.o
 .bss.last.4493
                0x40000528        0x2 /home/lionel/paparazziProto1/var/Colibri/ap/firmwares/fixedwing/main_ap.o
 .bss.i78.4197  0x4000052a        0x1 /home/lionel/paparazziProto1/var/Colibri/ap/firmwares/fixedwing/main_ap.o
 .bss.i120.3859
                0x4000052b        0x1 /home/lionel/paparazziProto1/var/Colibri/ap/firmwares/fixedwing/main_ap.o
 .bss.i.3927    0x4000052c        0x1 /home/lionel/paparazziProto1/var/Colibri/ap/firmwares/fixedwing/main_ap.o
 .bss.launch    0x4000052d        0x1 /home/lionel/paparazziProto1/var/Colibri/ap/firmwares/fixedwing/main_ap.o
                0x4000052d                launch
 .bss.pprz_mode
                0x4000052e        0x1 /home/lionel/paparazziProto1/var/Colibri/ap/firmwares/fixedwing/main_ap.o
                0x4000052e                pprz_mode
 .bss.lateral_mode
                0x4000052f        0x1 /home/lionel/paparazziProto1/var/Colibri/ap/firmwares/fixedwing/main_ap.o
                0x4000052f                lateral_mode
 .bss.mcu1_status
                0x40000530        0x1 /home/lionel/paparazziProto1/var/Colibri/ap/firmwares/fixedwing/main_ap.o
 .bss.i72.3857  0x40000531        0x1 /home/lionel/paparazziProto1/var/Colibri/ap/firmwares/fixedwing/main_ap.o
 .bss.i30.3853  0x40000532        0x1 /home/lionel/paparazziProto1/var/Colibri/ap/firmwares/fixedwing/main_ap.o
 .bss.i183.4202
                0x40000533        0x1 /home/lionel/paparazziProto1/var/Colibri/ap/firmwares/fixedwing/main_ap.o
 .bss.i.4211    0x40000534        0x1 /home/lionel/paparazziProto1/var/Colibri/ap/firmwares/fixedwing/main_ap.o
 .bss.i6.3852   0x40000535        0x1 /home/lionel/paparazziProto1/var/Colibri/ap/firmwares/fixedwing/main_ap.o
 .bss.i300.4522
                0x40000536        0x2 /home/lionel/paparazziProto1/var/Colibri/ap/firmwares/fixedwing/main_ap.o
 .bss.i420.4528
                0x40000538        0x2 /home/lionel/paparazziProto1/var/Colibri/ap/firmwares/fixedwing/main_ap.o
 .bss.i66.4196  0x4000053a        0x1 /home/lionel/paparazziProto1/var/Colibri/ap/firmwares/fixedwing/main_ap.o
 *fill*         0x4000053b        0x1 00
 .bss.i300.3862
                0x4000053c        0x2 /home/lionel/paparazziProto1/var/Colibri/ap/firmwares/fixedwing/main_ap.o
 .bss.i606.4529
                0x4000053e        0x2 /home/lionel/paparazziProto1/var/Colibri/ap/firmwares/fixedwing/main_ap.o
 .bss.i243.4205
                0x40000540        0x1 /home/lionel/paparazziProto1/var/Colibri/ap/firmwares/fixedwing/main_ap.o
 .bss.i.4298    0x40000541        0x1 /home/lionel/paparazziProto1/var/Colibri/ap/firmwares/fixedwing/main_ap.o
 .bss.i63.4195  0x40000542        0x1 /home/lionel/paparazziProto1/var/Colibri/ap/firmwares/fixedwing/main_ap.o
 .bss.i126.3860
                0x40000543        0x1 /home/lionel/paparazziProto1/var/Colibri/ap/firmwares/fixedwing/main_ap.o
 .bss.i240.4204
                0x40000544        0x1 /home/lionel/paparazziProto1/var/Colibri/ap/firmwares/fixedwing/main_ap.o
 .bss.i66.3856  0x40000545        0x1 /home/lionel/paparazziProto1/var/Colibri/ap/firmwares/fixedwing/main_ap.o
 .bss.i324.4525
                0x40000546        0x2 /home/lionel/paparazziProto1/var/Colibri/ap/firmwares/fixedwing/main_ap.o
 .bss.last.4177
                0x40000548        0x2 /home/lionel/paparazziProto1/var/Colibri/ap/firmwares/fixedwing/main_ap.o
 .bss.t.4718    0x4000054a        0x1 /home/lionel/paparazziProto1/var/Colibri/ap/firmwares/fixedwing/main_ap.o
 .bss.kill_throttle
                0x4000054b        0x1 /home/lionel/paparazziProto1/var/Colibri/ap/firmwares/fixedwing/main_ap.o
                0x4000054b                kill_throttle
 .bss.i63.3855  0x4000054c        0x1 /home/lionel/paparazziProto1/var/Colibri/ap/firmwares/fixedwing/main_ap.o
 *fill*         0x4000054d        0x1 00
 .bss.last.4616
                0x4000054e        0x2 /home/lionel/paparazziProto1/var/Colibri/ap/firmwares/fixedwing/main_ap.o
 .bss.i60.3854  0x40000550        0x1 /home/lionel/paparazziProto1/var/Colibri/ap/firmwares/fixedwing/main_ap.o
 .bss.i.4062    0x40000551        0x1 /home/lionel/paparazziProto1/var/Colibri/ap/firmwares/fixedwing/main_ap.o
 .bss.i126.4200
                0x40000552        0x1 /home/lionel/paparazziProto1/var/Colibri/ap/firmwares/fixedwing/main_ap.o
 *fill*         0x40000553        0x1 00
 .bss.i612.4530
                0x40000554        0x2 /home/lionel/paparazziProto1/var/Colibri/ap/firmwares/fixedwing/main_ap.o
 .bss.i306.4207
                0x40000556        0x2 /home/lionel/paparazziProto1/var/Colibri/ap/firmwares/fixedwing/main_ap.o
 .bss.i318.4524
                0x40000558        0x2 /home/lionel/paparazziProto1/var/Colibri/ap/firmwares/fixedwing/main_ap.o
 .bss.i150.3861
                0x4000055a        0x1 /home/lionel/paparazziProto1/var/Colibri/ap/firmwares/fixedwing/main_ap.o
 *fill*         0x4000055b        0x1 00
 .bss.i312.4208
                0x4000055c        0x2 /home/lionel/paparazziProto1/var/Colibri/ap/firmwares/fixedwing/main_ap.o
 .bss.i606.4210
                0x4000055e        0x2 /home/lionel/paparazziProto1/var/Colibri/ap/firmwares/fixedwing/main_ap.o
 .bss.i.4537    0x40000560        0x1 /home/lionel/paparazziProto1/var/Colibri/ap/firmwares/fixedwing/main_ap.o
 .bss.i192.4203
                0x40000561        0x1 /home/lionel/paparazziProto1/var/Colibri/ap/firmwares/fixedwing/main_ap.o
 .bss.i90.4199  0x40000562        0x1 /home/lionel/paparazziProto1/var/Colibri/ap/firmwares/fixedwing/main_ap.o
 *fill*         0x40000563        0x1 00
 .bss.current   0x40000564        0x4 /home/lionel/paparazziProto1/var/Colibri/ap/firmwares/fixedwing/main_ap.o
 .bss.i.3865    0x40000568        0x1 /home/lionel/paparazziProto1/var/Colibri/ap/firmwares/fixedwing/main_ap.o
 *fill*         0x40000569        0x1 00
 .bss.i330.4526
                0x4000056a        0x2 /home/lionel/paparazziProto1/var/Colibri/ap/firmwares/fixedwing/main_ap.o
 .bss.i90.3858  0x4000056c        0x1 /home/lionel/paparazziProto1/var/Colibri/ap/firmwares/fixedwing/main_ap.o
 *fill*         0x4000056d        0x3 00
 .bss.p         0x40000570       0x10 /home/lionel/paparazziProto1/var/Colibri/ap/./estimator.o
 .bss.telemetry_mode_Ap
                0x40000580        0x1 /home/lionel/paparazziProto1/var/Colibri/ap/firmwares/fixedwing/ap_downlink.o
                0x40000580                telemetry_mode_Ap
 *fill*         0x40000581        0x3 00
 .bss.buffers   0x40000584       0x40 /home/lionel/paparazziProto1/var/Colibri/ap/arch/lpc21/mcu_periph/adc_arch.o
 .bss.last_elevator_trim.3022
                0x400005c4        0x4 /home/lionel/paparazziProto1/var/Colibri/ap/firmwares/fixedwing/stabilization/stabilization_attitude.o
 .bss.last_err.3031
                0x400005c8        0x4 /home/lionel/paparazziProto1/var/Colibri/ap/firmwares/fixedwing/stabilization/stabilization_attitude.o
 .bss.last_err.2990
                0x400005cc        0x4 /home/lionel/paparazziProto1/var/Colibri/ap/firmwares/fixedwing/stabilization/stabilization_attitude.o
 .bss.route_ap_time
                0x400005d0        0x1 /home/lionel/paparazziProto1/var/Colibri/ap/firmwares/fixedwing/stabilization/stabilization_attitude.o
                0x400005d0                route_ap_time
 *fill*         0x400005d1        0x3 00
 .bss.nav_ratio
                0x400005d4        0x4 /home/lionel/paparazziProto1/var/Colibri/ap/firmwares/fixedwing/stabilization/stabilization_attitude.o
 .bss.last_err.2969
                0x400005d8        0x4 /home/lionel/paparazziProto1/var/Colibri/ap/firmwares/fixedwing/guidance/guidance_v.o
 .bss.last_nav_altitude.4004
                0x400005dc        0x4 /home/lionel/paparazziProto1/var/Colibri/ap/subsystems/nav.o
 .bss.nav_in_segment
                0x400005e0        0x1 /home/lionel/paparazziProto1/var/Colibri/ap/subsystems/nav.o
                0x400005e0                nav_in_segment
 *fill*         0x400005e1        0x1 00
 .bss.prescaler.3992
                0x400005e2        0x2 /home/lionel/paparazziProto1/var/Colibri/ap/subsystems/nav.o
 .bss.nav_in_circle
                0x400005e4        0x1 /home/lionel/paparazziProto1/var/Colibri/ap/subsystems/nav.o
                0x400005e4                nav_in_circle
 *fill*         0x400005e5        0x3 00
 .bss.circle_bank
                0x400005e8        0x4 /home/lionel/paparazziProto1/var/Colibri/ap/subsystems/nav.o
                0x400005e8                circle_bank
 .bss.buf_ir1   0x400005ec       0x48 /home/lionel/paparazziProto1/var/Colibri/ap/subsystems/sensors/infrared_adc.o
 .bss.buf_ir2   0x40000634       0x48 /home/lionel/paparazziProto1/var/Colibri/ap/subsystems/sensors/infrared_adc.o
 .bss.buf_ir3   0x4000067c       0x48 /home/lionel/paparazziProto1/var/Colibri/ap/subsystems/sensors/infrared_adc.o
 *(.gnu.linkonce.b*)
 *(COMMON)
 COMMON         0x400006c4       0xac /home/lionel/paparazziProto1/var/Colibri/ap/mcu_periph/sys_time.o
                0x400006c4                sys_time
 COMMON         0x40000770        0x2 /home/lionel/paparazziProto1/var/Colibri/ap/./inter_mcu.o
                0x40000770                ap_ok
                0x40000771                time_since_last_ap
 COMMON         0x40000772        0x3 /home/lionel/paparazziProto1/var/Colibri/ap/firmwares/fixedwing/main_fbw.o
                0x40000772                fbw_periodic_tid
                0x40000773                fbw_mode
                0x40000774                electrical_tid
 *fill*         0x40000775        0x3 00
 COMMON         0x40000778        0xc /home/lionel/paparazziProto1/var/Colibri/ap/subsystems/electrical.o
                0x40000778                electrical
 COMMON         0x40000784        0x8 /home/lionel/paparazziProto1/var/Colibri/ap/./commands.o
                0x40000784                commands
 COMMON         0x4000078c       0x18 /home/lionel/paparazziProto1/var/Colibri/ap/firmwares/fixedwing/main_ap.o
                0x4000078c                combi_switch_status
                0x4000078d                navigation_tid
                0x4000078e                monitor_tid
                0x4000078f                fptransition_tid
                0x40000790                sensors_tid
                0x40000791                attitude_tid
                0x40000794                energy
                0x40000798                telemetry_tid
                0x40000799                power_switch
                0x4000079c                combi_switch_value
                0x400007a0                modules_tid
                0x400007a2                vsupply
 COMMON         0x400007a4       0x4c /home/lionel/paparazziProto1/var/Colibri/ap/./estimator.o
                0x400007a4                estimator_z_dot
                0x400007a8                estimator_flight_time
                0x400007ac                estimator_psi
                0x400007b0                estimator_z
                0x400007b4                estimator_t
                0x400007b8                wind_east
                0x400007bc                estimator_airspeed
                0x400007c0                estimator_p
                0x400007c4                estimator_theta
                0x400007c8                estimator_hspeed_mod
                0x400007cc                estimator_phi
                0x400007d0                estimator_r
                0x400007d4                estimator_x
                0x400007d8                estimator_AOA
                0x400007dc                estimator_q
                0x400007e0                estimator_hspeed_dir
                0x400007e4                wind_north
                0x400007e8                alt_kalman_enabled
                0x400007ec                estimator_y
 COMMON         0x400007f0      0x240 /home/lionel/paparazziProto1/var/Colibri/ap/mcu_periph/uart.o
                0x400007f0                uart0
                0x40000910                uart1
 COMMON         0x40000a30       0x16 /home/lionel/paparazziProto1/var/Colibri/ap/arch/lpc21/servos_4017_hw.o
                0x40000a30                servos_4017_idx
                0x40000a32                servos_values
 COMMON         0x40000a46       0x10 /home/lionel/paparazziProto1/var/Colibri/ap/actuators.o
                0x40000a46                actuators
 COMMON         0x40000a56       0x12 /home/lionel/paparazziProto1/var/Colibri/ap/subsystems/radio_control.o
                0x40000a56                radio_control
 COMMON         0x40000a68        0x6 /home/lionel/paparazziProto1/var/Colibri/ap/subsystems/radio_control/rc_datalink.o
                0x40000a68                rc_dl_frame_available
                0x40000a69                rc_dl_values
 *fill*         0x40000a6e        0x2 00
 COMMON         0x40000a70       0x54 /home/lionel/paparazziProto1/var/Colibri/ap/firmwares/fixedwing/stabilization/stabilization_attitude.o
                0x40000a70                h_ctl_auto1_rate
                0x40000a74                h_ctl_course_setpoint
                0x40000a78                h_ctl_roll_max_setpoint
                0x40000a7c                h_ctl_course_pre_bank_correction
                0x40000a80                h_ctl_elevator_setpoint
                0x40000a84                h_ctl_aileron_of_throttle
                0x40000a88                h_ctl_aileron_setpoint
                0x40000a8c                h_ctl_pitch_setpoint
                0x40000a90                h_ctl_roll_slew
                0x40000a94                h_ctl_course_pgain
                0x40000a98                h_ctl_pitch_pgain
                0x40000a9c                h_ctl_pitch_loop_setpoint
                0x40000aa0                h_ctl_course_pre_bank
                0x40000aa4                h_ctl_pitch_dgain
                0x40000aa8                h_ctl_course_dgain
                0x40000aac                h_ctl_roll_attitude_gain
                0x40000ab0                h_ctl_roll_rate_gain
                0x40000ab4                h_ctl_disabled
                0x40000ab8                h_ctl_roll_pgain
                0x40000abc                h_ctl_roll_setpoint
                0x40000ac0                h_ctl_elevator_of_roll
 COMMON         0x40000ac4       0x68 /home/lionel/paparazziProto1/var/Colibri/ap/firmwares/fixedwing/guidance/guidance_v.o
                0x40000ac4                v_ctl_auto_throttle_nominal_cruise_throttle
                0x40000ac8                v_ctl_altitude_error
                0x40000acc                v_ctl_climb_mode
                0x40000ad0                v_ctl_auto_throttle_pitch_of_vz_dgain
                0x40000ad4                v_ctl_altitude_pre_climb_correction
                0x40000ad8                v_ctl_auto_throttle_sum_err
                0x40000adc                v_ctl_auto_throttle_submode
                0x40000ae0                v_ctl_auto_throttle_pitch_of_vz_pgain
                0x40000ae4                v_ctl_altitude_max_climb
                0x40000ae8                v_ctl_altitude_setpoint
                0x40000aec                v_ctl_mode
                0x40000af0                v_ctl_auto_throttle_cruise_throttle
                0x40000af4                v_ctl_altitude_pgain
                0x40000af8                v_ctl_auto_pitch_pgain
                0x40000afc                v_ctl_auto_throttle_climb_throttle_increment
                0x40000b00                v_ctl_auto_throttle_igain
                0x40000b04                v_ctl_auto_throttle_min_cruise_throttle
                0x40000b08                v_ctl_throttle_setpoint
                0x40000b0c                v_ctl_climb_setpoint
                0x40000b10                v_ctl_auto_throttle_dgain
                0x40000b14                v_ctl_auto_pitch_igain
                0x40000b18                v_ctl_altitude_pre_climb
                0x40000b1c                v_ctl_auto_throttle_max_cruise_throttle
                0x40000b20                v_ctl_throttle_slewed
                0x40000b24                v_ctl_auto_throttle_pgain
                0x40000b28                v_ctl_auto_pitch_sum_err
 COMMON         0x40000b2c       0xa0 /home/lionel/paparazziProto1/var/Colibri/ap/subsystems/nav.o
                0x40000b2c                nav_glide_pitch_trim
                0x40000b30                dist2_to_wp
                0x40000b34                nav_segment_x_1
                0x40000b38                desired_x
                0x40000b3c                nav_survey_east
                0x40000b40                nav_segment_x_2
                0x40000b44                nav_circle_radius
                0x40000b48                nav_ground_speed_setpoint
                0x40000b4c                nav_circle_radians
                0x40000b50                nav_throttle_setpoint
                0x40000b54                desired_y
                0x40000b58                nav_shift
                0x40000b5c                carrot_x
                0x40000b60                last_y
                0x40000b64                horizontal_mode
                0x40000b68                nav_circle_y
                0x40000b6c                too_far_from_home
                0x40000b70                nav_pitch
                0x40000b74                rc_pitch
                0x40000b78                nav_oval_count
                0x40000b7c                nav_mode
                0x40000b80                dist2_to_home
                0x40000b84                nav_climb
                0x40000b88                last_x
                0x40000b8c                nav_survey_active
                0x40000b8d                oval_status
                0x40000b90                nav_ground_speed_pgain
                0x40000b94                nav_circle_x
                0x40000b98                nav_segment_y_2
                0x40000b9c                nav_segment_y_1
                0x40000ba0                ground_alt
                0x40000ba4                nav_survey_west
                0x40000ba8                nav_radius
                0x40000bac                nav_course
                0x40000bb0                nav_survey_shift
                0x40000bb4                carrot_y
                0x40000bb8                nav_survey_south
                0x40000bbc                nav_circle_trigo_qdr
                0x40000bc0                fp_pitch
                0x40000bc4                flight_altitude
                0x40000bc8                nav_survey_north
 COMMON         0x40000bcc        0x8 /home/lionel/paparazziProto1/var/Colibri/ap/subsystems/navigation/common_flight_plan.o
                0x40000bcc                nav_block
                0x40000bcd                last_block
                0x40000bce                nav_stage
                0x40000bcf                last_stage
                0x40000bd0                stage_time
                0x40000bd2                block_time
 COMMON         0x40000bd4      0x401 /home/lionel/paparazziProto1/var/Colibri/ap/subsystems/navigation/traffic_info.o
                0x40000bd4                the_acs_id
                0x40000cd4                the_acs
                0x40000fd4                acs_idx
 *fill*         0x40000fd5        0x1 00
 COMMON         0x40000fd6        0x6 /home/lionel/paparazziProto1/var/Colibri/ap/subsystems/datalink/downlink.o
                0x40000fd6                downlink_nb_ovrn
                0x40000fd8                downlink_nb_msgs
                0x40000fda                downlink_nb_bytes
 COMMON         0x40000fdc      0x10a /home/lionel/paparazziProto1/var/Colibri/ap/subsystems/datalink/pprz_transport.o
                0x40000fdc                ck_b
                0x40000fdd                pprz_tp
                0x400010e5                ck_a
 *fill*         0x400010e6        0x2 00
 COMMON         0x400010e8       0x8a /home/lionel/paparazziProto1/var/Colibri/ap/firmwares/fixedwing/datalink.o
                0x400010e8                dl_msg_available
                0x400010f0                dl_buffer
                0x40001170                datalink_time
 *fill*         0x40001172        0x2 00
 COMMON         0x40001174      0x15c /home/lionel/paparazziProto1/var/Colibri/ap/subsystems/ahrs.o
                0x40001174                ahrs
                0x40001210                ahrs_mag_offset
                0x40001214                ahrs_float
 COMMON         0x400012d0      0x118 /home/lionel/paparazziProto1/var/Colibri/ap/subsystems/gps/gps_ubx.o
                0x400012d0                gps_ubx
 COMMON         0x400013e8       0xf4 /home/lionel/paparazziProto1/var/Colibri/ap/subsystems/gps.o
                0x400013e8                gps
 COMMON         0x400014dc       0x38 /home/lionel/paparazziProto1/var/Colibri/ap/subsystems/sensors/infrared.o
                0x400014dc                infrared
 COMMON         0x40001514        0x6 /home/lionel/paparazziProto1/var/Colibri/ap/subsystems/sensors/infrared_adc.o
                0x40001514                ir_adc
                0x4000151c                . = ALIGN (0x4)
 *fill*         0x4000151a        0x2 00
                0x4000151c                . = ALIGN (0x4)
                0x4000151c                __bss_end__ = .
                0x4000151c                PROVIDE (__bss_end, .)

.stack          0x40001600     0x1000 load address 0x0001d6c0
                0x40002600                . = (. + STACK_SIZE)
 *fill*         0x40001600     0x1000 00
                0x40002600                PROVIDE (_stack, .)
                0x40002600                _end = .
                0x40002600                PROVIDE (end, .)

.stab
 *(.stab)

.stabstr
 *(.stabstr)

.stab.excl
 *(.stab.excl)

.stab.exclstr
 *(.stab.exclstr)

.stab.index
 *(.stab.index)

.stab.indexstr
 *(.stab.indexstr)

.comment        0x00000000       0x3c
 *(.comment)
 .comment       0x00000000       0x3c /home/lionel/paparazziProto1/var/Colibri/ap/mcu.o
                                 0x3d (size before relaxing)
 .comment       0x00000000       0x3d /home/lionel/paparazziProto1/var/Colibri/ap/arch/lpc21/mcu_arch.o
 .comment       0x00000000       0x3d /home/lionel/paparazziProto1/var/Colibri/ap/mcu_periph/sys_time.o
 .comment       0x00000000       0x3d /home/lionel/paparazziProto1/var/Colibri/ap/arch/lpc21/mcu_periph/sys_time_arch.o
 .comment       0x00000000       0x3d /home/lionel/paparazziProto1/var/Colibri/ap/./inter_mcu.o
 .comment       0x00000000       0x3d /home/lionel/paparazziProto1/var/Colibri/ap/math/pprz_geodetic_int.o
 .comment       0x00000000       0x3d /home/lionel/paparazziProto1/var/Colibri/ap/math/pprz_geodetic_float.o
 .comment       0x00000000       0x3d /home/lionel/paparazziProto1/var/Colibri/ap/math/pprz_geodetic_double.o
 .comment       0x00000000       0x3d /home/lionel/paparazziProto1/var/Colibri/ap/math/pprz_trig_int.o
 .comment       0x00000000       0x3d /home/lionel/paparazziProto1/var/Colibri/ap/mcu_periph/i2c.o
 .comment       0x00000000       0x3d /home/lionel/paparazziProto1/var/Colibri/ap/arch/lpc21/mcu_periph/i2c_arch.o
 .comment       0x00000000       0x3d /home/lionel/paparazziProto1/var/Colibri/ap/firmwares/fixedwing/main_fbw.o
 .comment       0x00000000       0x3d /home/lionel/paparazziProto1/var/Colibri/ap/subsystems/electrical.o
 .comment       0x00000000       0x3d /home/lionel/paparazziProto1/var/Colibri/ap/./commands.o
 .comment       0x00000000       0x3d /home/lionel/paparazziProto1/var/Colibri/ap/firmwares/fixedwing/fbw_downlink.o
 .comment       0x00000000       0x3d /home/lionel/paparazziProto1/var/Colibri/ap/firmwares/fixedwing/main_ap.o
 .comment       0x00000000       0x3d /home/lionel/paparazziProto1/var/Colibri/ap/./estimator.o
 .comment       0x00000000       0x3d /home/lionel/paparazziProto1/var/Colibri/ap/firmwares/fixedwing/ap_downlink.o
 .comment       0x00000000       0x3d /home/lionel/paparazziProto1/var/Colibri/ap/arch/lpc21/armVIC.o
 .comment       0x00000000       0x3d /home/lionel/paparazziProto1/var/Colibri/ap/firmwares/fixedwing/main.o
 .comment       0x00000000       0x3d /home/lionel/paparazziProto1/var/Colibri/ap/mcu_periph/uart.o
 .comment       0x00000000       0x3d /home/lionel/paparazziProto1/var/Colibri/ap/arch/lpc21/mcu_periph/uart_arch.o
 .comment       0x00000000       0x3d /home/lionel/paparazziProto1/var/Colibri/ap/subsystems/settings.o
 .comment       0x00000000       0x3d /home/lionel/paparazziProto1/var/Colibri/ap/arch/lpc21/subsystems/settings_arch.o
 .comment       0x00000000       0x3d /home/lionel/paparazziProto1/var/Colibri/ap/arch/lpc21/mcu_periph/adc_arch.o
 .comment       0x00000000       0x3d /home/lionel/paparazziProto1/var/Colibri/ap/arch/lpc21/servos_4017_hw.o
 .comment       0x00000000       0x3d /home/lionel/paparazziProto1/var/Colibri/ap/actuators.o
 .comment       0x00000000       0x3d /home/lionel/paparazziProto1/var/Colibri/ap/subsystems/radio_control.o
 .comment       0x00000000       0x3d /home/lionel/paparazziProto1/var/Colibri/ap/subsystems/radio_control/rc_datalink.o
 .comment       0x00000000       0x3d /home/lionel/paparazziProto1/var/Colibri/ap/firmwares/fixedwing/stabilization/stabilization_attitude.o
 .comment       0x00000000       0x3d /home/lionel/paparazziProto1/var/Colibri/ap/firmwares/fixedwing/guidance/guidance_v.o
 .comment       0x00000000       0x3d /home/lionel/paparazziProto1/var/Colibri/ap/subsystems/nav.o
 .comment       0x00000000       0x3d /home/lionel/paparazziProto1/var/Colibri/ap/subsystems/navigation/common_flight_plan.o
 .comment       0x00000000       0x3d /home/lionel/paparazziProto1/var/Colibri/ap/subsystems/navigation/traffic_info.o
 .comment       0x00000000       0x3d /home/lionel/paparazziProto1/var/Colibri/ap/subsystems/navigation/nav_survey_rectangle.o
 .comment       0x00000000       0x3d /home/lionel/paparazziProto1/var/Colibri/ap/subsystems/navigation/nav_line.o
 .comment       0x00000000       0x3d /home/lionel/paparazziProto1/var/Colibri/ap/subsystems/navigation/nav_cube.o
 .comment       0x00000000       0x3d /home/lionel/paparazziProto1/var/Colibri/ap/subsystems/navigation/discsurvey.o
 .comment       0x00000000       0x3d /home/lionel/paparazziProto1/var/Colibri/ap/subsystems/navigation/OSAMNav.o
 .comment       0x00000000       0x3d /home/lionel/paparazziProto1/var/Colibri/ap/subsystems/navigation/snav.o
 .comment       0x00000000       0x3d /home/lionel/paparazziProto1/var/Colibri/ap/subsystems/navigation/spiral.o
 .comment       0x00000000       0x3d /home/lionel/paparazziProto1/var/Colibri/ap/subsystems/navigation/poly_survey_adv.o
 .comment       0x00000000       0x3d /home/lionel/paparazziProto1/var/Colibri/ap/subsystems/navigation/gls.o
 .comment       0x00000000       0x3d /home/lionel/paparazziProto1/var/Colibri/ap/subsystems/navigation/border_line.o
 .comment       0x00000000       0x3d /home/lionel/paparazziProto1/var/Colibri/ap/subsystems/datalink/downlink.o
 .comment       0x00000000       0x3d /home/lionel/paparazziProto1/var/Colibri/ap/subsystems/datalink/pprz_transport.o
 .comment       0x00000000       0x3d /home/lionel/paparazziProto1/var/Colibri/ap/firmwares/fixedwing/datalink.o
 .comment       0x00000000       0x3d /home/lionel/paparazziProto1/var/Colibri/ap/subsystems/ahrs.o
 .comment       0x00000000       0x3d /home/lionel/paparazziProto1/var/Colibri/ap/subsystems/ahrs/ahrs_infrared.o
 .comment       0x00000000       0x3d /home/lionel/paparazziProto1/var/Colibri/ap/subsystems/gps/gps_ubx.o
 .comment       0x00000000       0x3d /home/lionel/paparazziProto1/var/Colibri/ap/subsystems/gps.o
 .comment       0x00000000       0x3d /home/lionel/paparazziProto1/var/Colibri/ap/subsystems/sensors/infrared.o
 .comment       0x00000000       0x3d /home/lionel/paparazziProto1/var/Colibri/ap/subsystems/sensors/infrared_adc.o
 .comment       0x00000000       0x3d /opt/paparazzi/arm-multilib/lib/gcc/arm-none-eabi/4.6.2/../../../../arm-none-eabi/lib/thumb/libm.a(lib_a-s_atan.o)
 .comment       0x00000000       0x3d /opt/paparazzi/arm-multilib/lib/gcc/arm-none-eabi/4.6.2/../../../../arm-none-eabi/lib/thumb/libm.a(lib_a-s_cos.o)
 .comment       0x00000000       0x3d /opt/paparazzi/arm-multilib/lib/gcc/arm-none-eabi/4.6.2/../../../../arm-none-eabi/lib/thumb/libm.a(lib_a-s_fabs.o)
 .comment       0x00000000       0x3d /opt/paparazzi/arm-multilib/lib/gcc/arm-none-eabi/4.6.2/../../../../arm-none-eabi/lib/thumb/libm.a(lib_a-s_rint.o)
 .comment       0x00000000       0x3d /opt/paparazzi/arm-multilib/lib/gcc/arm-none-eabi/4.6.2/../../../../arm-none-eabi/lib/thumb/libm.a(lib_a-s_sin.o)
 .comment       0x00000000       0x3d /opt/paparazzi/arm-multilib/lib/gcc/arm-none-eabi/4.6.2/../../../../arm-none-eabi/lib/thumb/libm.a(lib_a-s_tan.o)
 .comment       0x00000000       0x3d /opt/paparazzi/arm-multilib/lib/gcc/arm-none-eabi/4.6.2/../../../../arm-none-eabi/lib/thumb/libm.a(lib_a-sf_atan.o)
 .comment       0x00000000       0x3d /opt/paparazzi/arm-multilib/lib/gcc/arm-none-eabi/4.6.2/../../../../arm-none-eabi/lib/thumb/libm.a(lib_a-sf_cos.o)
 .comment       0x00000000       0x3d /opt/paparazzi/arm-multilib/lib/gcc/arm-none-eabi/4.6.2/../../../../arm-none-eabi/lib/thumb/libm.a(lib_a-sf_fabs.o)
 .comment       0x00000000       0x3d /opt/paparazzi/arm-multilib/lib/gcc/arm-none-eabi/4.6.2/../../../../arm-none-eabi/lib/thumb/libm.a(lib_a-sf_sin.o)
 .comment       0x00000000       0x3d /opt/paparazzi/arm-multilib/lib/gcc/arm-none-eabi/4.6.2/../../../../arm-none-eabi/lib/thumb/libm.a(lib_a-sf_tan.o)
 .comment       0x00000000       0x3d /opt/paparazzi/arm-multilib/lib/gcc/arm-none-eabi/4.6.2/../../../../arm-none-eabi/lib/thumb/libm.a(lib_a-w_acos.o)
 .comment       0x00000000       0x3d /opt/paparazzi/arm-multilib/lib/gcc/arm-none-eabi/4.6.2/../../../../arm-none-eabi/lib/thumb/libm.a(lib_a-w_asin.o)
 .comment       0x00000000       0x3d /opt/paparazzi/arm-multilib/lib/gcc/arm-none-eabi/4.6.2/../../../../arm-none-eabi/lib/thumb/libm.a(lib_a-w_atan2.o)
 .comment       0x00000000       0x3d /opt/paparazzi/arm-multilib/lib/gcc/arm-none-eabi/4.6.2/../../../../arm-none-eabi/lib/thumb/libm.a(lib_a-w_cosh.o)
 .comment       0x00000000       0x3d /opt/paparazzi/arm-multilib/lib/gcc/arm-none-eabi/4.6.2/../../../../arm-none-eabi/lib/thumb/libm.a(lib_a-w_exp.o)
 .comment       0x00000000       0x3d /opt/paparazzi/arm-multilib/lib/gcc/arm-none-eabi/4.6.2/../../../../arm-none-eabi/lib/thumb/libm.a(lib_a-w_log.o)
 .comment       0x00000000       0x3d /opt/paparazzi/arm-multilib/lib/gcc/arm-none-eabi/4.6.2/../../../../arm-none-eabi/lib/thumb/libm.a(lib_a-w_pow.o)
 .comment       0x00000000       0x3d /opt/paparazzi/arm-multilib/lib/gcc/arm-none-eabi/4.6.2/../../../../arm-none-eabi/lib/thumb/libm.a(lib_a-w_sinh.o)
 .comment       0x00000000       0x3d /opt/paparazzi/arm-multilib/lib/gcc/arm-none-eabi/4.6.2/../../../../arm-none-eabi/lib/thumb/libm.a(lib_a-w_sqrt.o)
 .comment       0x00000000       0x3d /opt/paparazzi/arm-multilib/lib/gcc/arm-none-eabi/4.6.2/../../../../arm-none-eabi/lib/thumb/libm.a(lib_a-wf_atan2.o)
 .comment       0x00000000       0x3d /opt/paparazzi/arm-multilib/lib/gcc/arm-none-eabi/4.6.2/../../../../arm-none-eabi/lib/thumb/libm.a(lib_a-wf_pow.o)
 .comment       0x00000000       0x3d /opt/paparazzi/arm-multilib/lib/gcc/arm-none-eabi/4.6.2/../../../../arm-none-eabi/lib/thumb/libm.a(lib_a-wf_sqrt.o)
 .comment       0x00000000       0x3d /opt/paparazzi/arm-multilib/lib/gcc/arm-none-eabi/4.6.2/../../../../arm-none-eabi/lib/thumb/libm.a(lib_a-e_acos.o)
 .comment       0x00000000       0x3d /opt/paparazzi/arm-multilib/lib/gcc/arm-none-eabi/4.6.2/../../../../arm-none-eabi/lib/thumb/libm.a(lib_a-e_asin.o)
 .comment       0x00000000       0x3d /opt/paparazzi/arm-multilib/lib/gcc/arm-none-eabi/4.6.2/../../../../arm-none-eabi/lib/thumb/libm.a(lib_a-e_atan2.o)
 .comment       0x00000000       0x3d /opt/paparazzi/arm-multilib/lib/gcc/arm-none-eabi/4.6.2/../../../../arm-none-eabi/lib/thumb/libm.a(lib_a-e_cosh.o)
 .comment       0x00000000       0x3d /opt/paparazzi/arm-multilib/lib/gcc/arm-none-eabi/4.6.2/../../../../arm-none-eabi/lib/thumb/libm.a(lib_a-e_exp.o)
 .comment       0x00000000       0x3d /opt/paparazzi/arm-multilib/lib/gcc/arm-none-eabi/4.6.2/../../../../arm-none-eabi/lib/thumb/libm.a(lib_a-e_log.o)
 .comment       0x00000000       0x3d /opt/paparazzi/arm-multilib/lib/gcc/arm-none-eabi/4.6.2/../../../../arm-none-eabi/lib/thumb/libm.a(lib_a-e_pow.o)
 .comment       0x00000000       0x3d /opt/paparazzi/arm-multilib/lib/gcc/arm-none-eabi/4.6.2/../../../../arm-none-eabi/lib/thumb/libm.a(lib_a-e_rem_pio2.o)
 .comment       0x00000000       0x3d /opt/paparazzi/arm-multilib/lib/gcc/arm-none-eabi/4.6.2/../../../../arm-none-eabi/lib/thumb/libm.a(lib_a-e_sinh.o)
 .comment       0x00000000       0x3d /opt/paparazzi/arm-multilib/lib/gcc/arm-none-eabi/4.6.2/../../../../arm-none-eabi/lib/thumb/libm.a(lib_a-e_sqrt.o)
 .comment       0x00000000       0x3d /opt/paparazzi/arm-multilib/lib/gcc/arm-none-eabi/4.6.2/../../../../arm-none-eabi/lib/thumb/libm.a(lib_a-ef_atan2.o)
 .comment       0x00000000       0x3d /opt/paparazzi/arm-multilib/lib/gcc/arm-none-eabi/4.6.2/../../../../arm-none-eabi/lib/thumb/libm.a(lib_a-ef_pow.o)
 .comment       0x00000000       0x3d /opt/paparazzi/arm-multilib/lib/gcc/arm-none-eabi/4.6.2/../../../../arm-none-eabi/lib/thumb/libm.a(lib_a-ef_rem_pio2.o)
 .comment       0x00000000       0x3d /opt/paparazzi/arm-multilib/lib/gcc/arm-none-eabi/4.6.2/../../../../arm-none-eabi/lib/thumb/libm.a(lib_a-ef_sqrt.o)
 .comment       0x00000000       0x3d /opt/paparazzi/arm-multilib/lib/gcc/arm-none-eabi/4.6.2/../../../../arm-none-eabi/lib/thumb/libm.a(lib_a-k_cos.o)
 .comment       0x00000000       0x3d /opt/paparazzi/arm-multilib/lib/gcc/arm-none-eabi/4.6.2/../../../../arm-none-eabi/lib/thumb/libm.a(lib_a-k_rem_pio2.o)
 .comment       0x00000000       0x3d /opt/paparazzi/arm-multilib/lib/gcc/arm-none-eabi/4.6.2/../../../../arm-none-eabi/lib/thumb/libm.a(lib_a-k_sin.o)
 .comment       0x00000000       0x3d /opt/paparazzi/arm-multilib/lib/gcc/arm-none-eabi/4.6.2/../../../../arm-none-eabi/lib/thumb/libm.a(lib_a-k_tan.o)
 .comment       0x00000000       0x3d /opt/paparazzi/arm-multilib/lib/gcc/arm-none-eabi/4.6.2/../../../../arm-none-eabi/lib/thumb/libm.a(lib_a-kf_cos.o)
 .comment       0x00000000       0x3d /opt/paparazzi/arm-multilib/lib/gcc/arm-none-eabi/4.6.2/../../../../arm-none-eabi/lib/thumb/libm.a(lib_a-kf_rem_pio2.o)
 .comment       0x00000000       0x3d /opt/paparazzi/arm-multilib/lib/gcc/arm-none-eabi/4.6.2/../../../../arm-none-eabi/lib/thumb/libm.a(lib_a-kf_sin.o)
 .comment       0x00000000       0x3d /opt/paparazzi/arm-multilib/lib/gcc/arm-none-eabi/4.6.2/../../../../arm-none-eabi/lib/thumb/libm.a(lib_a-kf_tan.o)
 .comment       0x00000000       0x3d /opt/paparazzi/arm-multilib/lib/gcc/arm-none-eabi/4.6.2/../../../../arm-none-eabi/lib/thumb/libm.a(lib_a-s_expm1.o)
 .comment       0x00000000       0x3d /opt/paparazzi/arm-multilib/lib/gcc/arm-none-eabi/4.6.2/../../../../arm-none-eabi/lib/thumb/libm.a(lib_a-s_finite.o)
 .comment       0x00000000       0x3d /opt/paparazzi/arm-multilib/lib/gcc/arm-none-eabi/4.6.2/../../../../arm-none-eabi/lib/thumb/libm.a(lib_a-s_floor.o)
 .comment       0x00000000       0x3d /opt/paparazzi/arm-multilib/lib/gcc/arm-none-eabi/4.6.2/../../../../arm-none-eabi/lib/thumb/libm.a(lib_a-s_fpclassify.o)
 .comment       0x00000000       0x3d /opt/paparazzi/arm-multilib/lib/gcc/arm-none-eabi/4.6.2/../../../../arm-none-eabi/lib/thumb/libm.a(lib_a-s_lib_ver.o)
 .comment       0x00000000       0x3d /opt/paparazzi/arm-multilib/lib/gcc/arm-none-eabi/4.6.2/../../../../arm-none-eabi/lib/thumb/libm.a(lib_a-s_matherr.o)
 .comment       0x00000000       0x3d /opt/paparazzi/arm-multilib/lib/gcc/arm-none-eabi/4.6.2/../../../../arm-none-eabi/lib/thumb/libm.a(lib_a-s_nan.o)
 .comment       0x00000000       0x3d /opt/paparazzi/arm-multilib/lib/gcc/arm-none-eabi/4.6.2/../../../../arm-none-eabi/lib/thumb/libm.a(lib_a-s_scalbn.o)
 .comment       0x00000000       0x3d /opt/paparazzi/arm-multilib/lib/gcc/arm-none-eabi/4.6.2/../../../../arm-none-eabi/lib/thumb/libm.a(lib_a-sf_finite.o)
 .comment       0x00000000       0x3d /opt/paparazzi/arm-multilib/lib/gcc/arm-none-eabi/4.6.2/../../../../arm-none-eabi/lib/thumb/libm.a(lib_a-sf_floor.o)
 .comment       0x00000000       0x3d /opt/paparazzi/arm-multilib/lib/gcc/arm-none-eabi/4.6.2/../../../../arm-none-eabi/lib/thumb/libm.a(lib_a-sf_fpclassify.o)
 .comment       0x00000000       0x3d /opt/paparazzi/arm-multilib/lib/gcc/arm-none-eabi/4.6.2/../../../../arm-none-eabi/lib/thumb/libm.a(lib_a-sf_nan.o)
 .comment       0x00000000       0x3d /opt/paparazzi/arm-multilib/lib/gcc/arm-none-eabi/4.6.2/../../../../arm-none-eabi/lib/thumb/libm.a(lib_a-sf_scalbn.o)
 .comment       0x00000000       0x3d /opt/paparazzi/arm-multilib/lib/gcc/arm-none-eabi/4.6.2/../../../../arm-none-eabi/lib/thumb/libm.a(lib_a-s_copysign.o)
 .comment       0x00000000       0x3d /opt/paparazzi/arm-multilib/lib/gcc/arm-none-eabi/4.6.2/../../../../arm-none-eabi/lib/thumb/libm.a(lib_a-sf_copysign.o)
 .comment       0x00000000       0x3d /opt/paparazzi/arm-multilib/lib/gcc/arm-none-eabi/4.6.2/../../../../arm-none-eabi/lib/thumb/libc.a(lib_a-errno.o)
 .comment       0x00000000       0x3d /opt/paparazzi/arm-multilib/lib/gcc/arm-none-eabi/4.6.2/../../../../arm-none-eabi/lib/thumb/libc.a(lib_a-impure.o)

.ARM.attributes
                0x00000000       0x2e
 .ARM.attributes
                0x00000000       0x22 /home/lionel/paparazziProto1/var/Colibri/ap/crt0.o
 .ARM.attributes
                0x00000022       0x32 /home/lionel/paparazziProto1/var/Colibri/ap/mcu.o
 .ARM.attributes
                0x00000054       0x32 /home/lionel/paparazziProto1/var/Colibri/ap/arch/lpc21/mcu_arch.o
 .ARM.attributes
                0x00000086       0x32 /home/lionel/paparazziProto1/var/Colibri/ap/mcu_periph/sys_time.o
 .ARM.attributes
                0x000000b8       0x32 /home/lionel/paparazziProto1/var/Colibri/ap/arch/lpc21/mcu_periph/sys_time_arch.o
 .ARM.attributes
                0x000000ea       0x32 /home/lionel/paparazziProto1/var/Colibri/ap/./inter_mcu.o
 .ARM.attributes
                0x0000011c       0x32 /home/lionel/paparazziProto1/var/Colibri/ap/math/pprz_geodetic_int.o
 .ARM.attributes
                0x0000014e       0x32 /home/lionel/paparazziProto1/var/Colibri/ap/math/pprz_geodetic_float.o
 .ARM.attributes
                0x00000180       0x32 /home/lionel/paparazziProto1/var/Colibri/ap/math/pprz_geodetic_double.o
 .ARM.attributes
                0x000001b2       0x32 /home/lionel/paparazziProto1/var/Colibri/ap/math/pprz_trig_int.o
 .ARM.attributes
                0x000001e4       0x32 /home/lionel/paparazziProto1/var/Colibri/ap/mcu_periph/i2c.o
 .ARM.attributes
                0x00000216       0x32 /home/lionel/paparazziProto1/var/Colibri/ap/arch/lpc21/mcu_periph/i2c_arch.o
 .ARM.attributes
                0x00000248       0x32 /home/lionel/paparazziProto1/var/Colibri/ap/firmwares/fixedwing/main_fbw.o
 .ARM.attributes
                0x0000027a       0x32 /home/lionel/paparazziProto1/var/Colibri/ap/subsystems/electrical.o
 .ARM.attributes
                0x000002ac       0x32 /home/lionel/paparazziProto1/var/Colibri/ap/./commands.o
 .ARM.attributes
                0x000002de       0x32 /home/lionel/paparazziProto1/var/Colibri/ap/firmwares/fixedwing/fbw_downlink.o
 .ARM.attributes
                0x00000310       0x32 /home/lionel/paparazziProto1/var/Colibri/ap/firmwares/fixedwing/main_ap.o
 .ARM.attributes
                0x00000342       0x32 /home/lionel/paparazziProto1/var/Colibri/ap/./estimator.o
 .ARM.attributes
                0x00000374       0x32 /home/lionel/paparazziProto1/var/Colibri/ap/firmwares/fixedwing/ap_downlink.o
 .ARM.attributes
                0x000003a6       0x32 /home/lionel/paparazziProto1/var/Colibri/ap/arch/lpc21/armVIC.o
 .ARM.attributes
                0x000003d8       0x32 /home/lionel/paparazziProto1/var/Colibri/ap/firmwares/fixedwing/main.o
 .ARM.attributes
                0x0000040a       0x32 /home/lionel/paparazziProto1/var/Colibri/ap/mcu_periph/uart.o
 .ARM.attributes
                0x0000043c       0x32 /home/lionel/paparazziProto1/var/Colibri/ap/arch/lpc21/mcu_periph/uart_arch.o
 .ARM.attributes
                0x0000046e       0x32 /home/lionel/paparazziProto1/var/Colibri/ap/subsystems/settings.o
 .ARM.attributes
                0x000004a0       0x32 /home/lionel/paparazziProto1/var/Colibri/ap/arch/lpc21/subsystems/settings_arch.o
 .ARM.attributes
                0x000004d2       0x32 /home/lionel/paparazziProto1/var/Colibri/ap/arch/lpc21/mcu_periph/adc_arch.o
 .ARM.attributes
                0x00000504       0x32 /home/lionel/paparazziProto1/var/Colibri/ap/arch/lpc21/servos_4017_hw.o
 .ARM.attributes
                0x00000536       0x32 /home/lionel/paparazziProto1/var/Colibri/ap/actuators.o
 .ARM.attributes
                0x00000568       0x32 /home/lionel/paparazziProto1/var/Colibri/ap/subsystems/radio_control.o
 .ARM.attributes
                0x0000059a       0x32 /home/lionel/paparazziProto1/var/Colibri/ap/subsystems/radio_control/rc_datalink.o
 .ARM.attributes
                0x000005cc       0x32 /home/lionel/paparazziProto1/var/Colibri/ap/firmwares/fixedwing/stabilization/stabilization_attitude.o
 .ARM.attributes
                0x000005fe       0x32 /home/lionel/paparazziProto1/var/Colibri/ap/firmwares/fixedwing/guidance/guidance_v.o
 .ARM.attributes
                0x00000630       0x32 /home/lionel/paparazziProto1/var/Colibri/ap/subsystems/nav.o
 .ARM.attributes
                0x00000662       0x32 /home/lionel/paparazziProto1/var/Colibri/ap/subsystems/navigation/common_flight_plan.o
 .ARM.attributes
                0x00000694       0x32 /home/lionel/paparazziProto1/var/Colibri/ap/subsystems/navigation/traffic_info.o
 .ARM.attributes
                0x000006c6       0x32 /home/lionel/paparazziProto1/var/Colibri/ap/subsystems/navigation/nav_survey_rectangle.o
 .ARM.attributes
                0x000006f8       0x32 /home/lionel/paparazziProto1/var/Colibri/ap/subsystems/navigation/nav_line.o
 .ARM.attributes
                0x0000072a       0x32 /home/lionel/paparazziProto1/var/Colibri/ap/subsystems/navigation/nav_cube.o
 .ARM.attributes
                0x0000075c       0x32 /home/lionel/paparazziProto1/var/Colibri/ap/subsystems/navigation/discsurvey.o
 .ARM.attributes
                0x0000078e       0x32 /home/lionel/paparazziProto1/var/Colibri/ap/subsystems/navigation/OSAMNav.o
 .ARM.attributes
                0x000007c0       0x32 /home/lionel/paparazziProto1/var/Colibri/ap/subsystems/navigation/snav.o
 .ARM.attributes
                0x000007f2       0x32 /home/lionel/paparazziProto1/var/Colibri/ap/subsystems/navigation/spiral.o
 .ARM.attributes
                0x00000824       0x32 /home/lionel/paparazziProto1/var/Colibri/ap/subsystems/navigation/poly_survey_adv.o
 .ARM.attributes
                0x00000856       0x32 /home/lionel/paparazziProto1/var/Colibri/ap/subsystems/navigation/gls.o
 .ARM.attributes
                0x00000888       0x32 /home/lionel/paparazziProto1/var/Colibri/ap/subsystems/navigation/border_line.o
 .ARM.attributes
                0x000008ba       0x32 /home/lionel/paparazziProto1/var/Colibri/ap/subsystems/datalink/downlink.o
 .ARM.attributes
                0x000008ec       0x32 /home/lionel/paparazziProto1/var/Colibri/ap/subsystems/datalink/pprz_transport.o
 .ARM.attributes
                0x0000091e       0x32 /home/lionel/paparazziProto1/var/Colibri/ap/firmwares/fixedwing/datalink.o
 .ARM.attributes
                0x00000950       0x32 /home/lionel/paparazziProto1/var/Colibri/ap/subsystems/ahrs.o
 .ARM.attributes
                0x00000982       0x32 /home/lionel/paparazziProto1/var/Colibri/ap/subsystems/ahrs/ahrs_infrared.o
 .ARM.attributes
                0x000009b4       0x32 /home/lionel/paparazziProto1/var/Colibri/ap/subsystems/gps/gps_ubx.o
 .ARM.attributes
                0x000009e6       0x32 /home/lionel/paparazziProto1/var/Colibri/ap/subsystems/gps.o
 .ARM.attributes
                0x00000a18       0x32 /home/lionel/paparazziProto1/var/Colibri/ap/subsystems/sensors/infrared.o
 .ARM.attributes
                0x00000a4a       0x32 /home/lionel/paparazziProto1/var/Colibri/ap/subsystems/sensors/infrared_adc.o
 .ARM.attributes
                0x00000a7c       0x32 /opt/paparazzi/arm-multilib/lib/gcc/arm-none-eabi/4.6.2/../../../../arm-none-eabi/lib/thumb/libm.a(lib_a-s_atan.o)
 .ARM.attributes
                0x00000aae       0x32 /opt/paparazzi/arm-multilib/lib/gcc/arm-none-eabi/4.6.2/../../../../arm-none-eabi/lib/thumb/libm.a(lib_a-s_cos.o)
 .ARM.attributes
                0x00000ae0       0x32 /opt/paparazzi/arm-multilib/lib/gcc/arm-none-eabi/4.6.2/../../../../arm-none-eabi/lib/thumb/libm.a(lib_a-s_fabs.o)
 .ARM.attributes
                0x00000b12       0x32 /opt/paparazzi/arm-multilib/lib/gcc/arm-none-eabi/4.6.2/../../../../arm-none-eabi/lib/thumb/libm.a(lib_a-s_rint.o)
 .ARM.attributes
                0x00000b44       0x32 /opt/paparazzi/arm-multilib/lib/gcc/arm-none-eabi/4.6.2/../../../../arm-none-eabi/lib/thumb/libm.a(lib_a-s_sin.o)
 .ARM.attributes
                0x00000b76       0x32 /opt/paparazzi/arm-multilib/lib/gcc/arm-none-eabi/4.6.2/../../../../arm-none-eabi/lib/thumb/libm.a(lib_a-s_tan.o)
 .ARM.attributes