Archive member included because of file (symbol)

/opt/paparazzi/arm-multilib/lib/gcc/arm-none-eabi/4.6.2/../../../../arm-none-eabi/lib/thumb/libm.a(lib_a-s_atan.o)
                              /home/lionel/paparazziProto1/var/Colibri/ap/math/pprz_geodetic_float.o (atan)
/opt/paparazzi/arm-multilib/lib/gcc/arm-none-eabi/4.6.2/../../../../arm-none-eabi/lib/thumb/libm.a(lib_a-s_cos.o)
                              /home/lionel/paparazziProto1/var/Colibri/ap/math/pprz_geodetic_float.o (cos)
/opt/paparazzi/arm-multilib/lib/gcc/arm-none-eabi/4.6.2/../../../../arm-none-eabi/lib/thumb/libm.a(lib_a-s_fabs.o)
                              /opt/paparazzi/arm-multilib/lib/gcc/arm-none-eabi/4.6.2/../../../../arm-none-eabi/lib/thumb/libm.a(lib_a-s_atan.o) (fabs)
/opt/paparazzi/arm-multilib/lib/gcc/arm-none-eabi/4.6.2/../../../../arm-none-eabi/lib/thumb/libm.a(lib_a-s_rint.o)
                              /home/lionel/paparazziProto1/var/Colibri/ap/math/pprz_geodetic_int.o (rint)
/opt/paparazzi/arm-multilib/lib/gcc/arm-none-eabi/4.6.2/../../../../arm-none-eabi/lib/thumb/libm.a(lib_a-s_sin.o)
                              /home/lionel/paparazziProto1/var/Colibri/ap/math/pprz_geodetic_float.o (sin)
/opt/paparazzi/arm-multilib/lib/gcc/arm-none-eabi/4.6.2/../../../../arm-none-eabi/lib/thumb/libm.a(lib_a-s_tan.o)
                              /home/lionel/paparazziProto1/var/Colibri/ap/math/pprz_geodetic_float.o (tan)
/opt/paparazzi/arm-multilib/lib/gcc/arm-none-eabi/4.6.2/../../../../arm-none-eabi/lib/thumb/libm.a(lib_a-sf_atan.o)
                              /home/lionel/paparazziProto1/var/Colibri/ap/math/pprz_geodetic_float.o (atanf)
/opt/paparazzi/arm-multilib/lib/gcc/arm-none-eabi/4.6.2/../../../../arm-none-eabi/lib/thumb/libm.a(lib_a-sf_cos.o)
                              /home/lionel/paparazziProto1/var/Colibri/ap/math/pprz_geodetic_int.o (cosf)
/opt/paparazzi/arm-multilib/lib/gcc/arm-none-eabi/4.6.2/../../../../arm-none-eabi/lib/thumb/libm.a(lib_a-sf_fabs.o)
                              /opt/paparazzi/arm-multilib/lib/gcc/arm-none-eabi/4.6.2/../../../../arm-none-eabi/lib/thumb/libm.a(lib_a-sf_atan.o) (fabsf)
/opt/paparazzi/arm-multilib/lib/gcc/arm-none-eabi/4.6.2/../../../../arm-none-eabi/lib/thumb/libm.a(lib_a-sf_sin.o)
                              /home/lionel/paparazziProto1/var/Colibri/ap/math/pprz_geodetic_int.o (sinf)
/opt/paparazzi/arm-multilib/lib/gcc/arm-none-eabi/4.6.2/../../../../arm-none-eabi/lib/thumb/libm.a(lib_a-sf_tan.o)
                              /home/lionel/paparazziProto1/var/Colibri/ap/subsystems/navigation/poly_survey_adv.o (tanf)
/opt/paparazzi/arm-multilib/lib/gcc/arm-none-eabi/4.6.2/../../../../arm-none-eabi/lib/thumb/libm.a(lib_a-w_acos.o)
                              /home/lionel/paparazziProto1/var/Colibri/ap/subsystems/navigation/snav.o (acos)
/opt/paparazzi/arm-multilib/lib/gcc/arm-none-eabi/4.6.2/../../../../arm-none-eabi/lib/thumb/libm.a(lib_a-w_asin.o)
                              /home/lionel/paparazziProto1/var/Colibri/ap/math/pprz_geodetic_float.o (asin)
/opt/paparazzi/arm-multilib/lib/gcc/arm-none-eabi/4.6.2/../../../../arm-none-eabi/lib/thumb/libm.a(lib_a-w_atan2.o)
                              /home/lionel/paparazziProto1/var/Colibri/ap/math/pprz_geodetic_double.o (atan2)
/opt/paparazzi/arm-multilib/lib/gcc/arm-none-eabi/4.6.2/../../../../arm-none-eabi/lib/thumb/libm.a(lib_a-w_cosh.o)
                              /home/lionel/paparazziProto1/var/Colibri/ap/math/pprz_geodetic_float.o (cosh)
/opt/paparazzi/arm-multilib/lib/gcc/arm-none-eabi/4.6.2/../../../../arm-none-eabi/lib/thumb/libm.a(lib_a-w_exp.o)
                              /home/lionel/paparazziProto1/var/Colibri/ap/math/pprz_geodetic_float.o (exp)
/opt/paparazzi/arm-multilib/lib/gcc/arm-none-eabi/4.6.2/../../../../arm-none-eabi/lib/thumb/libm.a(lib_a-w_log.o)
                              /home/lionel/paparazziProto1/var/Colibri/ap/math/pprz_geodetic_float.o (log)
/opt/paparazzi/arm-multilib/lib/gcc/arm-none-eabi/4.6.2/../../../../arm-none-eabi/lib/thumb/libm.a(lib_a-w_pow.o)
                              /home/lionel/paparazziProto1/var/Colibri/ap/math/pprz_geodetic_float.o (pow)
/opt/paparazzi/arm-multilib/lib/gcc/arm-none-eabi/4.6.2/../../../../arm-none-eabi/lib/thumb/libm.a(lib_a-w_sinh.o)
                              /home/lionel/paparazziProto1/var/Colibri/ap/math/pprz_geodetic_float.o (sinh)
/opt/paparazzi/arm-multilib/lib/gcc/arm-none-eabi/4.6.2/../../../../arm-none-eabi/lib/thumb/libm.a(lib_a-w_sqrt.o)
                              /home/lionel/paparazziProto1/var/Colibri/ap/math/pprz_geodetic_double.o (sqrt)
/opt/paparazzi/arm-multilib/lib/gcc/arm-none-eabi/4.6.2/../../../../arm-none-eabi/lib/thumb/libm.a(lib_a-wf_atan2.o)
                              /home/lionel/paparazziProto1/var/Colibri/ap/math/pprz_geodetic_float.o (atan2f)
/opt/paparazzi/arm-multilib/lib/gcc/arm-none-eabi/4.6.2/../../../../arm-none-eabi/lib/thumb/libm.a(lib_a-wf_pow.o)
[...]
Memory Configuration

Name             Origin             Length             Attributes
ROM              0x00004000         0x00078000         xr
RAM              0x40000000         0x00007fe0         rw
*default*        0x00000000         0xffffffff

Linker script and memory map

LOAD /home/lionel/paparazziProto1/var/Colibri/ap/crt0.o
LOAD /home/lionel/paparazziProto1/var/Colibri/ap/mcu.o
LOAD /home/lionel/paparazziProto1/var/Colibri/ap/arch/lpc21/mcu_arch.o
LOAD /home/lionel/paparazziProto1/var/Colibri/ap/mcu_periph/sys_time.o
LOAD /home/lionel/paparazziProto1/var/Colibri/ap/arch/lpc21/mcu_periph/sys_time_arch.o
LOAD /home/lionel/paparazziProto1/var/Colibri/ap/./inter_mcu.o
LOAD /home/lionel/paparazziProto1/var/Colibri/ap/math/pprz_geodetic_int.o
LOAD /home/lionel/paparazziProto1/var/Colibri/ap/math/pprz_geodetic_float.o
LOAD /home/lionel/paparazziProto1/var/Colibri/ap/math/pprz_geodetic_double.o
LOAD /home/lionel/paparazziProto1/var/Colibri/ap/math/pprz_trig_int.o
LOAD /home/lionel/paparazziProto1/var/Colibri/ap/mcu_periph/i2c.o
LOAD /home/lionel/paparazziProto1/var/Colibri/ap/arch/lpc21/mcu_periph/i2c_arch.o
LOAD /home/lionel/paparazziProto1/var/Colibri/ap/firmwares/fixedwing/main_fbw.o
LOAD /home/lionel/paparazziProto1/var/Colibri/ap/subsystems/electrical.o
LOAD /home/lionel/paparazziProto1/var/Colibri/ap/./commands.o
LOAD /home/lionel/paparazziProto1/var/Colibri/ap/firmwares/fixedwing/fbw_downlink.o
LOAD /home/lionel/paparazziProto1/var/Colibri/ap/firmwares/fixedwing/main_ap.o
LOAD /home/lionel/paparazziProto1/var/Colibri/ap/./estimator.o
LOAD /home/lionel/paparazziProto1/var/Colibri/ap/firmwares/fixedwing/ap_downlink.o
LOAD /home/lionel/paparazziProto1/var/Colibri/ap/arch/lpc21/armVIC.o
LOAD /home/lionel/paparazziProto1/var/Colibri/ap/firmwares/fixedwing/main.o
LOAD /home/lionel/paparazziProto1/var/Colibri/ap/mcu_periph/uart.o
LOAD /home/lionel/paparazziProto1/var/Colibri/ap/arch/lpc21/mcu_periph/uart_arch.o
LOAD /home/lionel/paparazziProto1/var/Colibri/ap/subsystems/settings.o
LOAD /home/lionel/paparazziProto1/var/Colibri/ap/arch/lpc21/subsystems/settings_arch.o
LOAD /home/lionel/paparazziProto1/var/Colibri/ap/arch/lpc21/mcu_periph/adc_arch.o
LOAD /home/lionel/paparazziProto1/var/Colibri/ap/arch/lpc21/servos_4017_hw.o
LOAD /home/lionel/paparazziProto1/var/Colibri/ap/actuators.o
LOAD /home/lionel/paparazziProto1/var/Colibri/ap/subsystems/radio_control.o
LOAD /home/lionel/paparazziProto1/var/Colibri/ap/subsystems/radio_control/rc_datalink.o
LOAD /home/lionel/paparazziProto1/var/Colibri/ap/firmwares/fixedwing/stabilization/stabilization_attitude.o
LOAD /home/lionel/paparazziProto1/var/Colibri/ap/firmwares/fixedwing/guidance/guidance_v.o
LOAD /home/lionel/paparazziProto1/var/Colibri/ap/subsystems/nav.o
LOAD /home/lionel/paparazziProto1/var/Colibri/ap/subsystems/navigation/common_flight_plan.o
LOAD /home/lionel/paparazziProto1/var/Colibri/ap/subsystems/navigation/traffic_info.o
LOAD /home/lionel/paparazziProto1/var/Colibri/ap/subsystems/navigation/nav_survey_rectangle.o
LOAD /home/lionel/paparazziProto1/var/Colibri/ap/subsystems/navigation/nav_line.o
LOAD /home/lionel/paparazziProto1/var/Colibri/ap/subsystems/navigation/nav_cube.o
LOAD /home/lionel/paparazziProto1/var/Colibri/ap/subsystems/navigation/discsurvey.o
LOAD /home/lionel/paparazziProto1/var/Colibri/ap/subsystems/navigation/OSAMNav.o
LOAD /home/lionel/paparazziProto1/var/Colibri/ap/subsystems/navigation/snav.o
LOAD /home/lionel/paparazziProto1/var/Colibri/ap/subsystems/navigation/spiral.o
LOAD /home/lionel/paparazziProto1/var/Colibri/ap/subsystems/navigation/poly_survey_adv.o
LOAD /home/lionel/paparazziProto1/var/Colibri/ap/subsystems/navigation/gls.o
LOAD /home/lionel/paparazziProto1/var/Colibri/ap/subsystems/navigation/border_line.o
LOAD /home/lionel/paparazziProto1/var/Colibri/ap/subsystems/datalink/downlink.o
LOAD /home/lionel/paparazziProto1/var/Colibri/ap/subsystems/datalink/pprz_transport.o
LOAD /home/lionel/paparazziProto1/var/Colibri/ap/firmwares/fixedwing/datalink.o
LOAD /home/lionel/paparazziProto1/var/Colibri/ap/subsystems/ahrs.o
LOAD /home/lionel/paparazziProto1/var/Colibri/ap/subsystems/ahrs/ahrs_infrared.o
LOAD /home/lionel/paparazziProto1/var/Colibri/ap/subsystems/gps/gps_ubx.o
LOAD /home/lionel/paparazziProto1/var/Colibri/ap/subsystems/gps.o
LOAD /home/lionel/paparazziProto1/var/Colibri/ap/subsystems/sensors/infrared.o
LOAD /home/lionel/paparazziProto1/var/Colibri/ap/subsystems/sensors/infrared_adc.o
LOAD /opt/paparazzi/arm-multilib/lib/gcc/arm-none-eabi/4.6.2/../../../../arm-none-eabi/lib/thumb/libc.a
LOAD /opt/paparazzi/arm-multilib/lib/gcc/arm-none-eabi/4.6.2/../../../../arm-none-eabi/lib/thumb/libm.a
LOAD /opt/paparazzi/arm-multilib/lib/gcc/arm-none-eabi/4.6.2/../../../../arm-none-eabi/lib/thumb/libc.a
LOAD /opt/paparazzi/arm-multilib/lib/gcc/arm-none-eabi/4.6.2/thumb/libgcc.a
START GROUP
LOAD /opt/paparazzi/arm-multilib/lib/gcc/arm-none-eabi/4.6.2/thumb/libgcc.a
LOAD /opt/paparazzi/arm-multilib/lib/gcc/arm-none-eabi/4.6.2/../../../../arm-none-eabi/lib/thumb/libc.a
END GROUP
                0x00001000                STACK_SIZE = 0x1000

.text           0x00004000    0x19890
 *(.init)
 .init          0x00004000      0x13c /home/lionel/paparazziProto1/var/Colibri/ap/crt0.o
                0x00004000                _boot
                0x00004050                _mainCRTStartup
                0x00004050                _start
                0x00004050                start
                0x00004114                reset
                0x00004114                abort
                0x00004114                _reset
                0x00004114                exit
 *(.text .text.*)
 .text.mcu_init
                0x0000413c       0xa0 /home/lionel/paparazziProto1/var/Colibri/ap/mcu.o
                0x0000413c                mcu_init
 .text.mcu_arch_init
                0x000041dc       0x8c /home/lionel/paparazziProto1/var/Colibri/ap/arch/lpc21/mcu_arch.o
                0x000041dc                mcu_arch_init
 .text.sys_time_register_timer
                0x00004268       0x98 /home/lionel/paparazziProto1/var/Colibri/ap/mcu_periph/sys_time.o
                0x00004268                sys_time_register_timer
 .text.sys_time_init
                0x00004300       0x60 /home/lionel/paparazziProto1/var/Colibri/ap/mcu_periph/sys_time.o
                0x00004300                sys_time_init
 .text.TIMER0_ISR
                0x00004360      0x1c0 /home/lionel/paparazziProto1/var/Colibri/ap/arch/lpc21/mcu_periph/sys_time_arch.o
                0x00004360                TIMER0_ISR
 .text.sys_time_arch_init
                0x00004520       0x68 /home/lionel/paparazziProto1/var/Colibri/ap/arch/lpc21/mcu_periph/sys_time_arch.o
                0x00004520                sys_time_arch_init
 .text.isometric_latitude_fast_f
                0x00004588       0x40 /home/lionel/paparazziProto1/var/Colibri/ap/math/pprz_geodetic_float.o
 .text.utm_of_lla_f
                0x000045c8      0x380 /home/lionel/paparazziProto1/var/Colibri/ap/math/pprz_geodetic_float.o
                0x000045c8                utm_of_lla_f
 .text.i2c_event
                0x00004948        0x4 /home/lionel/paparazziProto1/var/Colibri/ap/arch/lpc21/mcu_periph/i2c_arch.o
                0x00004948                i2c_event
 .text.inter_mcu_fill_fbw_state
                0x0000494c       0xc8 /home/lionel/paparazziProto1/var/Colibri/ap/firmwares/fixedwing/main_fbw.o
 .text.init_fbw
                0x00004a14      0x108 /home/lionel/paparazziProto1/var/Colibri/ap/firmwares/fixedwing/main_fbw.o
                0x00004a14                init_fbw
 .text.event_task_fbw
                0x00004b1c      0x6ac /home/lionel/paparazziProto1/var/Colibri/ap/firmwares/fixedwing/main_fbw.o
                0x00004b1c                event_task_fbw
 .text.periodic_task_fbw
                0x000051c8      0xe40 /home/lionel/paparazziProto1/var/Colibri/ap/firmwares/fixedwing/main_fbw.o
                0x000051c8                periodic_task_fbw
 .text.handle_periodic_tasks_fbw
                0x00006008       0x70 /home/lionel/paparazziProto1/var/Colibri/ap/firmwares/fixedwing/main_fbw.o
                0x00006008                handle_periodic_tasks_fbw
 .text.electrical_init
                0x00006078       0x38 /home/lionel/paparazziProto1/var/Colibri/ap/subsystems/electrical.o
                0x00006078                electrical_init
 .text.electrical_periodic
                0x000060b0       0x7c /home/lionel/paparazziProto1/var/Colibri/ap/subsystems/electrical.o
                0x000060b0                electrical_periodic
 .text.init_ap  0x0000612c      0x100 /home/lionel/paparazziProto1/var/Colibri/ap/firmwares/fixedwing/main_ap.o
                0x0000612c                init_ap
 .text.reporting_task
                0x0000622c     0xa0cc /home/lionel/paparazziProto1/var/Colibri/ap/firmwares/fixedwing/main_ap.o
                0x0000622c                reporting_task
 .text.navigation_task
                0x000102f8      0x51c /home/lionel/paparazziProto1/var/Colibri/ap/firmwares/fixedwing/main_ap.o
                0x000102f8                navigation_task
 .text.attitude_loop
                0x00010814      0x1d8 /home/lionel/paparazziProto1/var/Colibri/ap/firmwares/fixedwing/main_ap.o
                0x00010814                attitude_loop
 .text.monitor_task
                0x000109ec      0x24c /home/lionel/paparazziProto1/var/Colibri/ap/firmwares/fixedwing/main_ap.o
                0x000109ec                monitor_task
 .text.handle_periodic_tasks_ap
                0x00010c38      0x154 /home/lionel/paparazziProto1/var/Colibri/ap/firmwares/fixedwing/main_ap.o
                0x00010c38                handle_periodic_tasks_ap
 .text.event_task_ap
                0x00010d8c      0x6d0 /home/lionel/paparazziProto1/var/Colibri/ap/firmwares/fixedwing/main_ap.o
                0x00010d8c                event_task_ap
 .text.alt_kalman_reset
                0x0001145c       0x24 /home/lionel/paparazziProto1/var/Colibri/ap/./estimator.o
                0x0001145c                alt_kalman_reset
 .text.alt_kalman_init
                0x00011480       0x14 /home/lionel/paparazziProto1/var/Colibri/ap/./estimator.o
                0x00011480                alt_kalman_init
 .text.alt_kalman
                0x00011494      0x1fc /home/lionel/paparazziProto1/var/Colibri/ap/./estimator.o
                0x00011494                alt_kalman
 .text.estimator_init
                0x00011690       0xec /home/lionel/paparazziProto1/var/Colibri/ap/./estimator.o
                0x00011690                estimator_init
 .text.estimator_update_state_gps
                0x0001177c      0x168 /home/lionel/paparazziProto1/var/Colibri/ap/./estimator.o
                0x0001177c                estimator_update_state_gps
 .text.disableIRQ
                0x000118e4       0x10 /home/lionel/paparazziProto1/var/Colibri/ap/arch/lpc21/armVIC.o
                0x000118e4                disableIRQ
 .text.restoreIRQ
                0x000118f4       0x1c /home/lionel/paparazziProto1/var/Colibri/ap/arch/lpc21/armVIC.o
                0x000118f4                restoreIRQ
 .text.enableIRQ
                0x00011910       0x10 /home/lionel/paparazziProto1/var/Colibri/ap/arch/lpc21/armVIC.o
                0x00011910                enableIRQ
 .text.startup.main
                0x00011920       0x20 /home/lionel/paparazziProto1/var/Colibri/ap/firmwares/fixedwing/main.o
                0x00011920                main
 .text.uart_periph_init
                0x00011940       0x24 /home/lionel/paparazziProto1/var/Colibri/ap/mcu_periph/uart.o
                0x00011940                uart_periph_init
 .text.uart_check_free_space
                0x00011964       0x50 /home/lionel/paparazziProto1/var/Colibri/ap/mcu_periph/uart.o
                0x00011964                uart_check_free_space
 .text.uart_disable_interrupts
                0x000119b4       0x20 /home/lionel/paparazziProto1/var/Colibri/ap/arch/lpc21/mcu_periph/uart_arch.o
 .text.uart_set_baudrate
                0x000119d4       0x44 /home/lionel/paparazziProto1/var/Colibri/ap/arch/lpc21/mcu_periph/uart_arch.o
 .text.uart_ISR
                0x00011a18       0xfc /home/lionel/paparazziProto1/var/Colibri/ap/arch/lpc21/mcu_periph/uart_arch.o
 .text.uart0_ISR
                0x00011b14       0x34 /home/lionel/paparazziProto1/var/Colibri/ap/arch/lpc21/mcu_periph/uart_arch.o
                0x00011b14                uart0_ISR
 .text.uart1_ISR
                0x00011b48       0x34 /home/lionel/paparazziProto1/var/Colibri/ap/arch/lpc21/mcu_periph/uart_arch.o
                0x00011b48                uart1_ISR
 .text.uart_transmit
                0x00011b7c       0x90 /home/lionel/paparazziProto1/var/Colibri/ap/arch/lpc21/mcu_periph/uart_arch.o
                0x00011b7c                uart_transmit
 .text.uart0_init
                0x00011c0c       0x88 /home/lionel/paparazziProto1/var/Colibri/ap/arch/lpc21/mcu_periph/uart_arch.o
                0x00011c0c                uart0_init
 .text.uart1_init
                0x00011c94       0x88 /home/lionel/paparazziProto1/var/Colibri/ap/arch/lpc21/mcu_periph/uart_arch.o
                0x00011c94                uart1_init
 .text.settings_init
                0x00011d1c        0x4 /home/lionel/paparazziProto1/var/Colibri/ap/subsystems/settings.o
                0x00011d1c                settings_init
 .text.adcISR0  0x00011d20       0xa0 /home/lionel/paparazziProto1/var/Colibri/ap/arch/lpc21/mcu_periph/adc_arch.o
                0x00011d20                adcISR0
 .text.adcISR1  0x00011dc0       0xa4 /home/lionel/paparazziProto1/var/Colibri/ap/arch/lpc21/mcu_periph/adc_arch.o
                0x00011dc0                adcISR1
 .text.adc_buf_channel
                0x00011e64       0x14 /home/lionel/paparazziProto1/var/Colibri/ap/arch/lpc21/mcu_periph/adc_arch.o
                0x00011e64                adc_buf_channel
 .text.adc_init
                0x00011e78       0xa0 /home/lionel/paparazziProto1/var/Colibri/ap/arch/lpc21/mcu_periph/adc_arch.o
                0x00011e78                adc_init
 .text.actuators_init
                0x00011f18       0xb4 /home/lionel/paparazziProto1/var/Colibri/ap/arch/lpc21/servos_4017_hw.o
                0x00011f18                actuators_init
 .text.radio_control_impl_init
                0x00011fcc       0x14 /home/lionel/paparazziProto1/var/Colibri/ap/subsystems/radio_control/rc_datalink.o
                0x00011fcc                radio_control_impl_init
 .text.parse_rc_3ch_datalink
                0x00011fe0       0x40 /home/lionel/paparazziProto1/var/Colibri/ap/subsystems/radio_control/rc_datalink.o
                0x00011fe0                parse_rc_3ch_datalink
 .text.parse_rc_4ch_datalink
                0x00012020       0x34 /home/lionel/paparazziProto1/var/Colibri/ap/subsystems/radio_control/rc_datalink.o
                0x00012020                parse_rc_4ch_datalink
 .text.h_ctl_init
                0x00012054      0x13c /home/lionel/paparazziProto1/var/Colibri/ap/firmwares/fixedwing/stabilization/stabilization_attitude.o
                0x00012054                h_ctl_init
 .text.h_ctl_course_loop
                0x00012190      0x468 /home/lionel/paparazziProto1/var/Colibri/ap/firmwares/fixedwing/stabilization/stabilization_attitude.o
                0x00012190                h_ctl_course_loop
 .text.h_ctl_attitude_loop
                0x000125f8      0x390 /home/lionel/paparazziProto1/var/Colibri/ap/firmwares/fixedwing/stabilization/stabilization_attitude.o
                0x000125f8                h_ctl_attitude_loop
 .text.v_ctl_init
                0x00012988      0x148 /home/lionel/paparazziProto1/var/Colibri/ap/firmwares/fixedwing/guidance/guidance_v.o
                0x00012988                v_ctl_init
 .text.v_ctl_altitude_loop
                0x00012ad0      0x118 /home/lionel/paparazziProto1/var/Colibri/ap/firmwares/fixedwing/guidance/guidance_v.o
                0x00012ad0                v_ctl_altitude_loop
 .text.v_ctl_climb_loop
                0x00012be8      0x38c /home/lionel/paparazziProto1/var/Colibri/ap/firmwares/fixedwing/guidance/guidance_v.o
                0x00012be8                v_ctl_climb_loop
 .text.v_ctl_throttle_slew
                0x00012f74       0x8c /home/lionel/paparazziProto1/var/Colibri/ap/firmwares/fixedwing/guidance/guidance_v.o
                0x00012f74                v_ctl_throttle_slew
 .text.nav_set_altitude
                0x00013000       0x5c /home/lionel/paparazziProto1/var/Colibri/ap/subsystems/nav.o
 .text.nav_init_stage
                0x0001305c       0x84 /home/lionel/paparazziProto1/var/Colibri/ap/subsystems/nav.o
                0x0001305c                nav_init_stage
 .text.nav_approaching_xy
                0x000130e0      0x104 /home/lionel/paparazziProto1/var/Colibri/ap/subsystems/nav.o
                0x000130e0                nav_approaching_xy
 .text.fly_to_xy
                0x000131e4      0x2d4 /home/lionel/paparazziProto1/var/Colibri/ap/subsystems/nav.o
                0x000131e4                fly_to_xy
 .text.nav_circle_XY
                0x000134b8      0x4a0 /home/lionel/paparazziProto1/var/Colibri/ap/subsystems/nav.o
                0x000134b8                nav_circle_XY
 .text.nav_route_xy
                0x00013958      0x22c /home/lionel/paparazziProto1/var/Colibri/ap/subsystems/nav.o
                0x00013958                nav_route_xy
 .text.compute_dist2_to_home
                0x00013b84       0x9c /home/lionel/paparazziProto1/var/Colibri/ap/subsystems/nav.o
                0x00013b84                compute_dist2_to_home
 .text.nav_reset_reference
                0x00013c20      0x134 /home/lionel/paparazziProto1/var/Colibri/ap/subsystems/nav.o
                0x00013c20                nav_reset_reference
 .text.nav_update_waypoints_alt
                0x00013d54       0x58 /home/lionel/paparazziProto1/var/Colibri/ap/subsystems/nav.o
                0x00013d54                nav_update_waypoints_alt
 .text.common_nav_periodic_task_4Hz
                0x00013dac       0x58 /home/lionel/paparazziProto1/var/Colibri/ap/subsystems/nav.o
                0x00013dac                common_nav_periodic_task_4Hz
 .text.nav_move_waypoint
                0x00013e04      0x11c /home/lionel/paparazziProto1/var/Colibri/ap/subsystems/nav.o
                0x00013e04                nav_move_waypoint
 .text.nav_home
                0x00013f20       0x88 /home/lionel/paparazziProto1/var/Colibri/ap/subsystems/nav.o
                0x00013f20                nav_home
 .text.nav_init
                0x00013fa8       0x74 /home/lionel/paparazziProto1/var/Colibri/ap/subsystems/nav.o
                0x00013fa8                nav_init
 .text.nav_without_gps
                0x0001401c       0x50 /home/lionel/paparazziProto1/var/Colibri/ap/subsystems/nav.o
                0x0001401c                nav_without_gps
 .text.nav_eight
                0x0001406c      0x7d4 /home/lionel/paparazziProto1/var/Colibri/ap/subsystems/nav.o
                0x0001406c                nav_eight
 .text.nav_oval_init
                0x00014840       0x24 /home/lionel/paparazziProto1/var/Colibri/ap/subsystems/nav.o
                0x00014840                nav_oval_init
 .text.nav_oval
                0x00014864      0x6f4 /home/lionel/paparazziProto1/var/Colibri/ap/subsystems/nav.o
                0x00014864                nav_oval
 .text.nav_periodic_task
                0x00014f58      0x764 /home/lionel/paparazziProto1/var/Colibri/ap/subsystems/nav.o
                0x00014f58                nav_periodic_task
 .text.nav_init_block
                0x000156bc       0x44 /home/lionel/paparazziProto1/var/Colibri/ap/subsystems/navigation/common_flight_plan.o
                0x000156bc                nav_init_block
 .text.nav_goto_block
                0x00015700       0x40 /home/lionel/paparazziProto1/var/Colibri/ap/subsystems/navigation/common_flight_plan.o
                0x00015700                nav_goto_block
 .text.traffic_info_init
                0x00015740       0x38 /home/lionel/paparazziProto1/var/Colibri/ap/subsystems/navigation/traffic_info.o
                0x00015740                traffic_info_init
 .text.dl_parse_msg
                0x00015778     0x1368 /home/lionel/paparazziProto1/var/Colibri/ap/firmwares/fixedwing/datalink.o
                0x00015778                dl_parse_msg
 .text.ahrs_init
                0x00016ae0       0xbc /home/lionel/paparazziProto1/var/Colibri/ap/subsystems/ahrs/ahrs_infrared.o
                0x00016ae0                ahrs_init
 .text.ahrs_update_fw_estimator
                0x00016b9c       0x6c /home/lionel/paparazziProto1/var/Colibri/ap/subsystems/ahrs/ahrs_infrared.o
                0x00016b9c                ahrs_update_fw_estimator
 .text.ahrs_update_infrared
                0x00016c08      0x1a0 /home/lionel/paparazziProto1/var/Colibri/ap/subsystems/ahrs/ahrs_infrared.o
                0x00016c08                ahrs_update_infrared
 .text.ahrs_update_gps
                0x00016da8       0xec /home/lionel/paparazziProto1/var/Colibri/ap/subsystems/ahrs/ahrs_infrared.o
                0x00016da8                ahrs_update_gps
 .text.gps_impl_init
                0x00016e94       0x24 /home/lionel/paparazziProto1/var/Colibri/ap/subsystems/gps/gps_ubx.o
                0x00016e94                gps_impl_init
 .text.gps_ubx_read_message
                0x00016eb8      0x534 /home/lionel/paparazziProto1/var/Colibri/ap/subsystems/gps/gps_ubx.o
                0x00016eb8                gps_ubx_read_message
 .text.gps_ubx_parse
                0x000173ec      0x1a4 /home/lionel/paparazziProto1/var/Colibri/ap/subsystems/gps/gps_ubx.o
                0x000173ec                gps_ubx_parse
 .text.gps_init
                0x00017590       0x34 /home/lionel/paparazziProto1/var/Colibri/ap/subsystems/gps.o
                0x00017590                gps_init
 .text.infrared_struct_init
                0x000175c4       0x48 /home/lionel/paparazziProto1/var/Colibri/ap/subsystems/sensors/infrared.o
                0x000175c4                infrared_struct_init
 .text.infrared_adc_init
                0x0001760c       0x4c /home/lionel/paparazziProto1/var/Colibri/ap/subsystems/sensors/infrared_adc.o
                0x0001760c                infrared_adc_init
 .text.infrared_adc_update
                0x00017658       0xf0 /home/lionel/paparazziProto1/var/Colibri/ap/subsystems/sensors/infrared_adc.o
                0x00017658                infrared_adc_update
 .text          0x00017748      0x348 /opt/paparazzi/arm-multilib/lib/gcc/arm-none-eabi/4.6.2/../../../../arm-none-eabi/lib/thumb/libm.a(lib_a-s_atan.o)
                0x00017748                atan
 .text          0x00017a90       0x88 /opt/paparazzi/arm-multilib/lib/gcc/arm-none-eabi/4.6.2/../../../../arm-none-eabi/lib/thumb/libm.a(lib_a-s_cos.o)
                0x00017a90                cos
 .text          0x00017b18        0x6 /opt/paparazzi/arm-multilib/lib/gcc/arm-none-eabi/4.6.2/../../../../arm-none-eabi/lib/thumb/libm.a(lib_a-s_fabs.o)
                0x00017b18                fabs
 *fill*         0x00017b1e        0x2 00
 .text          0x00017b20       0x88 /opt/paparazzi/arm-multilib/lib/gcc/arm-none-eabi/4.6.2/../../../../arm-none-eabi/lib/thumb/libm.a(lib_a-s_sin.o)
                0x00017b20                sin
 .text          0x00017ba8       0x60 /opt/paparazzi/arm-multilib/lib/gcc/arm-none-eabi/4.6.2/../../../../arm-none-eabi/lib/thumb/libm.a(lib_a-s_tan.o)
                0x00017ba8                tan
 .text          0x00017c08      0x244 /opt/paparazzi/arm-multilib/lib/gcc/arm-none-eabi/4.6.2/../../../../arm-none-eabi/lib/thumb/libm.a(lib_a-sf_atan.o)
                0x00017c08                atanf
 .text          0x00017e4c       0x68 /opt/paparazzi/arm-multilib/lib/gcc/arm-none-eabi/4.6.2/../../../../arm-none-eabi/lib/thumb/libm.a(lib_a-sf_cos.o)
                0x00017e4c                cosf
 .text          0x00017eb4        0x6 /opt/paparazzi/arm-multilib/lib/gcc/arm-none-eabi/4.6.2/../../../../arm-none-eabi/lib/thumb/libm.a(lib_a-sf_fabs.o)
                0x00017eb4                fabsf
 *fill*         0x00017eba        0x2 00
 .text          0x00017ebc       0x68 /opt/paparazzi/arm-multilib/lib/gcc/arm-none-eabi/4.6.2/../../../../arm-none-eabi/lib/thumb/libm.a(lib_a-sf_sin.o)
                0x00017ebc                sinf
 *fill*         0x00017f24        0x4 00
 .text          0x00017f28       0xb0 /opt/paparazzi/arm-multilib/lib/gcc/arm-none-eabi/4.6.2/../../../../arm-none-eabi/lib/thumb/libm.a(lib_a-w_asin.o)
                0x00017f28                asin
 .text          0x00017fd8        0xc /opt/paparazzi/arm-multilib/lib/gcc/arm-none-eabi/4.6.2/../../../../arm-none-eabi/lib/thumb/libm.a(lib_a-w_atan2.o)
                0x00017fd8                atan2
 *fill*         0x00017fe4        0x4 00
 .text          0x00017fe8       0xc0 /opt/paparazzi/arm-multilib/lib/gcc/arm-none-eabi/4.6.2/../../../../arm-none-eabi/lib/thumb/libm.a(lib_a-w_cosh.o)
                0x00017fe8                cosh
 .text          0x000180a8      0x100 /opt/paparazzi/arm-multilib/lib/gcc/arm-none-eabi/4.6.2/../../../../arm-none-eabi/lib/thumb/libm.a(lib_a-w_exp.o)
                0x000180a8                exp
 .text          0x000181a8       0xf8 /opt/paparazzi/arm-multilib/lib/gcc/arm-none-eabi/4.6.2/../../../../arm-none-eabi/lib/thumb/libm.a(lib_a-w_log.o)
                0x000181a8                log
 .text          0x000182a0       0xe8 /opt/paparazzi/arm-multilib/lib/gcc/arm-none-eabi/4.6.2/../../../../arm-none-eabi/lib/thumb/libm.a(lib_a-w_sinh.o)
                0x000182a0                sinh
 .text          0x00018388       0xb8 /opt/paparazzi/arm-multilib/lib/gcc/arm-none-eabi/4.6.2/../../../../arm-none-eabi/lib/thumb/libm.a(lib_a-w_sqrt.o)
                0x00018388                sqrt
 .text          0x00018440        0xc /opt/paparazzi/arm-multilib/lib/gcc/arm-none-eabi/4.6.2/../../../../arm-none-eabi/lib/thumb/libm.a(lib_a-wf_atan2.o)
                0x00018440                atan2f
 *fill*         0x0001844c        0x4 00
 .text          0x00018450      0x428 /opt/paparazzi/arm-multilib/lib/gcc/arm-none-eabi/4.6.2/../../../../arm-none-eabi/lib/thumb/libm.a(lib_a-e_asin.o)
                0x00018450                __ieee754_asin
 .text          0x00018878      0x1e0 /opt/paparazzi/arm-multilib/lib/gcc/arm-none-eabi/4.6.2/../../../../arm-none-eabi/lib/thumb/libm.a(lib_a-e_atan2.o)
                0x00018878                __ieee754_atan2
 .text          0x00018a58      0x140 /opt/paparazzi/arm-multilib/lib/gcc/arm-none-eabi/4.6.2/../../../../arm-none-eabi/lib/thumb/libm.a(lib_a-e_cosh.o)
                0x00018a58                __ieee754_cosh
 .text          0x00018b98      0x2e8 /opt/paparazzi/arm-multilib/lib/gcc/arm-none-eabi/4.6.2/../../../../arm-none-eabi/lib/thumb/libm.a(lib_a-e_exp.o)
                0x00018b98                __ieee754_exp
 .text          0x00018e80      0x410 /opt/paparazzi/arm-multilib/lib/gcc/arm-none-eabi/4.6.2/../../../../arm-none-eabi/lib/thumb/libm.a(lib_a-e_log.o)
                0x00018e80                __ieee754_log
 .text          0x00019290      0x3d0 /opt/paparazzi/arm-multilib/lib/gcc/arm-none-eabi/4.6.2/../../../../arm-none-eabi/lib/thumb/libm.a(lib_a-e_rem_pio2.o)
                0x00019290                __ieee754_rem_pio2
 .text          0x00019660      0x188 /opt/paparazzi/arm-multilib/lib/gcc/arm-none-eabi/4.6.2/../../../../arm-none-eabi/lib/thumb/libm.a(lib_a-e_sinh.o)
                0x00019660                __ieee754_sinh
 .text          0x000197e8      0x188 /opt/paparazzi/arm-multilib/lib/gcc/arm-none-eabi/4.6.2/../../../../arm-none-eabi/lib/thumb/libm.a(lib_a-e_sqrt.o)
                0x000197e8                __ieee754_sqrt
 .text          0x00019970      0x12c /opt/paparazzi/arm-multilib/lib/gcc/arm-none-eabi/4.6.2/../../../../arm-none-eabi/lib/thumb/libm.a(lib_a-ef_atan2.o)
                0x00019970                __ieee754_atan2f
 .text          0x00019a9c      0x2bc /opt/paparazzi/arm-multilib/lib/gcc/arm-none-eabi/4.6.2/../../../../arm-none-eabi/lib/thumb/libm.a(lib_a-ef_rem_pio2.o)
                0x00019a9c                __ieee754_rem_pio2f
 .text          0x00019d58      0x1d8 /opt/paparazzi/arm-multilib/lib/gcc/arm-none-eabi/4.6.2/../../../../arm-none-eabi/lib/thumb/libm.a(lib_a-k_cos.o)
                0x00019d58                __kernel_cos
 .text          0x00019f30      0x738 /opt/paparazzi/arm-multilib/lib/gcc/arm-none-eabi/4.6.2/../../../../arm-none-eabi/lib/thumb/libm.a(lib_a-k_rem_pio2.o)
                0x00019f30                __kernel_rem_pio2
 .text          0x0001a668      0x178 /opt/paparazzi/arm-multilib/lib/gcc/arm-none-eabi/4.6.2/../../../../arm-none-eabi/lib/thumb/libm.a(lib_a-k_sin.o)
                0x0001a668                __kernel_sin
 .text          0x0001a7e0      0x3c8 /opt/paparazzi/arm-multilib/lib/gcc/arm-none-eabi/4.6.2/../../../../arm-none-eabi/lib/thumb/libm.a(lib_a-k_tan.o)
                0x0001a7e0                __kernel_tan
 .text          0x0001aba8      0x13c /opt/paparazzi/arm-multilib/lib/gcc/arm-none-eabi/4.6.2/../../../../arm-none-eabi/lib/thumb/libm.a(lib_a-kf_cos.o)
                0x0001aba8                __kernel_cosf
 .text          0x0001ace4      0x5c4 /opt/paparazzi/arm-multilib/lib/gcc/arm-none-eabi/4.6.2/../../../../arm-none-eabi/lib/thumb/libm.a(lib_a-kf_rem_pio2.o)
                0x0001ace4                __kernel_rem_pio2f
 .text          0x0001b2a8       0xf8 /opt/paparazzi/arm-multilib/lib/gcc/arm-none-eabi/4.6.2/../../../../arm-none-eabi/lib/thumb/libm.a(lib_a-kf_sin.o)
                0x0001b2a8                __kernel_sinf
 .text          0x0001b3a0      0x470 /opt/paparazzi/arm-multilib/lib/gcc/arm-none-eabi/4.6.2/../../../../arm-none-eabi/lib/thumb/libm.a(lib_a-s_expm1.o)
                0x0001b3a0                expm1
 .text          0x0001b810       0x10 /opt/paparazzi/arm-multilib/lib/gcc/arm-none-eabi/4.6.2/../../../../arm-none-eabi/lib/thumb/libm.a(lib_a-s_finite.o)
                0x0001b810                finite
 .text          0x0001b820      0x128 /opt/paparazzi/arm-multilib/lib/gcc/arm-none-eabi/4.6.2/../../../../arm-none-eabi/lib/thumb/libm.a(lib_a-s_floor.o)
                0x0001b820                floor
 .text          0x0001b948       0x90 /opt/paparazzi/arm-multilib/lib/gcc/arm-none-eabi/4.6.2/../../../../arm-none-eabi/lib/thumb/libm.a(lib_a-s_fpclassify.o)
                0x0001b948                __fpclassifyd
 .text          0x0001b9d8        0x4 /opt/paparazzi/arm-multilib/lib/gcc/arm-none-eabi/4.6.2/../../../../arm-none-eabi/lib/thumb/libm.a(lib_a-s_matherr.o)
                0x0001b9d8                matherr
 *fill*         0x0001b9dc        0x4 00
 .text          0x0001b9e0       0x10 /opt/paparazzi/arm-multilib/lib/gcc/arm-none-eabi/4.6.2/../../../../arm-none-eabi/lib/thumb/libm.a(lib_a-s_nan.o)
                0x0001b9e0                nan
 .text          0x0001b9f0       0xf8 /opt/paparazzi/arm-multilib/lib/gcc/arm-none-eabi/4.6.2/../../../../arm-none-eabi/lib/thumb/libm.a(lib_a-s_scalbn.o)
                0x0001b9f0                scalbn
 .text          0x0001bae8       0x84 /opt/paparazzi/arm-multilib/lib/gcc/arm-none-eabi/4.6.2/../../../../arm-none-eabi/lib/thumb/libm.a(lib_a-sf_floor.o)
                0x0001bae8                floorf
 .text          0x0001bb6c       0xb4 /opt/paparazzi/arm-multilib/lib/gcc/arm-none-eabi/4.6.2/../../../../arm-none-eabi/lib/thumb/libm.a(lib_a-sf_scalbn.o)
                0x0001bb6c                scalbnf
 .text          0x0001bc20       0x14 /opt/paparazzi/arm-multilib/lib/gcc/arm-none-eabi/4.6.2/../../../../arm-none-eabi/lib/thumb/libm.a(lib_a-s_copysign.o)
                0x0001bc20                copysign
 .text          0x0001bc34        0xc /opt/paparazzi/arm-multilib/lib/gcc/arm-none-eabi/4.6.2/../../../../arm-none-eabi/lib/thumb/libm.a(lib_a-sf_copysign.o)
                0x0001bc34                copysignf
 .text          0x0001bc40        0xc /opt/paparazzi/arm-multilib/lib/gcc/arm-none-eabi/4.6.2/../../../../arm-none-eabi/lib/thumb/libc.a(lib_a-errno.o)
                0x0001bc40                __errno
 .text          0x0001bc4c       0x14 /opt/paparazzi/arm-multilib/lib/gcc/arm-none-eabi/4.6.2/thumb/libgcc.a(_thumb1_case_uqi.o)
                0x0001bc4c                __gnu_thumb1_case_uqi
 .text          0x0001bc60       0x94 /opt/paparazzi/arm-multilib/lib/gcc/arm-none-eabi/4.6.2/thumb/libgcc.a(_udivsi3.o)
                0x0001bc60                __udivsi3
                0x0001bc60                __aeabi_uidiv
                0x0001bce0                __aeabi_uidivmod
 .text          0x0001bcf4       0xb0 /opt/paparazzi/arm-multilib/lib/gcc/arm-none-eabi/4.6.2/thumb/libgcc.a(_divsi3.o)
                0x0001bcf4                __aeabi_idiv
                0x0001bcf4                __divsi3
                0x0001bd90                __aeabi_idivmod
 .text          0x0001bda4        0x4 /opt/paparazzi/arm-multilib/lib/gcc/arm-none-eabi/4.6.2/thumb/libgcc.a(_dvmd_tls.o)
                0x0001bda4                __aeabi_ldiv0
                0x0001bda4                __aeabi_idiv0
 .text          0x0001bda8      0x41c /opt/paparazzi/arm-multilib/lib/gcc/arm-none-eabi/4.6.2/thumb/libgcc.a(_arm_addsubdf3.o)
                0x0001bda8                __aeabi_drsub
                0x0001bdb0                __aeabi_dsub
                0x0001bdb0                __subdf3
                0x0001bdb4                __adddf3
                0x0001bdb4                __aeabi_dadd
                0x0001c0c4                __aeabi_ui2d
                0x0001c0c4                __floatunsidf
                0x0001c0e8                __floatsidf
                0x0001c0e8                __aeabi_i2d
                0x0001c110                __extendsfdf2
                0x0001c110                __aeabi_f2d
                0x0001c150                __aeabi_ul2d
                0x0001c150                __floatundidf
                0x0001c164                __floatdidf
                0x0001c164                __aeabi_l2d
 .text          0x0001c1c4      0x49c /opt/paparazzi/arm-multilib/lib/gcc/arm-none-eabi/4.6.2/thumb/libgcc.a(_arm_muldivdf3.o)
                0x0001c1c4                __aeabi_dmul
                0x0001c1c4                __muldf3
                0x0001c454                __aeabi_ddiv
                0x0001c454                __divdf3
 .text          0x0001c660      0x144 /opt/paparazzi/arm-multilib/lib/gcc/arm-none-eabi/4.6.2/thumb/libgcc.a(_arm_cmpdf2.o)
                0x0001c660                __gtdf2
                0x0001c660                __gedf2
                0x0001c668                __ltdf2
                0x0001c668                __ledf2
                0x0001c670                __cmpdf2
                0x0001c670                __eqdf2
                0x0001c670                __nedf2
                0x0001c6f8                __aeabi_cdrcmple
                0x0001c714                __aeabi_cdcmple
                0x0001c714                __aeabi_cdcmpeq
                0x0001c72c                __aeabi_dcmpeq
                0x0001c744                __aeabi_dcmplt
                0x0001c75c                __aeabi_dcmple
                0x0001c774                __aeabi_dcmpge
                0x0001c78c                __aeabi_dcmpgt
 .text          0x0001c7a4       0x5c /opt/paparazzi/arm-multilib/lib/gcc/arm-none-eabi/4.6.2/thumb/libgcc.a(_arm_fixdfsi.o)
                0x0001c7a4                __fixdfsi
                0x0001c7a4                __aeabi_d2iz
 .text          0x0001c800       0x54 /opt/paparazzi/arm-multilib/lib/gcc/arm-none-eabi/4.6.2/thumb/libgcc.a(_arm_fixunsdfsi.o)
                0x0001c800                __fixunsdfsi
                0x0001c800                __aeabi_d2uiz
 .text          0x0001c854       0xa0 /opt/paparazzi/arm-multilib/lib/gcc/arm-none-eabi/4.6.2/thumb/libgcc.a(_arm_truncdfsf2.o)
                0x0001c854                __aeabi_d2f
                0x0001c854                __truncdfsf2
 .text          0x0001c8f4      0x2ac /opt/paparazzi/arm-multilib/lib/gcc/arm-none-eabi/4.6.2/thumb/libgcc.a(_arm_addsubsf3.o)
                0x0001c8f4                __aeabi_frsub
                0x0001c8fc                __subsf3
                0x0001c8fc                __aeabi_fsub
                0x0001c900                __aeabi_fadd
                0x0001c900                __addsf3
                0x0001cabc                __aeabi_ui2f
                0x0001cabc                __floatunsisf
                0x0001cac4                __aeabi_i2f
                0x0001cac4                __floatsisf
                0x0001cae4                __floatundisf
                0x0001cae4                __aeabi_ul2f
                0x0001caf4                __floatdisf
                0x0001caf4                __aeabi_l2f
 .text          0x0001cba0      0x2f8 /opt/paparazzi/arm-multilib/lib/gcc/arm-none-eabi/4.6.2/thumb/libgcc.a(_arm_muldivsf3.o)
                0x0001cba0                __mulsf3
                0x0001cba0                __aeabi_fmul
                0x0001cd38                __divsf3
                0x0001cd38                __aeabi_fdiv
 .text          0x0001ce98      0x114 /opt/paparazzi/arm-multilib/lib/gcc/arm-none-eabi/4.6.2/thumb/libgcc.a(_arm_cmpsf2.o)
                0x0001ce98                __gtsf2
                0x0001ce98                __gesf2
                0x0001cea0                __lesf2
                0x0001cea0                __ltsf2
                0x0001cea8                __nesf2
                0x0001cea8                __eqsf2
                0x0001cea8                __cmpsf2
                0x0001cf0c                __aeabi_cfrcmple
                0x0001cf1c                __aeabi_cfcmple
                0x0001cf1c                __aeabi_cfcmpeq
                0x0001cf34                __aeabi_fcmpeq
                0x0001cf4c                __aeabi_fcmplt
                0x0001cf64                __aeabi_fcmple
                0x0001cf7c                __aeabi_fcmpge
                0x0001cf94                __aeabi_fcmpgt
 .text          0x0001cfac       0x5c /opt/paparazzi/arm-multilib/lib/gcc/arm-none-eabi/4.6.2/thumb/libgcc.a(_arm_fixsfsi.o)
                0x0001cfac                __fixsfsi
                0x0001cfac                __aeabi_f2iz
 .text          0x0001d008       0x54 /opt/paparazzi/arm-multilib/lib/gcc/arm-none-eabi/4.6.2/thumb/libgcc.a(_arm_fixunssfsi.o)
                0x0001d008                __aeabi_f2uiz
                0x0001d008                __fixunssfsi
 *fill*         0x0001d05c        0x4 00
 .text.stub     0x0001d060      0x164 linker stubs
 *(.gnu.linkonce.t.*)
 *(.glue_7)
 .glue_7        0x00000000        0x0 linker stubs
 *(.glue_7t)
 .glue_7t       0x00000000        0x0 linker stubs
 *(.gcc_except_table)
 *(.rodata)
 *fill*         0x0001d208        0x0 00
 .rodata        0x0001d208       0x40 /opt/paparazzi/arm-multilib/lib/gcc/arm-none-eabi/4.6.2/../../../../arm-none-eabi/lib/thumb/libm.a(lib_a-s_atan.o)
 .rodata        0x0001d248       0x20 /opt/paparazzi/arm-multilib/lib/gcc/arm-none-eabi/4.6.2/../../../../arm-none-eabi/lib/thumb/libm.a(lib_a-sf_atan.o)
 .rodata        0x0001d268       0x30 /opt/paparazzi/arm-multilib/lib/gcc/arm-none-eabi/4.6.2/../../../../arm-none-eabi/lib/thumb/libm.a(lib_a-e_exp.o)
 .rodata        0x0001d298      0x188 /opt/paparazzi/arm-multilib/lib/gcc/arm-none-eabi/4.6.2/../../../../arm-none-eabi/lib/thumb/libm.a(lib_a-e_rem_pio2.o)
 .rodata        0x0001d420      0x398 /opt/paparazzi/arm-multilib/lib/gcc/arm-none-eabi/4.6.2/../../../../arm-none-eabi/lib/thumb/libm.a(lib_a-ef_rem_pio2.o)
 .rodata        0x0001d7b8       0x50 /opt/paparazzi/arm-multilib/lib/gcc/arm-none-eabi/4.6.2/../../../../arm-none-eabi/lib/thumb/libm.a(lib_a-k_rem_pio2.o)
 .rodata        0x0001d808       0x38 /opt/paparazzi/arm-multilib/lib/gcc/arm-none-eabi/4.6.2/../../../../arm-none-eabi/lib/thumb/libm.a(lib_a-kf_rem_pio2.o)
 *(.rodata*)
 .rodata.serie_coeff_proj_mercator
                0x0001d840       0x14 /home/lionel/paparazziProto1/var/Colibri/ap/math/pprz_geodetic_float.o
 .rodata.commands_failsafe
                0x0001d854        0xa /home/lionel/paparazziProto1/var/Colibri/ap/./commands.o
                0x0001d854                commands_failsafe
 .rodata.version
                0x0001d85e        0x2 /home/lionel/paparazziProto1/var/Colibri/ap/firmwares/fixedwing/main_ap.o
 .rodata.str1.1
                0x0001d860       0x11 /home/lionel/paparazziProto1/var/Colibri/ap/firmwares/fixedwing/main_ap.o
 .rodata.nb_waypoint
                0x0001d871        0x1 /home/lionel/paparazziProto1/var/Colibri/ap/subsystems/nav.o
                0x0001d871                nb_waypoint
 .rodata.str1.1
                0x0001d872        0x5 /opt/paparazzi/arm-multilib/lib/gcc/arm-none-eabi/4.6.2/../../../../arm-none-eabi/lib/thumb/libm.a(lib_a-w_asin.o)
                                  0x6 (size before relaxing)
 .rodata.str1.1
                0x0001d877        0x5 /opt/paparazzi/arm-multilib/lib/gcc/arm-none-eabi/4.6.2/../../../../arm-none-eabi/lib/thumb/libm.a(lib_a-w_cosh.o)
 .rodata.str1.1
                0x0001d87c        0x4 /opt/paparazzi/arm-multilib/lib/gcc/arm-none-eabi/4.6.2/../../../../arm-none-eabi/lib/thumb/libm.a(lib_a-w_exp.o)
 .rodata.str1.1
                0x0001d880        0x4 /opt/paparazzi/arm-multilib/lib/gcc/arm-none-eabi/4.6.2/../../../../arm-none-eabi/lib/thumb/libm.a(lib_a-w_log.o)
                                  0x5 (size before relaxing)
 .rodata.str1.1
                0x0001d884        0x5 /opt/paparazzi/arm-multilib/lib/gcc/arm-none-eabi/4.6.2/../../../../arm-none-eabi/lib/thumb/libm.a(lib_a-w_sinh.o)
 .rodata.str1.1
                0x0001d889        0x5 /opt/paparazzi/arm-multilib/lib/gcc/arm-none-eabi/4.6.2/../../../../arm-none-eabi/lib/thumb/libm.a(lib_a-w_sqrt.o)
 .rodata.str1.1
                0x0001d88e        0x2 /opt/paparazzi/arm-multilib/lib/gcc/arm-none-eabi/4.6.2/../../../../arm-none-eabi/lib/thumb/libc.a(lib_a-impure.o)
 *(.gnu.linkonce.r.*)

.vfp11_veneer   0x0001d890        0x0
 .vfp11_veneer  0x00000000        0x0 linker stubs

.v4_bx          0x0001d890        0x0
 .v4_bx         0x00000000        0x0 linker stubs
                0x0001d890                . = ALIGN (0x4)

.ARM.exidx      0x0001d890        0x0
                0x0001d890                __exidx_start = .
 *(.ARM.exidx* .gnu.linkonce.armexidx.*)
                0x0001d890                __exidx_end = .
                0x0001d890                . = ALIGN (0x4)

.ctors          0x0001d890        0x0
                0x0001d890                PROVIDE (__ctors_start__, .)
 *(SORT(.ctors.*))
 *(.ctors)
                0x0001d890                PROVIDE (__ctors_end__, .)

.dtors          0x0001d890        0x0
                0x0001d890                PROVIDE (__dtors_start__, .)
 *(SORT(.dtors.*))
 *(.dtors)
                0x0001d890                PROVIDE (__dtors_end__, .)
                0x0001d890                . = ALIGN (0x4)
                0x0001d890                _etext = .
                0x0001d890                PROVIDE (etext, .)

.data           0x40000000      0x4f8 load address 0x0001d890
                0x40000000                _data = .
 *(.data)
 .data          0x40000000        0x1 /opt/paparazzi/arm-multilib/lib/gcc/arm-none-eabi/4.6.2/../../../../arm-none-eabi/lib/thumb/libm.a(lib_a-s_lib_ver.o)
                0x40000000                __fdlib_version
 *fill*         0x40000001        0x7 00
 .data          0x40000008      0x430 /opt/paparazzi/arm-multilib/lib/gcc/arm-none-eabi/4.6.2/../../../../arm-none-eabi/lib/thumb/libc.a(lib_a-impure.o)
                0x40000008                _impure_ptr
 *(.data.*)
 .data.fbw_state
                0x40000438        0x4 /home/lionel/paparazziProto1/var/Colibri/ap/./inter_mcu.o
                0x40000438                fbw_state
 .data.ap_state
                0x4000043c        0x4 /home/lionel/paparazziProto1/var/Colibri/ap/./inter_mcu.o
                0x4000043c                ap_state
 .data.pprz_mode
                0x40000440        0x1 /home/lionel/paparazziProto1/var/Colibri/ap/firmwares/fixedwing/main_ap.o
                0x40000440                pprz_mode
 .data.boot.3836
                0x40000441        0x1 /home/lionel/paparazziProto1/var/Colibri/ap/firmwares/fixedwing/main_ap.o
 .data.adc0_val
                0x40000442       0x10 /home/lionel/paparazziProto1/var/Colibri/ap/arch/lpc21/mcu_periph/adc_arch.o
                0x40000442                adc0_val
 .data.adc1_val
                0x40000452       0x10 /home/lionel/paparazziProto1/var/Colibri/ap/arch/lpc21/mcu_periph/adc_arch.o
                0x40000452                adc1_val
 *fill*         0x40000462        0x2 00
 .data.v_ctl_auto_throttle_dash_trim
                0x40000464        0x4 /home/lionel/paparazziProto1/var/Colibri/ap/firmwares/fixedwing/stabilization/stabilization_attitude.o
                0x40000464                v_ctl_auto_throttle_dash_trim
 .data.v_ctl_auto_throttle_loiter_trim
                0x40000468        0x4 /home/lionel/paparazziProto1/var/Colibri/ap/firmwares/fixedwing/stabilization/stabilization_attitude.o
                0x40000468                v_ctl_auto_throttle_loiter_trim
 .data.max_dist_from_home
                0x4000046c        0x4 /home/lionel/paparazziProto1/var/Colibri/ap/subsystems/nav.o
                0x4000046c                max_dist_from_home
 .data.nav_utm_zone0
                0x40000470        0x1 /home/lionel/paparazziProto1/var/Colibri/ap/subsystems/nav.o
                0x40000470                nav_utm_zone0
 *fill*         0x40000471        0x3 00
 .data.nav_utm_north0
                0x40000474        0x4 /home/lionel/paparazziProto1/var/Colibri/ap/subsystems/nav.o
                0x40000474                nav_utm_north0
 .data.nav_altitude
                0x40000478        0x4 /home/lionel/paparazziProto1/var/Colibri/ap/subsystems/nav.o
                0x40000478                nav_altitude
 .data.waypoints
                0x4000047c       0x78 /home/lionel/paparazziProto1/var/Colibri/ap/subsystems/nav.o
                0x4000047c                waypoints
 .data.nav_utm_east0
                0x400004f4        0x4 /home/lionel/paparazziProto1/var/Colibri/ap/subsystems/nav.o
                0x400004f4                nav_utm_east0
 *(.gnu.linkonce.d*)
                0x400004f8                . = ALIGN (0x4)
 *(.fastrun)
                0x400004f8                . = ALIGN (0x4)
                0x400004f8                _edata = .
                0x400004f8                PROVIDE (edata, .)

.bss            0x400004f8     0x109c load address 0x0001dd88
                0x400004f8                __bss_start = .
                0x400004f8                __bss_start__ = .
 *(.bss)
 *(.bss.*)
 .bss.inter_mcu_received_ap
                0x400004f8        0x1 /home/lionel/paparazziProto1/var/Colibri/ap/./inter_mcu.o
                0x400004f8                inter_mcu_received_ap
 *fill*         0x400004f9        0x1 00
 .bss._ap_state
                0x400004fa        0xe /home/lionel/paparazziProto1/var/Colibri/ap/./inter_mcu.o
 .bss.inter_mcu_received_fbw
                0x40000508        0x1 /home/lionel/paparazziProto1/var/Colibri/ap/./inter_mcu.o
                0x40000508                inter_mcu_received_fbw
 *fill*         0x40000509        0x3 00
 .bss._fbw_state
                0x4000050c       0x14 /home/lionel/paparazziProto1/var/Colibri/ap/./inter_mcu.o
 .bss.i15.3001  0x40000520        0x1 /home/lionel/paparazziProto1/var/Colibri/ap/firmwares/fixedwing/main_fbw.o
 .bss.i30.3030  0x40000521        0x1 /home/lionel/paparazziProto1/var/Colibri/ap/firmwares/fixedwing/main_fbw.o
 .bss.fbw_new_actuators
                0x40000522        0x1 /home/lionel/paparazziProto1/var/Colibri/ap/firmwares/fixedwing/main_fbw.o
                0x40000522                fbw_new_actuators
 *fill*         0x40000523        0x1 00
 .bss.i300.3032
                0x40000524        0x2 /home/lionel/paparazziProto1/var/Colibri/ap/firmwares/fixedwing/main_fbw.o
 .bss.i60.3031  0x40000526        0x1 /home/lionel/paparazziProto1/var/Colibri/ap/firmwares/fixedwing/main_fbw.o
 .bss.i30.3002  0x40000527        0x1 /home/lionel/paparazziProto1/var/Colibri/ap/firmwares/fixedwing/main_fbw.o
 .bss.i120.3003
                0x40000528        0x1 /home/lionel/paparazziProto1/var/Colibri/ap/firmwares/fixedwing/main_fbw.o
 .bss._1Hz.2786
                0x40000529        0x1 /home/lionel/paparazziProto1/var/Colibri/ap/firmwares/fixedwing/main_fbw.o
 *fill*         0x4000052a        0x2 00
 .bss.electrical_priv
                0x4000052c       0x48 /home/lionel/paparazziProto1/var/Colibri/ap/subsystems/electrical.o
 .bss.command_roll_trim
                0x40000574        0x2 /home/lionel/paparazziProto1/var/Colibri/ap/./commands.o
                0x40000574                command_roll_trim
 .bss.command_pitch_trim
                0x40000576        0x2 /home/lionel/paparazziProto1/var/Colibri/ap/./commands.o
                0x40000576                command_pitch_trim
 .bss.telemetry_mode_Fbw
                0x40000578        0x1 /home/lionel/paparazziProto1/var/Colibri/ap/firmwares/fixedwing/fbw_downlink.o
                0x40000578                telemetry_mode_Fbw
 .bss.mcu1_ppm_cpt
                0x40000579        0x1 /home/lionel/paparazziProto1/var/Colibri/ap/firmwares/fixedwing/main_ap.o
 .bss.i180.4189
                0x4000057a        0x1 /home/lionel/paparazziProto1/var/Colibri/ap/firmwares/fixedwing/main_ap.o
 .bss.i66.3844  0x4000057b        0x1 /home/lionel/paparazziProto1/var/Colibri/ap/firmwares/fixedwing/main_ap.o
 .bss.i324.4513
                0x4000057c        0x2 /home/lionel/paparazziProto1/var/Colibri/ap/firmwares/fixedwing/main_ap.o
 .bss.i342.4515
                0x4000057e        0x2 /home/lionel/paparazziProto1/var/Colibri/ap/firmwares/fixedwing/main_ap.o
 .bss.t.4706    0x40000580        0x1 /home/lionel/paparazziProto1/var/Colibri/ap/firmwares/fixedwing/main_ap.o
 .bss.i90.3846  0x40000581        0x1 /home/lionel/paparazziProto1/var/Colibri/ap/firmwares/fixedwing/main_ap.o
 .bss.i63.3843  0x40000582        0x1 /home/lionel/paparazziProto1/var/Colibri/ap/firmwares/fixedwing/main_ap.o
 *fill*         0x40000583        0x1 00
 .bss.last.4604
                0x40000584        0x2 /home/lionel/paparazziProto1/var/Colibri/ap/firmwares/fixedwing/main_ap.o
 .bss.i.4268    0x40000586        0x1 /home/lionel/paparazziProto1/var/Colibri/ap/firmwares/fixedwing/main_ap.o
 .bss.i60.3842  0x40000587        0x1 /home/lionel/paparazziProto1/var/Colibri/ap/firmwares/fixedwing/main_ap.o
 .bss.i.4286    0x40000588        0x1 /home/lionel/paparazziProto1/var/Colibri/ap/firmwares/fixedwing/main_ap.o
 *fill*         0x40000589        0x1 00
 .bss.i312.4196
                0x4000058a        0x2 /home/lionel/paparazziProto1/var/Colibri/ap/firmwares/fixedwing/main_ap.o
 .bss.i318.4512
                0x4000058c        0x2 /home/lionel/paparazziProto1/var/Colibri/ap/firmwares/fixedwing/main_ap.o
 .bss.launch    0x4000058e        0x1 /home/lionel/paparazziProto1/var/Colibri/ap/firmwares/fixedwing/main_ap.o
                0x4000058e                launch
 .bss.i192.4191
                0x4000058f        0x1 /home/lionel/paparazziProto1/var/Colibri/ap/firmwares/fixedwing/main_ap.o
 .bss.i.4525    0x40000590        0x1 /home/lionel/paparazziProto1/var/Colibri/ap/firmwares/fixedwing/main_ap.o
 .bss.lateral_mode
                0x40000591        0x1 /home/lionel/paparazziProto1/var/Colibri/ap/firmwares/fixedwing/main_ap.o
                0x40000591                lateral_mode
 .bss.i90.4187  0x40000592        0x1 /home/lionel/paparazziProto1/var/Colibri/ap/firmwares/fixedwing/main_ap.o
 .bss.i.4199    0x40000593        0x1 /home/lionel/paparazziProto1/var/Colibri/ap/firmwares/fixedwing/main_ap.o
 .bss.mcu1_status
                0x40000594        0x1 /home/lionel/paparazziProto1/var/Colibri/ap/firmwares/fixedwing/main_ap.o
 *fill*         0x40000595        0x1 00
 .bss.i300.4194
                0x40000596        0x2 /home/lionel/paparazziProto1/var/Colibri/ap/firmwares/fixedwing/main_ap.o
 .bss.i183.4190
                0x40000598        0x1 /home/lionel/paparazziProto1/var/Colibri/ap/firmwares/fixedwing/main_ap.o
 .bss.i.3853    0x40000599        0x1 /home/lionel/paparazziProto1/var/Colibri/ap/firmwares/fixedwing/main_ap.o
 .bss.i126.4188
                0x4000059a        0x1 /home/lionel/paparazziProto1/var/Colibri/ap/firmwares/fixedwing/main_ap.o
 *fill*         0x4000059b        0x1 00
 .bss.i306.4511
                0x4000059c        0x2 /home/lionel/paparazziProto1/var/Colibri/ap/firmwares/fixedwing/main_ap.o
 .bss.i540.4197
                0x4000059e        0x2 /home/lionel/paparazziProto1/var/Colibri/ap/firmwares/fixedwing/main_ap.o
 .bss.i300.3850
                0x400005a0        0x2 /home/lionel/paparazziProto1/var/Colibri/ap/firmwares/fixedwing/main_ap.o
 .bss.i306.3851
                0x400005a2        0x2 /home/lionel/paparazziProto1/var/Colibri/ap/firmwares/fixedwing/main_ap.o
 .bss.i540.3852
                0x400005a4        0x2 /home/lionel/paparazziProto1/var/Colibri/ap/firmwares/fixedwing/main_ap.o
 .bss.last.4165
                0x400005a6        0x2 /home/lionel/paparazziProto1/var/Colibri/ap/firmwares/fixedwing/main_ap.o
 .bss.i126.3848
                0x400005a8        0x1 /home/lionel/paparazziProto1/var/Colibri/ap/firmwares/fixedwing/main_ap.o
 .bss.i84.4186  0x400005a9        0x1 /home/lionel/paparazziProto1/var/Colibri/ap/firmwares/fixedwing/main_ap.o
 .bss.last.4481
                0x400005aa        0x2 /home/lionel/paparazziProto1/var/Colibri/ap/firmwares/fixedwing/main_ap.o
 .bss.i.4050    0x400005ac        0x1 /home/lionel/paparazziProto1/var/Colibri/ap/firmwares/fixedwing/main_ap.o
 .bss.i78.4185  0x400005ad        0x1 /home/lionel/paparazziProto1/var/Colibri/ap/firmwares/fixedwing/main_ap.o
 .bss.kill_throttle
                0x400005ae        0x1 /home/lionel/paparazziProto1/var/Colibri/ap/firmwares/fixedwing/main_ap.o
                0x400005ae                kill_throttle
 .bss.i1.3608   0x400005af        0x1 /home/lionel/paparazziProto1/var/Colibri/ap/firmwares/fixedwing/main_ap.o
 .bss.i120.3847
                0x400005b0        0x1 /home/lionel/paparazziProto1/var/Colibri/ap/firmwares/fixedwing/main_ap.o
 .bss.i.3915    0x400005b1        0x1 /home/lionel/paparazziProto1/var/Colibri/ap/firmwares/fixedwing/main_ap.o
 .bss.i30.3841  0x400005b2        0x1 /home/lionel/paparazziProto1/var/Colibri/ap/firmwares/fixedwing/main_ap.o
 *fill*         0x400005b3        0x1 00
 .bss.i606.4517
                0x400005b4        0x2 /home/lionel/paparazziProto1/var/Colibri/ap/firmwares/fixedwing/main_ap.o
 .bss.i612.4518
                0x400005b6        0x2 /home/lionel/paparazziProto1/var/Colibri/ap/firmwares/fixedwing/main_ap.o
 .bss.i606.4198
                0x400005b8        0x2 /home/lionel/paparazziProto1/var/Colibri/ap/firmwares/fixedwing/main_ap.o
 .bss.i300.4510
                0x400005ba        0x2 /home/lionel/paparazziProto1/var/Colibri/ap/firmwares/fixedwing/main_ap.o
 .bss.i150.3849
                0x400005bc        0x1 /home/lionel/paparazziProto1/var/Colibri/ap/firmwares/fixedwing/main_ap.o
 .bss.i72.3845  0x400005bd        0x1 /home/lionel/paparazziProto1/var/Colibri/ap/firmwares/fixedwing/main_ap.o
 *fill*         0x400005be        0x2 00
 .bss.current   0x400005c0        0x4 /home/lionel/paparazziProto1/var/Colibri/ap/firmwares/fixedwing/main_ap.o
 .bss.i243.4193
                0x400005c4        0x1 /home/lionel/paparazziProto1/var/Colibri/ap/firmwares/fixedwing/main_ap.o
 *fill*         0x400005c5        0x1 00
 .bss.i420.4516
                0x400005c6        0x2 /home/lionel/paparazziProto1/var/Colibri/ap/firmwares/fixedwing/main_ap.o
 .bss.i6.3840   0x400005c8        0x1 /home/lionel/paparazziProto1/var/Colibri/ap/firmwares/fixedwing/main_ap.o
 .bss.i66.4184  0x400005c9        0x1 /home/lionel/paparazziProto1/var/Colibri/ap/firmwares/fixedwing/main_ap.o
 .bss.i240.4192
                0x400005ca        0x1 /home/lionel/paparazziProto1/var/Colibri/ap/firmwares/fixedwing/main_ap.o
 *fill*         0x400005cb        0x1 00
 .bss.i330.4514
                0x400005cc        0x2 /home/lionel/paparazziProto1/var/Colibri/ap/firmwares/fixedwing/main_ap.o
 .bss.i63.4183  0x400005ce        0x1 /home/lionel/paparazziProto1/var/Colibri/ap/firmwares/fixedwing/main_ap.o
 *fill*         0x400005cf        0x1 00
 .bss.i306.4195
                0x400005d0        0x2 /home/lionel/paparazziProto1/var/Colibri/ap/firmwares/fixedwing/main_ap.o
 *fill*         0x400005d2        0x2 00
 .bss.p         0x400005d4       0x10 /home/lionel/paparazziProto1/var/Colibri/ap/./estimator.o
 .bss.telemetry_mode_Ap
                0x400005e4        0x1 /home/lionel/paparazziProto1/var/Colibri/ap/firmwares/fixedwing/ap_downlink.o
                0x400005e4                telemetry_mode_Ap
 *fill*         0x400005e5        0x3 00
 .bss.buffers   0x400005e8       0x40 /home/lionel/paparazziProto1/var/Colibri/ap/arch/lpc21/mcu_periph/adc_arch.o
 .bss.last_elevator_trim.3022
                0x40000628        0x4 /home/lionel/paparazziProto1/var/Colibri/ap/firmwares/fixedwing/stabilization/stabilization_attitude.o
 .bss.last_err.3031
                0x4000062c        0x4 /home/lionel/paparazziProto1/var/Colibri/ap/firmwares/fixedwing/stabilization/stabilization_attitude.o
 .bss.last_err.2990
                0x40000630        0x4 /home/lionel/paparazziProto1/var/Colibri/ap/firmwares/fixedwing/stabilization/stabilization_attitude.o
 .bss.route_ap_time
                0x40000634        0x1 /home/lionel/paparazziProto1/var/Colibri/ap/firmwares/fixedwing/stabilization/stabilization_attitude.o
                0x40000634                route_ap_time
 *fill*         0x40000635        0x3 00
 .bss.nav_ratio
                0x40000638        0x4 /home/lionel/paparazziProto1/var/Colibri/ap/firmwares/fixedwing/stabilization/stabilization_attitude.o
 .bss.last_err.2969
                0x4000063c        0x4 /home/lionel/paparazziProto1/var/Colibri/ap/firmwares/fixedwing/guidance/guidance_v.o
 .bss.previous_ground_alt
                0x40000640        0x4 /home/lionel/paparazziProto1/var/Colibri/ap/subsystems/nav.o
 .bss.nav_in_segment
                0x40000644        0x1 /home/lionel/paparazziProto1/var/Colibri/ap/subsystems/nav.o
                0x40000644                nav_in_segment
 .bss.last_wp   0x40000645        0x1 /home/lionel/paparazziProto1/var/Colibri/ap/subsystems/nav.o
 .bss.nav_in_circle
                0x40000646        0x1 /home/lionel/paparazziProto1/var/Colibri/ap/subsystems/nav.o
                0x40000646                nav_in_circle
 *fill*         0x40000647        0x1 00
 .bss.nav_leg_length
                0x40000648        0x4 /home/lionel/paparazziProto1/var/Colibri/ap/subsystems/nav.o
 .bss.prescaler.3866
                0x4000064c        0x2 /home/lionel/paparazziProto1/var/Colibri/ap/subsystems/nav.o
 *fill*         0x4000064e        0x2 00
 .bss.last_nav_altitude.3878
                0x40000650        0x4 /home/lionel/paparazziProto1/var/Colibri/ap/subsystems/nav.o
 .bss.eight_status
                0x40000654        0x1 /home/lionel/paparazziProto1/var/Colibri/ap/subsystems/nav.o
 *fill*         0x40000655        0x3 00
 .bss.circle_bank
                0x40000658        0x4 /home/lionel/paparazziProto1/var/Colibri/ap/subsystems/nav.o
                0x40000658                circle_bank
 .bss.nav_leg_progress
                0x4000065c        0x4 /home/lionel/paparazziProto1/var/Colibri/ap/subsystems/nav.o
 .bss.buf_ir1   0x40000660       0x48 /home/lionel/paparazziProto1/var/Colibri/ap/subsystems/sensors/infrared_adc.o
 .bss.buf_ir2   0x400006a8       0x48 /home/lionel/paparazziProto1/var/Colibri/ap/subsystems/sensors/infrared_adc.o
 .bss.buf_ir3   0x400006f0       0x48 /home/lionel/paparazziProto1/var/Colibri/ap/subsystems/sensors/infrared_adc.o
 *(.gnu.linkonce.b*)
 *(COMMON)
 COMMON         0x40000738       0xac /home/lionel/paparazziProto1/var/Colibri/ap/mcu_periph/sys_time.o
                0x40000738                sys_time
 COMMON         0x400007e4        0x2 /home/lionel/paparazziProto1/var/Colibri/ap/./inter_mcu.o
                0x400007e4                ap_ok
                0x400007e5                time_since_last_ap
 COMMON         0x400007e6        0x3 /home/lionel/paparazziProto1/var/Colibri/ap/firmwares/fixedwing/main_fbw.o
                0x400007e6                fbw_periodic_tid
                0x400007e7                fbw_mode
                0x400007e8                electrical_tid
 *fill*         0x400007e9        0x3 00
 COMMON         0x400007ec        0xc /home/lionel/paparazziProto1/var/Colibri/ap/subsystems/electrical.o
                0x400007ec                electrical
 COMMON         0x400007f8        0xa /home/lionel/paparazziProto1/var/Colibri/ap/./commands.o
                0x400007f8                commands
 *fill*         0x40000802        0x2 00
 COMMON         0x40000804       0x18 /home/lionel/paparazziProto1/var/Colibri/ap/firmwares/fixedwing/main_ap.o
                0x40000804                combi_switch_status
                0x40000805                navigation_tid
                0x40000806                monitor_tid
                0x40000807                sensors_tid
                0x40000808                attitude_tid
                0x4000080c                energy
                0x40000810                telemetry_tid
                0x40000811                power_switch
                0x40000814                combi_switch_value
                0x40000818                modules_tid
                0x4000081a                vsupply
 COMMON         0x4000081c       0x4c /home/lionel/paparazziProto1/var/Colibri/ap/./estimator.o
                0x4000081c                estimator_z_dot
                0x40000820                estimator_flight_time
                0x40000824                estimator_psi
                0x40000828                estimator_z
                0x4000082c                estimator_t
                0x40000830                wind_east
                0x40000834                estimator_airspeed
                0x40000838                estimator_p
                0x4000083c                estimator_theta
                0x40000840                estimator_hspeed_mod
                0x40000844                estimator_phi
                0x40000848                estimator_r
                0x4000084c                estimator_x
                0x40000850                estimator_AOA
                0x40000854                estimator_q
                0x40000858                estimator_hspeed_dir
                0x4000085c                wind_north
                0x40000860                alt_kalman_enabled
                0x40000864                estimator_y
 COMMON         0x40000868      0x240 /home/lionel/paparazziProto1/var/Colibri/ap/mcu_periph/uart.o
                0x40000868                uart0
                0x40000988                uart1
 COMMON         0x40000aa8       0x16 /home/lionel/paparazziProto1/var/Colibri/ap/arch/lpc21/servos_4017_hw.o
                0x40000aa8                servos_4017_idx
                0x40000aaa                servos_values
 COMMON         0x40000abe       0x10 /home/lionel/paparazziProto1/var/Colibri/ap/actuators.o
                0x40000abe                actuators
 COMMON         0x40000ace       0x12 /home/lionel/paparazziProto1/var/Colibri/ap/subsystems/radio_control.o
                0x40000ace                radio_control
 COMMON         0x40000ae0        0x6 /home/lionel/paparazziProto1/var/Colibri/ap/subsystems/radio_control/rc_datalink.o
                0x40000ae0                rc_dl_frame_available
                0x40000ae1                rc_dl_values
 *fill*         0x40000ae6        0x2 00
 COMMON         0x40000ae8       0x54 /home/lionel/paparazziProto1/var/Colibri/ap/firmwares/fixedwing/stabilization/stabilization_attitude.o
                0x40000ae8                h_ctl_auto1_rate
                0x40000aec                h_ctl_course_setpoint
                0x40000af0                h_ctl_roll_max_setpoint
                0x40000af4                h_ctl_course_pre_bank_correction
                0x40000af8                h_ctl_elevator_setpoint
                0x40000afc                h_ctl_aileron_of_throttle
                0x40000b00                h_ctl_aileron_setpoint
                0x40000b04                h_ctl_pitch_setpoint
                0x40000b08                h_ctl_roll_slew
                0x40000b0c                h_ctl_course_pgain
                0x40000b10                h_ctl_pitch_pgain
                0x40000b14                h_ctl_pitch_loop_setpoint
                0x40000b18                h_ctl_course_pre_bank
                0x40000b1c                h_ctl_pitch_dgain
                0x40000b20                h_ctl_course_dgain
                0x40000b24                h_ctl_roll_attitude_gain
                0x40000b28                h_ctl_roll_rate_gain
                0x40000b2c                h_ctl_disabled
                0x40000b30                h_ctl_roll_pgain
                0x40000b34                h_ctl_roll_setpoint
                0x40000b38                h_ctl_elevator_of_roll
 COMMON         0x40000b3c       0x68 /home/lionel/paparazziProto1/var/Colibri/ap/firmwares/fixedwing/guidance/guidance_v.o
                0x40000b3c                v_ctl_auto_throttle_nominal_cruise_throttle
                0x40000b40                v_ctl_altitude_error
                0x40000b44                v_ctl_climb_mode
                0x40000b48                v_ctl_auto_throttle_pitch_of_vz_dgain
                0x40000b4c                v_ctl_altitude_pre_climb_correction
                0x40000b50                v_ctl_auto_throttle_sum_err
                0x40000b54                v_ctl_auto_throttle_submode
                0x40000b58                v_ctl_auto_throttle_pitch_of_vz_pgain
                0x40000b5c                v_ctl_altitude_max_climb
                0x40000b60                v_ctl_altitude_setpoint
                0x40000b64                v_ctl_mode
                0x40000b68                v_ctl_auto_throttle_cruise_throttle
                0x40000b6c                v_ctl_altitude_pgain
                0x40000b70                v_ctl_auto_pitch_pgain
                0x40000b74                v_ctl_auto_throttle_climb_throttle_increment
                0x40000b78                v_ctl_auto_throttle_igain
                0x40000b7c                v_ctl_auto_throttle_min_cruise_throttle
                0x40000b80                v_ctl_throttle_setpoint
                0x40000b84                v_ctl_climb_setpoint
                0x40000b88                v_ctl_auto_throttle_dgain
                0x40000b8c                v_ctl_auto_pitch_igain
                0x40000b90                v_ctl_altitude_pre_climb
                0x40000b94                v_ctl_auto_throttle_max_cruise_throttle
                0x40000b98                v_ctl_throttle_slewed
                0x40000b9c                v_ctl_auto_throttle_pgain
                0x40000ba0                v_ctl_auto_pitch_sum_err
 COMMON         0x40000ba4       0xa0 /home/lionel/paparazziProto1/var/Colibri/ap/subsystems/nav.o
                0x40000ba4                nav_glide_pitch_trim
                0x40000ba8                dist2_to_wp
                0x40000bac                nav_segment_x_1
                0x40000bb0                desired_x
                0x40000bb4                nav_survey_east
                0x40000bb8                nav_segment_x_2
                0x40000bbc                nav_circle_radius
                0x40000bc0                nav_ground_speed_setpoint
                0x40000bc4                nav_circle_radians
                0x40000bc8                nav_throttle_setpoint
                0x40000bcc                desired_y
                0x40000bd0                nav_shift
                0x40000bd4                carrot_x
                0x40000bd8                last_y
                0x40000bdc                horizontal_mode
                0x40000be0                nav_circle_y
                0x40000be4                too_far_from_home
                0x40000be8                nav_pitch
                0x40000bec                rc_pitch
                0x40000bf0                nav_oval_count
                0x40000bf4                nav_mode
                0x40000bf8                dist2_to_home
                0x40000bfc                nav_climb
                0x40000c00                last_x
                0x40000c04                nav_survey_active
                0x40000c05                oval_status
                0x40000c08                nav_ground_speed_pgain
                0x40000c0c                nav_circle_x
                0x40000c10                nav_segment_y_2
                0x40000c14                nav_segment_y_1
                0x40000c18                ground_alt
                0x40000c1c                nav_survey_west
                0x40000c20                nav_radius
                0x40000c24                nav_course
                0x40000c28                nav_survey_shift
                0x40000c2c                carrot_y
                0x40000c30                nav_survey_south
                0x40000c34                nav_circle_trigo_qdr
                0x40000c38                fp_pitch
                0x40000c3c                flight_altitude
                0x40000c40                nav_survey_north
 COMMON         0x40000c44        0x8 /home/lionel/paparazziProto1/var/Colibri/ap/subsystems/navigation/common_flight_plan.o
                0x40000c44                nav_block
                0x40000c45                last_block
                0x40000c46                nav_stage
                0x40000c47                last_stage
                0x40000c48                stage_time
                0x40000c4a                block_time
 COMMON         0x40000c4c      0x401 /home/lionel/paparazziProto1/var/Colibri/ap/subsystems/navigation/traffic_info.o
                0x40000c4c                the_acs_id
                0x40000d4c                the_acs
                0x4000104c                acs_idx
 *fill*         0x4000104d        0x1 00
 COMMON         0x4000104e        0x6 /home/lionel/paparazziProto1/var/Colibri/ap/subsystems/datalink/downlink.o
                0x4000104e                downlink_nb_ovrn
                0x40001050                downlink_nb_msgs
                0x40001052                downlink_nb_bytes
 COMMON         0x40001054      0x10a /home/lionel/paparazziProto1/var/Colibri/ap/subsystems/datalink/pprz_transport.o
                0x40001054                ck_b
                0x40001055                pprz_tp
                0x4000115d                ck_a
 *fill*         0x4000115e        0x2 00
 COMMON         0x40001160       0x8a /home/lionel/paparazziProto1/var/Colibri/ap/firmwares/fixedwing/datalink.o
                0x40001160                dl_msg_available
                0x40001168                dl_buffer
                0x400011e8                datalink_time
 *fill*         0x400011ea        0x2 00
 COMMON         0x400011ec      0x15c /home/lionel/paparazziProto1/var/Colibri/ap/subsystems/ahrs.o
                0x400011ec                ahrs
                0x40001288                ahrs_mag_offset
                0x4000128c                ahrs_float
 COMMON         0x40001348      0x118 /home/lionel/paparazziProto1/var/Colibri/ap/subsystems/gps/gps_ubx.o
                0x40001348                gps_ubx
 COMMON         0x40001460       0xf4 /home/lionel/paparazziProto1/var/Colibri/ap/subsystems/gps.o
                0x40001460                gps
 COMMON         0x40001554       0x38 /home/lionel/paparazziProto1/var/Colibri/ap/subsystems/sensors/infrared.o
                0x40001554                infrared
 COMMON         0x4000158c        0x6 /home/lionel/paparazziProto1/var/Colibri/ap/subsystems/sensors/infrared_adc.o
                0x4000158c                ir_adc
                0x40001594                . = ALIGN (0x4)
 *fill*         0x40001592        0x2 00
                0x40001594                . = ALIGN (0x4)
                0x40001594                __bss_end__ = .
                0x40001594                PROVIDE (__bss_end, .)

.stack          0x40001600     0x1000 load address 0x0001ee90
                0x40002600                . = (. + STACK_SIZE)
 *fill*         0x40001600     0x1000 00
                0x40002600                PROVIDE (_stack, .)
                0x40002600                _end = .
                0x40002600                PROVIDE (end, .)

.stab
 *(.stab)

.stabstr
 *(.stabstr)

.stab.excl
 *(.stab.excl)

.stab.exclstr
 *(.stab.exclstr)

.stab.index
 *(.stab.index)

.stab.indexstr
 *(.stab.indexstr)

.comment        0x00000000       0x3c
 *(.comment)
 .comment       0x00000000       0x3c /home/lionel/paparazziProto1/var/Colibri/ap/mcu.o
                                 0x3d (size before relaxing)
 .comment       0x00000000       0x3d /home/lionel/paparazziProto1/var/Colibri/ap/arch/lpc21/mcu_arch.o
 .comment       0x00000000       0x3d /home/lionel/paparazziProto1/var/Colibri/ap/mcu_periph/sys_time.o
 .comment       0x00000000       0x3d /home/lionel/paparazziProto1/var/Colibri/ap/arch/lpc21/mcu_periph/sys_time_arch.o
 .comment       0x00000000       0x3d /home/lionel/paparazziProto1/var/Colibri/ap/./inter_mcu.o
 .comment       0x00000000       0x3d /home/lionel/paparazziProto1/var/Colibri/ap/math/pprz_geodetic_int.o
 .comment       0x00000000       0x3d /home/lionel/paparazziProto1/var/Colibri/ap/math/pprz_geodetic_float.o
 .comment       0x00000000       0x3d /home/lionel/paparazziProto1/var/Colibri/ap/math/pprz_geodetic_double.o
 .comment       0x00000000       0x3d /home/lionel/paparazziProto1/var/Colibri/ap/math/pprz_trig_int.o
 .comment       0x00000000       0x3d /home/lionel/paparazziProto1/var/Colibri/ap/mcu_periph/i2c.o
 .comment       0x00000000       0x3d /home/lionel/paparazziProto1/var/Colibri/ap/arch/lpc21/mcu_periph/i2c_arch.o
 .comment       0x00000000       0x3d /home/lionel/paparazziProto1/var/Colibri/ap/firmwares/fixedwing/main_fbw.o
 .comment       0x00000000       0x3d /home/lionel/paparazziProto1/var/Colibri/ap/subsystems/electrical.o
 .comment       0x00000000       0x3d /home/lionel/paparazziProto1/var/Colibri/ap/./commands.o
 .comment       0x00000000       0x3d /home/lionel/paparazziProto1/var/Colibri/ap/firmwares/fixedwing/fbw_downlink.o
 .comment       0x00000000       0x3d /home/lionel/paparazziProto1/var/Colibri/ap/firmwares/fixedwing/main_ap.o
 .comment       0x00000000       0x3d /home/lionel/paparazziProto1/var/Colibri/ap/./estimator.o
 .comment       0x00000000       0x3d /home/lionel/paparazziProto1/var/Colibri/ap/firmwares/fixedwing/ap_downlink.o
 .comment       0x00000000       0x3d /home/lionel/paparazziProto1/var/Colibri/ap/arch/lpc21/armVIC.o
 .comment       0x00000000       0x3d /home/lionel/paparazziProto1/var/Colibri/ap/firmwares/fixedwing/main.o
 .comment       0x00000000       0x3d /home/lionel/paparazziProto1/var/Colibri/ap/mcu_periph/uart.o
 .comment       0x00000000       0x3d /home/lionel/paparazziProto1/var/Colibri/ap/arch/lpc21/mcu_periph/uart_arch.o
 .comment       0x00000000       0x3d /home/lionel/paparazziProto1/var/Colibri/ap/subsystems/settings.o
 .comment       0x00000000       0x3d /home/lionel/paparazziProto1/var/Colibri/ap/arch/lpc21/subsystems/settings_arch.o
 .comment       0x00000000       0x3d /home/lionel/paparazziProto1/var/Colibri/ap/arch/lpc21/mcu_periph/adc_arch.o
 .comment       0x00000000       0x3d /home/lionel/paparazziProto1/var/Colibri/ap/arch/lpc21/servos_4017_hw.o
 .comment       0x00000000       0x3d /home/lionel/paparazziProto1/var/Colibri/ap/actuators.o
 .comment       0x00000000       0x3d /home/lionel/paparazziProto1/var/Colibri/ap/subsystems/radio_control.o
 .comment       0x00000000       0x3d /home/lionel/paparazziProto1/var/Colibri/ap/subsystems/radio_control/rc_datalink.o
 .comment       0x00000000       0x3d /home/lionel/paparazziProto1/var/Colibri/ap/firmwares/fixedwing/stabilization/stabilization_attitude.o
 .comment       0x00000000       0x3d /home/lionel/paparazziProto1/var/Colibri/ap/firmwares/fixedwing/guidance/guidance_v.o
 .comment       0x00000000       0x3d /home/lionel/paparazziProto1/var/Colibri/ap/subsystems/nav.o
 .comment       0x00000000       0x3d /home/lionel/paparazziProto1/var/Colibri/ap/subsystems/navigation/common_flight_plan.o
 .comment       0x00000000       0x3d /home/lionel/paparazziProto1/var/Colibri/ap/subsystems/navigation/traffic_info.o
 .comment       0x00000000       0x3d /home/lionel/paparazziProto1/var/Colibri/ap/subsystems/navigation/nav_survey_rectangle.o
 .comment       0x00000000       0x3d /home/lionel/paparazziProto1/var/Colibri/ap/subsystems/navigation/nav_line.o
 .comment       0x00000000       0x3d /home/lionel/paparazziProto1/var/Colibri/ap/subsystems/navigation/nav_cube.o
 .comment       0x00000000       0x3d /home/lionel/paparazziProto1/var/Colibri/ap/subsystems/navigation/discsurvey.o
 .comment       0x00000000       0x3d /home/lionel/paparazziProto1/var/Colibri/ap/subsystems/navigation/OSAMNav.o
 .comment       0x00000000       0x3d /home/lionel/paparazziProto1/var/Colibri/ap/subsystems/navigation/snav.o
 .comment       0x00000000       0x3d /home/lionel/paparazziProto1/var/Colibri/ap/subsystems/navigation/spiral.o
 .comment       0x00000000       0x3d /home/lionel/paparazziProto1/var/Colibri/ap/subsystems/navigation/poly_survey_adv.o
 .comment       0x00000000       0x3d /home/lionel/paparazziProto1/var/Colibri/ap/subsystems/navigation/gls.o
 .comment       0x00000000       0x3d /home/lionel/paparazziProto1/var/Colibri/ap/subsystems/navigation/border_line.o
 .comment       0x00000000       0x3d /home/lionel/paparazziProto1/var/Colibri/ap/subsystems/datalink/downlink.o
 .comment       0x00000000       0x3d /home/lionel/paparazziProto1/var/Colibri/ap/subsystems/datalink/pprz_transport.o
 .comment       0x00000000       0x3d /home/lionel/paparazziProto1/var/Colibri/ap/firmwares/fixedwing/datalink.o
 .comment       0x00000000       0x3d /home/lionel/paparazziProto1/var/Colibri/ap/subsystems/ahrs.o
 .comment       0x00000000       0x3d /home/lionel/paparazziProto1/var/Colibri/ap/subsystems/ahrs/ahrs_infrared.o
 .comment       0x00000000       0x3d /home/lionel/paparazziProto1/var/Colibri/ap/subsystems/gps/gps_ubx.o
 .comment       0x00000000       0x3d /home/lionel/paparazziProto1/var/Colibri/ap/subsystems/gps.o
 .comment       0x00000000       0x3d /home/lionel/paparazziProto1/var/Colibri/ap/subsystems/sensors/infrared.o
 .comment       0x00000000       0x3d /home/lionel/paparazziProto1/var/Colibri/ap/subsystems/sensors/infrared_adc.o
 .comment       0x00000000       0x3d /opt/paparazzi/arm-multilib/lib/gcc/arm-none-eabi/4.6.2/../../../../arm-none-eabi/lib/thumb/libm.a(lib_a-s_atan.o)
 .comment       0x00000000       0x3d /opt/paparazzi/arm-multilib/lib/gcc/arm-none-eabi/4.6.2/../../../../arm-none-eabi/lib/thumb/libm.a(lib_a-s_cos.o)
 .comment       0x00000000       0x3d /opt/paparazzi/arm-multilib/lib/gcc/arm-none-eabi/4.6.2/../../../../arm-none-eabi/lib/thumb/libm.a(lib_a-s_fabs.o)
 .comment       0x00000000       0x3d /opt/paparazzi/arm-multilib/lib/gcc/arm-none-eabi/4.6.2/../../../../arm-none-eabi/lib/thumb/libm.a(lib_a-s_rint.o)
 .comment       0x00000000       0x3d /opt/paparazzi/arm-multilib/lib/gcc/arm-none-eabi/4.6.2/../../../../arm-none-eabi/lib/thumb/libm.a(lib_a-s_sin.o)
 .comment       0x00000000       0x3d /opt/paparazzi/arm-multilib/lib/gcc/arm-none-eabi/4.6.2/../../../../arm-none-eabi/lib/thumb/libm.a(lib_a-s_tan.o)
 .comment       0x00000000       0x3d /opt/paparazzi/arm-multilib/lib/gcc/arm-none-eabi/4.6.2/../../../../arm-none-eabi/lib/thumb/libm.a(lib_a-sf_atan.o)
 .comment       0x00000000       0x3d /opt/paparazzi/arm-multilib/lib/gcc/arm-none-eabi/4.6.2/../../../../arm-none-eabi/lib/thumb/libm.a(lib_a-sf_cos.o)
 .comment       0x00000000       0x3d /opt/paparazzi/arm-multilib/lib/gcc/arm-none-eabi/4.6.2/../../../../arm-none-eabi/lib/thumb/libm.a(lib_a-sf_fabs.o)
 .comment       0x00000000       0x3d /opt/paparazzi/arm-multilib/lib/gcc/arm-none-eabi/4.6.2/../../../../arm-none-eabi/lib/thumb/libm.a(lib_a-sf_sin.o)
 .comment       0x00000000       0x3d /opt/paparazzi/arm-multilib/lib/gcc/arm-none-eabi/4.6.2/../../../../arm-none-eabi/lib/thumb/libm.a(lib_a-sf_tan.o)
 .comment       0x00000000       0x3d /opt/paparazzi/arm-multilib/lib/gcc/arm-none-eabi/4.6.2/../../../../arm-none-eabi/lib/thumb/libm.a(lib_a-w_acos.o)
 .comment       0x00000000       0x3d /opt/paparazzi/arm-multilib/lib/gcc/arm-none-eabi/4.6.2/../../../../arm-none-eabi/lib/thumb/libm.a(lib_a-w_asin.o)
 .comment       0x00000000       0x3d /opt/paparazzi/arm-multilib/lib/gcc/arm-none-eabi/4.6.2/../../../../arm-none-eabi/lib/thumb/libm.a(lib_a-w_atan2.o)
 .comment       0x00000000       0x3d /opt/paparazzi/arm-multilib/lib/gcc/arm-none-eabi/4.6.2/../../../../arm-none-eabi/lib/thumb/libm.a(lib_a-w_cosh.o)
 .comment       0x00000000       0x3d /opt/paparazzi/arm-multilib/lib/gcc/arm-none-eabi/4.6.2/../../../../arm-none-eabi/lib/thumb/libm.a(lib_a-w_exp.o)
 .comment       0x00000000       0x3d /opt/paparazzi/arm-multilib/lib/gcc/arm-none-eabi/4.6.2/../../../../arm-none-eabi/lib/thumb/libm.a(lib_a-w_log.o)
 .comment       0x00000000       0x3d /opt/paparazzi/arm-multilib/lib/gcc/arm-none-eabi/4.6.2/../../../../arm-none-eabi/lib/thumb/libm.a(lib_a-w_pow.o)
 .comment       0x00000000       0x3d /opt/paparazzi/arm-multilib/lib/gcc/arm-none-eabi/4.6.2/../../../../arm-none-eabi/lib/thumb/libm.a(lib_a-w_sinh.o)
 .comment       0x00000000       0x3d /opt/paparazzi/arm-multilib/lib/gcc/arm-none-eabi/4.6.2/../../../../arm-none-eabi/lib/thumb/libm.a(lib_a-w_sqrt.o)
 .comment       0x00000000       0x3d /opt/paparazzi/arm-multilib/lib/gcc/arm-none-eabi/4.6.2/../../../../arm-none-eabi/lib/thumb/libm.a(lib_a-wf_atan2.o)
 .comment       0x00000000       0x3d /opt/paparazzi/arm-multilib/lib/gcc/arm-none-eabi/4.6.2/../../../../arm-none-eabi/lib/thumb/libm.a(lib_a-wf_pow.o)
 .comment       0x00000000       0x3d /opt/paparazzi/arm-multilib/lib/gcc/arm-none-eabi/4.6.2/../../../../arm-none-eabi/lib/thumb/libm.a(lib_a-wf_sqrt.o)
 .comment       0x00000000       0x3d /opt/paparazzi/arm-multilib/lib/gcc/arm-none-eabi/4.6.2/../../../../arm-none-eabi/lib/thumb/libm.a(lib_a-e_acos.o)
 .comment       0x00000000       0x3d /opt/paparazzi/arm-multilib/lib/gcc/arm-none-eabi/4.6.2/../../../../arm-none-eabi/lib/thumb/libm.a(lib_a-e_asin.o)
 .comment       0x00000000       0x3d /opt/paparazzi/arm-multilib/lib/gcc/arm-none-eabi/4.6.2/../../../../arm-none-eabi/lib/thumb/libm.a(lib_a-e_atan2.o)
 .comment       0x00000000       0x3d /opt/paparazzi/arm-multilib/lib/gcc/arm-none-eabi/4.6.2/../../../../arm-none-eabi/lib/thumb/libm.a(lib_a-e_cosh.o)
 .comment       0x00000000       0x3d /opt/paparazzi/arm-multilib/lib/gcc/arm-none-eabi/4.6.2/../../../../arm-none-eabi/lib/thumb/libm.a(lib_a-e_exp.o)
 .comment       0x00000000       0x3d /opt/paparazzi/arm-multilib/lib/gcc/arm-none-eabi/4.6.2/../../../../arm-none-eabi/lib/thumb/libm.a(lib_a-e_log.o)
 .comment       0x00000000       0x3d /opt/paparazzi/arm-multilib/lib/gcc/arm-none-eabi/4.6.2/../../../../arm-none-eabi/lib/thumb/libm.a(lib_a-e_pow.o)
 .comment       0x00000000       0x3d /opt/paparazzi/arm-multilib/lib/gcc/arm-none-eabi/4.6.2/../../../../arm-none-eabi/lib/thumb/libm.a(lib_a-e_rem_pio2.o)
 .comment       0x00000000       0x3d /opt/paparazzi/arm-multilib/lib/gcc/arm-none-eabi/4.6.2/../../../../arm-none-eabi/lib/thumb/libm.a(lib_a-e_sinh.o)
 .comment       0x00000000       0x3d /opt/paparazzi/arm-multilib/lib/gcc/arm-none-eabi/4.6.2/../../../../arm-none-eabi/lib/thumb/libm.a(lib_a-e_sqrt.o)
 .comment       0x00000000       0x3d /opt/paparazzi/arm-multilib/lib/gcc/arm-none-eabi/4.6.2/../../../../arm-none-eabi/lib/thumb/libm.a(lib_a-ef_atan2.o)
 .comment       0x00000000       0x3d /opt/paparazzi/arm-multilib/lib/gcc/arm-none-eabi/4.6.2/../../../../arm-none-eabi/lib/thumb/libm.a(lib_a-ef_pow.o)
 .comment       0x00000000       0x3d /opt/paparazzi/arm-multilib/lib/gcc/arm-none-eabi/4.6.2/../../../../arm-none-eabi/lib/thumb/libm.a(lib_a-ef_rem_pio2.o)
 .comment       0x00000000       0x3d /opt/paparazzi/arm-multilib/lib/gcc/arm-none-eabi/4.6.2/../../../../arm-none-eabi/lib/thumb/libm.a(lib_a-ef_sqrt.o)
 .comment       0x00000000       0x3d /opt/paparazzi/arm-multilib/lib/gcc/arm-none-eabi/4.6.2/../../../../arm-none-eabi/lib/thumb/libm.a(lib_a-k_cos.o)
 .comment       0x00000000       0x3d /opt/paparazzi/arm-multilib/lib/gcc/arm-none-eabi/4.6.2/../../../../arm-none-eabi/lib/thumb/libm.a(lib_a-k_rem_pio2.o)
 .comment       0x00000000       0x3d /opt/paparazzi/arm-multilib/lib/gcc/arm-none-eabi/4.6.2/../../../../arm-none-eabi/lib/thumb/libm.a(lib_a-k_sin.o)
 .comment       0x00000000       0x3d /opt/paparazzi/arm-multilib/lib/gcc/arm-none-eabi/4.6.2/../../../../arm-none-eabi/lib/thumb/libm.a(lib_a-k_tan.o)
 .comment       0x00000000       0x3d /opt/paparazzi/arm-multilib/lib/gcc/arm-none-eabi/4.6.2/../../../../arm-none-eabi/lib/thumb/libm.a(lib_a-kf_cos.o)
 .comment       0x00000000       0x3d /opt/paparazzi/arm-multilib/lib/gcc/arm-none-eabi/4.6.2/../../../../arm-none-eabi/lib/thumb/libm.a(lib_a-kf_rem_pio2.o)
 .comment       0x00000000       0x3d /opt/paparazzi/arm-multilib/lib/gcc/arm-none-eabi/4.6.2/../../../../arm-none-eabi/lib/thumb/libm.a(lib_a-kf_sin.o)
 .comment       0x00000000       0x3d /opt/paparazzi/arm-multilib/lib/gcc/arm-none-eabi/4.6.2/../../../../arm-none-eabi/lib/thumb/libm.a(lib_a-kf_tan.o)
 .comment       0x00000000       0x3d /opt/paparazzi/arm-multilib/lib/gcc/arm-none-eabi/4.6.2/../../../../arm-none-eabi/lib/thumb/libm.a(lib_a-s_expm1.o)
 .comment       0x00000000       0x3d /opt/paparazzi/arm-multilib/lib/gcc/arm-none-eabi/4.6.2/../../../../arm-none-eabi/lib/thumb/libm.a(lib_a-s_finite.o)
 .comment       0x00000000       0x3d /opt/paparazzi/arm-multilib/lib/gcc/arm-none-eabi/4.6.2/../../../../arm-none-eabi/lib/thumb/libm.a(lib_a-s_floor.o)
 .comment       0x00000000       0x3d /opt/paparazzi/arm-multilib/lib/gcc/arm-none-eabi/4.6.2/../../../../arm-none-eabi/lib/thumb/libm.a(lib_a-s_fpclassify.o)
 .comment       0x00000000       0x3d /opt/paparazzi/arm-multilib/lib/gcc/arm-none-eabi/4.6.2/../../../../arm-none-eabi/lib/thumb/libm.a(lib_a-s_lib_ver.o)
 .comment       0x00000000       0x3d /opt/paparazzi/arm-multilib/lib/gcc/arm-none-eabi/4.6.2/../../../../arm-none-eabi/lib/thumb/libm.a(lib_a-s_matherr.o)
 .comment       0x00000000       0x3d /opt/paparazzi/arm-multilib/lib/gcc/arm-none-eabi/4.6.2/../../../../arm-none-eabi/lib/thumb/libm.a(lib_a-s_nan.o)
 .comment       0x00000000       0x3d /opt/paparazzi/arm-multilib/lib/gcc/arm-none-eabi/4.6.2/../../../../arm-none-eabi/lib/thumb/libm.a(lib_a-s_scalbn.o)
 .comment       0x00000000       0x3d /opt/paparazzi/arm-multilib/lib/gcc/arm-none-eabi/4.6.2/../../../../arm-none-eabi/lib/thumb/libm.a(lib_a-sf_finite.o)
 .comment       0x00000000       0x3d /opt/paparazzi/arm-multilib/lib/gcc/arm-none-eabi/4.6.2/../../../../arm-none-eabi/lib/thumb/libm.a(lib_a-sf_floor.o)
 .comment       0x00000000       0x3d /opt/paparazzi/arm-multilib/lib/gcc/arm-none-eabi/4.6.2/../../../../arm-none-eabi/lib/thumb/libm.a(lib_a-sf_fpclassify.o)
 .comment       0x00000000       0x3d /opt/paparazzi/arm-multilib/lib/gcc/arm-none-eabi/4.6.2/../../../../arm-none-eabi/lib/thumb/libm.a(lib_a-sf_nan.o)
 .comment       0x00000000       0x3d /opt/paparazzi/arm-multilib/lib/gcc/arm-none-eabi/4.6.2/../../../../arm-none-eabi/lib/thumb/libm.a(lib_a-sf_scalbn.o)
 .comment       0x00000000       0x3d /opt/paparazzi/arm-multilib/lib/gcc/arm-none-eabi/4.6.2/../../../../arm-none-eabi/lib/thumb/libm.a(lib_a-s_copysign.o)
 .comment       0x00000000       0x3d /opt/paparazzi/arm-multilib/lib/gcc/arm-none-eabi/4.6.2/../../../../arm-none-eabi/lib/thumb/libm.a(lib_a-sf_copysign.o)
 .comment       0x00000000       0x3d /opt/paparazzi/arm-multilib/lib/gcc/arm-none-eabi/4.6.2/../../../../arm-none-eabi/lib/thumb/libc.a(lib_a-errno.o)
 .comment       0x00000000       0x3d /opt/paparazzi/arm-multilib/lib/gcc/arm-none-eabi/4.6.2/../../../../arm-none-eabi/lib/thumb/libc.a(lib_a-impure.o)

.ARM.attributes
                0x00000000       0x2e
 .ARM.attributes
                0x00000000       0x22 /home/lionel/paparazziProto1/var/Colibri/ap/crt0.o
 .ARM.attributes
                0x00000022       0x32 /home/lionel/paparazziProto1/var/Colibri/ap/mcu.o
 .ARM.attributes
                0x00000054       0x32 /home/lionel/paparazziProto1/var/Colibri/ap/arch/lpc21/mcu_arch.o
 .ARM.attributes
                0x00000086       0x32 /home/lionel/paparazziProto1/var/Colibri/ap/mcu_periph/sys_time.o
 .ARM.attributes
                0x000000b8       0x32 /home/lionel/paparazziProto1/var/Colibri/ap/arch/lpc21/mcu_periph/sys_time_arch.o
 .ARM.attributes
                0x000000ea       0x32 /home/lionel/paparazziProto1/var/Colibri/ap/./inter_mcu.o
 .ARM.attributes
                0x0000011c       0x32 /home/lionel/paparazziProto1/var/Colibri/ap/math/pprz_geodetic_int.o
 .ARM.attributes
                0x0000014e       0x32 /home/lionel/paparazziProto1/var/Colibri/ap/math/pprz_geodetic_float.o
 .ARM.attributes
                0x00000180       0x32 /home/lionel/paparazziProto1/var/Colibri/ap/math/pprz_geodetic_double.o
 .ARM.attributes
                0x000001b2       0x32 /home/lionel/paparazziProto1/var/Colibri/ap/math/pprz_trig_int.o
 .ARM.attributes
                0x000001e4       0x32 /home/lionel/paparazziProto1/var/Colibri/ap/mcu_periph/i2c.o
 .ARM.attributes
                0x00000216       0x32 /home/lionel/paparazziProto1/var/Colibri/ap/arch/lpc21/mcu_periph/i2c_arch.o
 .ARM.attributes
                0x00000248       0x32 /home/lionel/paparazziProto1/var/Colibri/ap/firmwares/fixedwing/main_fbw.o
 .ARM.attributes
                0x0000027a       0x32 /home/lionel/paparazziProto1/var/Colibri/ap/subsystems/electrical.o
 .ARM.attributes
                0x000002ac       0x32 /home/lionel/paparazziProto1/var/Colibri/ap/./commands.o
 .ARM.attributes
                0x000002de       0x32 /home/lionel/paparazziProto1/var/Colibri/ap/firmwares/fixedwing/fbw_downlink.o
 .ARM.attributes
                0x00000310       0x32 /home/lionel/paparazziProto1/var/Colibri/ap/firmwares/fixedwing/main_ap.o
 .ARM.attributes
                0x00000342       0x32 /home/lionel/paparazziProto1/var/Colibri/ap/./estimator.o
 .ARM.attributes
                0x00000374       0x32 /home/lionel/paparazziProto1/var/Colibri/ap/firmwares/fixedwing/ap_downlink.o
 .ARM.attributes
                0x000003a6       0x32 /home/lionel/paparazziProto1/var/Colibri/ap/arch/lpc21/armVIC.o
 .ARM.attributes
                0x000003d8       0x32 /home/lionel/paparazziProto1/var/Colibri/ap/firmwares/fixedwing/main.o
 .ARM.attributes
                0x0000040a       0x32 /home/lionel/paparazziProto1/var/Colibri/ap/mcu_periph/uart.o
 .ARM.attributes
                0x0000043c       0x32 /home/lionel/paparazziProto1/var/Colibri/ap/arch/lpc21/mcu_periph/uart_arch.o
 .ARM.attributes
                0x0000046e       0x32 /home/lionel/paparazziProto1/var/Colibri/ap/subsystems/settings.o
 .ARM.attributes
                0x000004a0       0x32 /home/lionel/paparazziProto1/var/Colibri/ap/arch/lpc21/subsystems/settings_arch.o
 .ARM.attributes
                0x000004d2       0x32 /home/lionel/paparazziProto1/var/Colibri/ap/arch/lpc21/mcu_periph/adc_arch.o
 .ARM.attributes
                0x00000504       0x32 /home/lionel/paparazziProto1/var/Colibri/ap/arch/lpc21/servos_4017_hw.o
 .ARM.attributes
                0x00000536       0x32 /home/lionel/paparazziProto1/var/Colibri/ap/actuators.o
 .ARM.attributes
                0x00000568       0x32 /home/lionel/paparazziProto1/var/Colibri/ap/subsystems/radio_control.o
 .ARM.attributes
                0x0000059a       0x32 /home/lionel/paparazziProto1/var/Colibri/ap/subsystems/radio_control/rc_datalink.o
 .ARM.attributes
                0x000005cc       0x32 /home/lionel/paparazziProto1/var/Colibri/ap/firmwares/fixedwing/stabilization/stabilization_attitude.o
 .ARM.attributes
                0x000005fe       0x32 /home/lionel/paparazziProto1/var/Colibri/ap/firmwares/fixedwing/guidance/guidance_v.o
 .ARM.attributes
                0x00000630       0x32 /home/lionel/paparazziProto1/var/Colibri/ap/subsystems/nav.o
 .ARM.attributes
                0x00000662       0x32 /home/lionel/paparazziProto1/var/Colibri/ap/subsystems/navigation/common_flight_plan.o
 .ARM.attributes
                0x00000694       0x32 /home/lionel/paparazziProto1/var/Colibri/ap/subsystems/navigation/traffic_info.o
 .ARM.attributes
                0x000006c6       0x32 /home/lionel/paparazziProto1/var/Colibri/ap/subsystems/navigation/nav_survey_rectangle.o
 .ARM.attributes
                0x000006f8       0x32 /home/lionel/paparazziProto1/var/Colibri/ap/subsystems/navigation/nav_line.o
 .ARM.attributes
                0x0000072a       0x32 /home/lionel/paparazziProto1/var/Colibri/ap/subsystems/navigation/nav_cube.o
 .ARM.attributes
                0x0000075c       0x32 /home/lionel/paparazziProto1/var/Colibri/ap/subsystems/navigation/discsurvey.o
 .ARM.attributes
                0x0000078e       0x32 /home/lionel/paparazziProto1/var/Colibri/ap/subsystems/navigation/OSAMNav.o
 .ARM.attributes
                0x000007c0       0x32 /home/lionel/paparazziProto1/var/Colibri/ap/subsystems/navigation/snav.o
 .ARM.attributes
                0x000007f2       0x32 /home/lionel/paparazziProto1/var/Colibri/ap/subsystems/navigation/spiral.o
 .ARM.attributes
                0x00000824       0x32 /home/lionel/paparazziProto1/var/Colibri/ap/subsystems/navigation/poly_survey_adv.o
 .ARM.attributes
                0x00000856       0x32 /home/lionel/paparazziProto1/var/Colibri/ap/subsystems/navigation/gls.o
 .ARM.attributes
                0x00000888       0x32 /home/lionel/paparazziProto1/var/Colibri/ap/subsystems/navigation/border_line.o
 .ARM.attributes
                0x000008ba       0x32 /home/lionel/paparazziProto1/var/Colibri/ap/subsystems/datalink/downlink.o
 .ARM.attributes